xrun(64): 23.03-s011: (c) Copyright 1995-2024 Cadence Design Systems, Inc.
TOOL:	xrun(64)	23.03-s011: Started on Jul 29, 2026 at 20:47:52 +06
xrun
	-uvm
	-timescale 1ns/1ps
	+access+rwc
	+incdir+rtl
	+incdir+tb
	/home/B2_Ishrak/UDIF/aiub_vlsi_impl_demo/projects/Project3Bdemo/rtl/DATA_MEM.sv
	/home/B2_Ishrak/UDIF/aiub_vlsi_impl_demo/projects/Project3Bdemo/rtl/PROCESSOR.sv
	/home/B2_Ishrak/UDIF/aiub_vlsi_impl_demo/projects/Project3Bdemo/rtl/PROG_MEMORY.sv
	/home/B2_Ishrak/UDIF/aiub_vlsi_impl_demo/projects/Project3Bdemo/rtl/RISC_V3.sv
	/home/B2_Ishrak/UDIF/aiub_vlsi_impl_demo/projects/Project3Bdemo/tb/RISC_V3_TB.sv
	-top RISC_V3_tb
	-R
	-sv
	-gui
	-coverage all
	-input waves.tcl
xrun: *W,CSSF: -TOP with -R option will be ignored.
xrun: *W,CSSF: HDL source files with -R option will be ignored.
xmsim: *W,NOMTDGUI: Multi-Threaded Dumping is disabled for interactive debug mode.

-------------------------------------
Relinquished control to SimVision...
xcelium> 
xcelium> source /home/cadence/lnx/xce_24/tools/xcelium/files/xmsimrc
xcelium> source /home/cadence/lnx/xce_24/tools/methodology/UVM/CDNS-1.1d/additions/sv/files/tcl/uvm_sim.tcl
xcelium> database -open waves.shm -shm -default
Created default SHM database waves.shm
xcelium> probe -create -shm $::env(SIM_TOP) -depth all -all
Created probe 1
xcelium> run
xmsim: *E,C58EXE: Coverage database file already exists in the test output directory './cov_work/scope/test', and will not be overwritten. Specify a different name for the test output directory or use the '-covoverwrite' option to overwrite the existing test output directory, and rerun the simulation.
TIME=5 ns  PSTATE=X  PC=0  IR1=00000000  IR2=00000000  ALU_OUT=0  ACCUM=0
TIME=5 ns  IR1_TYPE=0 OPC=0 RD=x RS1=0 RS2=0 IMM=0 | IR2_TYPE=0 IR2_RD=0 | RF_Q1=0 RF_Q2=0 | FWD1=1 FWD2=1 | RF_WR=0 RF_IN=0 | DM_ADDR=0 DM_OUT=0 DM_WR=0 DM_IN=0
RF[1]=1 RF[2]=2 RF[3]=3 RF[4]=4 RF[15]=15
DM[0]=0 DM[1]=1 DM[2]=2 DM[3]=3 DM[7]=7 DM[15]=15
TIME=15 ns  PSTATE=0  PC=0  IR1=00000000  IR2=00000000  ALU_OUT=0  ACCUM=0
TIME=15 ns  IR1_TYPE=0 OPC=0 RD=x RS1=0 RS2=0 IMM=0 | IR2_TYPE=0 IR2_RD=0 | RF_Q1=0 RF_Q2=0 | FWD1=1 FWD2=1 | RF_WR=0 RF_IN=0 | DM_ADDR=0 DM_OUT=0 DM_WR=0 DM_IN=0
RF[1]=1 RF[2]=2 RF[3]=3 RF[4]=4 RF[15]=15
DM[0]=0 DM[1]=1 DM[2]=2 DM[3]=3 DM[7]=7 DM[15]=15
TIME=25 ns  PSTATE=1  PC=0  IR1=00000000  IR2=00000000  ALU_OUT=0  ACCUM=0
TIME=25 ns  IR1_TYPE=0 OPC=0 RD=x RS1=0 RS2=0 IMM=0 | IR2_TYPE=0 IR2_RD=0 | RF_Q1=0 RF_Q2=0 | FWD1=1 FWD2=1 | RF_WR=0 RF_IN=0 | DM_ADDR=0 DM_OUT=0 DM_WR=0 DM_IN=0
RF[1]=1 RF[2]=2 RF[3]=3 RF[4]=4 RF[15]=15
DM[0]=0 DM[1]=1 DM[2]=2 DM[3]=3 DM[7]=7 DM[15]=15
TIME=35 ns  PSTATE=2  PC=1  IR1=201f0000  IR2=00000000  ALU_OUT=15  ACCUM=0
TIME=35 ns  IR1_TYPE=2 OPC=0 RD=x RS1=15 RS2=0 IMM=0 | IR2_TYPE=0 IR2_RD=0 | RF_Q1=15 RF_Q2=0 | FWD1=0 FWD2=1 | RF_WR=1 RF_IN=0 | DM_ADDR=0 DM_OUT=0 DM_WR=0 DM_IN=0
RF[1]=1 RF[2]=2 RF[3]=3 RF[4]=4 RF[15]=15
DM[0]=0 DM[1]=1 DM[2]=2 DM[3]=3 DM[7]=7 DM[15]=15
TIME=45 ns  PSTATE=2  PC=2  IR1=20270000  IR2=201f0000  ALU_OUT=7  ACCUM=15
TIME=45 ns  IR1_TYPE=2 OPC=0 RD=x RS1=7 RS2=0 IMM=0 | IR2_TYPE=2 IR2_RD=1 | RF_Q1=7 RF_Q2=0 | FWD1=0 FWD2=0 | RF_WR=1 RF_IN=15 | DM_ADDR=15 DM_OUT=15 DM_WR=0 DM_IN=0
RF[1]=1 RF[2]=2 RF[3]=3 RF[4]=4 RF[15]=15
DM[0]=0 DM[1]=1 DM[2]=2 DM[3]=3 DM[7]=7 DM[15]=15
TIME=55 ns  PSTATE=2  PC=3  IR1=17300000  IR2=20270000  ALU_OUT=0  ACCUM=7
TIME=55 ns  IR1_TYPE=1 OPC=7 RD=x RS1=0 RS2=0 IMM=0 | IR2_TYPE=2 IR2_RD=2 | RF_Q1=0 RF_Q2=0 | FWD1=0 FWD2=0 | RF_WR=1 RF_IN=7 | DM_ADDR=7 DM_OUT=7 DM_WR=0 DM_IN=0
RF[1]=15 RF[2]=2 RF[3]=3 RF[4]=4 RF[15]=15
DM[0]=0 DM[1]=1 DM[2]=2 DM[3]=3 DM[7]=7 DM[15]=15
TIME=65 ns  PSTATE=2  PC=4  IR1=01112000  IR2=17300000  ALU_OUT=8  ACCUM=0
TIME=65 ns  IR1_TYPE=0 OPC=1 RD=x RS1=1 RS2=2 IMM=0 | IR2_TYPE=1 IR2_RD=3 | RF_Q1=15 RF_Q2=7 | FWD1=0 FWD2=0 | RF_WR=1 RF_IN=0 | DM_ADDR=7 DM_OUT=7 DM_WR=0 DM_IN=0
RF[1]=15 RF[2]=7 RF[3]=3 RF[4]=4 RF[15]=15
DM[0]=0 DM[1]=1 DM[2]=2 DM[3]=3 DM[7]=7 DM[15]=15
TIME=75 ns  PSTATE=2  PC=5  IR1=10330001  IR2=01112000  ALU_OUT=1  ACCUM=8
TIME=75 ns  IR1_TYPE=1 OPC=0 RD=x RS1=3 RS2=0 IMM=1 | IR2_TYPE=0 IR2_RD=1 | RF_Q1=0 RF_Q2=0 | FWD1=0 FWD2=0 | RF_WR=1 RF_IN=8 | DM_ADDR=7 DM_OUT=7 DM_WR=0 DM_IN=0
RF[1]=15 RF[2]=7 RF[3]=0 RF[4]=4 RF[15]=15
DM[0]=0 DM[1]=1 DM[2]=2 DM[3]=3 DM[7]=7 DM[15]=15
TIME=85 ns  PSTATE=2  PC=6  IR1=01112000  IR2=10330001  ALU_OUT=1  ACCUM=1
TIME=85 ns  IR1_TYPE=0 OPC=1 RD=x RS1=1 RS2=2 IMM=0 | IR2_TYPE=1 IR2_RD=3 | RF_Q1=8 RF_Q2=7 | FWD1=0 FWD2=0 | RF_WR=1 RF_IN=1 | DM_ADDR=7 DM_OUT=7 DM_WR=0 DM_IN=0
RF[1]=8 RF[2]=7 RF[3]=0 RF[4]=4 RF[15]=15
DM[0]=0 DM[1]=1 DM[2]=2 DM[3]=3 DM[7]=7 DM[15]=15
TIME=95 ns  PSTATE=2  PC=7  IR1=10330001  IR2=01112000  ALU_OUT=2  ACCUM=1
TIME=95 ns  IR1_TYPE=1 OPC=0 RD=x RS1=3 RS2=0 IMM=1 | IR2_TYPE=0 IR2_RD=1 | RF_Q1=1 RF_Q2=0 | FWD1=0 FWD2=0 | RF_WR=1 RF_IN=1 | DM_ADDR=7 DM_OUT=7 DM_WR=0 DM_IN=0
RF[1]=8 RF[2]=7 RF[3]=1 RF[4]=4 RF[15]=15
DM[0]=0 DM[1]=1 DM[2]=2 DM[3]=3 DM[7]=7 DM[15]=15
TIME=105 ns  PSTATE=2  PC=8  IR1=17400003  IR2=10330001  ALU_OUT=3  ACCUM=2
TIME=105 ns  IR1_TYPE=1 OPC=7 RD=x RS1=0 RS2=0 IMM=3 | IR2_TYPE=1 IR2_RD=3 | RF_Q1=0 RF_Q2=0 | FWD1=0 FWD2=0 | RF_WR=1 RF_IN=2 | DM_ADDR=7 DM_OUT=7 DM_WR=0 DM_IN=0
RF[1]=1 RF[2]=7 RF[3]=1 RF[4]=4 RF[15]=15
DM[0]=0 DM[1]=1 DM[2]=2 DM[3]=3 DM[7]=7 DM[15]=15
TIME=115 ns  PSTATE=2  PC=9  IR1=30340000  IR2=17400003  ALU_OUT=3  ACCUM=3
TIME=115 ns  IR1_TYPE=3 OPC=0 RD=x RS1=4 RS2=0 IMM=0 | IR2_TYPE=1 IR2_RD=4 | RF_Q1=3 RF_Q2=0 | FWD1=1 FWD2=0 | RF_WR=1 RF_IN=3 | DM_ADDR=7 DM_OUT=7 DM_WR=0 DM_IN=0
RF[1]=1 RF[2]=7 RF[3]=2 RF[4]=4 RF[15]=15
DM[0]=0 DM[1]=1 DM[2]=2 DM[3]=3 DM[7]=7 DM[15]=15
TIME=125 ns  PSTATE=2  PC=10  IR1=00000000  IR2=30340000  ALU_OUT=3  ACCUM=3
TIME=125 ns  IR1_TYPE=0 OPC=0 RD=x RS1=0 RS2=0 IMM=0 | IR2_TYPE=3 IR2_RD=3 | RF_Q1=0 RF_Q2=3 | FWD1=0 FWD2=0 | RF_WR=0 RF_IN=0 | DM_ADDR=3 DM_OUT=3 DM_WR=1 DM_IN=3
RF[1]=1 RF[2]=7 RF[3]=2 RF[4]=3 RF[15]=15
DM[0]=0 DM[1]=1 DM[2]=2 DM[3]=3 DM[7]=7 DM[15]=15
TIME=135 ns  PSTATE=2  PC=11  IR1=00000000  IR2=00000000  ALU_OUT=6  ACCUM=3
TIME=135 ns  IR1_TYPE=0 OPC=0 RD=x RS1=0 RS2=0 IMM=0 | IR2_TYPE=0 IR2_RD=0 | RF_Q1=3 RF_Q2=3 | FWD1=1 FWD2=1 | RF_WR=1 RF_IN=3 | DM_ADDR=3 DM_OUT=3 DM_WR=0 DM_IN=0
RF[1]=1 RF[2]=7 RF[3]=2 RF[4]=3 RF[15]=15
DM[0]=0 DM[1]=1 DM[2]=2 DM[3]=3 DM[7]=7 DM[15]=15
TIME=145 ns  PSTATE=2  PC=12  IR1=00000000  IR2=00000000  ALU_OUT=12  ACCUM=6
TIME=145 ns  IR1_TYPE=0 OPC=0 RD=x RS1=0 RS2=0 IMM=0 | IR2_TYPE=0 IR2_RD=0 | RF_Q1=6 RF_Q2=6 | FWD1=1 FWD2=1 | RF_WR=1 RF_IN=6 | DM_ADDR=3 DM_OUT=3 DM_WR=0 DM_IN=0
RF[1]=1 RF[2]=7 RF[3]=2 RF[4]=3 RF[15]=15
DM[0]=0 DM[1]=1 DM[2]=2 DM[3]=3 DM[7]=7 DM[15]=15
TIME=155 ns  PSTATE=2  PC=13  IR1=00000000  IR2=00000000  ALU_OUT=24  ACCUM=12
TIME=155 ns  IR1_TYPE=0 OPC=0 RD=x RS1=0 RS2=0 IMM=0 | IR2_TYPE=0 IR2_RD=0 | RF_Q1=12 RF_Q2=12 | FWD1=1 FWD2=1 | RF_WR=1 RF_IN=12 | DM_ADDR=3 DM_OUT=3 DM_WR=0 DM_IN=0
RF[1]=1 RF[2]=7 RF[3]=2 RF[4]=3 RF[15]=15
DM[0]=0 DM[1]=1 DM[2]=2 DM[3]=3 DM[7]=7 DM[15]=15
TIME=165 ns  PSTATE=2  PC=14  IR1=00000000  IR2=00000000  ALU_OUT=48  ACCUM=24
TIME=165 ns  IR1_TYPE=0 OPC=0 RD=x RS1=0 RS2=0 IMM=0 | IR2_TYPE=0 IR2_RD=0 | RF_Q1=24 RF_Q2=24 | FWD1=1 FWD2=1 | RF_WR=1 RF_IN=24 | DM_ADDR=3 DM_OUT=3 DM_WR=0 DM_IN=0
RF[1]=1 RF[2]=7 RF[3]=2 RF[4]=3 RF[15]=15
DM[0]=0 DM[1]=1 DM[2]=2 DM[3]=3 DM[7]=7 DM[15]=15
TIME=175 ns  PSTATE=2  PC=15  IR1=00000000  IR2=00000000  ALU_OUT=96  ACCUM=48
TIME=175 ns  IR1_TYPE=0 OPC=0 RD=x RS1=0 RS2=0 IMM=0 | IR2_TYPE=0 IR2_RD=0 | RF_Q1=48 RF_Q2=48 | FWD1=1 FWD2=1 | RF_WR=1 RF_IN=48 | DM_ADDR=3 DM_OUT=3 DM_WR=0 DM_IN=0
RF[1]=1 RF[2]=7 RF[3]=2 RF[4]=3 RF[15]=15
DM[0]=0 DM[1]=1 DM[2]=2 DM[3]=3 DM[7]=7 DM[15]=15
TIME=185 ns  PSTATE=2  PC=0  IR1=00000000  IR2=00000000  ALU_OUT=192  ACCUM=96
TIME=185 ns  IR1_TYPE=0 OPC=0 RD=x RS1=0 RS2=0 IMM=0 | IR2_TYPE=0 IR2_RD=0 | RF_Q1=96 RF_Q2=96 | FWD1=1 FWD2=1 | RF_WR=1 RF_IN=96 | DM_ADDR=3 DM_OUT=3 DM_WR=0 DM_IN=0
RF[1]=1 RF[2]=7 RF[3]=2 RF[4]=3 RF[15]=15
DM[0]=0 DM[1]=1 DM[2]=2 DM[3]=3 DM[7]=7 DM[15]=15
TIME=195 ns  PSTATE=2  PC=1  IR1=201f0000  IR2=00000000  ALU_OUT=207  ACCUM=192
TIME=195 ns  IR1_TYPE=2 OPC=0 RD=x RS1=15 RS2=0 IMM=0 | IR2_TYPE=0 IR2_RD=0 | RF_Q1=15 RF_Q2=192 | FWD1=0 FWD2=1 | RF_WR=1 RF_IN=192 | DM_ADDR=3 DM_OUT=3 DM_WR=0 DM_IN=0
RF[1]=1 RF[2]=7 RF[3]=2 RF[4]=3 RF[15]=15
DM[0]=0 DM[1]=1 DM[2]=2 DM[3]=3 DM[7]=7 DM[15]=15
TIME=205 ns  PSTATE=2  PC=2  IR1=20270000  IR2=201f0000  ALU_OUT=199  ACCUM=15
TIME=205 ns  IR1_TYPE=2 OPC=0 RD=x RS1=7 RS2=0 IMM=0 | IR2_TYPE=2 IR2_RD=1 | RF_Q1=7 RF_Q2=192 | FWD1=0 FWD2=0 | RF_WR=1 RF_IN=15 | DM_ADDR=15 DM_OUT=15 DM_WR=0 DM_IN=0
RF[1]=1 RF[2]=7 RF[3]=2 RF[4]=3 RF[15]=15
DM[0]=0 DM[1]=1 DM[2]=2 DM[3]=3 DM[7]=7 DM[15]=15
TIME=215 ns  PSTATE=2  PC=3  IR1=17300000  IR2=20270000  ALU_OUT=0  ACCUM=7
TIME=215 ns  IR1_TYPE=1 OPC=7 RD=x RS1=0 RS2=0 IMM=0 | IR2_TYPE=2 IR2_RD=2 | RF_Q1=192 RF_Q2=192 | FWD1=0 FWD2=0 | RF_WR=1 RF_IN=7 | DM_ADDR=7 DM_OUT=7 DM_WR=0 DM_IN=0
RF[1]=15 RF[2]=7 RF[3]=2 RF[4]=3 RF[15]=15
DM[0]=0 DM[1]=1 DM[2]=2 DM[3]=3 DM[7]=7 DM[15]=15
TIME=225 ns  PSTATE=2  PC=4  IR1=01112000  IR2=17300000  ALU_OUT=8  ACCUM=0
TIME=225 ns  IR1_TYPE=0 OPC=1 RD=x RS1=1 RS2=2 IMM=0 | IR2_TYPE=1 IR2_RD=3 | RF_Q1=15 RF_Q2=7 | FWD1=0 FWD2=0 | RF_WR=1 RF_IN=0 | DM_ADDR=7 DM_OUT=7 DM_WR=0 DM_IN=0
RF[1]=15 RF[2]=7 RF[3]=2 RF[4]=3 RF[15]=15
DM[0]=0 DM[1]=1 DM[2]=2 DM[3]=3 DM[7]=7 DM[15]=15
TIME=235 ns  PSTATE=2  PC=5  IR1=10330001  IR2=01112000  ALU_OUT=1  ACCUM=8
TIME=235 ns  IR1_TYPE=1 OPC=0 RD=x RS1=3 RS2=0 IMM=1 | IR2_TYPE=0 IR2_RD=1 | RF_Q1=0 RF_Q2=192 | FWD1=0 FWD2=0 | RF_WR=1 RF_IN=8 | DM_ADDR=7 DM_OUT=7 DM_WR=0 DM_IN=0
RF[1]=15 RF[2]=7 RF[3]=0 RF[4]=3 RF[15]=15
DM[0]=0 DM[1]=1 DM[2]=2 DM[3]=3 DM[7]=7 DM[15]=15
TIME=245 ns  PSTATE=2  PC=6  IR1=01112000  IR2=10330001  ALU_OUT=1  ACCUM=1
TIME=245 ns  IR1_TYPE=0 OPC=1 RD=x RS1=1 RS2=2 IMM=0 | IR2_TYPE=1 IR2_RD=3 | RF_Q1=8 RF_Q2=7 | FWD1=0 FWD2=0 | RF_WR=1 RF_IN=1 | DM_ADDR=7 DM_OUT=7 DM_WR=0 DM_IN=0
RF[1]=8 RF[2]=7 RF[3]=0 RF[4]=3 RF[15]=15
DM[0]=0 DM[1]=1 DM[2]=2 DM[3]=3 DM[7]=7 DM[15]=15
TIME=255 ns  PSTATE=2  PC=7  IR1=10330001  IR2=01112000  ALU_OUT=2  ACCUM=1
TIME=255 ns  IR1_TYPE=1 OPC=0 RD=x RS1=3 RS2=0 IMM=1 | IR2_TYPE=0 IR2_RD=1 | RF_Q1=1 RF_Q2=192 | FWD1=0 FWD2=0 | RF_WR=1 RF_IN=1 | DM_ADDR=7 DM_OUT=7 DM_WR=0 DM_IN=0
RF[1]=8 RF[2]=7 RF[3]=1 RF[4]=3 RF[15]=15
DM[0]=0 DM[1]=1 DM[2]=2 DM[3]=3 DM[7]=7 DM[15]=15
TIME=265 ns  PSTATE=2  PC=8  IR1=17400003  IR2=10330001  ALU_OUT=3  ACCUM=2
TIME=265 ns  IR1_TYPE=1 OPC=7 RD=x RS1=0 RS2=0 IMM=3 | IR2_TYPE=1 IR2_RD=3 | RF_Q1=192 RF_Q2=192 | FWD1=0 FWD2=0 | RF_WR=1 RF_IN=2 | DM_ADDR=7 DM_OUT=7 DM_WR=0 DM_IN=0
RF[1]=1 RF[2]=7 RF[3]=1 RF[4]=3 RF[15]=15
DM[0]=0 DM[1]=1 DM[2]=2 DM[3]=3 DM[7]=7 DM[15]=15
TIME=275 ns  PSTATE=2  PC=9  IR1=30340000  IR2=17400003  ALU_OUT=195  ACCUM=3
TIME=275 ns  IR1_TYPE=3 OPC=0 RD=x RS1=4 RS2=0 IMM=0 | IR2_TYPE=1 IR2_RD=4 | RF_Q1=3 RF_Q2=192 | FWD1=1 FWD2=0 | RF_WR=1 RF_IN=3 | DM_ADDR=7 DM_OUT=7 DM_WR=0 DM_IN=0
RF[1]=1 RF[2]=7 RF[3]=2 RF[4]=3 RF[15]=15
DM[0]=0 DM[1]=1 DM[2]=2 DM[3]=3 DM[7]=7 DM[15]=15
TIME=285 ns  PSTATE=2  PC=10  IR1=00000000  IR2=30340000  ALU_OUT=195  ACCUM=3
TIME=285 ns  IR1_TYPE=0 OPC=0 RD=x RS1=0 RS2=0 IMM=0 | IR2_TYPE=3 IR2_RD=3 | RF_Q1=192 RF_Q2=3 | FWD1=0 FWD2=0 | RF_WR=0 RF_IN=0 | DM_ADDR=3 DM_OUT=3 DM_WR=1 DM_IN=3
RF[1]=1 RF[2]=7 RF[3]=2 RF[4]=3 RF[15]=15
DM[0]=0 DM[1]=1 DM[2]=2 DM[3]=3 DM[7]=7 DM[15]=15
TIME=295 ns  PSTATE=2  PC=11  IR1=00000000  IR2=00000000  ALU_OUT=390  ACCUM=195
TIME=295 ns  IR1_TYPE=0 OPC=0 RD=x RS1=0 RS2=0 IMM=0 | IR2_TYPE=0 IR2_RD=0 | RF_Q1=195 RF_Q2=195 | FWD1=1 FWD2=1 | RF_WR=1 RF_IN=195 | DM_ADDR=3 DM_OUT=3 DM_WR=0 DM_IN=0
RF[1]=1 RF[2]=7 RF[3]=2 RF[4]=3 RF[15]=15
DM[0]=0 DM[1]=1 DM[2]=2 DM[3]=3 DM[7]=7 DM[15]=15
TIME=305 ns  PSTATE=2  PC=12  IR1=00000000  IR2=00000000  ALU_OUT=780  ACCUM=390
TIME=305 ns  IR1_TYPE=0 OPC=0 RD=x RS1=0 RS2=0 IMM=0 | IR2_TYPE=0 IR2_RD=0 | RF_Q1=390 RF_Q2=390 | FWD1=1 FWD2=1 | RF_WR=1 RF_IN=390 | DM_ADDR=3 DM_OUT=3 DM_WR=0 DM_IN=0
RF[1]=1 RF[2]=7 RF[3]=2 RF[4]=3 RF[15]=15
DM[0]=0 DM[1]=1 DM[2]=2 DM[3]=3 DM[7]=7 DM[15]=15
TIME=315 ns  PSTATE=2  PC=13  IR1=00000000  IR2=00000000  ALU_OUT=1560  ACCUM=780
TIME=315 ns  IR1_TYPE=0 OPC=0 RD=x RS1=0 RS2=0 IMM=0 | IR2_TYPE=0 IR2_RD=0 | RF_Q1=780 RF_Q2=780 | FWD1=1 FWD2=1 | RF_WR=1 RF_IN=780 | DM_ADDR=3 DM_OUT=3 DM_WR=0 DM_IN=0
RF[1]=1 RF[2]=7 RF[3]=2 RF[4]=3 RF[15]=15
DM[0]=0 DM[1]=1 DM[2]=2 DM[3]=3 DM[7]=7 DM[15]=15
TIME=325 ns  PSTATE=2  PC=14  IR1=00000000  IR2=00000000  ALU_OUT=3120  ACCUM=1560
TIME=325 ns  IR1_TYPE=0 OPC=0 RD=x RS1=0 RS2=0 IMM=0 | IR2_TYPE=0 IR2_RD=0 | RF_Q1=1560 RF_Q2=1560 | FWD1=1 FWD2=1 | RF_WR=1 RF_IN=1560 | DM_ADDR=3 DM_OUT=3 DM_WR=0 DM_IN=0
RF[1]=1 RF[2]=7 RF[3]=2 RF[4]=3 RF[15]=15
DM[0]=0 DM[1]=1 DM[2]=2 DM[3]=3 DM[7]=7 DM[15]=15
TIME=335 ns  PSTATE=2  PC=15  IR1=00000000  IR2=00000000  ALU_OUT=6240  ACCUM=3120
TIME=335 ns  IR1_TYPE=0 OPC=0 RD=x RS1=0 RS2=0 IMM=0 | IR2_TYPE=0 IR2_RD=0 | RF_Q1=3120 RF_Q2=3120 | FWD1=1 FWD2=1 | RF_WR=1 RF_IN=3120 | DM_ADDR=3 DM_OUT=3 DM_WR=0 DM_IN=0
RF[1]=1 RF[2]=7 RF[3]=2 RF[4]=3 RF[15]=15
DM[0]=0 DM[1]=1 DM[2]=2 DM[3]=3 DM[7]=7 DM[15]=15
TIME=345 ns  PSTATE=2  PC=0  IR1=00000000  IR2=00000000  ALU_OUT=12480  ACCUM=6240
TIME=345 ns  IR1_TYPE=0 OPC=0 RD=x RS1=0 RS2=0 IMM=0 | IR2_TYPE=0 IR2_RD=0 | RF_Q1=6240 RF_Q2=6240 | FWD1=1 FWD2=1 | RF_WR=1 RF_IN=6240 | DM_ADDR=3 DM_OUT=3 DM_WR=0 DM_IN=0
RF[1]=1 RF[2]=7 RF[3]=2 RF[4]=3 RF[15]=15
DM[0]=0 DM[1]=1 DM[2]=2 DM[3]=3 DM[7]=7 DM[15]=15
TIME=355 ns  PSTATE=2  PC=1  IR1=201f0000  IR2=00000000  ALU_OUT=12495  ACCUM=12480
TIME=355 ns  IR1_TYPE=2 OPC=0 RD=x RS1=15 RS2=0 IMM=0 | IR2_TYPE=0 IR2_RD=0 | RF_Q1=15 RF_Q2=12480 | FWD1=0 FWD2=1 | RF_WR=1 RF_IN=12480 | DM_ADDR=3 DM_OUT=3 DM_WR=0 DM_IN=0
RF[1]=1 RF[2]=7 RF[3]=2 RF[4]=3 RF[15]=15
DM[0]=0 DM[1]=1 DM[2]=2 DM[3]=3 DM[7]=7 DM[15]=15
TIME=365 ns  PSTATE=2  PC=2  IR1=20270000  IR2=201f0000  ALU_OUT=12487  ACCUM=15
TIME=365 ns  IR1_TYPE=2 OPC=0 RD=x RS1=7 RS2=0 IMM=0 | IR2_TYPE=2 IR2_RD=1 | RF_Q1=7 RF_Q2=12480 | FWD1=0 FWD2=0 | RF_WR=1 RF_IN=15 | DM_ADDR=15 DM_OUT=15 DM_WR=0 DM_IN=0
RF[1]=1 RF[2]=7 RF[3]=2 RF[4]=3 RF[15]=15
DM[0]=0 DM[1]=1 DM[2]=2 DM[3]=3 DM[7]=7 DM[15]=15
TIME=375 ns  PSTATE=2  PC=3  IR1=17300000  IR2=20270000  ALU_OUT=0  ACCUM=7
TIME=375 ns  IR1_TYPE=1 OPC=7 RD=x RS1=0 RS2=0 IMM=0 | IR2_TYPE=2 IR2_RD=2 | RF_Q1=12480 RF_Q2=12480 | FWD1=0 FWD2=0 | RF_WR=1 RF_IN=7 | DM_ADDR=7 DM_OUT=7 DM_WR=0 DM_IN=0
RF[1]=15 RF[2]=7 RF[3]=2 RF[4]=3 RF[15]=15
DM[0]=0 DM[1]=1 DM[2]=2 DM[3]=3 DM[7]=7 DM[15]=15
TIME=385 ns  PSTATE=2  PC=4  IR1=01112000  IR2=17300000  ALU_OUT=8  ACCUM=0
TIME=385 ns  IR1_TYPE=0 OPC=1 RD=x RS1=1 RS2=2 IMM=0 | IR2_TYPE=1 IR2_RD=3 | RF_Q1=15 RF_Q2=7 | FWD1=0 FWD2=0 | RF_WR=1 RF_IN=0 | DM_ADDR=7 DM_OUT=7 DM_WR=0 DM_IN=0
RF[1]=15 RF[2]=7 RF[3]=2 RF[4]=3 RF[15]=15
DM[0]=0 DM[1]=1 DM[2]=2 DM[3]=3 DM[7]=7 DM[15]=15
TIME=395 ns  PSTATE=2  PC=5  IR1=10330001  IR2=01112000  ALU_OUT=1  ACCUM=8
TIME=395 ns  IR1_TYPE=1 OPC=0 RD=x RS1=3 RS2=0 IMM=1 | IR2_TYPE=0 IR2_RD=1 | RF_Q1=0 RF_Q2=12480 | FWD1=0 FWD2=0 | RF_WR=1 RF_IN=8 | DM_ADDR=7 DM_OUT=7 DM_WR=0 DM_IN=0
RF[1]=15 RF[2]=7 RF[3]=0 RF[4]=3 RF[15]=15
DM[0]=0 DM[1]=1 DM[2]=2 DM[3]=3 DM[7]=7 DM[15]=15
TIME=405 ns  PSTATE=2  PC=6  IR1=01112000  IR2=10330001  ALU_OUT=1  ACCUM=1
TIME=405 ns  IR1_TYPE=0 OPC=1 RD=x RS1=1 RS2=2 IMM=0 | IR2_TYPE=1 IR2_RD=3 | RF_Q1=8 RF_Q2=7 | FWD1=0 FWD2=0 | RF_WR=1 RF_IN=1 | DM_ADDR=7 DM_OUT=7 DM_WR=0 DM_IN=0
RF[1]=8 RF[2]=7 RF[3]=0 RF[4]=3 RF[15]=15
DM[0]=0 DM[1]=1 DM[2]=2 DM[3]=3 DM[7]=7 DM[15]=15
TIME=415 ns  PSTATE=2  PC=7  IR1=10330001  IR2=01112000  ALU_OUT=2  ACCUM=1
TIME=415 ns  IR1_TYPE=1 OPC=0 RD=x RS1=3 RS2=0 IMM=1 | IR2_TYPE=0 IR2_RD=1 | RF_Q1=1 RF_Q2=12480 | FWD1=0 FWD2=0 | RF_WR=1 RF_IN=1 | DM_ADDR=7 DM_OUT=7 DM_WR=0 DM_IN=0
RF[1]=8 RF[2]=7 RF[3]=1 RF[4]=3 RF[15]=15
DM[0]=0 DM[1]=1 DM[2]=2 DM[3]=3 DM[7]=7 DM[15]=15
TIME=425 ns  PSTATE=2  PC=8  IR1=17400003  IR2=10330001  ALU_OUT=3  ACCUM=2
TIME=425 ns  IR1_TYPE=1 OPC=7 RD=x RS1=0 RS2=0 IMM=3 | IR2_TYPE=1 IR2_RD=3 | RF_Q1=12480 RF_Q2=12480 | FWD1=0 FWD2=0 | RF_WR=1 RF_IN=2 | DM_ADDR=7 DM_OUT=7 DM_WR=0 DM_IN=0
RF[1]=1 RF[2]=7 RF[3]=1 RF[4]=3 RF[15]=15
DM[0]=0 DM[1]=1 DM[2]=2 DM[3]=3 DM[7]=7 DM[15]=15
TIME=435 ns  PSTATE=2  PC=9  IR1=30340000  IR2=17400003  ALU_OUT=12483  ACCUM=3
TIME=435 ns  IR1_TYPE=3 OPC=0 RD=x RS1=4 RS2=0 IMM=0 | IR2_TYPE=1 IR2_RD=4 | RF_Q1=3 RF_Q2=12480 | FWD1=1 FWD2=0 | RF_WR=1 RF_IN=3 | DM_ADDR=7 DM_OUT=7 DM_WR=0 DM_IN=0
RF[1]=1 RF[2]=7 RF[3]=2 RF[4]=3 RF[15]=15
DM[0]=0 DM[1]=1 DM[2]=2 DM[3]=3 DM[7]=7 DM[15]=15
TIME=445 ns  PSTATE=2  PC=10  IR1=00000000  IR2=30340000  ALU_OUT=12483  ACCUM=3
TIME=445 ns  IR1_TYPE=0 OPC=0 RD=x RS1=0 RS2=0 IMM=0 | IR2_TYPE=3 IR2_RD=3 | RF_Q1=12480 RF_Q2=3 | FWD1=0 FWD2=0 | RF_WR=0 RF_IN=0 | DM_ADDR=3 DM_OUT=3 DM_WR=1 DM_IN=3
RF[1]=1 RF[2]=7 RF[3]=2 RF[4]=3 RF[15]=15
DM[0]=0 DM[1]=1 DM[2]=2 DM[3]=3 DM[7]=7 DM[15]=15
TIME=455 ns  PSTATE=2  PC=11  IR1=00000000  IR2=00000000  ALU_OUT=24966  ACCUM=12483
TIME=455 ns  IR1_TYPE=0 OPC=0 RD=x RS1=0 RS2=0 IMM=0 | IR2_TYPE=0 IR2_RD=0 | RF_Q1=12483 RF_Q2=12483 | FWD1=1 FWD2=1 | RF_WR=1 RF_IN=12483 | DM_ADDR=3 DM_OUT=3 DM_WR=0 DM_IN=0
RF[1]=1 RF[2]=7 RF[3]=2 RF[4]=3 RF[15]=15
DM[0]=0 DM[1]=1 DM[2]=2 DM[3]=3 DM[7]=7 DM[15]=15
TIME=465 ns  PSTATE=2  PC=12  IR1=00000000  IR2=00000000  ALU_OUT=49932  ACCUM=24966
TIME=465 ns  IR1_TYPE=0 OPC=0 RD=x RS1=0 RS2=0 IMM=0 | IR2_TYPE=0 IR2_RD=0 | RF_Q1=24966 RF_Q2=24966 | FWD1=1 FWD2=1 | RF_WR=1 RF_IN=24966 | DM_ADDR=3 DM_OUT=3 DM_WR=0 DM_IN=0
RF[1]=1 RF[2]=7 RF[3]=2 RF[4]=3 RF[15]=15
DM[0]=0 DM[1]=1 DM[2]=2 DM[3]=3 DM[7]=7 DM[15]=15
TIME=475 ns  PSTATE=2  PC=13  IR1=00000000  IR2=00000000  ALU_OUT=99864  ACCUM=49932
TIME=475 ns  IR1_TYPE=0 OPC=0 RD=x RS1=0 RS2=0 IMM=0 | IR2_TYPE=0 IR2_RD=0 | RF_Q1=49932 RF_Q2=49932 | FWD1=1 FWD2=1 | RF_WR=1 RF_IN=49932 | DM_ADDR=3 DM_OUT=3 DM_WR=0 DM_IN=0
RF[1]=1 RF[2]=7 RF[3]=2 RF[4]=3 RF[15]=15
DM[0]=0 DM[1]=1 DM[2]=2 DM[3]=3 DM[7]=7 DM[15]=15
TIME=485 ns  PSTATE=2  PC=14  IR1=00000000  IR2=00000000  ALU_OUT=199728  ACCUM=99864
TIME=485 ns  IR1_TYPE=0 OPC=0 RD=x RS1=0 RS2=0 IMM=0 | IR2_TYPE=0 IR2_RD=0 | RF_Q1=99864 RF_Q2=99864 | FWD1=1 FWD2=1 | RF_WR=1 RF_IN=99864 | DM_ADDR=3 DM_OUT=3 DM_WR=0 DM_IN=0
RF[1]=1 RF[2]=7 RF[3]=2 RF[4]=3 RF[15]=15
DM[0]=0 DM[1]=1 DM[2]=2 DM[3]=3 DM[7]=7 DM[15]=15
TIME=495 ns  PSTATE=2  PC=15  IR1=00000000  IR2=00000000  ALU_OUT=399456  ACCUM=199728
TIME=495 ns  IR1_TYPE=0 OPC=0 RD=x RS1=0 RS2=0 IMM=0 | IR2_TYPE=0 IR2_RD=0 | RF_Q1=199728 RF_Q2=199728 | FWD1=1 FWD2=1 | RF_WR=1 RF_IN=199728 | DM_ADDR=3 DM_OUT=3 DM_WR=0 DM_IN=0
RF[1]=1 RF[2]=7 RF[3]=2 RF[4]=3 RF[15]=15
DM[0]=0 DM[1]=1 DM[2]=2 DM[3]=3 DM[7]=7 DM[15]=15
========================================
FINAL RESULTS
========================================
RF[1]  = 1
RF[2]  = 7
RF[3]  = 2
RF[4]  = 3
DM[3]  = 3
FAIL : Expected DM[3]=2, Found DM[3]=3
Simulation complete via $finish(1) at time 500 NS + 0
../tb/RISC_V3_TB.sv:317     $finish;
xcelium> probe -create -shm RISC_V3_tb.RF[0] RISC_V3_tb.RF[1] RISC_V3_tb.RF[2] RISC_V3_tb.RF[3] RISC_V3_tb.RF[4] RISC_V3_tb.D_MEM[3] RISC_V3_tb.D_MEM[7] RISC_V3_tb.D_MEM[15] RISC_V3_tb.D_MEM[2]
Created probe 2
xcelium> reset
xmsim: *W,C58RST: Reset command executed. Coverage is enabled for the subsequent simulation run.  The coverage test name needs to be changed to prevent data overwrite, and any coverage control commands previously used must be reissued.
Loaded snapshot worklib.RISC_V3_tb:sv
xcelium> run
xmsim: *E,C58EXE: Coverage database file already exists in the test output directory './cov_work/scope/test', and will not be overwritten. Specify a different name for the test output directory or use the '-covoverwrite' option to overwrite the existing test output directory, and rerun the simulation.
TIME=5 ns  PSTATE=X  PC=0  IR1=00000000  IR2=00000000  ALU_OUT=0  ACCUM=0
TIME=5 ns  IR1_TYPE=0 OPC=0 RD=x RS1=0 RS2=0 IMM=0 | IR2_TYPE=0 IR2_RD=0 | RF_Q1=0 RF_Q2=0 | FWD1=1 FWD2=1 | RF_WR=0 RF_IN=0 | DM_ADDR=0 DM_OUT=0 DM_WR=0 DM_IN=0
RF[1]=1 RF[2]=2 RF[3]=3 RF[4]=4 RF[15]=15
DM[0]=0 DM[1]=1 DM[2]=2 DM[3]=3 DM[7]=7 DM[15]=15
TIME=15 ns  PSTATE=0  PC=0  IR1=00000000  IR2=00000000  ALU_OUT=0  ACCUM=0
TIME=15 ns  IR1_TYPE=0 OPC=0 RD=x RS1=0 RS2=0 IMM=0 | IR2_TYPE=0 IR2_RD=0 | RF_Q1=0 RF_Q2=0 | FWD1=1 FWD2=1 | RF_WR=0 RF_IN=0 | DM_ADDR=0 DM_OUT=0 DM_WR=0 DM_IN=0
RF[1]=1 RF[2]=2 RF[3]=3 RF[4]=4 RF[15]=15
DM[0]=0 DM[1]=1 DM[2]=2 DM[3]=3 DM[7]=7 DM[15]=15
TIME=25 ns  PSTATE=1  PC=0  IR1=00000000  IR2=00000000  ALU_OUT=0  ACCUM=0
TIME=25 ns  IR1_TYPE=0 OPC=0 RD=x RS1=0 RS2=0 IMM=0 | IR2_TYPE=0 IR2_RD=0 | RF_Q1=0 RF_Q2=0 | FWD1=1 FWD2=1 | RF_WR=0 RF_IN=0 | DM_ADDR=0 DM_OUT=0 DM_WR=0 DM_IN=0
RF[1]=1 RF[2]=2 RF[3]=3 RF[4]=4 RF[15]=15
DM[0]=0 DM[1]=1 DM[2]=2 DM[3]=3 DM[7]=7 DM[15]=15
TIME=35 ns  PSTATE=2  PC=1  IR1=201f0000  IR2=00000000  ALU_OUT=15  ACCUM=0
TIME=35 ns  IR1_TYPE=2 OPC=0 RD=x RS1=15 RS2=0 IMM=0 | IR2_TYPE=0 IR2_RD=0 | RF_Q1=15 RF_Q2=0 | FWD1=0 FWD2=1 | RF_WR=1 RF_IN=0 | DM_ADDR=0 DM_OUT=0 DM_WR=0 DM_IN=0
RF[1]=1 RF[2]=2 RF[3]=3 RF[4]=4 RF[15]=15
DM[0]=0 DM[1]=1 DM[2]=2 DM[3]=3 DM[7]=7 DM[15]=15
TIME=45 ns  PSTATE=2  PC=2  IR1=20270000  IR2=201f0000  ALU_OUT=7  ACCUM=15
TIME=45 ns  IR1_TYPE=2 OPC=0 RD=x RS1=7 RS2=0 IMM=0 | IR2_TYPE=2 IR2_RD=1 | RF_Q1=7 RF_Q2=0 | FWD1=0 FWD2=0 | RF_WR=1 RF_IN=15 | DM_ADDR=15 DM_OUT=15 DM_WR=0 DM_IN=0
RF[1]=1 RF[2]=2 RF[3]=3 RF[4]=4 RF[15]=15
DM[0]=0 DM[1]=1 DM[2]=2 DM[3]=3 DM[7]=7 DM[15]=15
TIME=55 ns  PSTATE=2  PC=3  IR1=17300000  IR2=20270000  ALU_OUT=0  ACCUM=7
TIME=55 ns  IR1_TYPE=1 OPC=7 RD=x RS1=0 RS2=0 IMM=0 | IR2_TYPE=2 IR2_RD=2 | RF_Q1=0 RF_Q2=0 | FWD1=0 FWD2=0 | RF_WR=1 RF_IN=7 | DM_ADDR=7 DM_OUT=7 DM_WR=0 DM_IN=0
RF[1]=15 RF[2]=2 RF[3]=3 RF[4]=4 RF[15]=15
DM[0]=0 DM[1]=1 DM[2]=2 DM[3]=3 DM[7]=7 DM[15]=15
TIME=65 ns  PSTATE=2  PC=4  IR1=01112000  IR2=17300000  ALU_OUT=8  ACCUM=0
TIME=65 ns  IR1_TYPE=0 OPC=1 RD=x RS1=1 RS2=2 IMM=0 | IR2_TYPE=1 IR2_RD=3 | RF_Q1=15 RF_Q2=7 | FWD1=0 FWD2=0 | RF_WR=1 RF_IN=0 | DM_ADDR=7 DM_OUT=7 DM_WR=0 DM_IN=0
RF[1]=15 RF[2]=7 RF[3]=3 RF[4]=4 RF[15]=15
DM[0]=0 DM[1]=1 DM[2]=2 DM[3]=3 DM[7]=7 DM[15]=15
TIME=75 ns  PSTATE=2  PC=5  IR1=10330001  IR2=01112000  ALU_OUT=1  ACCUM=8
TIME=75 ns  IR1_TYPE=1 OPC=0 RD=x RS1=3 RS2=0 IMM=1 | IR2_TYPE=0 IR2_RD=1 | RF_Q1=0 RF_Q2=0 | FWD1=0 FWD2=0 | RF_WR=1 RF_IN=8 | DM_ADDR=7 DM_OUT=7 DM_WR=0 DM_IN=0
RF[1]=15 RF[2]=7 RF[3]=0 RF[4]=4 RF[15]=15
DM[0]=0 DM[1]=1 DM[2]=2 DM[3]=3 DM[7]=7 DM[15]=15
TIME=85 ns  PSTATE=2  PC=6  IR1=01112000  IR2=10330001  ALU_OUT=1  ACCUM=1
TIME=85 ns  IR1_TYPE=0 OPC=1 RD=x RS1=1 RS2=2 IMM=0 | IR2_TYPE=1 IR2_RD=3 | RF_Q1=8 RF_Q2=7 | FWD1=0 FWD2=0 | RF_WR=1 RF_IN=1 | DM_ADDR=7 DM_OUT=7 DM_WR=0 DM_IN=0
RF[1]=8 RF[2]=7 RF[3]=0 RF[4]=4 RF[15]=15
DM[0]=0 DM[1]=1 DM[2]=2 DM[3]=3 DM[7]=7 DM[15]=15
TIME=95 ns  PSTATE=2  PC=7  IR1=10330001  IR2=01112000  ALU_OUT=2  ACCUM=1
TIME=95 ns  IR1_TYPE=1 OPC=0 RD=x RS1=3 RS2=0 IMM=1 | IR2_TYPE=0 IR2_RD=1 | RF_Q1=1 RF_Q2=0 | FWD1=0 FWD2=0 | RF_WR=1 RF_IN=1 | DM_ADDR=7 DM_OUT=7 DM_WR=0 DM_IN=0
RF[1]=8 RF[2]=7 RF[3]=1 RF[4]=4 RF[15]=15
DM[0]=0 DM[1]=1 DM[2]=2 DM[3]=3 DM[7]=7 DM[15]=15
TIME=105 ns  PSTATE=2  PC=8  IR1=17400003  IR2=10330001  ALU_OUT=3  ACCUM=2
TIME=105 ns  IR1_TYPE=1 OPC=7 RD=x RS1=0 RS2=0 IMM=3 | IR2_TYPE=1 IR2_RD=3 | RF_Q1=0 RF_Q2=0 | FWD1=0 FWD2=0 | RF_WR=1 RF_IN=2 | DM_ADDR=7 DM_OUT=7 DM_WR=0 DM_IN=0
RF[1]=1 RF[2]=7 RF[3]=1 RF[4]=4 RF[15]=15
DM[0]=0 DM[1]=1 DM[2]=2 DM[3]=3 DM[7]=7 DM[15]=15
TIME=115 ns  PSTATE=2  PC=9  IR1=30340000  IR2=17400003  ALU_OUT=3  ACCUM=3
TIME=115 ns  IR1_TYPE=3 OPC=0 RD=x RS1=4 RS2=0 IMM=0 | IR2_TYPE=1 IR2_RD=4 | RF_Q1=3 RF_Q2=0 | FWD1=1 FWD2=0 | RF_WR=1 RF_IN=3 | DM_ADDR=7 DM_OUT=7 DM_WR=0 DM_IN=0
RF[1]=1 RF[2]=7 RF[3]=2 RF[4]=4 RF[15]=15
DM[0]=0 DM[1]=1 DM[2]=2 DM[3]=3 DM[7]=7 DM[15]=15
TIME=125 ns  PSTATE=2  PC=10  IR1=00000000  IR2=30340000  ALU_OUT=3  ACCUM=3
TIME=125 ns  IR1_TYPE=0 OPC=0 RD=x RS1=0 RS2=0 IMM=0 | IR2_TYPE=3 IR2_RD=3 | RF_Q1=0 RF_Q2=3 | FWD1=0 FWD2=0 | RF_WR=0 RF_IN=0 | DM_ADDR=3 DM_OUT=3 DM_WR=1 DM_IN=3
RF[1]=1 RF[2]=7 RF[3]=2 RF[4]=3 RF[15]=15
DM[0]=0 DM[1]=1 DM[2]=2 DM[3]=3 DM[7]=7 DM[15]=15
TIME=135 ns  PSTATE=2  PC=11  IR1=00000000  IR2=00000000  ALU_OUT=6  ACCUM=3
TIME=135 ns  IR1_TYPE=0 OPC=0 RD=x RS1=0 RS2=0 IMM=0 | IR2_TYPE=0 IR2_RD=0 | RF_Q1=3 RF_Q2=3 | FWD1=1 FWD2=1 | RF_WR=1 RF_IN=3 | DM_ADDR=3 DM_OUT=3 DM_WR=0 DM_IN=0
RF[1]=1 RF[2]=7 RF[3]=2 RF[4]=3 RF[15]=15
DM[0]=0 DM[1]=1 DM[2]=2 DM[3]=3 DM[7]=7 DM[15]=15
TIME=145 ns  PSTATE=2  PC=12  IR1=00000000  IR2=00000000  ALU_OUT=12  ACCUM=6
TIME=145 ns  IR1_TYPE=0 OPC=0 RD=x RS1=0 RS2=0 IMM=0 | IR2_TYPE=0 IR2_RD=0 | RF_Q1=6 RF_Q2=6 | FWD1=1 FWD2=1 | RF_WR=1 RF_IN=6 | DM_ADDR=3 DM_OUT=3 DM_WR=0 DM_IN=0
RF[1]=1 RF[2]=7 RF[3]=2 RF[4]=3 RF[15]=15
DM[0]=0 DM[1]=1 DM[2]=2 DM[3]=3 DM[7]=7 DM[15]=15
TIME=155 ns  PSTATE=2  PC=13  IR1=00000000  IR2=00000000  ALU_OUT=24  ACCUM=12
TIME=155 ns  IR1_TYPE=0 OPC=0 RD=x RS1=0 RS2=0 IMM=0 | IR2_TYPE=0 IR2_RD=0 | RF_Q1=12 RF_Q2=12 | FWD1=1 FWD2=1 | RF_WR=1 RF_IN=12 | DM_ADDR=3 DM_OUT=3 DM_WR=0 DM_IN=0
RF[1]=1 RF[2]=7 RF[3]=2 RF[4]=3 RF[15]=15
DM[0]=0 DM[1]=1 DM[2]=2 DM[3]=3 DM[7]=7 DM[15]=15
TIME=165 ns  PSTATE=2  PC=14  IR1=00000000  IR2=00000000  ALU_OUT=48  ACCUM=24
TIME=165 ns  IR1_TYPE=0 OPC=0 RD=x RS1=0 RS2=0 IMM=0 | IR2_TYPE=0 IR2_RD=0 | RF_Q1=24 RF_Q2=24 | FWD1=1 FWD2=1 | RF_WR=1 RF_IN=24 | DM_ADDR=3 DM_OUT=3 DM_WR=0 DM_IN=0
RF[1]=1 RF[2]=7 RF[3]=2 RF[4]=3 RF[15]=15
DM[0]=0 DM[1]=1 DM[2]=2 DM[3]=3 DM[7]=7 DM[15]=15
TIME=175 ns  PSTATE=2  PC=15  IR1=00000000  IR2=00000000  ALU_OUT=96  ACCUM=48
TIME=175 ns  IR1_TYPE=0 OPC=0 RD=x RS1=0 RS2=0 IMM=0 | IR2_TYPE=0 IR2_RD=0 | RF_Q1=48 RF_Q2=48 | FWD1=1 FWD2=1 | RF_WR=1 RF_IN=48 | DM_ADDR=3 DM_OUT=3 DM_WR=0 DM_IN=0
RF[1]=1 RF[2]=7 RF[3]=2 RF[4]=3 RF[15]=15
DM[0]=0 DM[1]=1 DM[2]=2 DM[3]=3 DM[7]=7 DM[15]=15
TIME=185 ns  PSTATE=2  PC=0  IR1=00000000  IR2=00000000  ALU_OUT=192  ACCUM=96
TIME=185 ns  IR1_TYPE=0 OPC=0 RD=x RS1=0 RS2=0 IMM=0 | IR2_TYPE=0 IR2_RD=0 | RF_Q1=96 RF_Q2=96 | FWD1=1 FWD2=1 | RF_WR=1 RF_IN=96 | DM_ADDR=3 DM_OUT=3 DM_WR=0 DM_IN=0
RF[1]=1 RF[2]=7 RF[3]=2 RF[4]=3 RF[15]=15
DM[0]=0 DM[1]=1 DM[2]=2 DM[3]=3 DM[7]=7 DM[15]=15
TIME=195 ns  PSTATE=2  PC=1  IR1=201f0000  IR2=00000000  ALU_OUT=207  ACCUM=192
TIME=195 ns  IR1_TYPE=2 OPC=0 RD=x RS1=15 RS2=0 IMM=0 | IR2_TYPE=0 IR2_RD=0 | RF_Q1=15 RF_Q2=192 | FWD1=0 FWD2=1 | RF_WR=1 RF_IN=192 | DM_ADDR=3 DM_OUT=3 DM_WR=0 DM_IN=0
RF[1]=1 RF[2]=7 RF[3]=2 RF[4]=3 RF[15]=15
DM[0]=0 DM[1]=1 DM[2]=2 DM[3]=3 DM[7]=7 DM[15]=15
TIME=205 ns  PSTATE=2  PC=2  IR1=20270000  IR2=201f0000  ALU_OUT=199  ACCUM=15
TIME=205 ns  IR1_TYPE=2 OPC=0 RD=x RS1=7 RS2=0 IMM=0 | IR2_TYPE=2 IR2_RD=1 | RF_Q1=7 RF_Q2=192 | FWD1=0 FWD2=0 | RF_WR=1 RF_IN=15 | DM_ADDR=15 DM_OUT=15 DM_WR=0 DM_IN=0
RF[1]=1 RF[2]=7 RF[3]=2 RF[4]=3 RF[15]=15
DM[0]=0 DM[1]=1 DM[2]=2 DM[3]=3 DM[7]=7 DM[15]=15
TIME=215 ns  PSTATE=2  PC=3  IR1=17300000  IR2=20270000  ALU_OUT=0  ACCUM=7
TIME=215 ns  IR1_TYPE=1 OPC=7 RD=x RS1=0 RS2=0 IMM=0 | IR2_TYPE=2 IR2_RD=2 | RF_Q1=192 RF_Q2=192 | FWD1=0 FWD2=0 | RF_WR=1 RF_IN=7 | DM_ADDR=7 DM_OUT=7 DM_WR=0 DM_IN=0
RF[1]=15 RF[2]=7 RF[3]=2 RF[4]=3 RF[15]=15
DM[0]=0 DM[1]=1 DM[2]=2 DM[3]=3 DM[7]=7 DM[15]=15
TIME=225 ns  PSTATE=2  PC=4  IR1=01112000  IR2=17300000  ALU_OUT=8  ACCUM=0
TIME=225 ns  IR1_TYPE=0 OPC=1 RD=x RS1=1 RS2=2 IMM=0 | IR2_TYPE=1 IR2_RD=3 | RF_Q1=15 RF_Q2=7 | FWD1=0 FWD2=0 | RF_WR=1 RF_IN=0 | DM_ADDR=7 DM_OUT=7 DM_WR=0 DM_IN=0
RF[1]=15 RF[2]=7 RF[3]=2 RF[4]=3 RF[15]=15
DM[0]=0 DM[1]=1 DM[2]=2 DM[3]=3 DM[7]=7 DM[15]=15
TIME=235 ns  PSTATE=2  PC=5  IR1=10330001  IR2=01112000  ALU_OUT=1  ACCUM=8
TIME=235 ns  IR1_TYPE=1 OPC=0 RD=x RS1=3 RS2=0 IMM=1 | IR2_TYPE=0 IR2_RD=1 | RF_Q1=0 RF_Q2=192 | FWD1=0 FWD2=0 | RF_WR=1 RF_IN=8 | DM_ADDR=7 DM_OUT=7 DM_WR=0 DM_IN=0
RF[1]=15 RF[2]=7 RF[3]=0 RF[4]=3 RF[15]=15
DM[0]=0 DM[1]=1 DM[2]=2 DM[3]=3 DM[7]=7 DM[15]=15
TIME=245 ns  PSTATE=2  PC=6  IR1=01112000  IR2=10330001  ALU_OUT=1  ACCUM=1
TIME=245 ns  IR1_TYPE=0 OPC=1 RD=x RS1=1 RS2=2 IMM=0 | IR2_TYPE=1 IR2_RD=3 | RF_Q1=8 RF_Q2=7 | FWD1=0 FWD2=0 | RF_WR=1 RF_IN=1 | DM_ADDR=7 DM_OUT=7 DM_WR=0 DM_IN=0
RF[1]=8 RF[2]=7 RF[3]=0 RF[4]=3 RF[15]=15
DM[0]=0 DM[1]=1 DM[2]=2 DM[3]=3 DM[7]=7 DM[15]=15
TIME=255 ns  PSTATE=2  PC=7  IR1=10330001  IR2=01112000  ALU_OUT=2  ACCUM=1
TIME=255 ns  IR1_TYPE=1 OPC=0 RD=x RS1=3 RS2=0 IMM=1 | IR2_TYPE=0 IR2_RD=1 | RF_Q1=1 RF_Q2=192 | FWD1=0 FWD2=0 | RF_WR=1 RF_IN=1 | DM_ADDR=7 DM_OUT=7 DM_WR=0 DM_IN=0
RF[1]=8 RF[2]=7 RF[3]=1 RF[4]=3 RF[15]=15
DM[0]=0 DM[1]=1 DM[2]=2 DM[3]=3 DM[7]=7 DM[15]=15
TIME=265 ns  PSTATE=2  PC=8  IR1=17400003  IR2=10330001  ALU_OUT=3  ACCUM=2
TIME=265 ns  IR1_TYPE=1 OPC=7 RD=x RS1=0 RS2=0 IMM=3 | IR2_TYPE=1 IR2_RD=3 | RF_Q1=192 RF_Q2=192 | FWD1=0 FWD2=0 | RF_WR=1 RF_IN=2 | DM_ADDR=7 DM_OUT=7 DM_WR=0 DM_IN=0
RF[1]=1 RF[2]=7 RF[3]=1 RF[4]=3 RF[15]=15
DM[0]=0 DM[1]=1 DM[2]=2 DM[3]=3 DM[7]=7 DM[15]=15
TIME=275 ns  PSTATE=2  PC=9  IR1=30340000  IR2=17400003  ALU_OUT=195  ACCUM=3
TIME=275 ns  IR1_TYPE=3 OPC=0 RD=x RS1=4 RS2=0 IMM=0 | IR2_TYPE=1 IR2_RD=4 | RF_Q1=3 RF_Q2=192 | FWD1=1 FWD2=0 | RF_WR=1 RF_IN=3 | DM_ADDR=7 DM_OUT=7 DM_WR=0 DM_IN=0
RF[1]=1 RF[2]=7 RF[3]=2 RF[4]=3 RF[15]=15
DM[0]=0 DM[1]=1 DM[2]=2 DM[3]=3 DM[7]=7 DM[15]=15
TIME=285 ns  PSTATE=2  PC=10  IR1=00000000  IR2=30340000  ALU_OUT=195  ACCUM=3
TIME=285 ns  IR1_TYPE=0 OPC=0 RD=x RS1=0 RS2=0 IMM=0 | IR2_TYPE=3 IR2_RD=3 | RF_Q1=192 RF_Q2=3 | FWD1=0 FWD2=0 | RF_WR=0 RF_IN=0 | DM_ADDR=3 DM_OUT=3 DM_WR=1 DM_IN=3
RF[1]=1 RF[2]=7 RF[3]=2 RF[4]=3 RF[15]=15
DM[0]=0 DM[1]=1 DM[2]=2 DM[3]=3 DM[7]=7 DM[15]=15
TIME=295 ns  PSTATE=2  PC=11  IR1=00000000  IR2=00000000  ALU_OUT=390  ACCUM=195
TIME=295 ns  IR1_TYPE=0 OPC=0 RD=x RS1=0 RS2=0 IMM=0 | IR2_TYPE=0 IR2_RD=0 | RF_Q1=195 RF_Q2=195 | FWD1=1 FWD2=1 | RF_WR=1 RF_IN=195 | DM_ADDR=3 DM_OUT=3 DM_WR=0 DM_IN=0
RF[1]=1 RF[2]=7 RF[3]=2 RF[4]=3 RF[15]=15
DM[0]=0 DM[1]=1 DM[2]=2 DM[3]=3 DM[7]=7 DM[15]=15
TIME=305 ns  PSTATE=2  PC=12  IR1=00000000  IR2=00000000  ALU_OUT=780  ACCUM=390
TIME=305 ns  IR1_TYPE=0 OPC=0 RD=x RS1=0 RS2=0 IMM=0 | IR2_TYPE=0 IR2_RD=0 | RF_Q1=390 RF_Q2=390 | FWD1=1 FWD2=1 | RF_WR=1 RF_IN=390 | DM_ADDR=3 DM_OUT=3 DM_WR=0 DM_IN=0
RF[1]=1 RF[2]=7 RF[3]=2 RF[4]=3 RF[15]=15
DM[0]=0 DM[1]=1 DM[2]=2 DM[3]=3 DM[7]=7 DM[15]=15
TIME=315 ns  PSTATE=2  PC=13  IR1=00000000  IR2=00000000  ALU_OUT=1560  ACCUM=780
TIME=315 ns  IR1_TYPE=0 OPC=0 RD=x RS1=0 RS2=0 IMM=0 | IR2_TYPE=0 IR2_RD=0 | RF_Q1=780 RF_Q2=780 | FWD1=1 FWD2=1 | RF_WR=1 RF_IN=780 | DM_ADDR=3 DM_OUT=3 DM_WR=0 DM_IN=0
RF[1]=1 RF[2]=7 RF[3]=2 RF[4]=3 RF[15]=15
DM[0]=0 DM[1]=1 DM[2]=2 DM[3]=3 DM[7]=7 DM[15]=15
TIME=325 ns  PSTATE=2  PC=14  IR1=00000000  IR2=00000000  ALU_OUT=3120  ACCUM=1560
TIME=325 ns  IR1_TYPE=0 OPC=0 RD=x RS1=0 RS2=0 IMM=0 | IR2_TYPE=0 IR2_RD=0 | RF_Q1=1560 RF_Q2=1560 | FWD1=1 FWD2=1 | RF_WR=1 RF_IN=1560 | DM_ADDR=3 DM_OUT=3 DM_WR=0 DM_IN=0
RF[1]=1 RF[2]=7 RF[3]=2 RF[4]=3 RF[15]=15
DM[0]=0 DM[1]=1 DM[2]=2 DM[3]=3 DM[7]=7 DM[15]=15
TIME=335 ns  PSTATE=2  PC=15  IR1=00000000  IR2=00000000  ALU_OUT=6240  ACCUM=3120
TIME=335 ns  IR1_TYPE=0 OPC=0 RD=x RS1=0 RS2=0 IMM=0 | IR2_TYPE=0 IR2_RD=0 | RF_Q1=3120 RF_Q2=3120 | FWD1=1 FWD2=1 | RF_WR=1 RF_IN=3120 | DM_ADDR=3 DM_OUT=3 DM_WR=0 DM_IN=0
RF[1]=1 RF[2]=7 RF[3]=2 RF[4]=3 RF[15]=15
DM[0]=0 DM[1]=1 DM[2]=2 DM[3]=3 DM[7]=7 DM[15]=15
TIME=345 ns  PSTATE=2  PC=0  IR1=00000000  IR2=00000000  ALU_OUT=12480  ACCUM=6240
TIME=345 ns  IR1_TYPE=0 OPC=0 RD=x RS1=0 RS2=0 IMM=0 | IR2_TYPE=0 IR2_RD=0 | RF_Q1=6240 RF_Q2=6240 | FWD1=1 FWD2=1 | RF_WR=1 RF_IN=6240 | DM_ADDR=3 DM_OUT=3 DM_WR=0 DM_IN=0
RF[1]=1 RF[2]=7 RF[3]=2 RF[4]=3 RF[15]=15
DM[0]=0 DM[1]=1 DM[2]=2 DM[3]=3 DM[7]=7 DM[15]=15
TIME=355 ns  PSTATE=2  PC=1  IR1=201f0000  IR2=00000000  ALU_OUT=12495  ACCUM=12480
TIME=355 ns  IR1_TYPE=2 OPC=0 RD=x RS1=15 RS2=0 IMM=0 | IR2_TYPE=0 IR2_RD=0 | RF_Q1=15 RF_Q2=12480 | FWD1=0 FWD2=1 | RF_WR=1 RF_IN=12480 | DM_ADDR=3 DM_OUT=3 DM_WR=0 DM_IN=0
RF[1]=1 RF[2]=7 RF[3]=2 RF[4]=3 RF[15]=15
DM[0]=0 DM[1]=1 DM[2]=2 DM[3]=3 DM[7]=7 DM[15]=15
TIME=365 ns  PSTATE=2  PC=2  IR1=20270000  IR2=201f0000  ALU_OUT=12487  ACCUM=15
TIME=365 ns  IR1_TYPE=2 OPC=0 RD=x RS1=7 RS2=0 IMM=0 | IR2_TYPE=2 IR2_RD=1 | RF_Q1=7 RF_Q2=12480 | FWD1=0 FWD2=0 | RF_WR=1 RF_IN=15 | DM_ADDR=15 DM_OUT=15 DM_WR=0 DM_IN=0
RF[1]=1 RF[2]=7 RF[3]=2 RF[4]=3 RF[15]=15
DM[0]=0 DM[1]=1 DM[2]=2 DM[3]=3 DM[7]=7 DM[15]=15
TIME=375 ns  PSTATE=2  PC=3  IR1=17300000  IR2=20270000  ALU_OUT=0  ACCUM=7
TIME=375 ns  IR1_TYPE=1 OPC=7 RD=x RS1=0 RS2=0 IMM=0 | IR2_TYPE=2 IR2_RD=2 | RF_Q1=12480 RF_Q2=12480 | FWD1=0 FWD2=0 | RF_WR=1 RF_IN=7 | DM_ADDR=7 DM_OUT=7 DM_WR=0 DM_IN=0
RF[1]=15 RF[2]=7 RF[3]=2 RF[4]=3 RF[15]=15
DM[0]=0 DM[1]=1 DM[2]=2 DM[3]=3 DM[7]=7 DM[15]=15
TIME=385 ns  PSTATE=2  PC=4  IR1=01112000  IR2=17300000  ALU_OUT=8  ACCUM=0
TIME=385 ns  IR1_TYPE=0 OPC=1 RD=x RS1=1 RS2=2 IMM=0 | IR2_TYPE=1 IR2_RD=3 | RF_Q1=15 RF_Q2=7 | FWD1=0 FWD2=0 | RF_WR=1 RF_IN=0 | DM_ADDR=7 DM_OUT=7 DM_WR=0 DM_IN=0
RF[1]=15 RF[2]=7 RF[3]=2 RF[4]=3 RF[15]=15
DM[0]=0 DM[1]=1 DM[2]=2 DM[3]=3 DM[7]=7 DM[15]=15
TIME=395 ns  PSTATE=2  PC=5  IR1=10330001  IR2=01112000  ALU_OUT=1  ACCUM=8
TIME=395 ns  IR1_TYPE=1 OPC=0 RD=x RS1=3 RS2=0 IMM=1 | IR2_TYPE=0 IR2_RD=1 | RF_Q1=0 RF_Q2=12480 | FWD1=0 FWD2=0 | RF_WR=1 RF_IN=8 | DM_ADDR=7 DM_OUT=7 DM_WR=0 DM_IN=0
RF[1]=15 RF[2]=7 RF[3]=0 RF[4]=3 RF[15]=15
DM[0]=0 DM[1]=1 DM[2]=2 DM[3]=3 DM[7]=7 DM[15]=15
TIME=405 ns  PSTATE=2  PC=6  IR1=01112000  IR2=10330001  ALU_OUT=1  ACCUM=1
TIME=405 ns  IR1_TYPE=0 OPC=1 RD=x RS1=1 RS2=2 IMM=0 | IR2_TYPE=1 IR2_RD=3 | RF_Q1=8 RF_Q2=7 | FWD1=0 FWD2=0 | RF_WR=1 RF_IN=1 | DM_ADDR=7 DM_OUT=7 DM_WR=0 DM_IN=0
RF[1]=8 RF[2]=7 RF[3]=0 RF[4]=3 RF[15]=15
DM[0]=0 DM[1]=1 DM[2]=2 DM[3]=3 DM[7]=7 DM[15]=15
TIME=415 ns  PSTATE=2  PC=7  IR1=10330001  IR2=01112000  ALU_OUT=2  ACCUM=1
TIME=415 ns  IR1_TYPE=1 OPC=0 RD=x RS1=3 RS2=0 IMM=1 | IR2_TYPE=0 IR2_RD=1 | RF_Q1=1 RF_Q2=12480 | FWD1=0 FWD2=0 | RF_WR=1 RF_IN=1 | DM_ADDR=7 DM_OUT=7 DM_WR=0 DM_IN=0
RF[1]=8 RF[2]=7 RF[3]=1 RF[4]=3 RF[15]=15
DM[0]=0 DM[1]=1 DM[2]=2 DM[3]=3 DM[7]=7 DM[15]=15
TIME=425 ns  PSTATE=2  PC=8  IR1=17400003  IR2=10330001  ALU_OUT=3  ACCUM=2
TIME=425 ns  IR1_TYPE=1 OPC=7 RD=x RS1=0 RS2=0 IMM=3 | IR2_TYPE=1 IR2_RD=3 | RF_Q1=12480 RF_Q2=12480 | FWD1=0 FWD2=0 | RF_WR=1 RF_IN=2 | DM_ADDR=7 DM_OUT=7 DM_WR=0 DM_IN=0
RF[1]=1 RF[2]=7 RF[3]=1 RF[4]=3 RF[15]=15
DM[0]=0 DM[1]=1 DM[2]=2 DM[3]=3 DM[7]=7 DM[15]=15
TIME=435 ns  PSTATE=2  PC=9  IR1=30340000  IR2=17400003  ALU_OUT=12483  ACCUM=3
TIME=435 ns  IR1_TYPE=3 OPC=0 RD=x RS1=4 RS2=0 IMM=0 | IR2_TYPE=1 IR2_RD=4 | RF_Q1=3 RF_Q2=12480 | FWD1=1 FWD2=0 | RF_WR=1 RF_IN=3 | DM_ADDR=7 DM_OUT=7 DM_WR=0 DM_IN=0
RF[1]=1 RF[2]=7 RF[3]=2 RF[4]=3 RF[15]=15
DM[0]=0 DM[1]=1 DM[2]=2 DM[3]=3 DM[7]=7 DM[15]=15
TIME=445 ns  PSTATE=2  PC=10  IR1=00000000  IR2=30340000  ALU_OUT=12483  ACCUM=3
TIME=445 ns  IR1_TYPE=0 OPC=0 RD=x RS1=0 RS2=0 IMM=0 | IR2_TYPE=3 IR2_RD=3 | RF_Q1=12480 RF_Q2=3 | FWD1=0 FWD2=0 | RF_WR=0 RF_IN=0 | DM_ADDR=3 DM_OUT=3 DM_WR=1 DM_IN=3
RF[1]=1 RF[2]=7 RF[3]=2 RF[4]=3 RF[15]=15
DM[0]=0 DM[1]=1 DM[2]=2 DM[3]=3 DM[7]=7 DM[15]=15
TIME=455 ns  PSTATE=2  PC=11  IR1=00000000  IR2=00000000  ALU_OUT=24966  ACCUM=12483
TIME=455 ns  IR1_TYPE=0 OPC=0 RD=x RS1=0 RS2=0 IMM=0 | IR2_TYPE=0 IR2_RD=0 | RF_Q1=12483 RF_Q2=12483 | FWD1=1 FWD2=1 | RF_WR=1 RF_IN=12483 | DM_ADDR=3 DM_OUT=3 DM_WR=0 DM_IN=0
RF[1]=1 RF[2]=7 RF[3]=2 RF[4]=3 RF[15]=15
DM[0]=0 DM[1]=1 DM[2]=2 DM[3]=3 DM[7]=7 DM[15]=15
TIME=465 ns  PSTATE=2  PC=12  IR1=00000000  IR2=00000000  ALU_OUT=49932  ACCUM=24966
TIME=465 ns  IR1_TYPE=0 OPC=0 RD=x RS1=0 RS2=0 IMM=0 | IR2_TYPE=0 IR2_RD=0 | RF_Q1=24966 RF_Q2=24966 | FWD1=1 FWD2=1 | RF_WR=1 RF_IN=24966 | DM_ADDR=3 DM_OUT=3 DM_WR=0 DM_IN=0
RF[1]=1 RF[2]=7 RF[3]=2 RF[4]=3 RF[15]=15
DM[0]=0 DM[1]=1 DM[2]=2 DM[3]=3 DM[7]=7 DM[15]=15
TIME=475 ns  PSTATE=2  PC=13  IR1=00000000  IR2=00000000  ALU_OUT=99864  ACCUM=49932
TIME=475 ns  IR1_TYPE=0 OPC=0 RD=x RS1=0 RS2=0 IMM=0 | IR2_TYPE=0 IR2_RD=0 | RF_Q1=49932 RF_Q2=49932 | FWD1=1 FWD2=1 | RF_WR=1 RF_IN=49932 | DM_ADDR=3 DM_OUT=3 DM_WR=0 DM_IN=0
RF[1]=1 RF[2]=7 RF[3]=2 RF[4]=3 RF[15]=15
DM[0]=0 DM[1]=1 DM[2]=2 DM[3]=3 DM[7]=7 DM[15]=15
TIME=485 ns  PSTATE=2  PC=14  IR1=00000000  IR2=00000000  ALU_OUT=199728  ACCUM=99864
TIME=485 ns  IR1_TYPE=0 OPC=0 RD=x RS1=0 RS2=0 IMM=0 | IR2_TYPE=0 IR2_RD=0 | RF_Q1=99864 RF_Q2=99864 | FWD1=1 FWD2=1 | RF_WR=1 RF_IN=99864 | DM_ADDR=3 DM_OUT=3 DM_WR=0 DM_IN=0
RF[1]=1 RF[2]=7 RF[3]=2 RF[4]=3 RF[15]=15
DM[0]=0 DM[1]=1 DM[2]=2 DM[3]=3 DM[7]=7 DM[15]=15
TIME=495 ns  PSTATE=2  PC=15  IR1=00000000  IR2=00000000  ALU_OUT=399456  ACCUM=199728
TIME=495 ns  IR1_TYPE=0 OPC=0 RD=x RS1=0 RS2=0 IMM=0 | IR2_TYPE=0 IR2_RD=0 | RF_Q1=199728 RF_Q2=199728 | FWD1=1 FWD2=1 | RF_WR=1 RF_IN=199728 | DM_ADDR=3 DM_OUT=3 DM_WR=0 DM_IN=0
RF[1]=1 RF[2]=7 RF[3]=2 RF[4]=3 RF[15]=15
DM[0]=0 DM[1]=1 DM[2]=2 DM[3]=3 DM[7]=7 DM[15]=15
========================================
FINAL RESULTS
========================================
RF[1]  = 1
RF[2]  = 7
RF[3]  = 2
RF[4]  = 3
DM[3]  = 3
FAIL : Expected DM[3]=2, Found DM[3]=3
Simulation complete via $finish(1) at time 500 NS + 0
../tb/RISC_V3_TB.sv:317     $finish;
xcelium> ^C
xcelium> exit
xmsim: *E,C58EXE: Coverage database file already exists in the test output directory './cov_work/scope/test', and will not be overwritten. Specify a different name for the test output directory or use the '-covoverwrite' option to overwrite the existing test output directory, and rerun the simulation.
TOOL:	xrun(64)	23.03-s011: Exiting on Jul 29, 2026 at 20:55:21 +06  (total: 00:07:29)
