###############################################################
#  Generated by:      Cadence Innovus 21.18-s099_1
#  OS:                Linux x86_64(Host ID cadence)
#  Generated on:      Sat Jun 27 02:38:15 2026
#  Design:            RISC_V3_PIPELINED_TOP
#  Command:           checkDesign -all
###############################################################
Design: RISC_V3_PIPELINED_TOP

------ Design Summary:
Total Standard Cell Number   (cells) : 24
Total Block Cell Number      (cells) : 0
Total I/O Pad Cell Number    (cells) : 0
Total Standard Cell Area     ( um^2) : 380.88
Total Block Cell Area        ( um^2) : 0.00
Total I/O Pad Cell Area      ( um^2) : 0.00

------ Design Statistics:

Number of Instances            : 24
Number of Non-uniquified Insts : 21
Number of Nets                 : 165
Average number of Pins per Net : 1.24
Maximum number of Pins in Net  : 7

------ I/O Port summary

Number of Primary I/O Ports    : 142
Number of Input Ports          : 2
Number of Output Ports         : 140
Number of Bidirectional Ports  : 0
Number of Power/Ground Ports   : 0



------------------------------------------------------------
Detail report:


------ I/O Pad/Port Checking

WARN : Port DM_IN[31] is floating in the top design.
WARN : Port DM_IN[30] is floating in the top design.
WARN : Port DM_IN[29] is floating in the top design.
WARN : Port DM_IN[28] is floating in the top design.
WARN : Port DM_IN[27] is floating in the top design.
WARN : Port DM_IN[26] is floating in the top design.
WARN : Port DM_IN[25] is floating in the top design.
WARN : Port DM_IN[24] is floating in the top design.
WARN : Port DM_IN[23] is floating in the top design.
WARN : Port DM_IN[22] is floating in the top design.
WARN : Port DM_IN[21] is floating in the top design.
WARN : Port DM_IN[20] is floating in the top design.
WARN : Port DM_IN[19] is floating in the top design.
WARN : Port DM_IN[18] is floating in the top design.
WARN : Port DM_IN[17] is floating in the top design.
WARN : Port DM_IN[16] is floating in the top design.
WARN : Port DM_IN[15] is floating in the top design.
WARN : Port DM_IN[14] is floating in the top design.
WARN : Port DM_IN[13] is floating in the top design.
WARN : Port DM_IN[12] is floating in the top design.
WARN : Port DM_IN[11] is floating in the top design.
WARN : Port DM_IN[10] is floating in the top design.
WARN : Port DM_IN[9] is floating in the top design.
WARN : Port DM_IN[8] is floating in the top design.
WARN : Port DM_IN[7] is floating in the top design.
WARN : Port DM_IN[6] is floating in the top design.
WARN : Port DM_IN[5] is floating in the top design.
WARN : Port DM_IN[4] is floating in the top design.
WARN : Port DM_IN[3] is floating in the top design.
WARN : Port DM_IN[2] is floating in the top design.
WARN : Port DM_IN[1] is floating in the top design.
WARN : Port DM_IN[0] is floating in the top design.
WARN : Port DM_ADDR[3] is floating in the top design.
WARN : Port DM_ADDR[2] is floating in the top design.
WARN : Port DM_ADDR[1] is floating in the top design.
WARN : Port DM_ADDR[0] is floating in the top design.
WARN : Port DM_WR is floating in the top design.
WARN : Port IR1[31] is floating in the top design.
WARN : Port IR1[30] is floating in the top design.
WARN : Port IR1[29] is floating in the top design.
WARN : Port IR1[28] is floating in the top design.
WARN : Port IR1[27] is floating in the top design.
WARN : Port IR1[26] is floating in the top design.
WARN : Port IR1[25] is floating in the top design.
WARN : Port IR1[24] is floating in the top design.
WARN : Port IR1[23] is floating in the top design.
WARN : Port IR1[22] is floating in the top design.
WARN : Port IR1[21] is floating in the top design.
WARN : Port IR1[20] is floating in the top design.
WARN : Port IR1[19] is floating in the top design.
WARN : Port IR1[18] is floating in the top design.
WARN : Port IR1[17] is floating in the top design.
WARN : Port IR1[16] is floating in the top design.
WARN : Port IR1[15] is floating in the top design.
WARN : Port IR1[14] is floating in the top design.
WARN : Port IR1[13] is floating in the top design.
WARN : Port IR1[12] is floating in the top design.
WARN : Port IR1[11] is floating in the top design.
WARN : Port IR1[10] is floating in the top design.
WARN : Port IR1[9] is floating in the top design.
WARN : Port IR1[8] is floating in the top design.
WARN : Port IR1[7] is floating in the top design.
WARN : Port IR1[6] is floating in the top design.
WARN : Port IR1[5] is floating in the top design.
WARN : Port IR1[4] is floating in the top design.
WARN : Port IR1[3] is floating in the top design.
WARN : Port IR1[2] is floating in the top design.
WARN : Port IR1[1] is floating in the top design.
WARN : Port IR1[0] is floating in the top design.
WARN : Port IR2[31] is floating in the top design.
WARN : Port IR2[30] is floating in the top design.
WARN : Port IR2[29] is floating in the top design.
WARN : Port IR2[28] is floating in the top design.
WARN : Port IR2[27] is floating in the top design.
WARN : Port IR2[26] is floating in the top design.
WARN : Port IR2[25] is floating in the top design.
WARN : Port IR2[24] is floating in the top design.
WARN : Port IR2[23] is floating in the top design.
WARN : Port IR2[22] is floating in the top design.
WARN : Port IR2[21] is floating in the top design.
WARN : Port IR2[20] is floating in the top design.
WARN : Port IR2[19] is floating in the top design.
WARN : Port IR2[18] is floating in the top design.
WARN : Port IR2[17] is floating in the top design.
WARN : Port IR2[16] is floating in the top design.
WARN : Port IR2[15] is floating in the top design.
WARN : Port IR2[14] is floating in the top design.
WARN : Port IR2[13] is floating in the top design.
WARN : Port IR2[12] is floating in the top design.
WARN : Port IR2[11] is floating in the top design.
WARN : Port IR2[10] is floating in the top design.
WARN : Port IR2[9] is floating in the top design.
WARN : Port IR2[8] is floating in the top design.
WARN : Port IR2[7] is floating in the top design.
WARN : Port IR2[6] is floating in the top design.
WARN : Port IR2[5] is floating in the top design.
WARN : Port IR2[4] is floating in the top design.
WARN : Port IR2[3] is floating in the top design.
WARN : Port IR2[2] is floating in the top design.
WARN : Port IR2[1] is floating in the top design.
WARN : Port IR2[0] is floating in the top design.
WARN : Port ACCUM_R[31] is floating in the top design.
WARN : Port ACCUM_R[30] is floating in the top design.
WARN : Port ACCUM_R[29] is floating in the top design.
WARN : Port ACCUM_R[28] is floating in the top design.
WARN : Port ACCUM_R[27] is floating in the top design.
WARN : Port ACCUM_R[26] is floating in the top design.
WARN : Port ACCUM_R[25] is floating in the top design.
WARN : Port ACCUM_R[24] is floating in the top design.
WARN : Port ACCUM_R[23] is floating in the top design.
WARN : Port ACCUM_R[22] is floating in the top design.
WARN : Port ACCUM_R[21] is floating in the top design.
WARN : Port ACCUM_R[20] is floating in the top design.
WARN : Port ACCUM_R[19] is floating in the top design.
WARN : Port ACCUM_R[18] is floating in the top design.
WARN : Port ACCUM_R[17] is floating in the top design.
WARN : Port ACCUM_R[16] is floating in the top design.
WARN : Port ACCUM_R[15] is floating in the top design.
WARN : Port ACCUM_R[14] is floating in the top design.
WARN : Port ACCUM_R[13] is floating in the top design.
WARN : Port ACCUM_R[12] is floating in the top design.
WARN : Port ACCUM_R[11] is floating in the top design.
WARN : Port ACCUM_R[10] is floating in the top design.
WARN : Port ACCUM_R[9] is floating in the top design.
WARN : Port ACCUM_R[8] is floating in the top design.
WARN : Port ACCUM_R[7] is floating in the top design.
WARN : Port ACCUM_R[6] is floating in the top design.
WARN : Port ACCUM_R[5] is floating in the top design.
WARN : Port ACCUM_R[4] is floating in the top design.
WARN : Port ACCUM_R[3] is floating in the top design.
WARN : Port ACCUM_R[2] is floating in the top design.
WARN : Port ACCUM_R[1] is floating in the top design.
WARN : Port ACCUM_R[0] is floating in the top design.
WARN : Port PSTATE[2] is floating in the top design.

