Command: report datapath > reports_May02-12:17:19/generic/MAC_4BIT_datapath.rpt
============================================================
  Generated by:           Genus(TM) Synthesis Solution 21.18-s082_1
  Generated on:           May 02 2026  12:17:28 pm
  Module:                 MAC_4BIT
  Operating conditions:   ss_1.62_125 
  Interconnect mode:      global
  Area mode:              physical library
============================================================


Inferred components

                Operator   Signedness Inputs Outputs CellArea 
==============================================================
MAC_4BIT
 WALLACE_CSA_DUMMY_OP_groupi
  
  module:WALLACE_CSA_DUMMY_OP_group_2
   very_fast csa_and_adder            8x4x4  8        2009.89 
  equation:
  assign out_0 = (in_0 + (in_1 * in_2));
  ppgen_0  in_1 * in_2  nonbooth

--------------------------------------------------------------
==============================================================

      Type       CellArea Percentage 
-------------------------------------
datapath modules  2009.89      85.86 
external muxes       0.00       0.00 
others             331.04      14.14 
-------------------------------------
total             2340.93     100.00 

