============================================================
  Generated by:           Genus(TM) Synthesis Solution 21.18-s082_1
  Generated on:           May 02 2026  11:30:59 am
  Module:                 top
  Operating conditions:   PVT_0P9V_125C 
  Interconnect mode:      global
  Area mode:              physical library
============================================================

                                 Leakage  
   Gate     Instances   Area   Power (nW)     Library    
---------------------------------------------------------
ADDFXLLVT          54  369.360     21.674    slow_vdd1v0 
ADDHXLLVT           6   28.728      2.372    slow_vdd1v0 
AND2XLLVT          64   87.552      8.790    slow_vdd1v0 
DFFQXLLVT          10   54.720      4.521    slow_vdd1v0 
NOR2BXLLVT         10   17.100      1.293    slow_vdd1v0 
---------------------------------------------------------
total             144  557.460     38.651                


                                          Leakage  Leakage 
     Type      Instances   Area  Area % Power (nW) Power % 
-----------------------------------------------------------
sequential            10  54.720    9.8      4.521    11.7 
logic                134 502.740   90.2     34.129    88.3 
physical_cells         0   0.000    0.0      0.000     0.0 
-----------------------------------------------------------
total                144 557.460  100.0     38.651   100.0 

