============================================================
  Generated by:           Genus(TM) Synthesis Solution 21.18-s082_1
  Generated on:           May 02 2026  11:30:30 am
  Module:                 top
  Operating conditions:   PVT_0P9V_125C 
  Interconnect mode:      global
  Area mode:              physical library
============================================================


Path 1: MET (1060 ps) Setup Check with Pin Y_reg[9]/clk->d
          Group: I2C
     Startpoint: (R) X3[3]
          Clock: (R) CLK
       Endpoint: (R) Y_reg[9]/d
          Clock: (R) CLK

                     Capture       Launch     
        Clock Edge:+    2764            0     
        Drv Adjust:+       0            0     
       Src Latency:+       0            0     
       Net Latency:+       0 (I)        0 (I) 
           Arrival:=    2764            0     
                                              
             Setup:-     112                  
     Required Time:=    2652                  
      Launch Clock:-       0                  
       Input Delay:-       0                  
         Data Path:-    1592                  
             Slack:=    1060                  

Exceptions/Constraints:
  input_delay              0              top.sdc_line_8_13_1 

#----------------------------------------------------------------------------------------------------------------------
#            Timing Point             Flags    Arc    Edge       Cell         Fanout Load Trans Delay Arrival Instance 
#                                                                                    (fF)  (ps)  (ps)   (ps)  Location 
#----------------------------------------------------------------------------------------------------------------------
  X3[3]                               (u)     -       R     (arrival)              4  4.4     0     0       0    (-,-) 
  WALLACE_CSA_DUMMY_OP_groupi/g1660/z (u)     in_1->z F     unmapped_nand2         4  4.4     0    77      77    (-,-) 
  WALLACE_CSA_DUMMY_OP_groupi/g1523/z (u)     in_1->z R     unmapped_complex2      1  1.1     0    54     131    (-,-) 
  WALLACE_CSA_DUMMY_OP_groupi/g1524/z (u)     in_1->z F     unmapped_nand2         2  2.2     0    63     194    (-,-) 
  WALLACE_CSA_DUMMY_OP_groupi/g1464/z (u)     in_0->z F     unmapped_or2           1  1.1     0    54     248    (-,-) 
  WALLACE_CSA_DUMMY_OP_groupi/g1465/z (u)     in_1->z R     unmapped_nand2         4  4.4     0    77     325    (-,-) 
  WALLACE_CSA_DUMMY_OP_groupi/g753/z  (u)     in_0->z R     unmapped_or2           1  1.1     0    54     379    (-,-) 
  WALLACE_CSA_DUMMY_OP_groupi/g1324/z (u)     in_0->z F     unmapped_nand2         1  1.1     0    54     432    (-,-) 
  WALLACE_CSA_DUMMY_OP_groupi/g1259/z (u)     in_0->z R     unmapped_nand2         3  3.3     0    71     504    (-,-) 
  WALLACE_CSA_DUMMY_OP_groupi/g1255/z (u)     in_0->z F     unmapped_complex2      1  1.1     0    54     557    (-,-) 
  WALLACE_CSA_DUMMY_OP_groupi/g1256/z (u)     in_1->z R     unmapped_nand2         2  2.2     0    63     620    (-,-) 
  WALLACE_CSA_DUMMY_OP_groupi/g1202/z (u)     in_0->z R     unmapped_complex2      1  1.1     0    54     674    (-,-) 
  WALLACE_CSA_DUMMY_OP_groupi/g1203/z (u)     in_1->z F     unmapped_nand2         4  4.4     0    77     751    (-,-) 
  WALLACE_CSA_DUMMY_OP_groupi/g1173/z (u)     in_1->z R     unmapped_complex2      1  1.1     0    54     805    (-,-) 
  WALLACE_CSA_DUMMY_OP_groupi/g1174/z (u)     in_1->z F     unmapped_nand2         2  2.2     0    63     868    (-,-) 
  WALLACE_CSA_DUMMY_OP_groupi/g1140/z (u)     in_0->z F     unmapped_complex2      1  1.1     0    54     922    (-,-) 
  WALLACE_CSA_DUMMY_OP_groupi/g1141/z (u)     in_1->z R     unmapped_nand2         2  2.2     0    63     985    (-,-) 
  WALLACE_CSA_DUMMY_OP_groupi/g851/z  (u)     in_0->z R     unmapped_or2           2  2.2     0    63    1048    (-,-) 
  WALLACE_CSA_DUMMY_OP_groupi/g1115/z (u)     in_0->z F     unmapped_nand2         2  2.2     0    63    1110    (-,-) 
  WALLACE_CSA_DUMMY_OP_groupi/g1104/z (u)     in_0->z F     unmapped_complex2      1  1.1     0    54    1164    (-,-) 
  WALLACE_CSA_DUMMY_OP_groupi/g1098/z (u)     in_0->z R     unmapped_complex2      3  3.3     0    71    1235    (-,-) 
  WALLACE_CSA_DUMMY_OP_groupi/g1097/z (u)     in_1->z F     unmapped_nand2         1  1.1     0    54    1289    (-,-) 
  WALLACE_CSA_DUMMY_OP_groupi/g1093/z (u)     in_1->z R     unmapped_nand2         3  3.3     0    71    1360    (-,-) 
  WALLACE_CSA_DUMMY_OP_groupi/g1092/z (u)     in_0->z F     unmapped_nand2         1  1.1     0    54    1414    (-,-) 
  WALLACE_CSA_DUMMY_OP_groupi/g1088/z (u)     in_0->z R     unmapped_nand2         3  3.3     0    71    1485    (-,-) 
  WALLACE_CSA_DUMMY_OP_groupi/g1087/z (u)     in_1->z F     unmapped_nand2         1  1.1     0    54    1539    (-,-) 
  WALLACE_CSA_DUMMY_OP_groupi/g1083/z (u)     in_0->z R     unmapped_nand2         1  1.1     0    54    1592    (-,-) 
  Y_reg[9]/d                          -       -       R     unmapped_d_flop        1    -     -     0    1592    (-,-) 
#----------------------------------------------------------------------------------------------------------------------

(u) : Net has unmapped pin(s).



Path 2: MET (1060 ps) Setup Check with Pin Y_reg[8]/clk->d
          Group: I2C
     Startpoint: (F) X3[3]
          Clock: (R) CLK
       Endpoint: (R) Y_reg[8]/d
          Clock: (R) CLK

                     Capture       Launch     
        Clock Edge:+    2764            0     
        Drv Adjust:+       0            0     
       Src Latency:+       0            0     
       Net Latency:+       0 (I)        0 (I) 
           Arrival:=    2764            0     
                                              
             Setup:-     112                  
     Required Time:=    2652                  
      Launch Clock:-       0                  
       Input Delay:-       0                  
         Data Path:-    1592                  
             Slack:=    1060                  

Exceptions/Constraints:
  input_delay              0              top.sdc_line_8_13_1 

#----------------------------------------------------------------------------------------------------------------------
#            Timing Point             Flags    Arc    Edge       Cell         Fanout Load Trans Delay Arrival Instance 
#                                                                                    (fF)  (ps)  (ps)   (ps)  Location 
#----------------------------------------------------------------------------------------------------------------------
  X3[3]                               (u)     -       F     (arrival)              4  4.4     0     0       0    (-,-) 
  WALLACE_CSA_DUMMY_OP_groupi/g1660/z (u)     in_1->z R     unmapped_nand2         4  4.4     0    77      77    (-,-) 
  WALLACE_CSA_DUMMY_OP_groupi/g1523/z (u)     in_1->z F     unmapped_complex2      1  1.1     0    54     131    (-,-) 
  WALLACE_CSA_DUMMY_OP_groupi/g1524/z (u)     in_1->z R     unmapped_nand2         2  2.2     0    63     194    (-,-) 
  WALLACE_CSA_DUMMY_OP_groupi/g1464/z (u)     in_0->z R     unmapped_or2           1  1.1     0    54     248    (-,-) 
  WALLACE_CSA_DUMMY_OP_groupi/g1465/z (u)     in_1->z F     unmapped_nand2         4  4.4     0    77     325    (-,-) 
  WALLACE_CSA_DUMMY_OP_groupi/g753/z  (u)     in_0->z F     unmapped_or2           1  1.1     0    54     379    (-,-) 
  WALLACE_CSA_DUMMY_OP_groupi/g1324/z (u)     in_0->z R     unmapped_nand2         1  1.1     0    54     432    (-,-) 
  WALLACE_CSA_DUMMY_OP_groupi/g1259/z (u)     in_0->z F     unmapped_nand2         3  3.3     0    71     504    (-,-) 
  WALLACE_CSA_DUMMY_OP_groupi/g1255/z (u)     in_0->z R     unmapped_complex2      1  1.1     0    54     557    (-,-) 
  WALLACE_CSA_DUMMY_OP_groupi/g1256/z (u)     in_1->z F     unmapped_nand2         2  2.2     0    63     620    (-,-) 
  WALLACE_CSA_DUMMY_OP_groupi/g1202/z (u)     in_0->z F     unmapped_complex2      1  1.1     0    54     674    (-,-) 
  WALLACE_CSA_DUMMY_OP_groupi/g1203/z (u)     in_1->z R     unmapped_nand2         4  4.4     0    77     751    (-,-) 
  WALLACE_CSA_DUMMY_OP_groupi/g1173/z (u)     in_1->z F     unmapped_complex2      1  1.1     0    54     805    (-,-) 
  WALLACE_CSA_DUMMY_OP_groupi/g1174/z (u)     in_1->z R     unmapped_nand2         2  2.2     0    63     868    (-,-) 
  WALLACE_CSA_DUMMY_OP_groupi/g1140/z (u)     in_0->z R     unmapped_complex2      1  1.1     0    54     922    (-,-) 
  WALLACE_CSA_DUMMY_OP_groupi/g1141/z (u)     in_1->z F     unmapped_nand2         2  2.2     0    63     985    (-,-) 
  WALLACE_CSA_DUMMY_OP_groupi/g851/z  (u)     in_0->z F     unmapped_or2           2  2.2     0    63    1048    (-,-) 
  WALLACE_CSA_DUMMY_OP_groupi/g1115/z (u)     in_0->z R     unmapped_nand2         2  2.2     0    63    1110    (-,-) 
  WALLACE_CSA_DUMMY_OP_groupi/g1104/z (u)     in_0->z R     unmapped_complex2      1  1.1     0    54    1164    (-,-) 
  WALLACE_CSA_DUMMY_OP_groupi/g1098/z (u)     in_0->z F     unmapped_complex2      3  3.3     0    71    1235    (-,-) 
  WALLACE_CSA_DUMMY_OP_groupi/g1097/z (u)     in_1->z R     unmapped_nand2         1  1.1     0    54    1289    (-,-) 
  WALLACE_CSA_DUMMY_OP_groupi/g1093/z (u)     in_1->z F     unmapped_nand2         3  3.3     0    71    1360    (-,-) 
  WALLACE_CSA_DUMMY_OP_groupi/g1092/z (u)     in_0->z R     unmapped_nand2         1  1.1     0    54    1414    (-,-) 
  WALLACE_CSA_DUMMY_OP_groupi/g1088/z (u)     in_0->z F     unmapped_nand2         3  3.3     0    71    1485    (-,-) 
  WALLACE_CSA_DUMMY_OP_groupi/g1085/z (u)     in_0->z F     unmapped_or2           1  1.1     0    54    1539    (-,-) 
  WALLACE_CSA_DUMMY_OP_groupi/g1086/z (u)     in_1->z R     unmapped_nand2         1  1.1     0    54    1592    (-,-) 
  Y_reg[8]/d                          -       -       R     unmapped_d_flop        1    -     -     0    1592    (-,-) 
#----------------------------------------------------------------------------------------------------------------------

(u) : Net has unmapped pin(s).



Path 3: MET (1185 ps) Setup Check with Pin Y_reg[7]/clk->d
          Group: I2C
     Startpoint: (F) X3[3]
          Clock: (R) CLK
       Endpoint: (R) Y_reg[7]/d
          Clock: (R) CLK

                     Capture       Launch     
        Clock Edge:+    2764            0     
        Drv Adjust:+       0            0     
       Src Latency:+       0            0     
       Net Latency:+       0 (I)        0 (I) 
           Arrival:=    2764            0     
                                              
             Setup:-     112                  
     Required Time:=    2652                  
      Launch Clock:-       0                  
       Input Delay:-       0                  
         Data Path:-    1468                  
             Slack:=    1185                  

Exceptions/Constraints:
  input_delay              0              top.sdc_line_8_13_1 

#----------------------------------------------------------------------------------------------------------------------
#            Timing Point             Flags    Arc    Edge       Cell         Fanout Load Trans Delay Arrival Instance 
#                                                                                    (fF)  (ps)  (ps)   (ps)  Location 
#----------------------------------------------------------------------------------------------------------------------
  X3[3]                               (u)     -       F     (arrival)              4  4.4     0     0       0    (-,-) 
  WALLACE_CSA_DUMMY_OP_groupi/g1660/z (u)     in_1->z R     unmapped_nand2         4  4.4     0    77      77    (-,-) 
  WALLACE_CSA_DUMMY_OP_groupi/g1523/z (u)     in_1->z F     unmapped_complex2      1  1.1     0    54     131    (-,-) 
  WALLACE_CSA_DUMMY_OP_groupi/g1524/z (u)     in_1->z R     unmapped_nand2         2  2.2     0    63     194    (-,-) 
  WALLACE_CSA_DUMMY_OP_groupi/g1464/z (u)     in_0->z R     unmapped_or2           1  1.1     0    54     248    (-,-) 
  WALLACE_CSA_DUMMY_OP_groupi/g1465/z (u)     in_1->z F     unmapped_nand2         4  4.4     0    77     325    (-,-) 
  WALLACE_CSA_DUMMY_OP_groupi/g753/z  (u)     in_0->z F     unmapped_or2           1  1.1     0    54     379    (-,-) 
  WALLACE_CSA_DUMMY_OP_groupi/g1324/z (u)     in_0->z R     unmapped_nand2         1  1.1     0    54     432    (-,-) 
  WALLACE_CSA_DUMMY_OP_groupi/g1259/z (u)     in_0->z F     unmapped_nand2         3  3.3     0    71     504    (-,-) 
  WALLACE_CSA_DUMMY_OP_groupi/g1255/z (u)     in_0->z R     unmapped_complex2      1  1.1     0    54     557    (-,-) 
  WALLACE_CSA_DUMMY_OP_groupi/g1256/z (u)     in_1->z F     unmapped_nand2         2  2.2     0    63     620    (-,-) 
  WALLACE_CSA_DUMMY_OP_groupi/g1202/z (u)     in_0->z F     unmapped_complex2      1  1.1     0    54     674    (-,-) 
  WALLACE_CSA_DUMMY_OP_groupi/g1203/z (u)     in_1->z R     unmapped_nand2         4  4.4     0    77     751    (-,-) 
  WALLACE_CSA_DUMMY_OP_groupi/g1173/z (u)     in_1->z F     unmapped_complex2      1  1.1     0    54     805    (-,-) 
  WALLACE_CSA_DUMMY_OP_groupi/g1174/z (u)     in_1->z R     unmapped_nand2         2  2.2     0    63     868    (-,-) 
  WALLACE_CSA_DUMMY_OP_groupi/g1140/z (u)     in_0->z R     unmapped_complex2      1  1.1     0    54     922    (-,-) 
  WALLACE_CSA_DUMMY_OP_groupi/g1141/z (u)     in_1->z F     unmapped_nand2         2  2.2     0    63     985    (-,-) 
  WALLACE_CSA_DUMMY_OP_groupi/g851/z  (u)     in_0->z F     unmapped_or2           2  2.2     0    63    1048    (-,-) 
  WALLACE_CSA_DUMMY_OP_groupi/g1115/z (u)     in_0->z R     unmapped_nand2         2  2.2     0    63    1110    (-,-) 
  WALLACE_CSA_DUMMY_OP_groupi/g1104/z (u)     in_0->z R     unmapped_complex2      1  1.1     0    54    1164    (-,-) 
  WALLACE_CSA_DUMMY_OP_groupi/g1098/z (u)     in_0->z F     unmapped_complex2      3  3.3     0    71    1235    (-,-) 
  WALLACE_CSA_DUMMY_OP_groupi/g1097/z (u)     in_1->z R     unmapped_nand2         1  1.1     0    54    1289    (-,-) 
  WALLACE_CSA_DUMMY_OP_groupi/g1093/z (u)     in_1->z F     unmapped_nand2         3  3.3     0    71    1360    (-,-) 
  WALLACE_CSA_DUMMY_OP_groupi/g1090/z (u)     in_0->z F     unmapped_or2           1  1.1     0    54    1414    (-,-) 
  WALLACE_CSA_DUMMY_OP_groupi/g1091/z (u)     in_1->z R     unmapped_nand2         1  1.1     0    54    1468    (-,-) 
  Y_reg[7]/d                          -       -       R     unmapped_d_flop        1    -     -     0    1468    (-,-) 
#----------------------------------------------------------------------------------------------------------------------

(u) : Net has unmapped pin(s).



Path 4: MET (1310 ps) Setup Check with Pin Y_reg[6]/clk->d
          Group: I2C
     Startpoint: (F) X3[3]
          Clock: (R) CLK
       Endpoint: (R) Y_reg[6]/d
          Clock: (R) CLK

                     Capture       Launch     
        Clock Edge:+    2764            0     
        Drv Adjust:+       0            0     
       Src Latency:+       0            0     
       Net Latency:+       0 (I)        0 (I) 
           Arrival:=    2764            0     
                                              
             Setup:-     112                  
     Required Time:=    2652                  
      Launch Clock:-       0                  
       Input Delay:-       0                  
         Data Path:-    1343                  
             Slack:=    1310                  

Exceptions/Constraints:
  input_delay              0              top.sdc_line_8_13_1 

#----------------------------------------------------------------------------------------------------------------------
#            Timing Point             Flags    Arc    Edge       Cell         Fanout Load Trans Delay Arrival Instance 
#                                                                                    (fF)  (ps)  (ps)   (ps)  Location 
#----------------------------------------------------------------------------------------------------------------------
  X3[3]                               (u)     -       F     (arrival)              4  4.4     0     0       0    (-,-) 
  WALLACE_CSA_DUMMY_OP_groupi/g1660/z (u)     in_1->z R     unmapped_nand2         4  4.4     0    77      77    (-,-) 
  WALLACE_CSA_DUMMY_OP_groupi/g1523/z (u)     in_1->z F     unmapped_complex2      1  1.1     0    54     131    (-,-) 
  WALLACE_CSA_DUMMY_OP_groupi/g1524/z (u)     in_1->z R     unmapped_nand2         2  2.2     0    63     194    (-,-) 
  WALLACE_CSA_DUMMY_OP_groupi/g1464/z (u)     in_0->z R     unmapped_or2           1  1.1     0    54     248    (-,-) 
  WALLACE_CSA_DUMMY_OP_groupi/g1465/z (u)     in_1->z F     unmapped_nand2         4  4.4     0    77     325    (-,-) 
  WALLACE_CSA_DUMMY_OP_groupi/g753/z  (u)     in_0->z F     unmapped_or2           1  1.1     0    54     379    (-,-) 
  WALLACE_CSA_DUMMY_OP_groupi/g1324/z (u)     in_0->z R     unmapped_nand2         1  1.1     0    54     432    (-,-) 
  WALLACE_CSA_DUMMY_OP_groupi/g1259/z (u)     in_0->z F     unmapped_nand2         3  3.3     0    71     504    (-,-) 
  WALLACE_CSA_DUMMY_OP_groupi/g1255/z (u)     in_0->z R     unmapped_complex2      1  1.1     0    54     557    (-,-) 
  WALLACE_CSA_DUMMY_OP_groupi/g1256/z (u)     in_1->z F     unmapped_nand2         2  2.2     0    63     620    (-,-) 
  WALLACE_CSA_DUMMY_OP_groupi/g1202/z (u)     in_0->z F     unmapped_complex2      1  1.1     0    54     674    (-,-) 
  WALLACE_CSA_DUMMY_OP_groupi/g1203/z (u)     in_1->z R     unmapped_nand2         4  4.4     0    77     751    (-,-) 
  WALLACE_CSA_DUMMY_OP_groupi/g1173/z (u)     in_1->z F     unmapped_complex2      1  1.1     0    54     805    (-,-) 
  WALLACE_CSA_DUMMY_OP_groupi/g1174/z (u)     in_1->z R     unmapped_nand2         2  2.2     0    63     868    (-,-) 
  WALLACE_CSA_DUMMY_OP_groupi/g1140/z (u)     in_0->z R     unmapped_complex2      1  1.1     0    54     922    (-,-) 
  WALLACE_CSA_DUMMY_OP_groupi/g1141/z (u)     in_1->z F     unmapped_nand2         2  2.2     0    63     985    (-,-) 
  WALLACE_CSA_DUMMY_OP_groupi/g851/z  (u)     in_0->z F     unmapped_or2           2  2.2     0    63    1048    (-,-) 
  WALLACE_CSA_DUMMY_OP_groupi/g1115/z (u)     in_0->z R     unmapped_nand2         2  2.2     0    63    1110    (-,-) 
  WALLACE_CSA_DUMMY_OP_groupi/g1104/z (u)     in_0->z R     unmapped_complex2      1  1.1     0    54    1164    (-,-) 
  WALLACE_CSA_DUMMY_OP_groupi/g1098/z (u)     in_0->z F     unmapped_complex2      3  3.3     0    71    1235    (-,-) 
  WALLACE_CSA_DUMMY_OP_groupi/g1095/z (u)     in_0->z F     unmapped_or2           1  1.1     0    54    1289    (-,-) 
  WALLACE_CSA_DUMMY_OP_groupi/g1096/z (u)     in_1->z R     unmapped_nand2         1  1.1     0    54    1343    (-,-) 
  Y_reg[6]/d                          -       -       R     unmapped_d_flop        1    -     -     0    1343    (-,-) 
#----------------------------------------------------------------------------------------------------------------------

(u) : Net has unmapped pin(s).



Path 5: MET (1371 ps) Setup Check with Pin Y_reg[5]/clk->d
          Group: I2C
     Startpoint: (F) X3[3]
          Clock: (R) CLK
       Endpoint: (R) Y_reg[5]/d
          Clock: (R) CLK

                     Capture       Launch     
        Clock Edge:+    2764            0     
        Drv Adjust:+       0            0     
       Src Latency:+       0            0     
       Net Latency:+       0 (I)        0 (I) 
           Arrival:=    2764            0     
                                              
             Setup:-     112                  
     Required Time:=    2652                  
      Launch Clock:-       0                  
       Input Delay:-       0                  
         Data Path:-    1281                  
             Slack:=    1371                  

Exceptions/Constraints:
  input_delay              0              top.sdc_line_8_13_1 

#----------------------------------------------------------------------------------------------------------------------
#            Timing Point             Flags    Arc    Edge       Cell         Fanout Load Trans Delay Arrival Instance 
#                                                                                    (fF)  (ps)  (ps)   (ps)  Location 
#----------------------------------------------------------------------------------------------------------------------
  X3[3]                               (u)     -       F     (arrival)              4  4.4     0     0       0    (-,-) 
  WALLACE_CSA_DUMMY_OP_groupi/g1660/z (u)     in_1->z R     unmapped_nand2         4  4.4     0    77      77    (-,-) 
  WALLACE_CSA_DUMMY_OP_groupi/g1523/z (u)     in_1->z F     unmapped_complex2      1  1.1     0    54     131    (-,-) 
  WALLACE_CSA_DUMMY_OP_groupi/g1524/z (u)     in_1->z R     unmapped_nand2         2  2.2     0    63     194    (-,-) 
  WALLACE_CSA_DUMMY_OP_groupi/g1464/z (u)     in_0->z R     unmapped_or2           1  1.1     0    54     248    (-,-) 
  WALLACE_CSA_DUMMY_OP_groupi/g1465/z (u)     in_1->z F     unmapped_nand2         4  4.4     0    77     325    (-,-) 
  WALLACE_CSA_DUMMY_OP_groupi/g753/z  (u)     in_0->z F     unmapped_or2           1  1.1     0    54     379    (-,-) 
  WALLACE_CSA_DUMMY_OP_groupi/g1324/z (u)     in_0->z R     unmapped_nand2         1  1.1     0    54     432    (-,-) 
  WALLACE_CSA_DUMMY_OP_groupi/g1259/z (u)     in_0->z F     unmapped_nand2         3  3.3     0    71     504    (-,-) 
  WALLACE_CSA_DUMMY_OP_groupi/g1255/z (u)     in_0->z R     unmapped_complex2      1  1.1     0    54     557    (-,-) 
  WALLACE_CSA_DUMMY_OP_groupi/g1256/z (u)     in_1->z F     unmapped_nand2         2  2.2     0    63     620    (-,-) 
  WALLACE_CSA_DUMMY_OP_groupi/g1202/z (u)     in_0->z F     unmapped_complex2      1  1.1     0    54     674    (-,-) 
  WALLACE_CSA_DUMMY_OP_groupi/g1203/z (u)     in_1->z R     unmapped_nand2         4  4.4     0    77     751    (-,-) 
  WALLACE_CSA_DUMMY_OP_groupi/g1173/z (u)     in_1->z F     unmapped_complex2      1  1.1     0    54     805    (-,-) 
  WALLACE_CSA_DUMMY_OP_groupi/g1174/z (u)     in_1->z R     unmapped_nand2         2  2.2     0    63     868    (-,-) 
  WALLACE_CSA_DUMMY_OP_groupi/g1140/z (u)     in_0->z R     unmapped_complex2      1  1.1     0    54     922    (-,-) 
  WALLACE_CSA_DUMMY_OP_groupi/g1141/z (u)     in_1->z F     unmapped_nand2         2  2.2     0    63     985    (-,-) 
  WALLACE_CSA_DUMMY_OP_groupi/g851/z  (u)     in_0->z F     unmapped_or2           2  2.2     0    63    1048    (-,-) 
  WALLACE_CSA_DUMMY_OP_groupi/g1115/z (u)     in_0->z R     unmapped_nand2         2  2.2     0    63    1110    (-,-) 
  WALLACE_CSA_DUMMY_OP_groupi/g1103/z (u)     in_1->z F     unmapped_nand2         2  2.2     0    63    1173    (-,-) 
  WALLACE_CSA_DUMMY_OP_groupi/g1100/z (u)     in_0->z F     unmapped_or2           1  1.1     0    54    1227    (-,-) 
  WALLACE_CSA_DUMMY_OP_groupi/g1101/z (u)     in_1->z R     unmapped_nand2         1  1.1     0    54    1281    (-,-) 
  Y_reg[5]/d                          -       -       R     unmapped_d_flop        1    -     -     0    1281    (-,-) 
#----------------------------------------------------------------------------------------------------------------------

(u) : Net has unmapped pin(s).



Path 6: MET (1426 ps) Setup Check with Pin Y_reg[4]/clk->d
          Group: I2C
     Startpoint: (F) X3[3]
          Clock: (R) CLK
       Endpoint: (R) Y_reg[4]/d
          Clock: (R) CLK

                     Capture       Launch     
        Clock Edge:+    2764            0     
        Drv Adjust:+       0            0     
       Src Latency:+       0            0     
       Net Latency:+       0 (I)        0 (I) 
           Arrival:=    2764            0     
                                              
             Setup:-     112                  
     Required Time:=    2652                  
      Launch Clock:-       0                  
       Input Delay:-       0                  
         Data Path:-    1226                  
             Slack:=    1426                  

Exceptions/Constraints:
  input_delay              0              top.sdc_line_8_13_1 

#----------------------------------------------------------------------------------------------------------------------
#            Timing Point             Flags    Arc    Edge       Cell         Fanout Load Trans Delay Arrival Instance 
#                                                                                    (fF)  (ps)  (ps)   (ps)  Location 
#----------------------------------------------------------------------------------------------------------------------
  X3[3]                               (u)     -       F     (arrival)              4  4.4     0     0       0    (-,-) 
  WALLACE_CSA_DUMMY_OP_groupi/g1660/z (u)     in_1->z R     unmapped_nand2         4  4.4     0    77      77    (-,-) 
  WALLACE_CSA_DUMMY_OP_groupi/g1523/z (u)     in_1->z F     unmapped_complex2      1  1.1     0    54     131    (-,-) 
  WALLACE_CSA_DUMMY_OP_groupi/g1524/z (u)     in_1->z R     unmapped_nand2         2  2.2     0    63     194    (-,-) 
  WALLACE_CSA_DUMMY_OP_groupi/g1464/z (u)     in_0->z R     unmapped_or2           1  1.1     0    54     248    (-,-) 
  WALLACE_CSA_DUMMY_OP_groupi/g1465/z (u)     in_1->z F     unmapped_nand2         4  4.4     0    77     325    (-,-) 
  WALLACE_CSA_DUMMY_OP_groupi/g753/z  (u)     in_0->z F     unmapped_or2           1  1.1     0    54     379    (-,-) 
  WALLACE_CSA_DUMMY_OP_groupi/g1324/z (u)     in_0->z R     unmapped_nand2         1  1.1     0    54     432    (-,-) 
  WALLACE_CSA_DUMMY_OP_groupi/g1259/z (u)     in_0->z F     unmapped_nand2         3  3.3     0    71     504    (-,-) 
  WALLACE_CSA_DUMMY_OP_groupi/g1255/z (u)     in_0->z R     unmapped_complex2      1  1.1     0    54     557    (-,-) 
  WALLACE_CSA_DUMMY_OP_groupi/g1256/z (u)     in_1->z F     unmapped_nand2         2  2.2     0    63     620    (-,-) 
  WALLACE_CSA_DUMMY_OP_groupi/g1202/z (u)     in_0->z F     unmapped_complex2      1  1.1     0    54     674    (-,-) 
  WALLACE_CSA_DUMMY_OP_groupi/g1203/z (u)     in_1->z R     unmapped_nand2         4  4.4     0    77     751    (-,-) 
  WALLACE_CSA_DUMMY_OP_groupi/g1173/z (u)     in_1->z F     unmapped_complex2      1  1.1     0    54     805    (-,-) 
  WALLACE_CSA_DUMMY_OP_groupi/g1174/z (u)     in_1->z R     unmapped_nand2         2  2.2     0    63     868    (-,-) 
  WALLACE_CSA_DUMMY_OP_groupi/g1140/z (u)     in_0->z R     unmapped_complex2      1  1.1     0    54     922    (-,-) 
  WALLACE_CSA_DUMMY_OP_groupi/g1141/z (u)     in_1->z F     unmapped_nand2         2  2.2     0    63     985    (-,-) 
  WALLACE_CSA_DUMMY_OP_groupi/g411/z  (u)     in_1->z R     unmapped_nand2         3  3.3     0    71    1056    (-,-) 
  WALLACE_CSA_DUMMY_OP_groupi/g1018/z (u)     in_0->z F     unmapped_nand2         2  2.2     0    63    1118    (-,-) 
  WALLACE_CSA_DUMMY_OP_groupi/g1111/z (u)     in_1->z F     unmapped_or2           1  1.1     0    54    1172    (-,-) 
  WALLACE_CSA_DUMMY_OP_groupi/g1112/z (u)     in_1->z R     unmapped_nand2         1  1.1     0    54    1226    (-,-) 
  Y_reg[4]/d                          -       -       R     unmapped_d_flop        1    -     -     0    1226    (-,-) 
#----------------------------------------------------------------------------------------------------------------------

(u) : Net has unmapped pin(s).



Path 7: MET (1613 ps) Setup Check with Pin Y_reg[3]/clk->d
          Group: I2C
     Startpoint: (F) X2[0]
          Clock: (R) CLK
       Endpoint: (R) Y_reg[3]/d
          Clock: (R) CLK

                     Capture       Launch     
        Clock Edge:+    2764            0     
        Drv Adjust:+       0            0     
       Src Latency:+       0            0     
       Net Latency:+       0 (I)        0 (I) 
           Arrival:=    2764            0     
                                              
             Setup:-     112                  
     Required Time:=    2652                  
      Launch Clock:-       0                  
       Input Delay:-       0                  
         Data Path:-    1039                  
             Slack:=    1613                  

Exceptions/Constraints:
  input_delay              0              top.sdc_line_8_12_1 

#----------------------------------------------------------------------------------------------------------------------
#            Timing Point             Flags    Arc    Edge       Cell         Fanout Load Trans Delay Arrival Instance 
#                                                                                    (fF)  (ps)  (ps)   (ps)  Location 
#----------------------------------------------------------------------------------------------------------------------
  X2[0]                               (u)     -       F     (arrival)              4  4.4     0     0       0    (-,-) 
  WALLACE_CSA_DUMMY_OP_groupi/g1653/z (u)     in_1->z R     unmapped_nand2         4  4.4     0    77      77    (-,-) 
  WALLACE_CSA_DUMMY_OP_groupi/g1506/z (u)     in_1->z R     unmapped_complex2      1  1.1     0    54     131    (-,-) 
  WALLACE_CSA_DUMMY_OP_groupi/g1507/z (u)     in_1->z F     unmapped_nand2         2  2.2     0    63     194    (-,-) 
  WALLACE_CSA_DUMMY_OP_groupi/g1488/z (u)     in_0->z F     unmapped_or2           1  1.1     0    54     248    (-,-) 
  WALLACE_CSA_DUMMY_OP_groupi/g1489/z (u)     in_1->z R     unmapped_nand2         4  4.4     0    77     325    (-,-) 
  WALLACE_CSA_DUMMY_OP_groupi/g1385/z (u)     in_1->z R     unmapped_complex2      1  1.1     0    54     379    (-,-) 
  WALLACE_CSA_DUMMY_OP_groupi/g1386/z (u)     in_1->z F     unmapped_nand2         2  2.2     0    63     442    (-,-) 
  WALLACE_CSA_DUMMY_OP_groupi/g1355/z (u)     in_0->z F     unmapped_complex2      1  1.1     0    54     495    (-,-) 
  WALLACE_CSA_DUMMY_OP_groupi/g1356/z (u)     in_1->z R     unmapped_nand2         4  4.4     0    77     573    (-,-) 
  WALLACE_CSA_DUMMY_OP_groupi/g1283/z (u)     in_1->z R     unmapped_complex2      1  1.1     0    54     626    (-,-) 
  WALLACE_CSA_DUMMY_OP_groupi/g1284/z (u)     in_1->z F     unmapped_nand2         2  2.2     0    63     689    (-,-) 
  WALLACE_CSA_DUMMY_OP_groupi/g1196/z (u)     in_1->z F     unmapped_complex2      1  1.1     0    54     743    (-,-) 
  WALLACE_CSA_DUMMY_OP_groupi/g1197/z (u)     in_1->z R     unmapped_nand2         2  2.2     0    63     806    (-,-) 
  WALLACE_CSA_DUMMY_OP_groupi/g825/z  (u)     in_1->z R     unmapped_or2           2  2.2     0    63     869    (-,-) 
  WALLACE_CSA_DUMMY_OP_groupi/g1163/z (u)     in_1->z F     unmapped_nand2         2  2.2     0    63     932    (-,-) 
  WALLACE_CSA_DUMMY_OP_groupi/g1133/z (u)     in_1->z F     unmapped_or2           1  1.1     0    54     986    (-,-) 
  WALLACE_CSA_DUMMY_OP_groupi/g1134/z (u)     in_1->z R     unmapped_nand2         1  1.1     0    54    1039    (-,-) 
  Y_reg[3]/d                          -       -       R     unmapped_d_flop        1    -     -     0    1039    (-,-) 
#----------------------------------------------------------------------------------------------------------------------

(u) : Net has unmapped pin(s).



Path 8: MET (1677 ps) Setup Check with Pin Y_reg[2]/clk->d
          Group: I2C
     Startpoint: (R) X1[0]
          Clock: (R) CLK
       Endpoint: (R) Y_reg[2]/d
          Clock: (R) CLK

                     Capture       Launch     
        Clock Edge:+    2764            0     
        Drv Adjust:+       0            0     
       Src Latency:+       0            0     
       Net Latency:+       0 (I)        0 (I) 
           Arrival:=    2764            0     
                                              
             Setup:-     112                  
     Required Time:=    2652                  
      Launch Clock:-       0                  
       Input Delay:-       0                  
         Data Path:-     976                  
             Slack:=    1677                  

Exceptions/Constraints:
  input_delay              0              top.sdc_line_8_8_1 

#----------------------------------------------------------------------------------------------------------------------
#            Timing Point             Flags    Arc    Edge       Cell         Fanout Load Trans Delay Arrival Instance 
#                                                                                    (fF)  (ps)  (ps)   (ps)  Location 
#----------------------------------------------------------------------------------------------------------------------
  X1[0]                               (u)     -       R     (arrival)              4  4.4     0     0       0    (-,-) 
  WALLACE_CSA_DUMMY_OP_groupi/g1623/z (u)     in_1->z F     unmapped_nand2         4  4.4     0    77      77    (-,-) 
  WALLACE_CSA_DUMMY_OP_groupi/g1556/z (u)     in_1->z R     unmapped_nand2         1  1.1     0    54     131    (-,-) 
  WALLACE_CSA_DUMMY_OP_groupi/g1445/z (u)     in_0->z F     unmapped_complex2      1  1.1     0    54     185    (-,-) 
  WALLACE_CSA_DUMMY_OP_groupi/g1406/z (u)     in_0->z R     unmapped_nand2         4  4.4     0    77     262    (-,-) 
  WALLACE_CSA_DUMMY_OP_groupi/g1366/z (u)     in_1->z F     unmapped_nand2         1  1.1     0    54     316    (-,-) 
  WALLACE_CSA_DUMMY_OP_groupi/g1367/z (u)     in_1->z R     unmapped_nand2         2  2.2     0    63     379    (-,-) 
  WALLACE_CSA_DUMMY_OP_groupi/g1299/z (u)     in_0->z R     unmapped_complex2      1  1.1     0    54     432    (-,-) 
  WALLACE_CSA_DUMMY_OP_groupi/g1300/z (u)     in_1->z F     unmapped_nand2         4  4.4     0    77     510    (-,-) 
  WALLACE_CSA_DUMMY_OP_groupi/g1278/z (u)     in_0->z R     unmapped_complex2      1  1.1     0    54     564    (-,-) 
  WALLACE_CSA_DUMMY_OP_groupi/g1279/z (u)     in_1->z F     unmapped_nand2         2  2.2     0    63     626    (-,-) 
  WALLACE_CSA_DUMMY_OP_groupi/g1239/z (u)     in_0->z F     unmapped_complex2      1  1.1     0    54     680    (-,-) 
  WALLACE_CSA_DUMMY_OP_groupi/g1240/z (u)     in_1->z R     unmapped_nand2         3  3.3     0    71     751    (-,-) 
  WALLACE_CSA_DUMMY_OP_groupi/g1220/z (u)     in_1->z R     unmapped_or2           1  1.1     0    54     805    (-,-) 
  WALLACE_CSA_DUMMY_OP_groupi/g1221/z (u)     in_1->z F     unmapped_nand2         2  2.2     0    63     868    (-,-) 
  WALLACE_CSA_DUMMY_OP_groupi/g1185/z (u)     in_1->z F     unmapped_or2           1  1.1     0    54     922    (-,-) 
  WALLACE_CSA_DUMMY_OP_groupi/g1186/z (u)     in_1->z R     unmapped_nand2         1  1.1     0    54     976    (-,-) 
  Y_reg[2]/d                          -       -       R     unmapped_d_flop        1    -     -     0     976    (-,-) 
#----------------------------------------------------------------------------------------------------------------------

(u) : Net has unmapped pin(s).



Path 9: MET (1930 ps) Setup Check with Pin Y_reg[1]/clk->d
          Group: I2C
     Startpoint: (R) X0[0]
          Clock: (R) CLK
       Endpoint: (R) Y_reg[1]/d
          Clock: (R) CLK

                     Capture       Launch     
        Clock Edge:+    2764            0     
        Drv Adjust:+       0            0     
       Src Latency:+       0            0     
       Net Latency:+       0 (I)        0 (I) 
           Arrival:=    2764            0     
                                              
             Setup:-     112                  
     Required Time:=    2652                  
      Launch Clock:-       0                  
       Input Delay:-       0                  
         Data Path:-     723                  
             Slack:=    1930                  

Exceptions/Constraints:
  input_delay              0              top.sdc_line_8_4_1 

#----------------------------------------------------------------------------------------------------------------------
#            Timing Point             Flags    Arc    Edge       Cell         Fanout Load Trans Delay Arrival Instance 
#                                                                                    (fF)  (ps)  (ps)   (ps)  Location 
#----------------------------------------------------------------------------------------------------------------------
  X0[0]                               (u)     -       R     (arrival)              4  4.4     0     0       0    (-,-) 
  WALLACE_CSA_DUMMY_OP_groupi/g1640/z (u)     in_1->z F     unmapped_nand2         4  4.4     0    77      77    (-,-) 
  WALLACE_CSA_DUMMY_OP_groupi/g1597/z (u)     in_1->z R     unmapped_nand2         1  1.1     0    54     131    (-,-) 
  WALLACE_CSA_DUMMY_OP_groupi/g1432/z (u)     in_0->z F     unmapped_complex2      1  1.1     0    54     185    (-,-) 
  WALLACE_CSA_DUMMY_OP_groupi/g1409/z (u)     in_0->z R     unmapped_nand2         3  3.3     0    71     256    (-,-) 
  WALLACE_CSA_DUMMY_OP_groupi/g1363/z (u)     in_0->z F     unmapped_complex2      1  1.1     0    54     310    (-,-) 
  WALLACE_CSA_DUMMY_OP_groupi/g1364/z (u)     in_1->z R     unmapped_nand2         2  2.2     0    63     372    (-,-) 
  WALLACE_CSA_DUMMY_OP_groupi/g1317/z (u)     in_0->z R     unmapped_complex2      1  1.1     0    54     426    (-,-) 
  WALLACE_CSA_DUMMY_OP_groupi/g1318/z (u)     in_1->z F     unmapped_nand2         2  2.2     0    63     489    (-,-) 
  WALLACE_CSA_DUMMY_OP_groupi/g827/z  (u)     in_1->z F     unmapped_or2           2  2.2     0    63     552    (-,-) 
  WALLACE_CSA_DUMMY_OP_groupi/g1267/z (u)     in_1->z R     unmapped_nand2         2  2.2     0    63     615    (-,-) 
  WALLACE_CSA_DUMMY_OP_groupi/g1246/z (u)     in_0->z F     unmapped_complex2      1  1.1     0    54     669    (-,-) 
  WALLACE_CSA_DUMMY_OP_groupi/g1247/z (u)     in_1->z R     unmapped_nand2         1  1.1     0    54     723    (-,-) 
  Y_reg[1]/d                          -       -       R     unmapped_d_flop        1    -     -     0     723    (-,-) 
#----------------------------------------------------------------------------------------------------------------------

(u) : Net has unmapped pin(s).



Path 10: MET (2226 ps) Setup Check with Pin Y_reg[0]/clk->d
          Group: I2C
     Startpoint: (R) X3[0]
          Clock: (R) CLK
       Endpoint: (R) Y_reg[0]/d
          Clock: (R) CLK

                     Capture       Launch     
        Clock Edge:+    2764            0     
        Drv Adjust:+       0            0     
       Src Latency:+       0            0     
       Net Latency:+       0 (I)        0 (I) 
           Arrival:=    2764            0     
                                              
             Setup:-     112                  
     Required Time:=    2652                  
      Launch Clock:-       0                  
       Input Delay:-       0                  
         Data Path:-     426                  
             Slack:=    2226                  

Exceptions/Constraints:
  input_delay              0              top.sdc_line_8_16_1 

#----------------------------------------------------------------------------------------------------------------------
#            Timing Point             Flags    Arc    Edge       Cell         Fanout Load Trans Delay Arrival Instance 
#                                                                                    (fF)  (ps)  (ps)   (ps)  Location 
#----------------------------------------------------------------------------------------------------------------------
  X3[0]                               (u)     -       R     (arrival)              4  4.4     0     0       0    (-,-) 
  WALLACE_CSA_DUMMY_OP_groupi/g1672/z (u)     in_1->z F     unmapped_nand2         4  4.4     0    77      77    (-,-) 
  WALLACE_CSA_DUMMY_OP_groupi/g1607/z (u)     in_1->z R     unmapped_complex2      1  1.1     0    54     131    (-,-) 
  WALLACE_CSA_DUMMY_OP_groupi/g1608/z (u)     in_1->z F     unmapped_nand2         2  2.2     0    63     194    (-,-) 
  WALLACE_CSA_DUMMY_OP_groupi/g1458/z (u)     in_0->z F     unmapped_or2           1  1.1     0    54     248    (-,-) 
  WALLACE_CSA_DUMMY_OP_groupi/g1459/z (u)     in_1->z R     unmapped_nand2         3  3.3     0    71     319    (-,-) 
  WALLACE_CSA_DUMMY_OP_groupi/g1397/z (u)     in_1->z F     unmapped_nand2         1  1.1     0    54     372    (-,-) 
  WALLACE_CSA_DUMMY_OP_groupi/g1398/z (u)     in_1->z R     unmapped_nand2         1  1.1     0    54     426    (-,-) 
  Y_reg[0]/d                          -       -       R     unmapped_d_flop        1    -     -     0     426    (-,-) 
#----------------------------------------------------------------------------------------------------------------------

(u) : Net has unmapped pin(s).



Path 11: MET (2572 ps) Late External Delay Assertion at pin Y[0]
          Group: C2O
     Startpoint: (R) Y_reg[0]/clk
          Clock: (R) CLK
       Endpoint: (R) Y[0]
          Clock: (R) CLK

                     Capture       Launch     
        Clock Edge:+    2764            0     
       Src Latency:+       0            0     
       Net Latency:+       0 (I)        0 (I) 
           Arrival:=    2764            0     
                                              
      Output Delay:-       0                  
     Required Time:=    2764                  
      Launch Clock:-       0                  
         Data Path:-     192                  
             Slack:=    2572                  

Exceptions/Constraints:
  output_delay              0              top.sdc_line_11_40_1 

#----------------------------------------------------------------------------------------------
# Timing Point   Flags    Arc   Edge      Cell        Fanout Load Trans Delay Arrival Instance 
#                                                            (fF)  (ps)  (ps)   (ps)  Location 
#----------------------------------------------------------------------------------------------
  Y_reg[0]/clk   -       -      R     (arrival)           10    -     0     0       0    (-,-) 
  Y_reg[0]/q     (u)     clk->q R     unmapped_d_flop      1  3.9     0   192     192    (-,-) 
  Y[0]           -       -      R     (port)               -    -     -     0     192    (-,-) 
#----------------------------------------------------------------------------------------------

(u) : Net has unmapped pin(s).



Path 12: MET (2572 ps) Late External Delay Assertion at pin Y[1]
          Group: C2O
     Startpoint: (R) Y_reg[1]/clk
          Clock: (R) CLK
       Endpoint: (R) Y[1]
          Clock: (R) CLK

                     Capture       Launch     
        Clock Edge:+    2764            0     
       Src Latency:+       0            0     
       Net Latency:+       0 (I)        0 (I) 
           Arrival:=    2764            0     
                                              
      Output Delay:-       0                  
     Required Time:=    2764                  
      Launch Clock:-       0                  
         Data Path:-     192                  
             Slack:=    2572                  

Exceptions/Constraints:
  output_delay              0              top.sdc_line_11_39_1 

#----------------------------------------------------------------------------------------------
# Timing Point   Flags    Arc   Edge      Cell        Fanout Load Trans Delay Arrival Instance 
#                                                            (fF)  (ps)  (ps)   (ps)  Location 
#----------------------------------------------------------------------------------------------
  Y_reg[1]/clk   -       -      R     (arrival)           10    -     0     0       0    (-,-) 
  Y_reg[1]/q     (u)     clk->q R     unmapped_d_flop      1  3.9     0   192     192    (-,-) 
  Y[1]           -       -      R     (port)               -    -     -     0     192    (-,-) 
#----------------------------------------------------------------------------------------------

(u) : Net has unmapped pin(s).



Path 13: MET (2572 ps) Late External Delay Assertion at pin Y[2]
          Group: C2O
     Startpoint: (R) Y_reg[2]/clk
          Clock: (R) CLK
       Endpoint: (R) Y[2]
          Clock: (R) CLK

                     Capture       Launch     
        Clock Edge:+    2764            0     
       Src Latency:+       0            0     
       Net Latency:+       0 (I)        0 (I) 
           Arrival:=    2764            0     
                                              
      Output Delay:-       0                  
     Required Time:=    2764                  
      Launch Clock:-       0                  
         Data Path:-     192                  
             Slack:=    2572                  

Exceptions/Constraints:
  output_delay              0              top.sdc_line_11_38_1 

#----------------------------------------------------------------------------------------------
# Timing Point   Flags    Arc   Edge      Cell        Fanout Load Trans Delay Arrival Instance 
#                                                            (fF)  (ps)  (ps)   (ps)  Location 
#----------------------------------------------------------------------------------------------
  Y_reg[2]/clk   -       -      R     (arrival)           10    -     0     0       0    (-,-) 
  Y_reg[2]/q     (u)     clk->q R     unmapped_d_flop      1  3.9     0   192     192    (-,-) 
  Y[2]           -       -      R     (port)               -    -     -     0     192    (-,-) 
#----------------------------------------------------------------------------------------------

(u) : Net has unmapped pin(s).



Path 14: MET (2572 ps) Late External Delay Assertion at pin Y[3]
          Group: C2O
     Startpoint: (R) Y_reg[3]/clk
          Clock: (R) CLK
       Endpoint: (R) Y[3]
          Clock: (R) CLK

                     Capture       Launch     
        Clock Edge:+    2764            0     
       Src Latency:+       0            0     
       Net Latency:+       0 (I)        0 (I) 
           Arrival:=    2764            0     
                                              
      Output Delay:-       0                  
     Required Time:=    2764                  
      Launch Clock:-       0                  
         Data Path:-     192                  
             Slack:=    2572                  

Exceptions/Constraints:
  output_delay              0              top.sdc_line_11_37_1 

#----------------------------------------------------------------------------------------------
# Timing Point   Flags    Arc   Edge      Cell        Fanout Load Trans Delay Arrival Instance 
#                                                            (fF)  (ps)  (ps)   (ps)  Location 
#----------------------------------------------------------------------------------------------
  Y_reg[3]/clk   -       -      R     (arrival)           10    -     0     0       0    (-,-) 
  Y_reg[3]/q     (u)     clk->q R     unmapped_d_flop      1  3.9     0   192     192    (-,-) 
  Y[3]           -       -      R     (port)               -    -     -     0     192    (-,-) 
#----------------------------------------------------------------------------------------------

(u) : Net has unmapped pin(s).



Path 15: MET (2572 ps) Late External Delay Assertion at pin Y[4]
          Group: C2O
     Startpoint: (R) Y_reg[4]/clk
          Clock: (R) CLK
       Endpoint: (R) Y[4]
          Clock: (R) CLK

                     Capture       Launch     
        Clock Edge:+    2764            0     
       Src Latency:+       0            0     
       Net Latency:+       0 (I)        0 (I) 
           Arrival:=    2764            0     
                                              
      Output Delay:-       0                  
     Required Time:=    2764                  
      Launch Clock:-       0                  
         Data Path:-     192                  
             Slack:=    2572                  

Exceptions/Constraints:
  output_delay              0              top.sdc_line_11_36_1 

#----------------------------------------------------------------------------------------------
# Timing Point   Flags    Arc   Edge      Cell        Fanout Load Trans Delay Arrival Instance 
#                                                            (fF)  (ps)  (ps)   (ps)  Location 
#----------------------------------------------------------------------------------------------
  Y_reg[4]/clk   -       -      R     (arrival)           10    -     0     0       0    (-,-) 
  Y_reg[4]/q     (u)     clk->q R     unmapped_d_flop      1  3.9     0   192     192    (-,-) 
  Y[4]           -       -      R     (port)               -    -     -     0     192    (-,-) 
#----------------------------------------------------------------------------------------------

(u) : Net has unmapped pin(s).



Path 16: MET (2572 ps) Late External Delay Assertion at pin Y[5]
          Group: C2O
     Startpoint: (R) Y_reg[5]/clk
          Clock: (R) CLK
       Endpoint: (R) Y[5]
          Clock: (R) CLK

                     Capture       Launch     
        Clock Edge:+    2764            0     
       Src Latency:+       0            0     
       Net Latency:+       0 (I)        0 (I) 
           Arrival:=    2764            0     
                                              
      Output Delay:-       0                  
     Required Time:=    2764                  
      Launch Clock:-       0                  
         Data Path:-     192                  
             Slack:=    2572                  

Exceptions/Constraints:
  output_delay              0              top.sdc_line_11_35_1 

#----------------------------------------------------------------------------------------------
# Timing Point   Flags    Arc   Edge      Cell        Fanout Load Trans Delay Arrival Instance 
#                                                            (fF)  (ps)  (ps)   (ps)  Location 
#----------------------------------------------------------------------------------------------
  Y_reg[5]/clk   -       -      R     (arrival)           10    -     0     0       0    (-,-) 
  Y_reg[5]/q     (u)     clk->q R     unmapped_d_flop      1  3.9     0   192     192    (-,-) 
  Y[5]           -       -      R     (port)               -    -     -     0     192    (-,-) 
#----------------------------------------------------------------------------------------------

(u) : Net has unmapped pin(s).



Path 17: MET (2572 ps) Late External Delay Assertion at pin Y[6]
          Group: C2O
     Startpoint: (R) Y_reg[6]/clk
          Clock: (R) CLK
       Endpoint: (R) Y[6]
          Clock: (R) CLK

                     Capture       Launch     
        Clock Edge:+    2764            0     
       Src Latency:+       0            0     
       Net Latency:+       0 (I)        0 (I) 
           Arrival:=    2764            0     
                                              
      Output Delay:-       0                  
     Required Time:=    2764                  
      Launch Clock:-       0                  
         Data Path:-     192                  
             Slack:=    2572                  

Exceptions/Constraints:
  output_delay              0              top.sdc_line_11_34_1 

#----------------------------------------------------------------------------------------------
# Timing Point   Flags    Arc   Edge      Cell        Fanout Load Trans Delay Arrival Instance 
#                                                            (fF)  (ps)  (ps)   (ps)  Location 
#----------------------------------------------------------------------------------------------
  Y_reg[6]/clk   -       -      R     (arrival)           10    -     0     0       0    (-,-) 
  Y_reg[6]/q     (u)     clk->q R     unmapped_d_flop      1  3.9     0   192     192    (-,-) 
  Y[6]           -       -      R     (port)               -    -     -     0     192    (-,-) 
#----------------------------------------------------------------------------------------------

(u) : Net has unmapped pin(s).



Path 18: MET (2572 ps) Late External Delay Assertion at pin Y[7]
          Group: C2O
     Startpoint: (R) Y_reg[7]/clk
          Clock: (R) CLK
       Endpoint: (R) Y[7]
          Clock: (R) CLK

                     Capture       Launch     
        Clock Edge:+    2764            0     
       Src Latency:+       0            0     
       Net Latency:+       0 (I)        0 (I) 
           Arrival:=    2764            0     
                                              
      Output Delay:-       0                  
     Required Time:=    2764                  
      Launch Clock:-       0                  
         Data Path:-     192                  
             Slack:=    2572                  

Exceptions/Constraints:
  output_delay              0              top.sdc_line_11_33_1 

#----------------------------------------------------------------------------------------------
# Timing Point   Flags    Arc   Edge      Cell        Fanout Load Trans Delay Arrival Instance 
#                                                            (fF)  (ps)  (ps)   (ps)  Location 
#----------------------------------------------------------------------------------------------
  Y_reg[7]/clk   -       -      R     (arrival)           10    -     0     0       0    (-,-) 
  Y_reg[7]/q     (u)     clk->q R     unmapped_d_flop      1  3.9     0   192     192    (-,-) 
  Y[7]           -       -      R     (port)               -    -     -     0     192    (-,-) 
#----------------------------------------------------------------------------------------------

(u) : Net has unmapped pin(s).



Path 19: MET (2572 ps) Late External Delay Assertion at pin Y[8]
          Group: C2O
     Startpoint: (R) Y_reg[8]/clk
          Clock: (R) CLK
       Endpoint: (R) Y[8]
          Clock: (R) CLK

                     Capture       Launch     
        Clock Edge:+    2764            0     
       Src Latency:+       0            0     
       Net Latency:+       0 (I)        0 (I) 
           Arrival:=    2764            0     
                                              
      Output Delay:-       0                  
     Required Time:=    2764                  
      Launch Clock:-       0                  
         Data Path:-     192                  
             Slack:=    2572                  

Exceptions/Constraints:
  output_delay              0              top.sdc_line_11_32_1 

#----------------------------------------------------------------------------------------------
# Timing Point   Flags    Arc   Edge      Cell        Fanout Load Trans Delay Arrival Instance 
#                                                            (fF)  (ps)  (ps)   (ps)  Location 
#----------------------------------------------------------------------------------------------
  Y_reg[8]/clk   -       -      R     (arrival)           10    -     0     0       0    (-,-) 
  Y_reg[8]/q     (u)     clk->q R     unmapped_d_flop      1  3.9     0   192     192    (-,-) 
  Y[8]           -       -      R     (port)               -    -     -     0     192    (-,-) 
#----------------------------------------------------------------------------------------------

(u) : Net has unmapped pin(s).



Path 20: MET (2572 ps) Late External Delay Assertion at pin Y[9]
          Group: C2O
     Startpoint: (R) Y_reg[9]/clk
          Clock: (R) CLK
       Endpoint: (R) Y[9]
          Clock: (R) CLK

                     Capture       Launch     
        Clock Edge:+    2764            0     
       Src Latency:+       0            0     
       Net Latency:+       0 (I)        0 (I) 
           Arrival:=    2764            0     
                                              
      Output Delay:-       0                  
     Required Time:=    2764                  
      Launch Clock:-       0                  
         Data Path:-     192                  
             Slack:=    2572                  

Exceptions/Constraints:
  output_delay              0              top.sdc_line_11 

#----------------------------------------------------------------------------------------------
# Timing Point   Flags    Arc   Edge      Cell        Fanout Load Trans Delay Arrival Instance 
#                                                            (fF)  (ps)  (ps)   (ps)  Location 
#----------------------------------------------------------------------------------------------
  Y_reg[9]/clk   -       -      R     (arrival)           10    -     0     0       0    (-,-) 
  Y_reg[9]/q     (u)     clk->q R     unmapped_d_flop      1  3.9     0   192     192    (-,-) 
  Y[9]           -       -      R     (port)               -    -     -     0     192    (-,-) 
#----------------------------------------------------------------------------------------------

(u) : Net has unmapped pin(s).

Some unconstrained paths have not been displayed.
Use -unconstrained or set the root attribute 'timing_report_unconstrained' to 'true' to see only these unconstrained paths.

