============================================================
  Generated by:           Genus(TM) Synthesis Solution 21.18-s082_1
  Generated on:           May 02 2026  11:30:55 am
  Module:                 top
  Operating conditions:   PVT_0P9V_125C 
  Interconnect mode:      global
  Area mode:              physical library
============================================================

                                 Leakage  
   Gate     Instances   Area   Power (nW)     Library    
---------------------------------------------------------
ADDFXLLVT          54  369.360     21.674    slow_vdd1v0 
ADDHXLLVT           6   28.728      2.372    slow_vdd1v0 
AND2XLLVT          64   87.552      8.790    slow_vdd1v0 
DFFQXLLVT          10   54.720      4.521    slow_vdd1v0 
NOR2BX1LVT         10   13.680      1.929    slow_vdd1v0 
---------------------------------------------------------
total             144  554.040     39.286                


                                          Leakage  Leakage 
     Type      Instances   Area  Area % Power (nW) Power % 
-----------------------------------------------------------
sequential            10  54.720    9.9      4.521    11.5 
logic                134 499.320   90.1     34.765    88.5 
physical_cells         0   0.000    0.0      0.000     0.0 
-----------------------------------------------------------
total                144 554.040  100.0     39.286   100.0 

