============================================================
  Generated by:           Genus(TM) Synthesis Solution 21.18-s082_1
  Generated on:           May 02 2026  11:30:57 am
  Module:                 top
  Operating conditions:   PVT_0P9V_125C 
  Interconnect mode:      global
  Area mode:              physical library
============================================================


Path 1: MET (5 ps) Setup Check with Pin Y_reg[8]/CK->D
          Group: I2C
     Startpoint: (R) C1[1]
          Clock: (R) CLK
       Endpoint: (R) Y_reg[8]/D
          Clock: (R) CLK

                     Capture       Launch     
        Clock Edge:+    2764            0     
        Drv Adjust:+       0            0     
       Src Latency:+       0            0     
       Net Latency:+       0 (I)        0 (I) 
           Arrival:=    2764            0     
                                              
             Setup:-     149                  
     Required Time:=    2615                  
      Launch Clock:-       0                  
       Input Delay:-       0                  
         Data Path:-    2611                  
             Slack:=       5                  

Exceptions/Constraints:
  input_delay              0              top.sdc_line_8_23_1 

#---------------------------------------------------------------------------------------------------------------------
#               Timing Point                 Flags    Arc   Edge    Cell     Fanout Load Trans Delay Arrival Instance 
#                                                                                   (fF)  (ps)  (ps)   (ps)  Location 
#---------------------------------------------------------------------------------------------------------------------
  C1[1]                                      -       -      R     (arrival)       4 10.3     0     0       0    (-,-) 
  WALLACE_CSA_DUMMY_OP_groupi_g3024__6783/Y  -       A->Y   R     AND2XLLVT       1  4.8   128   124     124    (-,-) 
  WALLACE_CSA_DUMMY_OP_groupi_g2998__1617/CO -       A->CO  R     ADDFXLLVT       1  4.8   132   217     341    (-,-) 
  WALLACE_CSA_DUMMY_OP_groupi_g2970__1617/CO -       A->CO  R     ADDFXLLVT       1  4.5   124   215     556    (-,-) 
  WALLACE_CSA_DUMMY_OP_groupi_g2967__5526/S  -       CI->S  F     ADDFXLLVT       1  4.5   147   252     808    (-,-) 
  WALLACE_CSA_DUMMY_OP_groupi_g2958__1666/S  -       CI->S  R     ADDFXLLVT       1  4.5   126   257    1066    (-,-) 
  WALLACE_CSA_DUMMY_OP_groupi_g2954__9315/S  -       CI->S  F     ADDFXLLVT       1  4.7   152   256    1322    (-,-) 
  WALLACE_CSA_DUMMY_OP_groupi_g2948__6131/CO -       A->CO  F     ADDFXLLVT       1  4.5   144   215    1537    (-,-) 
  WALLACE_CSA_DUMMY_OP_groupi_g2947__7098/CO -       CI->CO F     ADDFXLLVT       1  4.5   144   210    1746    (-,-) 
  WALLACE_CSA_DUMMY_OP_groupi_g2946__8246/CO -       CI->CO F     ADDFXLLVT       1  4.5   144   210    1956    (-,-) 
  WALLACE_CSA_DUMMY_OP_groupi_g2945__5122/CO -       CI->CO F     ADDFXLLVT       1  4.5   144   210    2165    (-,-) 
  WALLACE_CSA_DUMMY_OP_groupi_g2944__1705/S  -       CI->S  R     ADDFXLLVT       1  4.1   116   251    2416    (-,-) 
  g39__6260/Y                                -       AN->Y  R     NOR2BXLLVT      1  4.1   222   194    2611    (-,-) 
  Y_reg[8]/D                                 -       -      R     DFFQXLLVT       1    -     -     0    2611    (-,-) 
#---------------------------------------------------------------------------------------------------------------------



Path 2: MET (81 ps) Setup Check with Pin Y_reg[9]/CK->D
          Group: I2C
     Startpoint: (R) C3[3]
          Clock: (R) CLK
       Endpoint: (R) Y_reg[9]/D
          Clock: (R) CLK

                     Capture       Launch     
        Clock Edge:+    2764            0     
        Drv Adjust:+       0            0     
       Src Latency:+       0            0     
       Net Latency:+       0 (I)        0 (I) 
           Arrival:=    2764            0     
                                              
             Setup:-     149                  
     Required Time:=    2615                  
      Launch Clock:-       0                  
       Input Delay:-       0                  
         Data Path:-    2534                  
             Slack:=      81                  

Exceptions/Constraints:
  input_delay              0              top.sdc_line_8_29_1 

#---------------------------------------------------------------------------------------------------------------------
#               Timing Point                 Flags    Arc   Edge    Cell     Fanout Load Trans Delay Arrival Instance 
#                                                                                   (fF)  (ps)  (ps)   (ps)  Location 
#---------------------------------------------------------------------------------------------------------------------
  C3[3]                                      -       -      R     (arrival)       4 10.3     0     0       0    (-,-) 
  WALLACE_CSA_DUMMY_OP_groupi_g3036__4733/Y  -       A->Y   R     AND2XLLVT       1  4.4   118   118     118    (-,-) 
  WALLACE_CSA_DUMMY_OP_groupi_g3002__8246/S  -       A->S   F     ADDHXLLVT       1  4.5   143   208     326    (-,-) 
  WALLACE_CSA_DUMMY_OP_groupi_g2983__9945/S  -       CI->S  R     ADDFXLLVT       1  4.5   126   256     582    (-,-) 
  WALLACE_CSA_DUMMY_OP_groupi_g2975__7098/CO -       CI->CO R     ADDFXLLVT       1  4.8   132   206     788    (-,-) 
  WALLACE_CSA_DUMMY_OP_groupi_g2958__1666/S  -       A->S   F     ADDFXLLVT       1  4.5   147   276    1064    (-,-) 
  WALLACE_CSA_DUMMY_OP_groupi_g2954__9315/S  -       CI->S  R     ADDFXLLVT       1  4.8   134   262    1326    (-,-) 
  WALLACE_CSA_DUMMY_OP_groupi_g2948__6131/CO -       A->CO  R     ADDFXLLVT       1  4.5   124   216    1541    (-,-) 
  WALLACE_CSA_DUMMY_OP_groupi_g2947__7098/CO -       CI->CO R     ADDFXLLVT       1  4.5   124   201    1742    (-,-) 
  WALLACE_CSA_DUMMY_OP_groupi_g2946__8246/CO -       CI->CO R     ADDFXLLVT       1  4.5   124   201    1944    (-,-) 
  WALLACE_CSA_DUMMY_OP_groupi_g2945__5122/CO -       CI->CO R     ADDFXLLVT       1  4.5   124   201    2145    (-,-) 
  WALLACE_CSA_DUMMY_OP_groupi_g2944__1705/CO -       CI->CO R     ADDFXLLVT       1  4.1   114   196    2341    (-,-) 
  g38__5107/Y                                -       AN->Y  R     NOR2BXLLVT      1  4.1   222   194    2534    (-,-) 
  Y_reg[9]/D                                 -       -      R     DFFQXLLVT       1    -     -     0    2534    (-,-) 
#---------------------------------------------------------------------------------------------------------------------



Path 3: MET (214 ps) Setup Check with Pin Y_reg[7]/CK->D
          Group: I2C
     Startpoint: (R) C1[1]
          Clock: (R) CLK
       Endpoint: (R) Y_reg[7]/D
          Clock: (R) CLK

                     Capture       Launch     
        Clock Edge:+    2764            0     
        Drv Adjust:+       0            0     
       Src Latency:+       0            0     
       Net Latency:+       0 (I)        0 (I) 
           Arrival:=    2764            0     
                                              
             Setup:-     149                  
     Required Time:=    2615                  
      Launch Clock:-       0                  
       Input Delay:-       0                  
         Data Path:-    2401                  
             Slack:=     214                  

Exceptions/Constraints:
  input_delay              0              top.sdc_line_8_23_1 

#---------------------------------------------------------------------------------------------------------------------
#               Timing Point                 Flags    Arc   Edge    Cell     Fanout Load Trans Delay Arrival Instance 
#                                                                                   (fF)  (ps)  (ps)   (ps)  Location 
#---------------------------------------------------------------------------------------------------------------------
  C1[1]                                      -       -      R     (arrival)       4 10.3     0     0       0    (-,-) 
  WALLACE_CSA_DUMMY_OP_groupi_g3024__6783/Y  -       A->Y   R     AND2XLLVT       1  4.8   128   124     124    (-,-) 
  WALLACE_CSA_DUMMY_OP_groupi_g2998__1617/CO -       A->CO  R     ADDFXLLVT       1  4.8   132   217     341    (-,-) 
  WALLACE_CSA_DUMMY_OP_groupi_g2970__1617/CO -       A->CO  R     ADDFXLLVT       1  4.5   124   215     556    (-,-) 
  WALLACE_CSA_DUMMY_OP_groupi_g2967__5526/S  -       CI->S  F     ADDFXLLVT       1  4.5   147   252     808    (-,-) 
  WALLACE_CSA_DUMMY_OP_groupi_g2958__1666/S  -       CI->S  R     ADDFXLLVT       1  4.5   126   257    1066    (-,-) 
  WALLACE_CSA_DUMMY_OP_groupi_g2954__9315/S  -       CI->S  F     ADDFXLLVT       1  4.7   152   256    1322    (-,-) 
  WALLACE_CSA_DUMMY_OP_groupi_g2948__6131/CO -       A->CO  F     ADDFXLLVT       1  4.5   144   215    1537    (-,-) 
  WALLACE_CSA_DUMMY_OP_groupi_g2947__7098/CO -       CI->CO F     ADDFXLLVT       1  4.5   144   210    1746    (-,-) 
  WALLACE_CSA_DUMMY_OP_groupi_g2946__8246/CO -       CI->CO F     ADDFXLLVT       1  4.5   144   210    1956    (-,-) 
  WALLACE_CSA_DUMMY_OP_groupi_g2945__5122/S  -       CI->S  R     ADDFXLLVT       1  4.1   116   251    2207    (-,-) 
  g37__2398/Y                                -       AN->Y  R     NOR2BXLLVT      1  4.1   222   194    2401    (-,-) 
  Y_reg[7]/D                                 -       -      R     DFFQXLLVT       1    -     -     0    2401    (-,-) 
#---------------------------------------------------------------------------------------------------------------------



Path 4: MET (424 ps) Setup Check with Pin Y_reg[6]/CK->D
          Group: I2C
     Startpoint: (R) C1[1]
          Clock: (R) CLK
       Endpoint: (R) Y_reg[6]/D
          Clock: (R) CLK

                     Capture       Launch     
        Clock Edge:+    2764            0     
        Drv Adjust:+       0            0     
       Src Latency:+       0            0     
       Net Latency:+       0 (I)        0 (I) 
           Arrival:=    2764            0     
                                              
             Setup:-     149                  
     Required Time:=    2615                  
      Launch Clock:-       0                  
       Input Delay:-       0                  
         Data Path:-    2192                  
             Slack:=     424                  

Exceptions/Constraints:
  input_delay              0              top.sdc_line_8_23_1 

#---------------------------------------------------------------------------------------------------------------------
#               Timing Point                 Flags    Arc   Edge    Cell     Fanout Load Trans Delay Arrival Instance 
#                                                                                   (fF)  (ps)  (ps)   (ps)  Location 
#---------------------------------------------------------------------------------------------------------------------
  C1[1]                                      -       -      R     (arrival)       4 10.3     0     0       0    (-,-) 
  WALLACE_CSA_DUMMY_OP_groupi_g3024__6783/Y  -       A->Y   R     AND2XLLVT       1  4.8   128   124     124    (-,-) 
  WALLACE_CSA_DUMMY_OP_groupi_g2998__1617/CO -       A->CO  R     ADDFXLLVT       1  4.8   132   217     341    (-,-) 
  WALLACE_CSA_DUMMY_OP_groupi_g2970__1617/CO -       A->CO  R     ADDFXLLVT       1  4.5   124   215     556    (-,-) 
  WALLACE_CSA_DUMMY_OP_groupi_g2967__5526/S  -       CI->S  F     ADDFXLLVT       1  4.5   147   252     808    (-,-) 
  WALLACE_CSA_DUMMY_OP_groupi_g2958__1666/S  -       CI->S  R     ADDFXLLVT       1  4.5   126   257    1066    (-,-) 
  WALLACE_CSA_DUMMY_OP_groupi_g2954__9315/S  -       CI->S  F     ADDFXLLVT       1  4.7   152   256    1322    (-,-) 
  WALLACE_CSA_DUMMY_OP_groupi_g2948__6131/CO -       A->CO  F     ADDFXLLVT       1  4.5   144   215    1537    (-,-) 
  WALLACE_CSA_DUMMY_OP_groupi_g2947__7098/CO -       CI->CO F     ADDFXLLVT       1  4.5   144   210    1746    (-,-) 
  WALLACE_CSA_DUMMY_OP_groupi_g2946__8246/S  -       CI->S  R     ADDFXLLVT       1  4.1   116   251    1997    (-,-) 
  g40__4319/Y                                -       AN->Y  R     NOR2BXLLVT      1  4.1   222   194    2192    (-,-) 
  Y_reg[6]/D                                 -       -      R     DFFQXLLVT       1    -     -     0    2192    (-,-) 
#---------------------------------------------------------------------------------------------------------------------



Path 5: MET (633 ps) Setup Check with Pin Y_reg[5]/CK->D
          Group: I2C
     Startpoint: (R) C1[1]
          Clock: (R) CLK
       Endpoint: (R) Y_reg[5]/D
          Clock: (R) CLK

                     Capture       Launch     
        Clock Edge:+    2764            0     
        Drv Adjust:+       0            0     
       Src Latency:+       0            0     
       Net Latency:+       0 (I)        0 (I) 
           Arrival:=    2764            0     
                                              
             Setup:-     149                  
     Required Time:=    2615                  
      Launch Clock:-       0                  
       Input Delay:-       0                  
         Data Path:-    1982                  
             Slack:=     633                  

Exceptions/Constraints:
  input_delay              0              top.sdc_line_8_23_1 

#--------------------------------------------------------------------------------------------------------------------
#               Timing Point                 Flags   Arc   Edge    Cell     Fanout Load Trans Delay Arrival Instance 
#                                                                                  (fF)  (ps)  (ps)   (ps)  Location 
#--------------------------------------------------------------------------------------------------------------------
  C1[1]                                      -       -     R     (arrival)       4 10.3     0     0       0    (-,-) 
  WALLACE_CSA_DUMMY_OP_groupi_g3024__6783/Y  -       A->Y  R     AND2XLLVT       1  4.8   128   124     124    (-,-) 
  WALLACE_CSA_DUMMY_OP_groupi_g2998__1617/CO -       A->CO R     ADDFXLLVT       1  4.8   132   217     341    (-,-) 
  WALLACE_CSA_DUMMY_OP_groupi_g2970__1617/CO -       A->CO R     ADDFXLLVT       1  4.5   124   215     556    (-,-) 
  WALLACE_CSA_DUMMY_OP_groupi_g2967__5526/S  -       CI->S F     ADDFXLLVT       1  4.5   147   252     808    (-,-) 
  WALLACE_CSA_DUMMY_OP_groupi_g2958__1666/S  -       CI->S R     ADDFXLLVT       1  4.5   126   257    1066    (-,-) 
  WALLACE_CSA_DUMMY_OP_groupi_g2954__9315/S  -       CI->S F     ADDFXLLVT       1  4.7   152   256    1322    (-,-) 
  WALLACE_CSA_DUMMY_OP_groupi_g2948__6131/CO -       A->CO F     ADDFXLLVT       1  4.5   144   215    1537    (-,-) 
  WALLACE_CSA_DUMMY_OP_groupi_g2947__7098/S  -       CI->S R     ADDFXLLVT       1  4.1   116   251    1788    (-,-) 
  g41__8428/Y                                -       AN->Y R     NOR2BXLLVT      1  4.1   222   194    1982    (-,-) 
  Y_reg[5]/D                                 -       -     R     DFFQXLLVT       1    -     -     0    1982    (-,-) 
#--------------------------------------------------------------------------------------------------------------------



Path 6: MET (846 ps) Setup Check with Pin Y_reg[4]/CK->D
          Group: I2C
     Startpoint: (R) C1[1]
          Clock: (R) CLK
       Endpoint: (R) Y_reg[4]/D
          Clock: (R) CLK

                     Capture       Launch     
        Clock Edge:+    2764            0     
        Drv Adjust:+       0            0     
       Src Latency:+       0            0     
       Net Latency:+       0 (I)        0 (I) 
           Arrival:=    2764            0     
                                              
             Setup:-     149                  
     Required Time:=    2615                  
      Launch Clock:-       0                  
       Input Delay:-       0                  
         Data Path:-    1769                  
             Slack:=     846                  

Exceptions/Constraints:
  input_delay              0              top.sdc_line_8_23_1 

#--------------------------------------------------------------------------------------------------------------------
#               Timing Point                 Flags   Arc   Edge    Cell     Fanout Load Trans Delay Arrival Instance 
#                                                                                  (fF)  (ps)  (ps)   (ps)  Location 
#--------------------------------------------------------------------------------------------------------------------
  C1[1]                                      -       -     R     (arrival)       4 10.3     0     0       0    (-,-) 
  WALLACE_CSA_DUMMY_OP_groupi_g3024__6783/Y  -       A->Y  R     AND2XLLVT       1  4.8   128   124     124    (-,-) 
  WALLACE_CSA_DUMMY_OP_groupi_g2998__1617/CO -       A->CO R     ADDFXLLVT       1  4.8   132   217     341    (-,-) 
  WALLACE_CSA_DUMMY_OP_groupi_g2970__1617/CO -       A->CO R     ADDFXLLVT       1  4.5   124   215     556    (-,-) 
  WALLACE_CSA_DUMMY_OP_groupi_g2967__5526/S  -       CI->S F     ADDFXLLVT       1  4.5   147   252     808    (-,-) 
  WALLACE_CSA_DUMMY_OP_groupi_g2958__1666/S  -       CI->S R     ADDFXLLVT       1  4.5   126   257    1066    (-,-) 
  WALLACE_CSA_DUMMY_OP_groupi_g2954__9315/S  -       CI->S F     ADDFXLLVT       1  4.7   152   256    1322    (-,-) 
  WALLACE_CSA_DUMMY_OP_groupi_g2948__6131/S  -       A->S  R     ADDFXLLVT       1  4.1   116   253    1575    (-,-) 
  g44__3680/Y                                -       AN->Y R     NOR2BXLLVT      1  4.1   222   194    1769    (-,-) 
  Y_reg[4]/D                                 -       -     R     DFFQXLLVT       1    -     -     0    1769    (-,-) 
#--------------------------------------------------------------------------------------------------------------------



Path 7: MET (1066 ps) Setup Check with Pin Y_reg[3]/CK->D
          Group: I2C
     Startpoint: (R) C3[3]
          Clock: (R) CLK
       Endpoint: (R) Y_reg[3]/D
          Clock: (R) CLK

                     Capture       Launch     
        Clock Edge:+    2764            0     
        Drv Adjust:+       0            0     
       Src Latency:+       0            0     
       Net Latency:+       0 (I)        0 (I) 
           Arrival:=    2764            0     
                                              
             Setup:-     149                  
     Required Time:=    2615                  
      Launch Clock:-       0                  
       Input Delay:-       0                  
         Data Path:-    1550                  
             Slack:=    1066                  

Exceptions/Constraints:
  input_delay              0              top.sdc_line_8_29_1 

#-------------------------------------------------------------------------------------------------------------------
#               Timing Point                Flags   Arc   Edge    Cell     Fanout Load Trans Delay Arrival Instance 
#                                                                                 (fF)  (ps)  (ps)   (ps)  Location 
#-------------------------------------------------------------------------------------------------------------------
  C3[3]                                     -       -     R     (arrival)       4 10.3     0     0       0    (-,-) 
  WALLACE_CSA_DUMMY_OP_groupi_g3036__4733/Y -       A->Y  R     AND2XLLVT       1  4.4   118   118     118    (-,-) 
  WALLACE_CSA_DUMMY_OP_groupi_g3002__8246/S -       A->S  F     ADDHXLLVT       1  4.5   143   208     326    (-,-) 
  WALLACE_CSA_DUMMY_OP_groupi_g2983__9945/S -       CI->S R     ADDFXLLVT       1  4.5   126   256     582    (-,-) 
  WALLACE_CSA_DUMMY_OP_groupi_g2975__7098/S -       CI->S R     ADDFXLLVT       1  4.8   134   241     823    (-,-) 
  WALLACE_CSA_DUMMY_OP_groupi_g2955__9945/S -       A->S  F     ADDFXLLVT       1  4.7   152   280    1102    (-,-) 
  WALLACE_CSA_DUMMY_OP_groupi_g2949__1881/S -       A->S  R     ADDFXLLVT       1  4.1   116   253    1355    (-,-) 
  g43__6783/Y                               -       AN->Y R     NOR2BXLLVT      1  4.1   222   194    1550    (-,-) 
  Y_reg[3]/D                                -       -     R     DFFQXLLVT       1    -     -     0    1550    (-,-) 
#-------------------------------------------------------------------------------------------------------------------



Path 8: MET (1298 ps) Setup Check with Pin Y_reg[2]/CK->D
          Group: I2C
     Startpoint: (R) C1[1]
          Clock: (R) CLK
       Endpoint: (R) Y_reg[2]/D
          Clock: (R) CLK

                     Capture       Launch     
        Clock Edge:+    2764            0     
        Drv Adjust:+       0            0     
       Src Latency:+       0            0     
       Net Latency:+       0 (I)        0 (I) 
           Arrival:=    2764            0     
                                              
             Setup:-     149                  
     Required Time:=    2615                  
      Launch Clock:-       0                  
       Input Delay:-       0                  
         Data Path:-    1317                  
             Slack:=    1298                  

Exceptions/Constraints:
  input_delay              0              top.sdc_line_8_23_1 

#--------------------------------------------------------------------------------------------------------------------
#               Timing Point                 Flags   Arc   Edge    Cell     Fanout Load Trans Delay Arrival Instance 
#                                                                                  (fF)  (ps)  (ps)   (ps)  Location 
#--------------------------------------------------------------------------------------------------------------------
  C1[1]                                      -       -     R     (arrival)       4 10.3     0     0       0    (-,-) 
  WALLACE_CSA_DUMMY_OP_groupi_g3031__7098/Y  -       A->Y  R     AND2XLLVT       1  4.8   128   124     124    (-,-) 
  WALLACE_CSA_DUMMY_OP_groupi_g2997__3680/CO -       A->CO R     ADDFXLLVT       1  4.8   132   217     341    (-,-) 
  WALLACE_CSA_DUMMY_OP_groupi_g2969__3680/S  -       A->S  R     ADDFXLLVT       1  4.8   134   253     594    (-,-) 
  WALLACE_CSA_DUMMY_OP_groupi_g2959__7410/S  -       A->S  F     ADDFXLLVT       1  4.5   147   276     871    (-,-) 
  WALLACE_CSA_DUMMY_OP_groupi_g2952__4733/S  -       CI->S R     ADDFXLLVT       1  4.1   116   252    1122    (-,-) 
  g42__5526/Y                                -       AN->Y R     NOR2BXLLVT      1  4.1   222   194    1317    (-,-) 
  Y_reg[2]/D                                 -       -     R     DFFQXLLVT       1    -     -     0    1317    (-,-) 
#--------------------------------------------------------------------------------------------------------------------



Path 9: MET (1534 ps) Setup Check with Pin Y_reg[1]/CK->D
          Group: I2C
     Startpoint: (R) X0[0]
          Clock: (R) CLK
       Endpoint: (R) Y_reg[1]/D
          Clock: (R) CLK

                     Capture       Launch     
        Clock Edge:+    2764            0     
        Drv Adjust:+       0            0     
       Src Latency:+       0            0     
       Net Latency:+       0 (I)        0 (I) 
           Arrival:=    2764            0     
                                              
             Setup:-     149                  
     Required Time:=    2615                  
      Launch Clock:-       0                  
       Input Delay:-       0                  
         Data Path:-    1081                  
             Slack:=    1534                  

Exceptions/Constraints:
  input_delay              0              top.sdc_line_8_4_1 

#-------------------------------------------------------------------------------------------------------------------
#               Timing Point                Flags   Arc   Edge    Cell     Fanout Load Trans Delay Arrival Instance 
#                                                                                 (fF)  (ps)  (ps)   (ps)  Location 
#-------------------------------------------------------------------------------------------------------------------
  X0[0]                                     -       -     R     (arrival)       4 10.3     0     0       0    (-,-) 
  WALLACE_CSA_DUMMY_OP_groupi_g3012__2883/Y -       A->Y  R     AND2XLLVT       1  4.8   128   124     124    (-,-) 
  WALLACE_CSA_DUMMY_OP_groupi_g2984__2883/S -       A->S  F     ADDFXLLVT       1  4.5   147   274     398    (-,-) 
  WALLACE_CSA_DUMMY_OP_groupi_g2973__5122/S -       CI->S R     ADDFXLLVT       1  4.5   126   257     656    (-,-) 
  WALLACE_CSA_DUMMY_OP_groupi_g2962__2398/S -       CI->S R     ADDFXLLVT       1  4.1   116   231     886    (-,-) 
  g45__1617/Y                               -       AN->Y R     NOR2BXLLVT      1  4.1   222   194    1081    (-,-) 
  Y_reg[1]/D                                -       -     R     DFFQXLLVT       1    -     -     0    1081    (-,-) 
#-------------------------------------------------------------------------------------------------------------------



Path 10: MET (1864 ps) Setup Check with Pin Y_reg[0]/CK->D
          Group: I2C
     Startpoint: (R) X1[0]
          Clock: (R) CLK
       Endpoint: (R) Y_reg[0]/D
          Clock: (R) CLK

                     Capture       Launch     
        Clock Edge:+    2764            0     
        Drv Adjust:+       0            0     
       Src Latency:+       0            0     
       Net Latency:+       0 (I)        0 (I) 
           Arrival:=    2764            0     
                                              
             Setup:-     149                  
     Required Time:=    2615                  
      Launch Clock:-       0                  
       Input Delay:-       0                  
         Data Path:-     751                  
             Slack:=    1864                  

Exceptions/Constraints:
  input_delay              0              top.sdc_line_8_8_1 

#-------------------------------------------------------------------------------------------------------------------
#               Timing Point                Flags   Arc   Edge    Cell     Fanout Load Trans Delay Arrival Instance 
#                                                                                 (fF)  (ps)  (ps)   (ps)  Location 
#-------------------------------------------------------------------------------------------------------------------
  X1[0]                                     -       -     R     (arrival)       4 10.3     0     0       0    (-,-) 
  WALLACE_CSA_DUMMY_OP_groupi_g3028__1705/Y -       A->Y  R     AND2XLLVT       1  4.8   128   124     124    (-,-) 
  WALLACE_CSA_DUMMY_OP_groupi_g2987__7410/S -       A->S  F     ADDFXLLVT       1  4.5   147   274     398    (-,-) 
  WALLACE_CSA_DUMMY_OP_groupi_g2979__7482/S -       B->S  R     ADDHXLLVT       1  4.1   112   160     558    (-,-) 
  g46__2802/Y                               -       AN->Y R     NOR2BXLLVT      1  4.1   222   193     751    (-,-) 
  Y_reg[0]/D                                -       -     R     DFFQXLLVT       1    -     -     0     751    (-,-) 
#-------------------------------------------------------------------------------------------------------------------



Path 11: MET (2588 ps) Late External Delay Assertion at pin Y[0]
          Group: C2O
     Startpoint: (R) Y_reg[0]/CK
          Clock: (R) CLK
       Endpoint: (F) Y[0]
          Clock: (R) CLK

                     Capture       Launch     
        Clock Edge:+    2764            0     
       Src Latency:+       0            0     
       Net Latency:+       0 (I)        0 (I) 
           Arrival:=    2764            0     
                                              
      Output Delay:-       0                  
     Required Time:=    2764                  
      Launch Clock:-       0                  
         Data Path:-     176                  
             Slack:=    2588                  

Exceptions/Constraints:
  output_delay              0              top.sdc_line_11_40_1 

#---------------------------------------------------------------------------------------
# Timing Point   Flags   Arc   Edge   Cell     Fanout Load Trans Delay Arrival Instance 
#                                                     (fF)  (ps)  (ps)   (ps)  Location 
#---------------------------------------------------------------------------------------
  Y_reg[0]/CK    -       -     R     (arrival)     10    -     0     0       0    (-,-) 
  Y_reg[0]/Q     -       CK->Q F     DFFQXLLVT      1  3.9   123   176     176    (-,-) 
  Y[0]           -       -     F     (port)         -    -     -     0     176    (-,-) 
#---------------------------------------------------------------------------------------



Path 12: MET (2588 ps) Late External Delay Assertion at pin Y[1]
          Group: C2O
     Startpoint: (R) Y_reg[1]/CK
          Clock: (R) CLK
       Endpoint: (F) Y[1]
          Clock: (R) CLK

                     Capture       Launch     
        Clock Edge:+    2764            0     
       Src Latency:+       0            0     
       Net Latency:+       0 (I)        0 (I) 
           Arrival:=    2764            0     
                                              
      Output Delay:-       0                  
     Required Time:=    2764                  
      Launch Clock:-       0                  
         Data Path:-     176                  
             Slack:=    2588                  

Exceptions/Constraints:
  output_delay              0              top.sdc_line_11_39_1 

#---------------------------------------------------------------------------------------
# Timing Point   Flags   Arc   Edge   Cell     Fanout Load Trans Delay Arrival Instance 
#                                                     (fF)  (ps)  (ps)   (ps)  Location 
#---------------------------------------------------------------------------------------
  Y_reg[1]/CK    -       -     R     (arrival)     10    -     0     0       0    (-,-) 
  Y_reg[1]/Q     -       CK->Q F     DFFQXLLVT      1  3.9   123   176     176    (-,-) 
  Y[1]           -       -     F     (port)         -    -     -     0     176    (-,-) 
#---------------------------------------------------------------------------------------



Path 13: MET (2588 ps) Late External Delay Assertion at pin Y[2]
          Group: C2O
     Startpoint: (R) Y_reg[2]/CK
          Clock: (R) CLK
       Endpoint: (F) Y[2]
          Clock: (R) CLK

                     Capture       Launch     
        Clock Edge:+    2764            0     
       Src Latency:+       0            0     
       Net Latency:+       0 (I)        0 (I) 
           Arrival:=    2764            0     
                                              
      Output Delay:-       0                  
     Required Time:=    2764                  
      Launch Clock:-       0                  
         Data Path:-     176                  
             Slack:=    2588                  

Exceptions/Constraints:
  output_delay              0              top.sdc_line_11_38_1 

#---------------------------------------------------------------------------------------
# Timing Point   Flags   Arc   Edge   Cell     Fanout Load Trans Delay Arrival Instance 
#                                                     (fF)  (ps)  (ps)   (ps)  Location 
#---------------------------------------------------------------------------------------
  Y_reg[2]/CK    -       -     R     (arrival)     10    -     0     0       0    (-,-) 
  Y_reg[2]/Q     -       CK->Q F     DFFQXLLVT      1  3.9   123   176     176    (-,-) 
  Y[2]           -       -     F     (port)         -    -     -     0     176    (-,-) 
#---------------------------------------------------------------------------------------



Path 14: MET (2588 ps) Late External Delay Assertion at pin Y[3]
          Group: C2O
     Startpoint: (R) Y_reg[3]/CK
          Clock: (R) CLK
       Endpoint: (F) Y[3]
          Clock: (R) CLK

                     Capture       Launch     
        Clock Edge:+    2764            0     
       Src Latency:+       0            0     
       Net Latency:+       0 (I)        0 (I) 
           Arrival:=    2764            0     
                                              
      Output Delay:-       0                  
     Required Time:=    2764                  
      Launch Clock:-       0                  
         Data Path:-     176                  
             Slack:=    2588                  

Exceptions/Constraints:
  output_delay              0              top.sdc_line_11_37_1 

#---------------------------------------------------------------------------------------
# Timing Point   Flags   Arc   Edge   Cell     Fanout Load Trans Delay Arrival Instance 
#                                                     (fF)  (ps)  (ps)   (ps)  Location 
#---------------------------------------------------------------------------------------
  Y_reg[3]/CK    -       -     R     (arrival)     10    -     0     0       0    (-,-) 
  Y_reg[3]/Q     -       CK->Q F     DFFQXLLVT      1  3.9   123   176     176    (-,-) 
  Y[3]           -       -     F     (port)         -    -     -     0     176    (-,-) 
#---------------------------------------------------------------------------------------



Path 15: MET (2588 ps) Late External Delay Assertion at pin Y[4]
          Group: C2O
     Startpoint: (R) Y_reg[4]/CK
          Clock: (R) CLK
       Endpoint: (F) Y[4]
          Clock: (R) CLK

                     Capture       Launch     
        Clock Edge:+    2764            0     
       Src Latency:+       0            0     
       Net Latency:+       0 (I)        0 (I) 
           Arrival:=    2764            0     
                                              
      Output Delay:-       0                  
     Required Time:=    2764                  
      Launch Clock:-       0                  
         Data Path:-     176                  
             Slack:=    2588                  

Exceptions/Constraints:
  output_delay              0              top.sdc_line_11_36_1 

#---------------------------------------------------------------------------------------
# Timing Point   Flags   Arc   Edge   Cell     Fanout Load Trans Delay Arrival Instance 
#                                                     (fF)  (ps)  (ps)   (ps)  Location 
#---------------------------------------------------------------------------------------
  Y_reg[4]/CK    -       -     R     (arrival)     10    -     0     0       0    (-,-) 
  Y_reg[4]/Q     -       CK->Q F     DFFQXLLVT      1  3.9   123   176     176    (-,-) 
  Y[4]           -       -     F     (port)         -    -     -     0     176    (-,-) 
#---------------------------------------------------------------------------------------



Path 16: MET (2588 ps) Late External Delay Assertion at pin Y[5]
          Group: C2O
     Startpoint: (R) Y_reg[5]/CK
          Clock: (R) CLK
       Endpoint: (F) Y[5]
          Clock: (R) CLK

                     Capture       Launch     
        Clock Edge:+    2764            0     
       Src Latency:+       0            0     
       Net Latency:+       0 (I)        0 (I) 
           Arrival:=    2764            0     
                                              
      Output Delay:-       0                  
     Required Time:=    2764                  
      Launch Clock:-       0                  
         Data Path:-     176                  
             Slack:=    2588                  

Exceptions/Constraints:
  output_delay              0              top.sdc_line_11_35_1 

#---------------------------------------------------------------------------------------
# Timing Point   Flags   Arc   Edge   Cell     Fanout Load Trans Delay Arrival Instance 
#                                                     (fF)  (ps)  (ps)   (ps)  Location 
#---------------------------------------------------------------------------------------
  Y_reg[5]/CK    -       -     R     (arrival)     10    -     0     0       0    (-,-) 
  Y_reg[5]/Q     -       CK->Q F     DFFQXLLVT      1  3.9   123   176     176    (-,-) 
  Y[5]           -       -     F     (port)         -    -     -     0     176    (-,-) 
#---------------------------------------------------------------------------------------



Path 17: MET (2588 ps) Late External Delay Assertion at pin Y[6]
          Group: C2O
     Startpoint: (R) Y_reg[6]/CK
          Clock: (R) CLK
       Endpoint: (F) Y[6]
          Clock: (R) CLK

                     Capture       Launch     
        Clock Edge:+    2764            0     
       Src Latency:+       0            0     
       Net Latency:+       0 (I)        0 (I) 
           Arrival:=    2764            0     
                                              
      Output Delay:-       0                  
     Required Time:=    2764                  
      Launch Clock:-       0                  
         Data Path:-     176                  
             Slack:=    2588                  

Exceptions/Constraints:
  output_delay              0              top.sdc_line_11_34_1 

#---------------------------------------------------------------------------------------
# Timing Point   Flags   Arc   Edge   Cell     Fanout Load Trans Delay Arrival Instance 
#                                                     (fF)  (ps)  (ps)   (ps)  Location 
#---------------------------------------------------------------------------------------
  Y_reg[6]/CK    -       -     R     (arrival)     10    -     0     0       0    (-,-) 
  Y_reg[6]/Q     -       CK->Q F     DFFQXLLVT      1  3.9   123   176     176    (-,-) 
  Y[6]           -       -     F     (port)         -    -     -     0     176    (-,-) 
#---------------------------------------------------------------------------------------



Path 18: MET (2588 ps) Late External Delay Assertion at pin Y[7]
          Group: C2O
     Startpoint: (R) Y_reg[7]/CK
          Clock: (R) CLK
       Endpoint: (F) Y[7]
          Clock: (R) CLK

                     Capture       Launch     
        Clock Edge:+    2764            0     
       Src Latency:+       0            0     
       Net Latency:+       0 (I)        0 (I) 
           Arrival:=    2764            0     
                                              
      Output Delay:-       0                  
     Required Time:=    2764                  
      Launch Clock:-       0                  
         Data Path:-     176                  
             Slack:=    2588                  

Exceptions/Constraints:
  output_delay              0              top.sdc_line_11_33_1 

#---------------------------------------------------------------------------------------
# Timing Point   Flags   Arc   Edge   Cell     Fanout Load Trans Delay Arrival Instance 
#                                                     (fF)  (ps)  (ps)   (ps)  Location 
#---------------------------------------------------------------------------------------
  Y_reg[7]/CK    -       -     R     (arrival)     10    -     0     0       0    (-,-) 
  Y_reg[7]/Q     -       CK->Q F     DFFQXLLVT      1  3.9   123   176     176    (-,-) 
  Y[7]           -       -     F     (port)         -    -     -     0     176    (-,-) 
#---------------------------------------------------------------------------------------



Path 19: MET (2588 ps) Late External Delay Assertion at pin Y[8]
          Group: C2O
     Startpoint: (R) Y_reg[8]/CK
          Clock: (R) CLK
       Endpoint: (F) Y[8]
          Clock: (R) CLK

                     Capture       Launch     
        Clock Edge:+    2764            0     
       Src Latency:+       0            0     
       Net Latency:+       0 (I)        0 (I) 
           Arrival:=    2764            0     
                                              
      Output Delay:-       0                  
     Required Time:=    2764                  
      Launch Clock:-       0                  
         Data Path:-     176                  
             Slack:=    2588                  

Exceptions/Constraints:
  output_delay              0              top.sdc_line_11_32_1 

#---------------------------------------------------------------------------------------
# Timing Point   Flags   Arc   Edge   Cell     Fanout Load Trans Delay Arrival Instance 
#                                                     (fF)  (ps)  (ps)   (ps)  Location 
#---------------------------------------------------------------------------------------
  Y_reg[8]/CK    -       -     R     (arrival)     10    -     0     0       0    (-,-) 
  Y_reg[8]/Q     -       CK->Q F     DFFQXLLVT      1  3.9   123   176     176    (-,-) 
  Y[8]           -       -     F     (port)         -    -     -     0     176    (-,-) 
#---------------------------------------------------------------------------------------



Path 20: MET (2588 ps) Late External Delay Assertion at pin Y[9]
          Group: C2O
     Startpoint: (R) Y_reg[9]/CK
          Clock: (R) CLK
       Endpoint: (F) Y[9]
          Clock: (R) CLK

                     Capture       Launch     
        Clock Edge:+    2764            0     
       Src Latency:+       0            0     
       Net Latency:+       0 (I)        0 (I) 
           Arrival:=    2764            0     
                                              
      Output Delay:-       0                  
     Required Time:=    2764                  
      Launch Clock:-       0                  
         Data Path:-     176                  
             Slack:=    2588                  

Exceptions/Constraints:
  output_delay              0              top.sdc_line_11 

#---------------------------------------------------------------------------------------
# Timing Point   Flags   Arc   Edge   Cell     Fanout Load Trans Delay Arrival Instance 
#                                                     (fF)  (ps)  (ps)   (ps)  Location 
#---------------------------------------------------------------------------------------
  Y_reg[9]/CK    -       -     R     (arrival)     10    -     0     0       0    (-,-) 
  Y_reg[9]/Q     -       CK->Q F     DFFQXLLVT      1  3.9   123   176     176    (-,-) 
  Y[9]           -       -     F     (port)         -    -     -     0     176    (-,-) 
#---------------------------------------------------------------------------------------

Some unconstrained paths have not been displayed.
Use -unconstrained or set the root attribute 'timing_report_unconstrained' to 'true' to see only these unconstrained paths.

