============================================================
  Generated by:           Genus(TM) Synthesis Solution 21.18-s082_1
  Generated on:           May 02 2026  11:30:59 am
  Module:                 top
  Operating conditions:   PVT_0P9V_125C 
  Interconnect mode:      global
  Area mode:              physical library
============================================================

                                 Leakage   Internal  
   Gate     Instances   Area   Power (nW) Power (nW)     Library    
--------------------------------------------------------------------
ADDFXLLVT          54  369.360     21.674  10565.482    slow_vdd1v0 
ADDHXLLVT           6   28.728      2.372    556.212    slow_vdd1v0 
AND2XLLVT          64   87.552      8.790   2127.554    slow_vdd1v0 
DFFQXLLVT          10   54.720      4.521   7690.470    slow_vdd1v0 
NOR2BXLLVT         10   17.100      1.293   1155.770    slow_vdd1v0 
--------------------------------------------------------------------
total             144  557.460     38.651  22095.487                


                                          Leakage  Leakage  Internal  Internal 
     Type      Instances   Area  Area % Power (nW) Power % Power (nW)  Power % 
-------------------------------------------------------------------------------
sequential            10  54.720    9.8      4.521    11.7   7690.470     34.8 
logic                134 502.740   90.2     34.129    88.3  14405.018     65.2 
physical_cells         0   0.000    0.0      0.000     0.0      0.000      0.0 
-------------------------------------------------------------------------------
total                144 557.460  100.0     38.651   100.0  22095.487    100.0 

