============================================================
  Generated by:           Genus(TM) Synthesis Solution 21.18-s082_1
  Generated on:           Jun 15 2026  07:19:39 pm
  Module:                 RISC_V3
  Operating conditions:   ss_1.62_125 
  Interconnect mode:      global
  Area mode:              physical library
============================================================

                               Leakage  
  Gate    Instances   Area   Power (nW)        Library        
--------------------------------------------------------------
AOI21X1           3   28.566      0.700    sky130_ss_1.62_125 
CLKINVX1          5   28.566      0.967    sky130_ss_1.62_125 
DFFX1             2   68.558     13.322    sky130_ss_1.62_125 
MX2X1             1   15.235      1.984    sky130_ss_1.62_125 
NAND2X1           1    7.618      0.143    sky130_ss_1.62_125 
NAND3X1           1    9.522      0.089    sky130_ss_1.62_125 
NOR2X1            3   22.853      0.691    sky130_ss_1.62_125 
NOR4X1            1   11.426      0.045    sky130_ss_1.62_125 
OAI21X1           3   28.566      1.238    sky130_ss_1.62_125 
OR3X1             1   11.426      0.423    sky130_ss_1.62_125 
SDFFX1            4  175.205     31.611    sky130_ss_1.62_125 
--------------------------------------------------------------
total            25  407.542     51.212                       


                                          Leakage  Leakage 
     Type      Instances   Area  Area % Power (nW) Power % 
-----------------------------------------------------------
sequential             6 243.763   59.8     44.933    87.7 
inverter               5  28.566    7.0      0.967     1.9 
logic                 14 135.212   33.2      5.312    10.4 
physical_cells         0   0.000    0.0      0.000     0.0 
-----------------------------------------------------------
total                 25 407.542  100.0     51.212   100.0 

