============================================================
  Generated by:           Genus(TM) Synthesis Solution 21.18-s082_1
  Generated on:           Jun 15 2026  07:19:29 pm
  Module:                 RISC_V3
  Operating conditions:   ss_1.62_125 
  Interconnect mode:      global
  Area mode:              physical library
============================================================


Path 1: MET (3245 ps) Setup Check with Pin PC1_PC_reg[3]/clk->d
          Group: C2C
     Startpoint: (R) PC1_PC_reg[0]/clk
          Clock: (R) CLK
       Endpoint: (R) PC1_PC_reg[3]/d
          Clock: (R) CLK

                     Capture       Launch     
        Clock Edge:+    5000            0     
       Src Latency:+       0            0     
       Net Latency:+       0 (I)        0 (I) 
           Arrival:=    5000            0     
                                              
             Setup:-     373                  
     Required Time:=    4627                  
      Launch Clock:-       0                  
         Data Path:-    1382                  
             Slack:=    3245                  

#----------------------------------------------------------------------------------------------------
#   Timing Point    Flags    Arc    Edge       Cell         Fanout Load Trans Delay Arrival Instance 
#                                                                  (fF)  (ps)  (ps)   (ps)  Location 
#----------------------------------------------------------------------------------------------------
  PC1_PC_reg[0]/clk -       -       R     (arrival)              6    -     0     0       0    (-,-) 
  PC1_PC_reg[0]/q   (u)     clk->q  F     unmapped_d_flop        6 33.3     0   807     807    (-,-) 
  g21992/z          (u)     in_0->z R     unmapped_nand2         3 19.2     0   135     942    (-,-) 
  g22069/z          (u)     in_1->z F     unmapped_nand2         1  6.3     0    82    1024    (-,-) 
  g22062/z          (u)     in_1->z R     unmapped_complex2      2 12.8     0   112    1136    (-,-) 
  g22055/z          (u)     in_0->z R     unmapped_complex2      1  6.4     0    82    1218    (-,-) 
  g22054/z          (u)     in_0->z F     unmapped_nand2         1  6.3     0    82    1300    (-,-) 
  g22052/z          (u)     in_1->z R     unmapped_nand2         1  6.4     0    82    1382    (-,-) 
  PC1_PC_reg[3]/d   -       -       R     unmapped_d_flop        1    -     -     0    1382    (-,-) 
#----------------------------------------------------------------------------------------------------

(u) : Net has unmapped pin(s).



Path 2: MET (3327 ps) Setup Check with Pin PC1_PC_reg[2]/clk->d
          Group: C2C
     Startpoint: (R) PC1_PC_reg[0]/clk
          Clock: (R) CLK
       Endpoint: (R) PC1_PC_reg[2]/d
          Clock: (R) CLK

                     Capture       Launch     
        Clock Edge:+    5000            0     
       Src Latency:+       0            0     
       Net Latency:+       0 (I)        0 (I) 
           Arrival:=    5000            0     
                                              
             Setup:-     373                  
     Required Time:=    4627                  
      Launch Clock:-       0                  
         Data Path:-    1300                  
             Slack:=    3327                  

#----------------------------------------------------------------------------------------------------
#   Timing Point    Flags    Arc    Edge       Cell         Fanout Load Trans Delay Arrival Instance 
#                                                                  (fF)  (ps)  (ps)   (ps)  Location 
#----------------------------------------------------------------------------------------------------
  PC1_PC_reg[0]/clk -       -       R     (arrival)              6    -     0     0       0    (-,-) 
  PC1_PC_reg[0]/q   (u)     clk->q  F     unmapped_d_flop        6 33.3     0   807     807    (-,-) 
  g21992/z          (u)     in_0->z R     unmapped_nand2         3 19.2     0   135     942    (-,-) 
  g22069/z          (u)     in_1->z F     unmapped_nand2         1  6.3     0    82    1024    (-,-) 
  g22062/z          (u)     in_1->z R     unmapped_complex2      2 12.8     0   112    1136    (-,-) 
  g22056/z          (u)     in_1->z F     unmapped_nand2         1  6.3     0    82    1218    (-,-) 
  g22053/z          (u)     in_1->z R     unmapped_nand2         1  6.4     0    82    1300    (-,-) 
  PC1_PC_reg[2]/d   -       -       R     unmapped_d_flop        1    -     -     0    1300    (-,-) 
#----------------------------------------------------------------------------------------------------

(u) : Net has unmapped pin(s).



Path 3: MET (3484 ps) Setup Check with Pin PC1_PC_reg[1]/clk->d
          Group: C2C
     Startpoint: (R) PC1_PSTATE_reg[1]/clk
          Clock: (R) CLK
       Endpoint: (R) PC1_PC_reg[1]/d
          Clock: (R) CLK

                     Capture       Launch     
        Clock Edge:+    5000            0     
       Src Latency:+       0            0     
       Net Latency:+       0 (I)        0 (I) 
           Arrival:=    5000            0     
                                              
             Setup:-     373                  
     Required Time:=    4627                  
      Launch Clock:-       0                  
         Data Path:-    1143                  
             Slack:=    3484                  

#--------------------------------------------------------------------------------------------------------
#     Timing Point      Flags    Arc    Edge       Cell         Fanout Load Trans Delay Arrival Instance 
#                                                                      (fF)  (ps)  (ps)   (ps)  Location 
#--------------------------------------------------------------------------------------------------------
  PC1_PSTATE_reg[1]/clk -       -       R     (arrival)              6    -     0     0       0    (-,-) 
  PC1_PSTATE_reg[1]/q   (u)     clk->q  F     unmapped_d_flop        5 27.0     0   784     784    (-,-) 
  g21991/z              (u)     in_1->z F     unmapped_complex2      6 37.8     0   195     979    (-,-) 
  g22071/z              (u)     in_1->z F     unmapped_or2           1  6.3     0    82    1061    (-,-) 
  g22057/z              (u)     in_0->z R     unmapped_nand2         1  6.4     0    82    1143    (-,-) 
  PC1_PC_reg[1]/d       -       -       R     unmapped_d_flop        1    -     -     0    1143    (-,-) 
#--------------------------------------------------------------------------------------------------------

(u) : Net has unmapped pin(s).



Path 4: MET (3484 ps) Setup Check with Pin PC1_PC_reg[0]/clk->d
          Group: C2C
     Startpoint: (R) PC1_PSTATE_reg[1]/clk
          Clock: (R) CLK
       Endpoint: (R) PC1_PC_reg[0]/d
          Clock: (R) CLK

                     Capture       Launch     
        Clock Edge:+    5000            0     
       Src Latency:+       0            0     
       Net Latency:+       0 (I)        0 (I) 
           Arrival:=    5000            0     
                                              
             Setup:-     373                  
     Required Time:=    4627                  
      Launch Clock:-       0                  
         Data Path:-    1143                  
             Slack:=    3484                  

#--------------------------------------------------------------------------------------------------------
#     Timing Point      Flags    Arc    Edge       Cell         Fanout Load Trans Delay Arrival Instance 
#                                                                      (fF)  (ps)  (ps)   (ps)  Location 
#--------------------------------------------------------------------------------------------------------
  PC1_PSTATE_reg[1]/clk -       -       R     (arrival)              6    -     0     0       0    (-,-) 
  PC1_PSTATE_reg[1]/q   (u)     clk->q  F     unmapped_d_flop        5 27.0     0   784     784    (-,-) 
  g21991/z              (u)     in_1->z F     unmapped_complex2      6 37.8     0   195     979    (-,-) 
  g22072/z              (u)     in_1->z F     unmapped_or2           1  6.3     0    82    1061    (-,-) 
  g22060/z              (u)     in_0->z R     unmapped_nand2         1  6.4     0    82    1143    (-,-) 
  PC1_PC_reg[0]/d       -       -       R     unmapped_d_flop        1    -     -     0    1143    (-,-) 
#--------------------------------------------------------------------------------------------------------

(u) : Net has unmapped pin(s).



Path 5: MET (3756 ps) Setup Check with Pin PC1_PSTATE_reg[1]/clk->d
          Group: C2C
     Startpoint: (R) PC1_PSTATE_reg[1]/clk
          Clock: (R) CLK
       Endpoint: (R) PC1_PSTATE_reg[1]/d
          Clock: (R) CLK

                     Capture       Launch     
        Clock Edge:+    5000            0     
       Src Latency:+       0            0     
       Net Latency:+       0 (I)        0 (I) 
           Arrival:=    5000            0     
                                              
             Setup:-     183                  
     Required Time:=    4817                  
      Launch Clock:-       0                  
         Data Path:-    1061                  
             Slack:=    3756                  

#--------------------------------------------------------------------------------------------------------
#     Timing Point      Flags    Arc    Edge       Cell         Fanout Load Trans Delay Arrival Instance 
#                                                                      (fF)  (ps)  (ps)   (ps)  Location 
#--------------------------------------------------------------------------------------------------------
  PC1_PSTATE_reg[1]/clk -       -       R     (arrival)              6    -     0     0       0    (-,-) 
  PC1_PSTATE_reg[1]/q   (u)     clk->q  F     unmapped_d_flop        5 27.0     0   784     784    (-,-) 
  g21991/z              (u)     in_1->z F     unmapped_complex2      6 37.8     0   195     979    (-,-) 
  g22079/z              (u)     in_0->z R     unmapped_nor2          1  6.4     0    82    1061    (-,-) 
  PC1_PSTATE_reg[1]/d   -       -       R     unmapped_d_flop        1    -     -     0    1061    (-,-) 
#--------------------------------------------------------------------------------------------------------

(u) : Net has unmapped pin(s).



Path 6: MET (3756 ps) Setup Check with Pin PC1_PSTATE_reg[0]/clk->d
          Group: C2C
     Startpoint: (R) PC1_PSTATE_reg[1]/clk
          Clock: (R) CLK
       Endpoint: (R) PC1_PSTATE_reg[0]/d
          Clock: (R) CLK

                     Capture       Launch     
        Clock Edge:+    5000            0     
       Src Latency:+       0            0     
       Net Latency:+       0 (I)        0 (I) 
           Arrival:=    5000            0     
                                              
             Setup:-     183                  
     Required Time:=    4817                  
      Launch Clock:-       0                  
         Data Path:-    1061                  
             Slack:=    3756                  

#--------------------------------------------------------------------------------------------------------
#     Timing Point      Flags    Arc    Edge       Cell         Fanout Load Trans Delay Arrival Instance 
#                                                                      (fF)  (ps)  (ps)   (ps)  Location 
#--------------------------------------------------------------------------------------------------------
  PC1_PSTATE_reg[1]/clk -       -       R     (arrival)              6    -     0     0       0    (-,-) 
  PC1_PSTATE_reg[1]/q   (u)     clk->q  R     unmapped_d_flop        5 27.4     0   784     784    (-,-) 
  g21991/z              (u)     in_1->z R     unmapped_complex2      6 38.4     0   195     979    (-,-) 
  g22078/z              (u)     in_0->z R     unmapped_complex2      1  6.4     0    82    1061    (-,-) 
  PC1_PSTATE_reg[0]/d   -       -       R     unmapped_d_flop        1    -     -     0    1061    (-,-) 
#--------------------------------------------------------------------------------------------------------

(u) : Net has unmapped pin(s).



Path 7: MET (4193 ps) Late External Delay Assertion at pin PC[0]
          Group: C2O
     Startpoint: (R) PC1_PC_reg[0]/clk
          Clock: (R) CLK
       Endpoint: (R) PC[0]
          Clock: (R) CLK

                     Capture       Launch     
        Clock Edge:+    5000            0     
       Src Latency:+       0            0     
       Net Latency:+       0 (I)        0 (I) 
           Arrival:=    5000            0     
                                              
      Output Delay:-       0                  
     Required Time:=    5000                  
      Launch Clock:-       0                  
         Data Path:-     807                  
             Slack:=    4193                  

Exceptions/Constraints:
  output_delay              0              top.sdc_line_7_35_1 

#-------------------------------------------------------------------------------------------------
#   Timing Point    Flags    Arc   Edge      Cell        Fanout Load Trans Delay Arrival Instance 
#                                                               (fF)  (ps)  (ps)   (ps)  Location 
#-------------------------------------------------------------------------------------------------
  PC1_PC_reg[0]/clk -       -      R     (arrival)            6    -     0     0       0    (-,-) 
  PC1_PC_reg[0]/q   (u)     clk->q R     unmapped_d_flop      6 33.8     0   807     807    (-,-) 
  PC[0]             -       -      R     (port)               -    -     -     0     807    (-,-) 
#-------------------------------------------------------------------------------------------------

(u) : Net has unmapped pin(s).



Path 8: MET (4216 ps) Late External Delay Assertion at pin PSTATE[0]
          Group: C2O
     Startpoint: (R) PC1_PSTATE_reg[0]/clk
          Clock: (R) CLK
       Endpoint: (R) PSTATE[0]
          Clock: (R) CLK

                     Capture       Launch     
        Clock Edge:+    5000            0     
       Src Latency:+       0            0     
       Net Latency:+       0 (I)        0 (I) 
           Arrival:=    5000            0     
                                              
      Output Delay:-       0                  
     Required Time:=    5000                  
      Launch Clock:-       0                  
         Data Path:-     784                  
             Slack:=    4216                  

Exceptions/Constraints:
  output_delay              0              top.sdc_line_7_107_1 

#-----------------------------------------------------------------------------------------------------
#     Timing Point      Flags    Arc   Edge      Cell        Fanout Load Trans Delay Arrival Instance 
#                                                                   (fF)  (ps)  (ps)   (ps)  Location 
#-----------------------------------------------------------------------------------------------------
  PC1_PSTATE_reg[0]/clk -       -      R     (arrival)            6    -     0     0       0    (-,-) 
  PC1_PSTATE_reg[0]/q   (u)     clk->q R     unmapped_d_flop      5 27.4     0   784     784    (-,-) 
  PSTATE[0]             -       -      R     (port)               -    -     -     0     784    (-,-) 
#-----------------------------------------------------------------------------------------------------

(u) : Net has unmapped pin(s).



Path 9: MET (4216 ps) Late External Delay Assertion at pin PSTATE[1]
          Group: C2O
     Startpoint: (R) PC1_PSTATE_reg[1]/clk
          Clock: (R) CLK
       Endpoint: (R) PSTATE[1]
          Clock: (R) CLK

                     Capture       Launch     
        Clock Edge:+    5000            0     
       Src Latency:+       0            0     
       Net Latency:+       0 (I)        0 (I) 
           Arrival:=    5000            0     
                                              
      Output Delay:-       0                  
     Required Time:=    5000                  
      Launch Clock:-       0                  
         Data Path:-     784                  
             Slack:=    4216                  

Exceptions/Constraints:
  output_delay              0              top.sdc_line_7_106_1 

#-----------------------------------------------------------------------------------------------------
#     Timing Point      Flags    Arc   Edge      Cell        Fanout Load Trans Delay Arrival Instance 
#                                                                   (fF)  (ps)  (ps)   (ps)  Location 
#-----------------------------------------------------------------------------------------------------
  PC1_PSTATE_reg[1]/clk -       -      R     (arrival)            6    -     0     0       0    (-,-) 
  PC1_PSTATE_reg[1]/q   (u)     clk->q R     unmapped_d_flop      5 27.4     0   784     784    (-,-) 
  PSTATE[1]             -       -      R     (port)               -    -     -     0     784    (-,-) 
#-----------------------------------------------------------------------------------------------------

(u) : Net has unmapped pin(s).



Path 10: MET (4216 ps) Late External Delay Assertion at pin PC[2]
          Group: C2O
     Startpoint: (R) PC1_PC_reg[2]/clk
          Clock: (R) CLK
       Endpoint: (R) PC[2]
          Clock: (R) CLK

                     Capture       Launch     
        Clock Edge:+    5000            0     
       Src Latency:+       0            0     
       Net Latency:+       0 (I)        0 (I) 
           Arrival:=    5000            0     
                                              
      Output Delay:-       0                  
     Required Time:=    5000                  
      Launch Clock:-       0                  
         Data Path:-     784                  
             Slack:=    4216                  

Exceptions/Constraints:
  output_delay              0              top.sdc_line_7_33_1 

#-------------------------------------------------------------------------------------------------
#   Timing Point    Flags    Arc   Edge      Cell        Fanout Load Trans Delay Arrival Instance 
#                                                               (fF)  (ps)  (ps)   (ps)  Location 
#-------------------------------------------------------------------------------------------------
  PC1_PC_reg[2]/clk -       -      R     (arrival)            6    -     0     0       0    (-,-) 
  PC1_PC_reg[2]/q   (u)     clk->q R     unmapped_d_flop      5 27.4     0   784     784    (-,-) 
  PC[2]             -       -      R     (port)               -    -     -     0     784    (-,-) 
#-------------------------------------------------------------------------------------------------

(u) : Net has unmapped pin(s).



Path 11: MET (4238 ps) Late External Delay Assertion at pin PC[1]
          Group: C2O
     Startpoint: (R) PC1_PC_reg[1]/clk
          Clock: (R) CLK
       Endpoint: (R) PC[1]
          Clock: (R) CLK

                     Capture       Launch     
        Clock Edge:+    5000            0     
       Src Latency:+       0            0     
       Net Latency:+       0 (I)        0 (I) 
           Arrival:=    5000            0     
                                              
      Output Delay:-       0                  
     Required Time:=    5000                  
      Launch Clock:-       0                  
         Data Path:-     762                  
             Slack:=    4238                  

Exceptions/Constraints:
  output_delay              0              top.sdc_line_7_34_1 

#-------------------------------------------------------------------------------------------------
#   Timing Point    Flags    Arc   Edge      Cell        Fanout Load Trans Delay Arrival Instance 
#                                                               (fF)  (ps)  (ps)   (ps)  Location 
#-------------------------------------------------------------------------------------------------
  PC1_PC_reg[1]/clk -       -      R     (arrival)            6    -     0     0       0    (-,-) 
  PC1_PC_reg[1]/q   (u)     clk->q R     unmapped_d_flop      4 21.0     0   762     762    (-,-) 
  PC[1]             -       -      R     (port)               -    -     -     0     762    (-,-) 
#-------------------------------------------------------------------------------------------------

(u) : Net has unmapped pin(s).



Path 12: MET (4260 ps) Late External Delay Assertion at pin PC[3]
          Group: C2O
     Startpoint: (R) PC1_PC_reg[3]/clk
          Clock: (R) CLK
       Endpoint: (R) PC[3]
          Clock: (R) CLK

                     Capture       Launch     
        Clock Edge:+    5000            0     
       Src Latency:+       0            0     
       Net Latency:+       0 (I)        0 (I) 
           Arrival:=    5000            0     
                                              
      Output Delay:-       0                  
     Required Time:=    5000                  
      Launch Clock:-       0                  
         Data Path:-     740                  
             Slack:=    4260                  

Exceptions/Constraints:
  output_delay              0              top.sdc_line_7_32_1 

#-------------------------------------------------------------------------------------------------
#   Timing Point    Flags    Arc   Edge      Cell        Fanout Load Trans Delay Arrival Instance 
#                                                               (fF)  (ps)  (ps)   (ps)  Location 
#-------------------------------------------------------------------------------------------------
  PC1_PC_reg[3]/clk -       -      R     (arrival)            6    -     0     0       0    (-,-) 
  PC1_PC_reg[3]/q   (u)     clk->q R     unmapped_d_flop      3 14.6     0   740     740    (-,-) 
  PC[3]             -       -      R     (port)               -    -     -     0     740    (-,-) 
#-------------------------------------------------------------------------------------------------

(u) : Net has unmapped pin(s).



Path 13: MET (4426 ps) Setup Check with Pin PC1_PC_reg[3]/clk->sena
          Group: I2C
     Startpoint: (F) RST
          Clock: (R) CLK
       Endpoint: (R) PC1_PC_reg[3]/sena
          Clock: (R) CLK

                     Capture       Launch     
        Clock Edge:+    5000            0     
        Drv Adjust:+       0            0     
       Src Latency:+       0            0     
       Net Latency:+       0 (I)        0 (I) 
           Arrival:=    5000            0     
                                              
             Setup:-     373                  
     Required Time:=    4627                  
      Launch Clock:-       0                  
       Input Delay:-       0                  
         Data Path:-     200                  
             Slack:=    4426                  

Exceptions/Constraints:
  input_delay              0              top.sdc_line_6 

#---------------------------------------------------------------------------------------------------
#   Timing Point     Flags    Arc    Edge      Cell        Fanout Load Trans Delay Arrival Instance 
#                                                                 (fF)  (ps)  (ps)   (ps)  Location 
#---------------------------------------------------------------------------------------------------
  RST                (u)     -       F     (arrival)            3 18.9     0     0       0    (-,-) 
  g1/z               (u)     in_0->z R     unmapped_not         4 51.2     0   200     200    (-,-) 
  PC1_PC_reg[3]/sena -       -       R     unmapped_d_flop      4    -     -     0     200    (-,-) 
#---------------------------------------------------------------------------------------------------

(u) : Net has unmapped pin(s).



Path 14: MET (4426 ps) Setup Check with Pin PC1_PC_reg[2]/clk->sena
          Group: I2C
     Startpoint: (F) RST
          Clock: (R) CLK
       Endpoint: (R) PC1_PC_reg[2]/sena
          Clock: (R) CLK

                     Capture       Launch     
        Clock Edge:+    5000            0     
        Drv Adjust:+       0            0     
       Src Latency:+       0            0     
       Net Latency:+       0 (I)        0 (I) 
           Arrival:=    5000            0     
                                              
             Setup:-     373                  
     Required Time:=    4627                  
      Launch Clock:-       0                  
       Input Delay:-       0                  
         Data Path:-     200                  
             Slack:=    4426                  

Exceptions/Constraints:
  input_delay              0              top.sdc_line_6 

#---------------------------------------------------------------------------------------------------
#   Timing Point     Flags    Arc    Edge      Cell        Fanout Load Trans Delay Arrival Instance 
#                                                                 (fF)  (ps)  (ps)   (ps)  Location 
#---------------------------------------------------------------------------------------------------
  RST                (u)     -       F     (arrival)            3 18.9     0     0       0    (-,-) 
  g1/z               (u)     in_0->z R     unmapped_not         4 51.2     0   200     200    (-,-) 
  PC1_PC_reg[2]/sena -       -       R     unmapped_d_flop      4    -     -     0     200    (-,-) 
#---------------------------------------------------------------------------------------------------

(u) : Net has unmapped pin(s).



Path 15: MET (4426 ps) Setup Check with Pin PC1_PC_reg[1]/clk->sena
          Group: I2C
     Startpoint: (F) RST
          Clock: (R) CLK
       Endpoint: (R) PC1_PC_reg[1]/sena
          Clock: (R) CLK

                     Capture       Launch     
        Clock Edge:+    5000            0     
        Drv Adjust:+       0            0     
       Src Latency:+       0            0     
       Net Latency:+       0 (I)        0 (I) 
           Arrival:=    5000            0     
                                              
             Setup:-     373                  
     Required Time:=    4627                  
      Launch Clock:-       0                  
       Input Delay:-       0                  
         Data Path:-     200                  
             Slack:=    4426                  

Exceptions/Constraints:
  input_delay              0              top.sdc_line_6 

#---------------------------------------------------------------------------------------------------
#   Timing Point     Flags    Arc    Edge      Cell        Fanout Load Trans Delay Arrival Instance 
#                                                                 (fF)  (ps)  (ps)   (ps)  Location 
#---------------------------------------------------------------------------------------------------
  RST                (u)     -       F     (arrival)            3 18.9     0     0       0    (-,-) 
  g1/z               (u)     in_0->z R     unmapped_not         4 51.2     0   200     200    (-,-) 
  PC1_PC_reg[1]/sena -       -       R     unmapped_d_flop      4    -     -     0     200    (-,-) 
#---------------------------------------------------------------------------------------------------

(u) : Net has unmapped pin(s).



Path 16: MET (4426 ps) Setup Check with Pin PC1_PC_reg[0]/clk->sena
          Group: I2C
     Startpoint: (F) RST
          Clock: (R) CLK
       Endpoint: (R) PC1_PC_reg[0]/sena
          Clock: (R) CLK

                     Capture       Launch     
        Clock Edge:+    5000            0     
        Drv Adjust:+       0            0     
       Src Latency:+       0            0     
       Net Latency:+       0 (I)        0 (I) 
           Arrival:=    5000            0     
                                              
             Setup:-     373                  
     Required Time:=    4627                  
      Launch Clock:-       0                  
       Input Delay:-       0                  
         Data Path:-     200                  
             Slack:=    4426                  

Exceptions/Constraints:
  input_delay              0              top.sdc_line_6 

#---------------------------------------------------------------------------------------------------
#   Timing Point     Flags    Arc    Edge      Cell        Fanout Load Trans Delay Arrival Instance 
#                                                                 (fF)  (ps)  (ps)   (ps)  Location 
#---------------------------------------------------------------------------------------------------
  RST                (u)     -       F     (arrival)            3 18.9     0     0       0    (-,-) 
  g1/z               (u)     in_0->z R     unmapped_not         4 51.2     0   200     200    (-,-) 
  PC1_PC_reg[0]/sena -       -       R     unmapped_d_flop      4    -     -     0     200    (-,-) 
#---------------------------------------------------------------------------------------------------

(u) : Net has unmapped pin(s).

Some unconstrained paths have not been displayed.
Use -unconstrained or set the root attribute 'timing_report_unconstrained' to 'true' to see only these unconstrained paths.

