============================================================
  Generated by:           Genus(TM) Synthesis Solution 21.18-s082_1
  Generated on:           Jun 15 2026  07:19:35 pm
  Module:                 RISC_V3
  Operating conditions:   ss_1.62_125 
  Interconnect mode:      global
  Area mode:              physical library
============================================================


Path 1: MET (3009 ps) Setup Check with Pin PC1_PC_reg[3]/CK->D
          Group: C2C
     Startpoint: (R) PC1_PSTATE_reg[0]/CK
          Clock: (R) CLK
       Endpoint: (R) PC1_PC_reg[3]/D
          Clock: (R) CLK

                     Capture       Launch     
        Clock Edge:+    5000            0     
       Src Latency:+       0            0     
       Net Latency:+       0 (I)        0 (I) 
           Arrival:=    5000            0     
                                              
             Setup:-     350                  
     Required Time:=    4650                  
      Launch Clock:-       0                  
         Data Path:-    1641                  
             Slack:=    3009                  

#---------------------------------------------------------------------------------------------
#    Timing Point      Flags   Arc   Edge   Cell     Fanout Load Trans Delay Arrival Instance 
#                                                           (fF)  (ps)  (ps)   (ps)  Location 
#---------------------------------------------------------------------------------------------
  PC1_PSTATE_reg[0]/CK -       -     R     (arrival)      6    -     0     0       0    (-,-) 
  PC1_PSTATE_reg[0]/Q  -       CK->Q R     DFFX1          4 13.5   162   462     462    (-,-) 
  g22278/Y             -       A->Y  F     CLKINVX1       2  8.9    81   129     591    (-,-) 
  g22276__8246/Y       -       B->Y  R     NOR2X1         4 15.6   366   304     894    (-,-) 
  g22275/Y             -       A->Y  F     CLKINVX1       3 11.5   139   213    1107    (-,-) 
  g22267__5526/Y       -       D->Y  R     NOR4X1         1  4.9   367   282    1388    (-,-) 
  g22260__2398/Y       -       B0->Y F     AOI21X1        1  4.8   114   158    1547    (-,-) 
  g22259/Y             -       A->Y  R     CLKINVX1       1  3.7    71    94    1641    (-,-) 
  PC1_PC_reg[3]/D      -       -     R     SDFFX1         1    -     -     0    1641    (-,-) 
#---------------------------------------------------------------------------------------------



Path 2: MET (3012 ps) Setup Check with Pin PC1_PC_reg[2]/CK->D
          Group: C2C
     Startpoint: (R) PC1_PSTATE_reg[0]/CK
          Clock: (R) CLK
       Endpoint: (R) PC1_PC_reg[2]/D
          Clock: (R) CLK

                     Capture       Launch     
        Clock Edge:+    5000            0     
       Src Latency:+       0            0     
       Net Latency:+       0 (I)        0 (I) 
           Arrival:=    5000            0     
                                              
             Setup:-     378                  
     Required Time:=    4622                  
      Launch Clock:-       0                  
         Data Path:-    1610                  
             Slack:=    3012                  

#---------------------------------------------------------------------------------------------
#    Timing Point      Flags   Arc   Edge   Cell     Fanout Load Trans Delay Arrival Instance 
#                                                           (fF)  (ps)  (ps)   (ps)  Location 
#---------------------------------------------------------------------------------------------
  PC1_PSTATE_reg[0]/CK -       -     R     (arrival)      6    -     0     0       0    (-,-) 
  PC1_PSTATE_reg[0]/Q  -       CK->Q R     DFFX1          4 13.5   162   462     462    (-,-) 
  g22278/Y             -       A->Y  F     CLKINVX1       2  8.9    81   129     591    (-,-) 
  g22276__8246/Y       -       B->Y  R     NOR2X1         4 15.6   366   304     894    (-,-) 
  g22275/Y             -       A->Y  F     CLKINVX1       3 11.5   139   213    1107    (-,-) 
  g22266__4319/Y       -       C->Y  F     OR3X1          1  5.0    98   408    1515    (-,-) 
  g22262__5107/Y       -       B0->Y R     OAI21X1        1  3.7   151    95    1610    (-,-) 
  PC1_PC_reg[2]/D      -       -     R     SDFFX1         1    -     -     0    1610    (-,-) 
#---------------------------------------------------------------------------------------------



Path 3: MET (3375 ps) Setup Check with Pin PC1_PC_reg[1]/CK->D
          Group: C2C
     Startpoint: (R) PC1_PSTATE_reg[0]/CK
          Clock: (R) CLK
       Endpoint: (R) PC1_PC_reg[1]/D
          Clock: (R) CLK

                     Capture       Launch     
        Clock Edge:+    5000            0     
       Src Latency:+       0            0     
       Net Latency:+       0 (I)        0 (I) 
           Arrival:=    5000            0     
                                              
             Setup:-     377                  
     Required Time:=    4623                  
      Launch Clock:-       0                  
         Data Path:-    1248                  
             Slack:=    3375                  

#---------------------------------------------------------------------------------------------
#    Timing Point      Flags   Arc   Edge   Cell     Fanout Load Trans Delay Arrival Instance 
#                                                           (fF)  (ps)  (ps)   (ps)  Location 
#---------------------------------------------------------------------------------------------
  PC1_PSTATE_reg[0]/CK -       -     R     (arrival)      6    -     0     0       0    (-,-) 
  PC1_PSTATE_reg[0]/Q  -       CK->Q R     DFFX1          4 13.5   162   462     462    (-,-) 
  g22278/Y             -       A->Y  F     CLKINVX1       2  8.9    81   129     591    (-,-) 
  g22276__8246/Y       -       B->Y  R     NOR2X1         4 15.6   366   304     894    (-,-) 
  g22273__1617/Y       -       C->Y  F     NAND3X1        1  5.0   168   235    1130    (-,-) 
  g22263__6260/Y       -       B0->Y R     OAI21X1        1  3.7   147   118    1248    (-,-) 
  PC1_PC_reg[1]/D      -       -     R     SDFFX1         1    -     -     0    1248    (-,-) 
#---------------------------------------------------------------------------------------------



Path 4: MET (3412 ps) Setup Check with Pin PC1_PC_reg[0]/CK->D
          Group: C2C
     Startpoint: (R) PC1_PSTATE_reg[0]/CK
          Clock: (R) CLK
       Endpoint: (R) PC1_PC_reg[0]/D
          Clock: (R) CLK

                     Capture       Launch     
        Clock Edge:+    5000            0     
       Src Latency:+       0            0     
       Net Latency:+       0 (I)        0 (I) 
           Arrival:=    5000            0     
                                              
             Setup:-     352                  
     Required Time:=    4648                  
      Launch Clock:-       0                  
         Data Path:-    1237                  
             Slack:=    3412                  

#---------------------------------------------------------------------------------------------
#    Timing Point      Flags   Arc   Edge   Cell     Fanout Load Trans Delay Arrival Instance 
#                                                           (fF)  (ps)  (ps)   (ps)  Location 
#---------------------------------------------------------------------------------------------
  PC1_PSTATE_reg[0]/CK -       -     R     (arrival)      6    -     0     0       0    (-,-) 
  PC1_PSTATE_reg[0]/Q  -       CK->Q R     DFFX1          4 13.5   162   462     462    (-,-) 
  g22278/Y             -       A->Y  F     CLKINVX1       2  8.9    81   129     591    (-,-) 
  g22276__8246/Y       -       B->Y  R     NOR2X1         4 15.6   366   304     894    (-,-) 
  g22265__6783/Y       -       A->Y  R     MX2X1          1  3.7    75   342    1237    (-,-) 
  PC1_PC_reg[0]/D      -       -     R     SDFFX1         1    -     -     0    1237    (-,-) 
#---------------------------------------------------------------------------------------------



Path 5: MET (3510 ps) Setup Check with Pin PC1_PSTATE_reg[1]/CK->D
          Group: C2C
     Startpoint: (R) PC1_PSTATE_reg[0]/CK
          Clock: (R) CLK
       Endpoint: (R) PC1_PSTATE_reg[1]/D
          Clock: (R) CLK

                     Capture       Launch     
        Clock Edge:+    5000            0     
       Src Latency:+       0            0     
       Net Latency:+       0 (I)        0 (I) 
           Arrival:=    5000            0     
                                              
             Setup:-     234                  
     Required Time:=    4766                  
      Launch Clock:-       0                  
         Data Path:-    1255                  
             Slack:=    3510                  

#---------------------------------------------------------------------------------------------
#    Timing Point      Flags   Arc   Edge   Cell     Fanout Load Trans Delay Arrival Instance 
#                                                           (fF)  (ps)  (ps)   (ps)  Location 
#---------------------------------------------------------------------------------------------
  PC1_PSTATE_reg[0]/CK -       -     R     (arrival)      6    -     0     0       0    (-,-) 
  PC1_PSTATE_reg[0]/Q  -       CK->Q R     DFFX1          4 13.5   162   462     462    (-,-) 
  g22278/Y             -       A->Y  F     CLKINVX1       2  8.9    81   129     591    (-,-) 
  g22276__8246/Y       -       B->Y  R     NOR2X1         4 15.6   366   304     894    (-,-) 
  g22275/Y             -       A->Y  F     CLKINVX1       3 11.5   139   213    1107    (-,-) 
  g22272__3680/Y       -       B->Y  R     NOR2X1         1  3.6   131   148    1255    (-,-) 
  PC1_PSTATE_reg[1]/D  -       -     R     DFFX1          1    -     -     0    1255    (-,-) 
#---------------------------------------------------------------------------------------------



Path 6: MET (3761 ps) Setup Check with Pin PC1_PSTATE_reg[0]/CK->D
          Group: C2C
     Startpoint: (R) PC1_PSTATE_reg[0]/CK
          Clock: (R) CLK
       Endpoint: (F) PC1_PSTATE_reg[0]/D
          Clock: (R) CLK

                     Capture       Launch     
        Clock Edge:+    5000            0     
       Src Latency:+       0            0     
       Net Latency:+       0 (I)        0 (I) 
           Arrival:=    5000            0     
                                              
             Setup:-     201                  
     Required Time:=    4799                  
      Launch Clock:-       0                  
         Data Path:-    1038                  
             Slack:=    3761                  

#---------------------------------------------------------------------------------------------
#    Timing Point      Flags   Arc   Edge   Cell     Fanout Load Trans Delay Arrival Instance 
#                                                           (fF)  (ps)  (ps)   (ps)  Location 
#---------------------------------------------------------------------------------------------
  PC1_PSTATE_reg[0]/CK -       -     R     (arrival)      6    -     0     0       0    (-,-) 
  PC1_PSTATE_reg[0]/Q  -       CK->Q R     DFFX1          4 13.5   162   462     462    (-,-) 
  g22278/Y             -       A->Y  F     CLKINVX1       2  8.9    81   129     591    (-,-) 
  g22276__8246/Y       -       B->Y  R     NOR2X1         4 15.6   366   304     894    (-,-) 
  g22271__1705/Y       -       B->Y  F     NOR2X1         1  3.6    92   143    1038    (-,-) 
  PC1_PSTATE_reg[0]/D  -       -     F     DFFX1          1    -     -     0    1038    (-,-) 
#---------------------------------------------------------------------------------------------



Path 7: MET (4026 ps) Setup Check with Pin PC1_PC_reg[0]/CK->SI
          Group: C2C
     Startpoint: (R) PC1_PC_reg[0]/CK
          Clock: (R) CLK
       Endpoint: (F) PC1_PC_reg[0]/SI
          Clock: (R) CLK

                     Capture       Launch     
        Clock Edge:+    5000            0     
       Src Latency:+       0            0     
       Net Latency:+       0 (I)        0 (I) 
           Arrival:=    5000            0     
                                              
             Setup:-     422                  
     Required Time:=    4578                  
      Launch Clock:-       0                  
         Data Path:-     552                  
             Slack:=    4026                  

#-----------------------------------------------------------------------------------------
#  Timing Point    Flags   Arc   Edge   Cell     Fanout Load Trans Delay Arrival Instance 
#                                                       (fF)  (ps)  (ps)   (ps)  Location 
#-----------------------------------------------------------------------------------------
  PC1_PC_reg[0]/CK -       -     R     (arrival)      6    -     0     0       0    (-,-) 
  PC1_PC_reg[0]/Q  -       CK->Q F     SDFFX1         6 21.0   148   552     552    (-,-) 
  PC1_PC_reg[0]/SI -       -     F     SDFFX1         6    -     -     0     552    (-,-) 
#-----------------------------------------------------------------------------------------



Path 8: MET (4067 ps) Setup Check with Pin PC1_PC_reg[2]/CK->SI
          Group: C2C
     Startpoint: (R) PC1_PC_reg[2]/CK
          Clock: (R) CLK
       Endpoint: (F) PC1_PC_reg[2]/SI
          Clock: (R) CLK

                     Capture       Launch     
        Clock Edge:+    5000            0     
       Src Latency:+       0            0     
       Net Latency:+       0 (I)        0 (I) 
           Arrival:=    5000            0     
                                              
             Setup:-     410                  
     Required Time:=    4590                  
      Launch Clock:-       0                  
         Data Path:-     522                  
             Slack:=    4067                  

#-----------------------------------------------------------------------------------------
#  Timing Point    Flags   Arc   Edge   Cell     Fanout Load Trans Delay Arrival Instance 
#                                                       (fF)  (ps)  (ps)   (ps)  Location 
#-----------------------------------------------------------------------------------------
  PC1_PC_reg[2]/CK -       -     R     (arrival)      6    -     0     0       0    (-,-) 
  PC1_PC_reg[2]/Q  -       CK->Q F     SDFFX1         5 15.0   117   522     522    (-,-) 
  PC1_PC_reg[2]/SI -       -     F     SDFFX1         5    -     -     0     522    (-,-) 
#-----------------------------------------------------------------------------------------



Path 9: MET (4087 ps) Setup Check with Pin PC1_PC_reg[1]/CK->SI
          Group: C2C
     Startpoint: (R) PC1_PC_reg[1]/CK
          Clock: (R) CLK
       Endpoint: (F) PC1_PC_reg[1]/SI
          Clock: (R) CLK

                     Capture       Launch     
        Clock Edge:+    5000            0     
       Src Latency:+       0            0     
       Net Latency:+       0 (I)        0 (I) 
           Arrival:=    5000            0     
                                              
             Setup:-     405                  
     Required Time:=    4595                  
      Launch Clock:-       0                  
         Data Path:-     508                  
             Slack:=    4087                  

#-----------------------------------------------------------------------------------------
#  Timing Point    Flags   Arc   Edge   Cell     Fanout Load Trans Delay Arrival Instance 
#                                                       (fF)  (ps)  (ps)   (ps)  Location 
#-----------------------------------------------------------------------------------------
  PC1_PC_reg[1]/CK -       -     R     (arrival)      6    -     0     0       0    (-,-) 
  PC1_PC_reg[1]/Q  -       CK->Q F     SDFFX1         4 12.3   103   508     508    (-,-) 
  PC1_PC_reg[1]/SI -       -     F     SDFFX1         4    -     -     0     508    (-,-) 
#-----------------------------------------------------------------------------------------



Path 10: MET (4088 ps) Setup Check with Pin PC1_PC_reg[3]/CK->SI
          Group: C2C
     Startpoint: (R) PC1_PC_reg[3]/CK
          Clock: (R) CLK
       Endpoint: (F) PC1_PC_reg[3]/SI
          Clock: (R) CLK

                     Capture       Launch     
        Clock Edge:+    5000            0     
       Src Latency:+       0            0     
       Net Latency:+       0 (I)        0 (I) 
           Arrival:=    5000            0     
                                              
             Setup:-     405                  
     Required Time:=    4595                  
      Launch Clock:-       0                  
         Data Path:-     508                  
             Slack:=    4088                  

#-----------------------------------------------------------------------------------------
#  Timing Point    Flags   Arc   Edge   Cell     Fanout Load Trans Delay Arrival Instance 
#                                                       (fF)  (ps)  (ps)   (ps)  Location 
#-----------------------------------------------------------------------------------------
  PC1_PC_reg[3]/CK -       -     R     (arrival)      6    -     0     0       0    (-,-) 
  PC1_PC_reg[3]/Q  -       CK->Q F     SDFFX1         4 12.2   102   508     508    (-,-) 
  PC1_PC_reg[3]/SI -       -     F     SDFFX1         4    -     -     0     508    (-,-) 
#-----------------------------------------------------------------------------------------



Path 11: MET (4448 ps) Late External Delay Assertion at pin PC[0]
          Group: C2O
     Startpoint: (R) PC1_PC_reg[0]/CK
          Clock: (R) CLK
       Endpoint: (F) PC[0]
          Clock: (R) CLK

                     Capture       Launch     
        Clock Edge:+    5000            0     
       Src Latency:+       0            0     
       Net Latency:+       0 (I)        0 (I) 
           Arrival:=    5000            0     
                                              
      Output Delay:-       0                  
     Required Time:=    5000                  
      Launch Clock:-       0                  
         Data Path:-     552                  
             Slack:=    4448                  

Exceptions/Constraints:
  output_delay              0              top.sdc_line_7_35_1 

#-----------------------------------------------------------------------------------------
#  Timing Point    Flags   Arc   Edge   Cell     Fanout Load Trans Delay Arrival Instance 
#                                                       (fF)  (ps)  (ps)   (ps)  Location 
#-----------------------------------------------------------------------------------------
  PC1_PC_reg[0]/CK -       -     R     (arrival)      6    -     0     0       0    (-,-) 
  PC1_PC_reg[0]/Q  -       CK->Q F     SDFFX1         6 21.0   148   552     552    (-,-) 
  PC[0]            -       -     F     (port)         -    -     -     0     552    (-,-) 
#-----------------------------------------------------------------------------------------



Path 12: MET (4478 ps) Late External Delay Assertion at pin PC[2]
          Group: C2O
     Startpoint: (R) PC1_PC_reg[2]/CK
          Clock: (R) CLK
       Endpoint: (F) PC[2]
          Clock: (R) CLK

                     Capture       Launch     
        Clock Edge:+    5000            0     
       Src Latency:+       0            0     
       Net Latency:+       0 (I)        0 (I) 
           Arrival:=    5000            0     
                                              
      Output Delay:-       0                  
     Required Time:=    5000                  
      Launch Clock:-       0                  
         Data Path:-     522                  
             Slack:=    4478                  

Exceptions/Constraints:
  output_delay              0              top.sdc_line_7_33_1 

#-----------------------------------------------------------------------------------------
#  Timing Point    Flags   Arc   Edge   Cell     Fanout Load Trans Delay Arrival Instance 
#                                                       (fF)  (ps)  (ps)   (ps)  Location 
#-----------------------------------------------------------------------------------------
  PC1_PC_reg[2]/CK -       -     R     (arrival)      6    -     0     0       0    (-,-) 
  PC1_PC_reg[2]/Q  -       CK->Q F     SDFFX1         5 15.0   117   522     522    (-,-) 
  PC[2]            -       -     F     (port)         -    -     -     0     522    (-,-) 
#-----------------------------------------------------------------------------------------



Path 13: MET (4488 ps) Late External Delay Assertion at pin PSTATE[1]
          Group: C2O
     Startpoint: (R) PC1_PSTATE_reg[1]/CK
          Clock: (R) CLK
       Endpoint: (F) PSTATE[1]
          Clock: (R) CLK

                     Capture       Launch     
        Clock Edge:+    5000            0     
       Src Latency:+       0            0     
       Net Latency:+       0 (I)        0 (I) 
           Arrival:=    5000            0     
                                              
      Output Delay:-       0                  
     Required Time:=    5000                  
      Launch Clock:-       0                  
         Data Path:-     512                  
             Slack:=    4488                  

Exceptions/Constraints:
  output_delay              0              top.sdc_line_7_106_1 

#---------------------------------------------------------------------------------------------
#    Timing Point      Flags   Arc   Edge   Cell     Fanout Load Trans Delay Arrival Instance 
#                                                           (fF)  (ps)  (ps)   (ps)  Location 
#---------------------------------------------------------------------------------------------
  PC1_PSTATE_reg[1]/CK -       -     R     (arrival)      6    -     0     0       0    (-,-) 
  PC1_PSTATE_reg[1]/Q  -       CK->Q F     DFFX1          5 16.4   123   512     512    (-,-) 
  PSTATE[1]            -       -     F     (port)         -    -     -     0     512    (-,-) 
#---------------------------------------------------------------------------------------------



Path 14: MET (4492 ps) Late External Delay Assertion at pin PC[1]
          Group: C2O
     Startpoint: (R) PC1_PC_reg[1]/CK
          Clock: (R) CLK
       Endpoint: (F) PC[1]
          Clock: (R) CLK

                     Capture       Launch     
        Clock Edge:+    5000            0     
       Src Latency:+       0            0     
       Net Latency:+       0 (I)        0 (I) 
           Arrival:=    5000            0     
                                              
      Output Delay:-       0                  
     Required Time:=    5000                  
      Launch Clock:-       0                  
         Data Path:-     508                  
             Slack:=    4492                  

Exceptions/Constraints:
  output_delay              0              top.sdc_line_7_34_1 

#-----------------------------------------------------------------------------------------
#  Timing Point    Flags   Arc   Edge   Cell     Fanout Load Trans Delay Arrival Instance 
#                                                       (fF)  (ps)  (ps)   (ps)  Location 
#-----------------------------------------------------------------------------------------
  PC1_PC_reg[1]/CK -       -     R     (arrival)      6    -     0     0       0    (-,-) 
  PC1_PC_reg[1]/Q  -       CK->Q F     SDFFX1         4 12.3   103   508     508    (-,-) 
  PC[1]            -       -     F     (port)         -    -     -     0     508    (-,-) 
#-----------------------------------------------------------------------------------------



Path 15: MET (4492 ps) Late External Delay Assertion at pin PC[3]
          Group: C2O
     Startpoint: (R) PC1_PC_reg[3]/CK
          Clock: (R) CLK
       Endpoint: (F) PC[3]
          Clock: (R) CLK

                     Capture       Launch     
        Clock Edge:+    5000            0     
       Src Latency:+       0            0     
       Net Latency:+       0 (I)        0 (I) 
           Arrival:=    5000            0     
                                              
      Output Delay:-       0                  
     Required Time:=    5000                  
      Launch Clock:-       0                  
         Data Path:-     508                  
             Slack:=    4492                  

Exceptions/Constraints:
  output_delay              0              top.sdc_line_7_32_1 

#-----------------------------------------------------------------------------------------
#  Timing Point    Flags   Arc   Edge   Cell     Fanout Load Trans Delay Arrival Instance 
#                                                       (fF)  (ps)  (ps)   (ps)  Location 
#-----------------------------------------------------------------------------------------
  PC1_PC_reg[3]/CK -       -     R     (arrival)      6    -     0     0       0    (-,-) 
  PC1_PC_reg[3]/Q  -       CK->Q F     SDFFX1         4 12.2   102   508     508    (-,-) 
  PC[3]            -       -     F     (port)         -    -     -     0     508    (-,-) 
#-----------------------------------------------------------------------------------------



Path 16: MET (4503 ps) Late External Delay Assertion at pin PSTATE[0]
          Group: C2O
     Startpoint: (R) PC1_PSTATE_reg[0]/CK
          Clock: (R) CLK
       Endpoint: (F) PSTATE[0]
          Clock: (R) CLK

                     Capture       Launch     
        Clock Edge:+    5000            0     
       Src Latency:+       0            0     
       Net Latency:+       0 (I)        0 (I) 
           Arrival:=    5000            0     
                                              
      Output Delay:-       0                  
     Required Time:=    5000                  
      Launch Clock:-       0                  
         Data Path:-     497                  
             Slack:=    4503                  

Exceptions/Constraints:
  output_delay              0              top.sdc_line_7_107_1 

#---------------------------------------------------------------------------------------------
#    Timing Point      Flags   Arc   Edge   Cell     Fanout Load Trans Delay Arrival Instance 
#                                                           (fF)  (ps)  (ps)   (ps)  Location 
#---------------------------------------------------------------------------------------------
  PC1_PSTATE_reg[0]/CK -       -     R     (arrival)      6    -     0     0       0    (-,-) 
  PC1_PSTATE_reg[0]/Q  -       CK->Q F     DFFX1          4 13.5   108   497     497    (-,-) 
  PSTATE[0]            -       -     F     (port)         -    -     -     0     497    (-,-) 
#---------------------------------------------------------------------------------------------



Path 17: MET (4618 ps) Setup Check with Pin PC1_PC_reg[0]/CK->SE
          Group: I2C
     Startpoint: (R) RST
          Clock: (R) CLK
       Endpoint: (R) PC1_PC_reg[0]/SE
          Clock: (R) CLK

                     Capture       Launch     
        Clock Edge:+    5000            0     
        Drv Adjust:+       0            0     
       Src Latency:+       0            0     
       Net Latency:+       0 (I)        0 (I) 
           Arrival:=    5000            0     
                                              
             Setup:-     382                  
     Required Time:=    4618                  
      Launch Clock:-       0                  
       Input Delay:-       0                  
         Data Path:-       0                  
             Slack:=    4618                  

Exceptions/Constraints:
  input_delay              0              top.sdc_line_6 

#-----------------------------------------------------------------------------------------
#  Timing Point    Flags   Arc   Edge   Cell     Fanout Load Trans Delay Arrival Instance 
#                                                       (fF)  (ps)  (ps)   (ps)  Location 
#-----------------------------------------------------------------------------------------
  RST              -       -     R     (arrival)      6 26.3     0     0       0    (-,-) 
  PC1_PC_reg[0]/SE -       -     R     SDFFX1         6    -     -     0       0    (-,-) 
#-----------------------------------------------------------------------------------------



Path 18: MET (4618 ps) Setup Check with Pin PC1_PC_reg[1]/CK->SE
          Group: I2C
     Startpoint: (R) RST
          Clock: (R) CLK
       Endpoint: (R) PC1_PC_reg[1]/SE
          Clock: (R) CLK

                     Capture       Launch     
        Clock Edge:+    5000            0     
        Drv Adjust:+       0            0     
       Src Latency:+       0            0     
       Net Latency:+       0 (I)        0 (I) 
           Arrival:=    5000            0     
                                              
             Setup:-     382                  
     Required Time:=    4618                  
      Launch Clock:-       0                  
       Input Delay:-       0                  
         Data Path:-       0                  
             Slack:=    4618                  

Exceptions/Constraints:
  input_delay              0              top.sdc_line_6 

#-----------------------------------------------------------------------------------------
#  Timing Point    Flags   Arc   Edge   Cell     Fanout Load Trans Delay Arrival Instance 
#                                                       (fF)  (ps)  (ps)   (ps)  Location 
#-----------------------------------------------------------------------------------------
  RST              -       -     R     (arrival)      6 26.3     0     0       0    (-,-) 
  PC1_PC_reg[1]/SE -       -     R     SDFFX1         6    -     -     0       0    (-,-) 
#-----------------------------------------------------------------------------------------



Path 19: MET (4618 ps) Setup Check with Pin PC1_PC_reg[2]/CK->SE
          Group: I2C
     Startpoint: (R) RST
          Clock: (R) CLK
       Endpoint: (R) PC1_PC_reg[2]/SE
          Clock: (R) CLK

                     Capture       Launch     
        Clock Edge:+    5000            0     
        Drv Adjust:+       0            0     
       Src Latency:+       0            0     
       Net Latency:+       0 (I)        0 (I) 
           Arrival:=    5000            0     
                                              
             Setup:-     382                  
     Required Time:=    4618                  
      Launch Clock:-       0                  
       Input Delay:-       0                  
         Data Path:-       0                  
             Slack:=    4618                  

Exceptions/Constraints:
  input_delay              0              top.sdc_line_6 

#-----------------------------------------------------------------------------------------
#  Timing Point    Flags   Arc   Edge   Cell     Fanout Load Trans Delay Arrival Instance 
#                                                       (fF)  (ps)  (ps)   (ps)  Location 
#-----------------------------------------------------------------------------------------
  RST              -       -     R     (arrival)      6 26.3     0     0       0    (-,-) 
  PC1_PC_reg[2]/SE -       -     R     SDFFX1         6    -     -     0       0    (-,-) 
#-----------------------------------------------------------------------------------------



Path 20: MET (4618 ps) Setup Check with Pin PC1_PC_reg[3]/CK->SE
          Group: I2C
     Startpoint: (R) RST
          Clock: (R) CLK
       Endpoint: (R) PC1_PC_reg[3]/SE
          Clock: (R) CLK

                     Capture       Launch     
        Clock Edge:+    5000            0     
        Drv Adjust:+       0            0     
       Src Latency:+       0            0     
       Net Latency:+       0 (I)        0 (I) 
           Arrival:=    5000            0     
                                              
             Setup:-     382                  
     Required Time:=    4618                  
      Launch Clock:-       0                  
       Input Delay:-       0                  
         Data Path:-       0                  
             Slack:=    4618                  

Exceptions/Constraints:
  input_delay              0              top.sdc_line_6 

#-----------------------------------------------------------------------------------------
#  Timing Point    Flags   Arc   Edge   Cell     Fanout Load Trans Delay Arrival Instance 
#                                                       (fF)  (ps)  (ps)   (ps)  Location 
#-----------------------------------------------------------------------------------------
  RST              -       -     R     (arrival)      6 26.3     0     0       0    (-,-) 
  PC1_PC_reg[3]/SE -       -     R     SDFFX1         6    -     -     0       0    (-,-) 
#-----------------------------------------------------------------------------------------

Some unconstrained paths have not been displayed.
Use -unconstrained or set the root attribute 'timing_report_unconstrained' to 'true' to see only these unconstrained paths.

