============================================================
  Generated by:           Genus(TM) Synthesis Solution 21.18-s082_1
  Generated on:           Jun 15 2026  07:19:35 pm
  Module:                 RISC_V3
  Operating conditions:   ss_1.62_125 
  Interconnect mode:      global
  Area mode:              physical library
============================================================

Timing
--------

Clock Period 
-------------
CLK   5000.0 


  Cost    Critical         Violating 
 Group   Path Slack  TNS     Paths   
-------------------------------------
C2C          3009.4   0.0          0 
C2O          4447.9   0.0          0 
CLK        No paths   0.0            
default    No paths   0.0            
I2C          4618.2   0.0          0 
I2O        No paths   0.0            
-------------------------------------
Total                 0.0          0 

Instance Count
--------------
Leaf Instance Count             26 
Physical Instance count          0 
Sequential Instance Count        6 
Combinational Instance Count    20 
Hierarchical Instance Count      0 

Area
----
Cell Area                          413.255
Physical Cell Area                 0.000
Total Cell Area (Cell+Physical)    413.255
Net Area                           594.123
Total Area (Cell+Physical+Net)     1007.378

Runtime                            0.0 seconds
Elapsed Runtime                    124 seconds
Genus peak memory usage            1675.43 
Innovus peak memory usage          no_value 
Hostname                           cadence
