============================================================
  Generated by:           Genus(TM) Synthesis Solution 21.18-s082_1
  Generated on:           Jun 15 2026  07:19:38 pm
  Module:                 RISC_V3
  Operating conditions:   ss_1.62_125 
  Interconnect mode:      global
  Area mode:              physical library
============================================================


Path 1: MET (3053 ps) Setup Check with Pin PC1_PC_reg[3]/CK->D
          Group: C2C
     Startpoint: (R) PC1_PSTATE_reg[1]/CK
          Clock: (R) CLK
       Endpoint: (R) PC1_PC_reg[3]/D
          Clock: (R) CLK

                     Capture       Launch     
        Clock Edge:+    5000            0     
       Src Latency:+       0            0     
       Net Latency:+       0 (I)        0 (I) 
           Arrival:=    5000            0     
                                              
             Setup:-     350                  
     Required Time:=    4650                  
      Launch Clock:-       0                  
         Data Path:-    1597                  
             Slack:=    3053                  

#---------------------------------------------------------------------------------------------
#    Timing Point      Flags   Arc   Edge   Cell     Fanout Load Trans Delay Arrival Instance 
#                                                           (fF)  (ps)  (ps)   (ps)  Location 
#---------------------------------------------------------------------------------------------
  PC1_PSTATE_reg[1]/CK -       -     R     (arrival)      6    -     0     0       0    (-,-) 
  PC1_PSTATE_reg[1]/Q  -       CK->Q F     DFFX1          5 16.4   123   512     512    (-,-) 
  g22276__8246/Y       -       A->Y  R     NOR2X1         4 15.6   366   338     850    (-,-) 
  g22275/Y             -       A->Y  F     CLKINVX1       3 11.5   139   213    1063    (-,-) 
  g22267__5526/Y       -       D->Y  R     NOR4X1         1  4.9   367   282    1345    (-,-) 
  g22260__2398/Y       -       B0->Y F     AOI21X1        1  4.8   114   158    1503    (-,-) 
  g22259/Y             -       A->Y  R     CLKINVX1       1  3.7    71    94    1597    (-,-) 
  PC1_PC_reg[3]/D      -       -     R     SDFFX1         1    -     -     0    1597    (-,-) 
#---------------------------------------------------------------------------------------------

