============================================================
  Generated by:           Genus(TM) Synthesis Solution 21.18-s082_1
  Generated on:           Jun 15 2026  07:19:36 pm
  Module:                 RISC_V3
  Operating conditions:   ss_1.62_125 
  Interconnect mode:      global
  Area mode:              physical library
============================================================


Path 1: MET (4618 ps) Setup Check with Pin PC1_PC_reg[0]/CK->SE
          Group: I2C
     Startpoint: (R) RST
          Clock: (R) CLK
       Endpoint: (R) PC1_PC_reg[0]/SE
          Clock: (R) CLK

                     Capture       Launch     
        Clock Edge:+    5000            0     
        Drv Adjust:+       0            0     
       Src Latency:+       0            0     
       Net Latency:+       0 (I)        0 (I) 
           Arrival:=    5000            0     
                                              
             Setup:-     382                  
     Required Time:=    4618                  
      Launch Clock:-       0                  
       Input Delay:-       0                  
         Data Path:-       0                  
             Slack:=    4618                  

Exceptions/Constraints:
  input_delay              0              top.sdc_line_6 

#-----------------------------------------------------------------------------------------
#  Timing Point    Flags   Arc   Edge   Cell     Fanout Load Trans Delay Arrival Instance 
#                                                       (fF)  (ps)  (ps)   (ps)  Location 
#-----------------------------------------------------------------------------------------
  RST              -       -     R     (arrival)      6 26.3     0     0       0    (-,-) 
  PC1_PC_reg[0]/SE -       -     R     SDFFX1         6    -     -     0       0    (-,-) 
#-----------------------------------------------------------------------------------------

