============================================================
  Generated by:           Genus(TM) Synthesis Solution 21.18-s082_1
  Generated on:           Jun 15 2026  07:17:53 pm
  Module:                 RISC_V3
  Operating conditions:   ss_1.62_125 
  Interconnect mode:      global
  Area mode:              physical library
============================================================

Some unconstrained paths have not been displayed.
Use -unconstrained or set the root attribute 'timing_report_unconstrained' to 'true' to see only these unconstrained paths.

============================================================
  Generated by:           Genus(TM) Synthesis Solution 21.18-s082_1
  Generated on:           Jun 15 2026  07:17:53 pm
  Module:                 RISC_V3
  Operating conditions:   ss_1.62_125 
  Interconnect mode:      global
  Area mode:              physical library
============================================================

No paths found

============================================================
  Generated by:           Genus(TM) Synthesis Solution 21.18-s082_1
  Generated on:           Jun 15 2026  07:17:53 pm
  Module:                 RISC_V3
  Operating conditions:   ss_1.62_125 
  Interconnect mode:      global
  Area mode:              physical library
============================================================


Path 1: MET (4312 ps) Setup Check with Pin PC1/IR_reg[31]/clk->sena
          Group: I2C
     Startpoint: (F) RST
          Clock: (R) CLK
       Endpoint: (R) PC1/IR_reg[31]/sena
          Clock: (R) CLK

                     Capture       Launch     
        Clock Edge:+    5000            0     
        Drv Adjust:+       0            0     
       Src Latency:+       0            0     
       Net Latency:+       0 (I)        0 (I) 
           Arrival:=    5000            0     
                                              
             Setup:-     373                  
     Required Time:=    4627                  
      Launch Clock:-       0                  
       Input Delay:-       0                  
         Data Path:-     315                  
             Slack:=    4312                  

Exceptions/Constraints:
  input_delay              0              top.sdc_line_6 

#----------------------------------------------------------------------------------------------------
#    Timing Point     Flags    Arc    Edge      Cell        Fanout Load Trans Delay Arrival Instance 
#                                                                  (fF)  (ps)  (ps)   (ps)  Location 
#----------------------------------------------------------------------------------------------------
  RST                 (u)     -       F     (arrival)         1060 81.9     0     0       0    (-,-) 
  PC1/g43/z           (u)     in_0->z R     unmapped_not        40 57.6     0   315     315    (-,-) 
  PC1/IR_reg[31]/sena -       -       R     unmapped_d_flop     40    -     -     0     315    (-,-) 
#----------------------------------------------------------------------------------------------------

(u) : Net has unmapped pin(s).

============================================================
  Generated by:           Genus(TM) Synthesis Solution 21.18-s082_1
  Generated on:           Jun 15 2026  07:17:53 pm
  Module:                 RISC_V3
  Operating conditions:   ss_1.62_125 
  Interconnect mode:      global
  Area mode:              physical library
============================================================


Path 1: MET (2203 ps) Late External Delay Assertion at pin DM_IN[0]
          Group: C2O
     Startpoint: (R) PC1/PSTATE_reg[2]/clk
          Clock: (R) CLK
       Endpoint: (R) DM_IN[0]
          Clock: (R) CLK

                     Capture       Launch     
        Clock Edge:+    5000            0     
       Src Latency:+       0            0     
       Net Latency:+       0 (I)        0 (I) 
           Arrival:=    5000            0     
                                              
      Output Delay:-       0                  
     Required Time:=    5000                  
      Launch Clock:-       0                  
         Data Path:-    2797                  
             Slack:=    2203                  

Exceptions/Constraints:
  output_delay              0              top.sdc_line_7_31_1 

#---------------------------------------------------------------------------------------------------------------------
#            Timing Point             Flags    Arc    Edge      Cell        Fanout  Load Trans Delay Arrival Instance 
#                                                                                   (fF)  (ps)  (ps)   (ps)  Location 
#---------------------------------------------------------------------------------------------------------------------
  PC1/PSTATE_reg[2]/clk               -       -       R     (arrival)         1099     -     0     0       0    (-,-) 
  PC1/PSTATE_reg[2]/q                 (u)     clk->q  R     unmapped_d_flop     12  72.2     0   878     878    (-,-) 
  PC1/g1323/z                         (u)     in_0->z R     unmapped_and2        1   6.4     0    82     960    (-,-) 
  PC1/g1324/z                         (u)     in_3->z R     unmapped_and4        4  25.6     0   267    1227    (-,-) 
  PC1/mux_44_40/g4/z                  (u)     sel0->z R     unmapped_bmux3      32 204.8     0   498    1724    (-,-) 
  PC1/mux_RF[RF_RD_ADDR2]_50_16/g32/z (u)     sel0->z R     unmapped_bmux20     35 219.4     0  1073    2797    (-,-) 
  DM_IN[0]                            -       -       R     (port)               -     -     -     0    2797    (-,-) 
#---------------------------------------------------------------------------------------------------------------------

(u) : Net has unmapped pin(s).

============================================================
  Generated by:           Genus(TM) Synthesis Solution 21.18-s082_1
  Generated on:           Jun 15 2026  07:17:53 pm
  Module:                 RISC_V3
  Operating conditions:   ss_1.62_125 
  Interconnect mode:      global
  Area mode:              physical library
============================================================


Path 1: VIOLATED (-1331 ps) Setup Check with Pin PC1/RF_reg[15][31]/clk->d
          Group: C2C
     Startpoint: (R) PC1/PSTATE_reg[2]/clk
          Clock: (R) CLK
       Endpoint: (R) PC1/RF_reg[15][31]/d
          Clock: (R) CLK

                     Capture       Launch     
        Clock Edge:+    5000            0     
       Src Latency:+       0            0     
       Net Latency:+       0 (I)        0 (I) 
           Arrival:=    5000            0     
                                              
             Setup:-     463                  
     Required Time:=    4537                  
      Launch Clock:-       0                  
         Data Path:-    5868                  
             Slack:=   -1331                  

#----------------------------------------------------------------------------------------------------------------------
#            Timing Point             Flags     Arc    Edge      Cell        Fanout  Load Trans Delay Arrival Instance 
#                                                                                    (fF)  (ps)  (ps)   (ps)  Location 
#----------------------------------------------------------------------------------------------------------------------
  PC1/PSTATE_reg[2]/clk               -       -        R     (arrival)         1099     -     0     0       0    (-,-) 
  PC1/PSTATE_reg[2]/q                 (u)     clk->q   R     unmapped_d_flop     12  72.2     0   878     878    (-,-) 
  PC1/g1323/z                         (u)     in_0->z  R     unmapped_and2        1   6.4     0    82     960    (-,-) 
  PC1/g1324/z                         (u)     in_3->z  R     unmapped_and4        4  25.6     0   267    1227    (-,-) 
  PC1/mux_44_40/g4/z                  (u)     sel0->z  R     unmapped_bmux3      32 204.8     0   498    1724    (-,-) 
  PC1/mux_RF[RF_RD_ADDR2]_50_16/g31/z (u)     sel0->z  F     unmapped_bmux20     34 209.7     0  1070    2795    (-,-) 
  PC1/sub_97_24/g32/z                 (u)     in_0->z  R     unmapped_not         2  12.8     0    90    2885    (-,-) 
  PC1/sub_97_24/g36/z                 (u)     in_1->z  F     unmapped_nor2        1   6.3     0    82    2967    (-,-) 
  PC1/sub_97_24/g98/z                 (u)     in_0->z  R     unmapped_not         2  12.8     0    90    3058    (-,-) 
  PC1/sub_97_24/g99/z                 (u)     in_1->z  F     unmapped_nand2       1   6.3     0    82    3140    (-,-) 
  PC1/sub_97_24/g100/z                (u)     in_1->z  R     unmapped_nand2       3  19.2     0   135    3274    (-,-) 
  PC1/sub_97_24/g164/z                (u)     in_1->z  F     unmapped_nand2       1   6.3     0    82    3356    (-,-) 
  PC1/sub_97_24/g165/z                (u)     in_1->z  R     unmapped_nand2       5  32.0     0   180    3536    (-,-) 
  PC1/sub_97_24/g245/z                (u)     in_0->z  F     unmapped_nand2       1   6.3     0    82    3618    (-,-) 
  PC1/sub_97_24/g246/z                (u)     in_1->z  R     unmapped_nand2       9  57.6     0   232    3850    (-,-) 
  PC1/sub_97_24/g315/z                (u)     in_1->z  F     unmapped_nand2       1   6.3     0    82    3931    (-,-) 
  PC1/sub_97_24/g316/z                (u)     in_1->z  R     unmapped_nand2      16  25.6     0   224    4155    (-,-) 
  PC1/sub_97_24/g395/z                (u)     in_0->z  F     unmapped_nand2       1   6.3     0    82    4237    (-,-) 
  PC1/sub_97_24/g396/z                (u)     in_1->z  R     unmapped_nand2       1   6.4     0    82    4319    (-,-) 
  PC1/sub_97_24/g479/z                (u)     in_0->z  R     unmapped_xnor2       1   6.4     0   216    4535    (-,-) 
  PC1/mux_ALU_OUT_95_11/g1/z          (u)     data1->z R     unmapped_bmux20      2  12.8     0   816    5351    (-,-) 
  PC1/mux_RF_IN_91_12/g1/z            (u)     data0->z R     unmapped_mux6        1   6.4     0   188    5539    (-,-) 
  PC1/mux_RF_IN_81_8/g1/z             (u)     data0->z R     unmapped_mux6       16  25.6     0   330    5868    (-,-) 
  PC1/RF_reg[15][31]/d                -       -        R     unmapped_d_flop     16     -     -     0    5868    (-,-) 
#----------------------------------------------------------------------------------------------------------------------

(u) : Net has unmapped pin(s).

============================================================
  Generated by:           Genus(TM) Synthesis Solution 21.18-s082_1
  Generated on:           Jun 15 2026  07:17:54 pm
  Module:                 RISC_V3
  Operating conditions:   ss_1.62_125 
  Interconnect mode:      global
  Area mode:              physical library
============================================================

No paths found

