============================================================
  Generated by:           Genus(TM) Synthesis Solution 21.18-s082_1
  Generated on:           Jun 15 2026  07:19:36 pm
  Module:                 RISC_V3
  Operating conditions:   ss_1.62_125 
  Interconnect mode:      global
  Area mode:              physical library
============================================================


Path 1: MET (3009 ps) Setup Check with Pin PC1_PC_reg[3]/CK->D
          Group: C2C
     Startpoint: (R) PC1_PSTATE_reg[0]/CK
          Clock: (R) CLK
       Endpoint: (R) PC1_PC_reg[3]/D
          Clock: (R) CLK

                     Capture       Launch     
        Clock Edge:+    5000            0     
       Src Latency:+       0            0     
       Net Latency:+       0 (I)        0 (I) 
           Arrival:=    5000            0     
                                              
             Setup:-     350                  
     Required Time:=    4650                  
      Launch Clock:-       0                  
         Data Path:-    1641                  
             Slack:=    3009                  

#---------------------------------------------------------------------------------------------
#    Timing Point      Flags   Arc   Edge   Cell     Fanout Load Trans Delay Arrival Instance 
#                                                           (fF)  (ps)  (ps)   (ps)  Location 
#---------------------------------------------------------------------------------------------
  PC1_PSTATE_reg[0]/CK -       -     R     (arrival)      6    -     0     0       0    (-,-) 
  PC1_PSTATE_reg[0]/Q  -       CK->Q R     DFFX1          4 13.5   162   462     462    (-,-) 
  g22278/Y             -       A->Y  F     CLKINVX1       2  8.9    81   129     591    (-,-) 
  g22276__8246/Y       -       B->Y  R     NOR2X1         4 15.6   366   304     894    (-,-) 
  g22275/Y             -       A->Y  F     CLKINVX1       3 11.5   139   213    1107    (-,-) 
  g22267__5526/Y       -       D->Y  R     NOR4X1         1  4.9   367   282    1388    (-,-) 
  g22260__2398/Y       -       B0->Y F     AOI21X1        1  4.8   114   158    1547    (-,-) 
  g22259/Y             -       A->Y  R     CLKINVX1       1  3.7    71    94    1641    (-,-) 
  PC1_PC_reg[3]/D      -       -     R     SDFFX1         1    -     -     0    1641    (-,-) 
#---------------------------------------------------------------------------------------------

