============================================================
  Generated by:           Genus(TM) Synthesis Solution 21.18-s082_1
  Generated on:           Jun 15 2026  07:19:38 pm
  Module:                 RISC_V3
  Operating conditions:   ss_1.62_125 
  Interconnect mode:      global
  Area mode:              physical library
============================================================

                               Leakage   Internal  
  Gate    Instances   Area   Power (nW) Power (nW)        Library        
-------------------------------------------------------------------------
AOI21X1           3   28.566      0.700    680.843    sky130_ss_1.62_125 
CLKINVX1          5   28.566      0.967    480.177    sky130_ss_1.62_125 
DFFX1             2   68.558     13.322  13831.550    sky130_ss_1.62_125 
MX2X1             1   15.235      1.984    554.444    sky130_ss_1.62_125 
NAND2X1           1    7.618      0.143    129.088    sky130_ss_1.62_125 
NAND3X1           1    9.522      0.089     78.012    sky130_ss_1.62_125 
NOR2X1            3   22.853      0.691    273.917    sky130_ss_1.62_125 
NOR4X1            1   11.426      0.045     25.549    sky130_ss_1.62_125 
OAI21X1           3   28.566      1.238    783.455    sky130_ss_1.62_125 
OR3X1             1   11.426      0.423     89.663    sky130_ss_1.62_125 
SDFFX1            4  175.205     31.611  31249.326    sky130_ss_1.62_125 
-------------------------------------------------------------------------
total            25  407.542     51.212  48176.025                       


                                          Leakage  Leakage  Internal  Internal 
     Type      Instances   Area  Area % Power (nW) Power % Power (nW)  Power % 
-------------------------------------------------------------------------------
sequential             6 243.763   59.8     44.933    87.7  45080.877     93.6 
inverter               5  28.566    7.0      0.967     1.9    480.177      1.0 
logic                 14 135.212   33.2      5.312    10.4   2614.971      5.4 
physical_cells         0   0.000    0.0      0.000     0.0      0.000      0.0 
-------------------------------------------------------------------------------
total                 25 407.542  100.0     51.212   100.0  48176.025    100.0 

