============================================================
  Generated by:           Genus(TM) Synthesis Solution 21.18-s082_1
  Generated on:           Jun 15 2026  07:19:38 pm
  Module:                 RISC_V3
  Operating conditions:   ss_1.62_125 
  Interconnect mode:      global
  Area mode:              physical library
============================================================

Timing
--------

Clock Period 
-------------
CLK   5000.0 


  Cost    Critical         Violating 
 Group   Path Slack  TNS     Paths   
-------------------------------------
C2C          3053.3   0.0          0 
C2O          4447.9   0.0          0 
CLK        No paths   0.0            
default    No paths   0.0            
I2C          4618.2   0.0          0 
I2O        No paths   0.0            
-------------------------------------
Total                 0.0          0 

Instance Count
--------------
Leaf Instance Count             25 
Physical Instance count          0 
Sequential Instance Count        6 
Combinational Instance Count    19 
Hierarchical Instance Count      0 

Area
----
Cell Area                          407.542
Physical Cell Area                 0.000
Total Cell Area (Cell+Physical)    407.542
Net Area                           587.763
Total Area (Cell+Physical+Net)     995.305

Runtime                            0.0 seconds
Elapsed Runtime                    127 seconds
Genus peak memory usage            1675.25 
Innovus peak memory usage          no_value 
Hostname                           cadence
