
Cadence Innovus(TM) Implementation System.
Copyright 2021 Cadence Design Systems, Inc. All rights reserved worldwide.

Version:	v21.18-s099_1, built Tue Jul 18 13:03:50 PDT 2023
Options:	
Date:		Sat Jul 11 17:03:58 2026
Host:		cadence (x86_64 w/Linux 3.10.0-1160.el7.x86_64) (8cores*32cpus*Intel(R) Xeon(R) CPU E5-2440 v2 @ 1.90GHz 20480KB)
OS:		Red Hat Enterprise Linux Server 7.9 (Maipo)

License:
		[17:03:58.095681] Configured Lic search path (21.01-s002): 5280@cadence

		invs	Innovus Implementation System	21.1	checkout succeeded
		8 CPU jobs allowed with the current license(s). Use setMultiCpuUsage to set your required CPU count.
Change the soft stacksize limit to 0.2%RAM (386 mbytes). Set global soft_stack_size_limit to change the value.

**INFO:  MMMC transition support version v31-84 

<CMD> set_global _enable_mmmc_by_default_flow      $CTE::mmmc_default
<CMD> suppressMessage ENCEXT-2799
<CMD> getVersion
<CMD> define_proc_arguments ViaFillQor -info {This procedure extracts Viafill details from innovus db} -define_args {
		{-window "window coordinates" "" list optional}
		{-window_size "window size in microns" "" string optional}
	
	}
[INFO] Loading Pegasus 22.24 fill procedures
<CMD> define_proc_arguments ProcessFills -info {This procedure processes Fill types} -define_args {
    {-fillInfo "Design Fill data" "" list required}
				{-csvName "File path for Fill Data csv file" "Path of CSV file" string required}
				{-selectFill "type of fill to be selected in session" "list of BRIDGE/EXTENSION/STAMP/FLOATING" list required}
    {-output_data "Boolean Flag to output Fill Data for further processing" "" string required}
}
<CMD> define_proc_arguments FillQor -info {This procedure extracts fill details from innovus db} -define_args {
    {-layers "Fills Cleanup on which all layers" "list of Metal/Routing layers" list optional}
				{-selectFill "type of fill to be selected in session" "list of BRIDGE/EXTENSION/STAMP/FLOATING" list optional}
				{-outData "Boolean Flag to output Fill Data for further processing" "" boolean optional}
    {-outDataFile "File path for Fill Data csv file" "Path of CSV file" string optional}
}
<CMD> define_proc_arguments ProcessFills_fast -info {This procedure processes Fill types} -define_args {
    {-fillInfo "Design Fill data" "" list required}
				{-csvName "File path for Fill Data csv file" "Path of CSV file" string required}
				{-selectFill "type of fill to be selected in session" "list of BRIDGE/EXTENSION/STAMP/FLOATING" list required}
    {-output_data "Boolean Flag to output Fill Data for further processing" "" string required}
}
<CMD> define_proc_arguments FillQor_fast -info {This procedure extracts fill details from innovus db} -define_args {
    {-layers "Fills Cleanup on which all layers" "list of Metal/Routing layers" list optional}
				{-selectFill "type of fill to be selected in session" "list of BRIDGE/EXTENSION/STAMP/FLOATING" list optional}
				{-outData "Boolean Flag to output Fill Data for further processing" "" boolean optional}
    {-outDataFile "File path for Fill Data csv file" "Path of CSV file" string optional}
}
<CMD> define_proc_arguments ProcessFills_fast_stampOnly -info {This procedure processes Fill types} -define_args {
    {-fillInfo "Design Fill data" "" list required}
	
}
<CMD> define_proc_arguments FillQor_fast_stampOnly -info {This procedure extracts fill details from innovus db} -define_args {
    {-layers "Fills Cleanup on which all layers" "list of Metal/Routing layers" list optional}
}
<CMD> win
couldn't read file "pnr/DBS/signoff.enc": no such file or directory
<CMD> zoomBox -0.05600 -0.04300 0.12400 0.12000
<CMD> zoomBox -0.02500 -0.01500 0.10500 0.10300
<CMD> zoomBox -0.01300 -0.00400 0.09800 0.09700
<CMD> zoomBox -0.15000 -0.09200 0.36600 0.13700
<CMD> zoomBox -0.00400 0.00300 0.19200 0.09000
<CMD> zoomBox -0.21600 -0.06800 0.30800 0.16400
<CMD> zoomBox -0.89400 -0.32800 0.74300 0.39800
<CMD> is_common_ui_mode
<CMD> restoreDesign /home/B2_Faysal/UDIF/aiub_vlsi_impl_demo/projects/my_risc/pnr_sky_V1/DBS/signoff.enc.dat RISC_V3
#% Begin load design ... (date=07/11 17:09:22, mem=765.1M)
Set Default Input Pin Transition as 0.1 ps.
Loading design 'RISC_V3' saved by 'Innovus' '21.18-s099_1' on 'Sat Jul 11 16:59:27 2026'.
% Begin Load MMMC data ... (date=07/11 17:09:23, mem=767.7M)
% End Load MMMC data ... (date=07/11 17:09:23, total cpu=0:00:00.0, real=0:00:00.0, peak res=768.0M, current mem=768.0M)
rctypical

Loading LEF file /home/B2_Faysal/UDIF/aiub_vlsi_impl_demo/projects/my_risc/pnr_sky_V1/DBS/signoff.enc.dat/libs/lef/sky130_scl_9T.tlef ...

Loading LEF file /home/B2_Faysal/UDIF/aiub_vlsi_impl_demo/projects/my_risc/pnr_sky_V1/DBS/signoff.enc.dat/libs/lef/sky130_scl_9T.lef ...
Set DBUPerIGU to M2 pitch 460.
**WARN: (IMPLF-200):	Pin 'A' in macro 'ANTENNA' has no ANTENNAGATEAREA value defined. The library data is incomplete and some process antenna rules will not be checked correctly.
Type 'man IMPLF-200' for more detail.

##  Check design process and node:  
##  Both design process and tech node are not set.

Loading view definition file from /home/B2_Faysal/UDIF/aiub_vlsi_impl_demo/projects/my_risc/pnr_sky_V1/DBS/signoff.enc.dat/viewDefinition.tcl
Reading slow_libs timing library '/home/eee/sky130_cadence/sky130_scl_9T_0.0.5/lib/sky130_ss_1.62_125_nldm.lib' ...
Read 109 cells in library 'sky130_ss_1.62_125' 
Reading fast_libs timing library '/home/eee/sky130_cadence/sky130_scl_9T_0.0.5/lib/sky130_ff_1.98_0_nldm.lib' ...
Read 109 cells in library 'sky130_ff_1.98_0' 
*** End library_loading (cpu=0.02min, real=0.02min, mem=19.0M, fe_cpu=1.65min, fe_real=5.43min, fe_mem=1040.6M) ***
% Begin Load netlist data ... (date=07/11 17:09:24, mem=783.1M)
*** Begin netlist parsing (mem=1040.6M) ***
Created 109 new cells from 2 timing libraries.
Reading netlist ...
Backslashed names will retain backslash and a trailing blank character.
Reading verilogBinary netlist '/home/B2_Faysal/UDIF/aiub_vlsi_impl_demo/projects/my_risc/pnr_sky_V1/DBS/signoff.enc.dat/RISC_V3.v.bin'

*** Memory Usage v#1 (Current mem = 1048.633M, initial mem = 478.109M) ***
*** End netlist parsing (cpu=0:00:00.0, real=0:00:00.0, mem=1048.6M) ***
% End Load netlist data ... (date=07/11 17:09:24, total cpu=0:00:00.0, real=0:00:00.0, peak res=788.8M, current mem=788.8M)
Set top cell to RISC_V3.
Hooked 218 DB cells to tlib cells.
Starting recursive module instantiation check.
No recursion found.
Building hierarchical netlist for Cell RISC_V3 ...
*** Netlist is unique.
** info: there are 228 modules.
** info: there are 4164 stdCell insts.

*** Memory Usage v#1 (Current mem = 1096.059M, initial mem = 478.109M) ***
*info: set bottom ioPad orient R0
**WARN: (IMPFP-3961):	The techSite 'CornerSite' has no related standard cells in the LEF/OA library. The calculations for this site type cannot be made unless standard cell models of this type exist in the LEF/OA library. Ignore this warning if the SITE is not used by the library. Alternatively, remove the SITE definition for the LEF/OA library to avoid this message.
Type 'man IMPFP-3961' for more detail.
**WARN: (IMPFP-3961):	The techSite 'IOSite' has no related standard cells in the LEF/OA library. The calculations for this site type cannot be made unless standard cell models of this type exist in the LEF/OA library. Ignore this warning if the SITE is not used by the library. Alternatively, remove the SITE definition for the LEF/OA library to avoid this message.
Type 'man IMPFP-3961' for more detail.
Start create_tracks
Generated pitch 3.66 in met5 is different from 3.22 defined in technology file in preferred direction.
Generated pitch 0.615 in met4 is different from 0.69 defined in technology file in preferred direction.
Generated pitch 0.61 in met3 is different from 0.69 defined in technology file in preferred direction.
Loading preference file /home/B2_Faysal/UDIF/aiub_vlsi_impl_demo/projects/my_risc/pnr_sky_V1/DBS/signoff.enc.dat/gui.pref.tcl ...
##  Process: 130           (User Set)               
##     Node: (not set)                           

##  Check design process and node:  
##  Design tech node is not set.

Applying the recommended capacitance filtering threshold values for 130nm process node: total_c_th=0, relative_c_th=1 and coupling_c_th=0.4.
	These values will be used by all post-route extraction engines, including TQuantus, IQuantus and Quantus QRC extraction.
	Capacitance filtering mode(-capFilterMode option of the setExtractRCMode) is 'relAndCoup' for all engines.
	The accuracy mode for postRoute effortLevel low extraction will be set to 'standard'.
	Default value for EffortLevel(-effortLevel option of the setExtractRCMode) in postRoute extraction mode is 'low'.
Slack adjustment of -0 applied on <default> path group
**WARN: (IMPOPT-3602):	The specified path group name reg2reg is not defined.
Type 'man IMPOPT-3602' for more detail.
Effort level <high> specified for reg2reg path_group
Slack adjustment of -0 applied on reg2reg path_group
**WARN: (IMPTCM-77):	Option "-drouteStartIteration" for command setNanoRouteMode is obsolete and will be removed in a future release. The obsolete option still works in this release but to avoid this warning and to ensure compatibility with future releases, remove the obsolete option from your script.
#WARNING (NRIF-91) Option setNanoRouteMode -routeTopRoutingLayer is obsolete. It will continue to work for the current release. To ensure compatibility with future releases, use option setDesignMode -topRoutingLayer instead.
AAE_INFO: switching -siAware from false to true ...
AAE_INFO: The setting is changed from false to true in setDelayCalMode -SIAware
**WARN: (IMPPTN-867):	Found use of setPinAssignMode -maxLayer. This will continue to work in this release; however, it is recommended to use setDesignMode -topRoutingLayer instead.
**WARN: (IMPPTN-867):	Found use of setPinAssignMode -maxLayer. This will continue to work in this release; however, it is recommended to use setDesignMode -topRoutingLayer instead.
addRing command will ignore shorts while creating rings.
addRing command will disallow rings to go over rows.
addRing command will consider rows while creating rings.
The ring targets are set to core/block ring wires.
addStripe will allow jog to connect padcore ring and block ring.

Stripes will not extend to closest target.
When breaking rings, the power planner will consider the existence of blocks.
addStripe will break automatically at non-default domains when generating global stripes over the core area or default domain.
The entire stripe set will break at the domain if one of the nets is not in the domain.
Stripes will not be created over regions without power planning wires.
Offset for stripe breaking is set to 0.
Stripes will stop at the boundary of the specified area.
The power planner will set stripe antenna targets to none (no trimming allowed).
**WARN: (IMPPSP-1003):	Found use of 'setRouteMode -earlyGlobalMaxRouteLayer'. This will continue to work in this release; however, it is recommended to use 'setDesignMode -topRoutingLayer' instead.
**WARN: (IMPPSP-1003):	Found use of 'setRouteMode -earlyGlobalMinRouteLayer'. This will continue to work in this release; however, it is recommended to use 'setDesignMode -bottomRoutingLayer' instead.
Change floorplan default-technical-site to 'CoreSite'.
*Info: initialize multi-corner CTS.
Reading typical_libs timing library '/home/eee/sky130_cadence/sky130_scl_9T_0.0.5/lib/sky130_tt_1.8_25_nldm.lib' ...
Read 109 cells in library 'sky130_tt_1.8_25' 
Total number of combinational cells: 87
Total number of sequential cells: 19
Total number of tristate cells: 3
Total number of level shifter cells: 0
Total number of power gating cells: 0
Total number of isolation cells: 0
Total number of power switch cells: 0
Total number of pulse generator cells: 0
Total number of always on buffers: 0
Total number of retention cells: 0
Total number of physical cells: 0
List of usable buffers: BUFX16 BUFX2 BUFX4 BUFX8 CLKBUFX2 CLKBUFX4 CLKBUFX8
Total number of usable buffers: 7
List of unusable buffers:
Total number of unusable buffers: 0
List of usable inverters: CLKINVX1 INVX1 CLKINVX2 CLKINVX4 CLKINVX8 INVX16 INVX2 INVX4 INVX8
Total number of usable inverters: 9
List of unusable inverters:
Total number of unusable inverters: 0
List of identified usable delay cells: DLY1X1 DLY1X4 DLY2X4 DLY4X4
Total number of identified usable delay cells: 4
List of identified unusable delay cells:
Total number of identified unusable delay cells: 0
Reading floorplan file - /home/B2_Faysal/UDIF/aiub_vlsi_impl_demo/projects/my_risc/pnr_sky_V1/DBS/signoff.enc.dat/RISC_V3.fp.gz (mem = 1358.6M).
% Begin Load floorplan data ... (date=07/11 17:09:27, mem=1087.1M)
*info: reset 4823 existing net BottomPreferredLayer and AvoidDetour
Deleting old partition specification.
Set FPlanBox to (0 0 322000 318320)
**WARN: (IMPFP-3961):	The techSite 'CornerSite' has no related standard cells in the LEF/OA library. The calculations for this site type cannot be made unless standard cell models of this type exist in the LEF/OA library. Ignore this warning if the SITE is not used by the library. Alternatively, remove the SITE definition for the LEF/OA library to avoid this message.
Type 'man IMPFP-3961' for more detail.
**WARN: (IMPFP-3961):	The techSite 'IOSite' has no related standard cells in the LEF/OA library. The calculations for this site type cannot be made unless standard cell models of this type exist in the LEF/OA library. Ignore this warning if the SITE is not used by the library. Alternatively, remove the SITE definition for the LEF/OA library to avoid this message.
Type 'man IMPFP-3961' for more detail.
Start create_tracks
Generated pitch 3.66 in met5 is different from 3.22 defined in technology file in preferred direction.
Generated pitch 0.615 in met4 is different from 0.69 defined in technology file in preferred direction.
Generated pitch 0.61 in met3 is different from 0.69 defined in technology file in preferred direction.
 ... processed partition successfully.
Reading binary special route file /home/B2_Faysal/UDIF/aiub_vlsi_impl_demo/projects/my_risc/pnr_sky_V1/DBS/signoff.enc.dat/RISC_V3.fp.spr.gz (Created by Innovus v21.18-s099_1 on Sat Jul 11 16:59:23 2026, version: 1)
Ending "Read special route file" (total cpu=0:00:00.0, real=0:00:00.0, peak res=1087.8M, current mem=1087.8M)
There are 26 nets with weight being set
There are 26 nets with bottomPreferredRoutingLayer being set
There are 84 nets with avoidDetour being set
Extracting standard cell pins and blockage ...... 
Pin and blockage extraction finished
% End Load floorplan data ... (date=07/11 17:09:28, total cpu=0:00:00.1, real=0:00:01.0, peak res=1088.6M, current mem=1088.6M)
Reading congestion map file /home/B2_Faysal/UDIF/aiub_vlsi_impl_demo/projects/my_risc/pnr_sky_V1/DBS/signoff.enc.dat/RISC_V3.route.congmap.gz ...
% Begin Load SymbolTable ... (date=07/11 17:09:28, mem=1088.8M)
Suppress "**WARN ..." messages.
Un-suppress "**WARN ..." messages.
% End Load SymbolTable ... (date=07/11 17:09:29, total cpu=0:00:00.1, real=0:00:01.0, peak res=1089.4M, current mem=1089.4M)
Loading place ...
% Begin Load placement data ... (date=07/11 17:09:29, mem=1089.4M)
Reading placement file - /home/B2_Faysal/UDIF/aiub_vlsi_impl_demo/projects/my_risc/pnr_sky_V1/DBS/signoff.enc.dat/RISC_V3.place.gz.
** Reading stdCellPlacement_binary (Created by Innovus v21.18-s099_1 on Sat Jul 11 16:59:25 2026, version# 2) ...
Read Views for adaptive view pruning ...
Read 0 views from Binary DB for adaptive view pruning
*** Checked 2 GNC rules.
*** applyConnectGlobalNets disabled.
*** Completed restorePlace (cpu=0:00:00.1 real=0:00:00.0 mem=1364.6M) ***
Total net length = 1.342e+05 (7.225e+04 6.200e+04) (ext = 1.970e+04)
% End Load placement data ... (date=07/11 17:09:29, total cpu=0:00:00.1, real=0:00:00.0, peak res=1092.4M, current mem=1092.0M)
Reading PG file /home/B2_Faysal/UDIF/aiub_vlsi_impl_demo/projects/my_risc/pnr_sky_V1/DBS/signoff.enc.dat/RISC_V3.pg.gz, version#2, (Created by Innovus v21.18-s099_1 on       Sat Jul 11 16:59:24 2026)
*** Completed restorePGFile (cpu=0:00:00.0 real=0:00:01.0 mem=1360.6M) ***
% Begin Load routing data ... (date=07/11 17:09:30, mem=1092.2M)
Reading routing file - /home/B2_Faysal/UDIF/aiub_vlsi_impl_demo/projects/my_risc/pnr_sky_V1/DBS/signoff.enc.dat/RISC_V3.route.gz.
Reading Innovus routing data (Created by Innovus v21.18-s099_1 on Sat Jul 11 16:59:25 2026 Format: 20.1) ...
*** Total 4823 nets are successfully restored.
*** Completed restoreRoute (cpu=0:00:00.1 real=0:00:00.0 mem=1368.6M) ***
% End Load routing data ... (date=07/11 17:09:30, total cpu=0:00:00.1, real=0:00:00.0, peak res=1099.9M, current mem=1098.9M)
Loading Drc markers ...
... 1 markers are loaded ...
... 0 geometry drc markers are loaded ...
... 1 antenna drc markers are loaded ...
TAT_INFO: restoreCongMap REAL = 1 : CPU = 0 : MEM = 0.
Reading property file /home/B2_Faysal/UDIF/aiub_vlsi_impl_demo/projects/my_risc/pnr_sky_V1/DBS/signoff.enc.dat/RISC_V3.prop
*** Completed restoreProperty (cpu=0:00:00.0 real=0:00:00.0 mem=1371.6M) ***
Reading dirtyarea snapshot file /home/B2_Faysal/UDIF/aiub_vlsi_impl_demo/projects/my_risc/pnr_sky_V1/DBS/signoff.enc.dat/RISC_V3.db.da.gz (Create by Innovus v21.18-s099_1 on Sat Jul 11 16:59:25 2026, version: 4).
Set Default Input Pin Transition as 0.1 ps.
Loading preRoute extraction data from directory '/home/B2_Faysal/UDIF/aiub_vlsi_impl_demo/projects/my_risc/pnr_sky_V1/DBS/signoff.enc.dat/extraction/' ...
Extraction setup Started 
Initializing multi-corner RC extraction with 1 active RC Corners ...
Captable file(s) not specified in multi-corner setup. PreRoute extraction will use technology file. For postRoute extraction, default value for effort level would be 'medium' and effort level 'low' would not be allowed.
Generating auto layer map file.
Loading preRoute extracted patterns from file '/home/B2_Faysal/UDIF/aiub_vlsi_impl_demo/projects/my_risc/pnr_sky_V1/DBS/signoff.enc.dat/RISC_V3.techData.gz' ...
Completed (cpu: 0:00:00.4 real: 0:00:01.0)
Set Shrink Factor to 1.00000
Summary of Active RC-Corners : 
 
 Analysis View: func_slow
    RC-Corner Name        : rctypical
    RC-Corner Index       : 0
    RC-Corner Temperature : 25 Celsius
    RC-Corner Cap Table   : ''
    RC-Corner PreRoute Res Factor         : 1
    RC-Corner PreRoute Cap Factor         : 1
    RC-Corner PostRoute Res Factor        : 1 {1 1 1}
    RC-Corner PostRoute Cap Factor        : 1 {1 1 1}
    RC-Corner PostRoute XCap Factor       : 1 {1 1 1}
    RC-Corner PreRoute Clock Res Factor   : 1	[Derived from postRoute_res (effortLevel low)]
    RC-Corner PreRoute Clock Cap Factor   : 1	[Derived from postRoute_cap (effortLevel low)]
    RC-Corner PostRoute Clock Cap Factor  : 1 {1 1 1} 	[Derived from postRoute_cap (effortLevel medium)]
    RC-Corner PostRoute Clock Res Factor  : 1 {1 1 1} 	[Derived from postRoute_res (effortLevel medium)]
    RC-Corner PostRoute Clock coupling capacitance Factor : 1 {1 1 1} 	[Derived from postRoute_xcap (effortLevel medium)]
    RC-Corner Technology file: '/home/B2_Faysal/UDIF/aiub_vlsi_impl_demo/projects/my_risc/pnr_sky_V1/DBS/signoff.enc.dat/libs/mmmc/rctypical/qrcTechFile'
 
 Analysis View: func_typical
    RC-Corner Name        : rctypical
    RC-Corner Index       : 0
    RC-Corner Temperature : 25 Celsius
    RC-Corner Cap Table   : ''
    RC-Corner PreRoute Res Factor         : 1
    RC-Corner PreRoute Cap Factor         : 1
    RC-Corner PostRoute Res Factor        : 1 {1 1 1}
    RC-Corner PostRoute Cap Factor        : 1 {1 1 1}
    RC-Corner PostRoute XCap Factor       : 1 {1 1 1}
    RC-Corner PreRoute Clock Res Factor   : 1	[Derived from postRoute_res (effortLevel low)]
    RC-Corner PreRoute Clock Cap Factor   : 1	[Derived from postRoute_cap (effortLevel low)]
    RC-Corner PostRoute Clock Cap Factor  : 1 {1 1 1} 	[Derived from postRoute_cap (effortLevel medium)]
    RC-Corner PostRoute Clock Res Factor  : 1 {1 1 1} 	[Derived from postRoute_res (effortLevel medium)]
    RC-Corner PostRoute Clock coupling capacitance Factor : 1 {1 1 1} 	[Derived from postRoute_xcap (effortLevel medium)]
    RC-Corner Technology file: '/home/B2_Faysal/UDIF/aiub_vlsi_impl_demo/projects/my_risc/pnr_sky_V1/DBS/signoff.enc.dat/libs/mmmc/rctypical/qrcTechFile'
 
 Analysis View: func_fast
    RC-Corner Name        : rctypical
    RC-Corner Index       : 0
    RC-Corner Temperature : 25 Celsius
    RC-Corner Cap Table   : ''
    RC-Corner PreRoute Res Factor         : 1
    RC-Corner PreRoute Cap Factor         : 1
    RC-Corner PostRoute Res Factor        : 1 {1 1 1}
    RC-Corner PostRoute Cap Factor        : 1 {1 1 1}
    RC-Corner PostRoute XCap Factor       : 1 {1 1 1}
    RC-Corner PreRoute Clock Res Factor   : 1	[Derived from postRoute_res (effortLevel low)]
    RC-Corner PreRoute Clock Cap Factor   : 1	[Derived from postRoute_cap (effortLevel low)]
    RC-Corner PostRoute Clock Cap Factor  : 1 {1 1 1} 	[Derived from postRoute_cap (effortLevel medium)]
    RC-Corner PostRoute Clock Res Factor  : 1 {1 1 1} 	[Derived from postRoute_res (effortLevel medium)]
    RC-Corner PostRoute Clock coupling capacitance Factor : 1 {1 1 1} 	[Derived from postRoute_xcap (effortLevel medium)]
    RC-Corner Technology file: '/home/B2_Faysal/UDIF/aiub_vlsi_impl_demo/projects/my_risc/pnr_sky_V1/DBS/signoff.enc.dat/libs/mmmc/rctypical/qrcTechFile'
Initializing multi-corner resistance tables ...
Default value for postRoute extraction mode's effortLevel (-effortLevel option of setExtractRCMode) changed to 'medium'.
Start generating vias ..
#Skip building auto via since it is not turned on.
Extracting standard cell pins and blockage ...... 
Pin and blockage extraction finished
Via generation completed.
% Begin Load power constraints ... (date=07/11 17:09:34, mem=1128.9M)
'set_default_switching_activity' finished successfully.
% End Load power constraints ... (date=07/11 17:09:34, total cpu=0:00:00.1, real=0:00:00.0, peak res=1135.4M, current mem=1135.4M)
rctypical_fast rctypical_typical rctypical_slow
% Begin load AAE data ... (date=07/11 17:09:34, mem=1178.4M)
AAE DB initialization (MEM=1484.27 CPU=0:00:00.0 REAL=0:00:00.0) 
% End load AAE data ... (date=07/11 17:09:35, total cpu=0:00:01.0, real=0:00:01.0, peak res=1184.6M, current mem=1184.6M)
Restoring CCOpt config...
  Extracting original clock gating for SYS_CLOCK...
    clock_tree SYS_CLOCK contains 587 sinks and 0 clock gates.
  Extracting original clock gating for SYS_CLOCK done.
  The skew group SYS_CLOCK/func was created. It contains 587 sinks and 1 sources.
  The skew group SYS_CLOCK/func was created. It contains 587 sinks and 1 sources.
Restoring CCOpt config done.
Total number of combinational cells: 87
Total number of sequential cells: 19
Total number of tristate cells: 3
Total number of level shifter cells: 0
Total number of power gating cells: 0
Total number of isolation cells: 0
Total number of power switch cells: 0
Total number of pulse generator cells: 0
Total number of always on buffers: 0
Total number of retention cells: 0
Total number of physical cells: 0
List of usable buffers: BUFX16 BUFX2 BUFX4 BUFX8
Total number of usable buffers: 4
List of unusable buffers: CLKBUFX2 CLKBUFX4 CLKBUFX8
Total number of unusable buffers: 3
List of usable inverters: INVX1 INVX16 INVX2 INVX4 INVX8
Total number of usable inverters: 5
List of unusable inverters: CLKINVX1 CLKINVX2 CLKINVX4 CLKINVX8
Total number of unusable inverters: 4
List of identified usable delay cells: DLY1X1 DLY1X4 DLY2X4 DLY4X4
Total number of identified usable delay cells: 4
List of identified unusable delay cells:
Total number of identified unusable delay cells: 0
**WARN: (IMPCTE-107):	The following globals have been obsoleted since version . They will be removed in the next release. 
timing_enable_separate_device_slew_effect_sensitivities
#% End load design ... (date=07/11 17:09:35, total cpu=0:00:09.0, real=0:00:13.0, peak res=1208.9M, current mem=1187.8M)

*** Summary of all messages that are not suppressed in this session:
Severity  ID               Count  Summary                                  
WARNING   IMPLF-200            1  Pin '%s' in macro '%s' has no ANTENNAGAT...
WARNING   IMPFP-3961           4  The techSite '%s' has no related standar...
WARNING   IMPPTN-867           2  Found use of %s. This will continue to w...
WARNING   IMPOPT-3602          1  The specified path group name %s is not ...
WARNING   NRIF-91              1  Option setNanoRouteMode -routeTopRouting...
WARNING   IMPCTE-107           1  The following globals have been obsolete...
WARNING   IMPTCM-77            1  Option "%s" for command %s is obsolete a...
WARNING   IMPPSP-1003          2  Found use of '%s'. This will continue to...
*** Message Summary: 13 warning(s), 0 error(s)

Loading  (RISC_V3)
Traverse HInst (RISC_V3)
<CMD> zoomBox -64.22400 74.56100 347.78000 257.34400
<CMD> zoomBox -12.88500 101.77700 284.78900 233.83800
<CMD> zoomBox -234.90000 -14.67100 554.37600 335.48600
<CMD> zoomBox -11.93000 100.13900 285.74600 232.20100
<CMD> zoomBox 79.79800 147.37100 175.23100 189.70900
<CMD> zoomBox 106.75500 161.25200 142.75000 177.22100
<CMD> zoomBox 117.84600 166.96300 129.38700 172.08300
<CMD> zoomBox 111.28000 163.58200 137.29400 175.12300
<CMD> zoomBox 91.79100 153.54900 160.77100 184.15100
<CMD> zoomBox 52.56400 133.53600 208.03100 202.50800
<CMD> zoomBox -63.89000 74.72900 348.33100 257.60800
<CMD> zoomBox -235.09600 -11.72400 554.59300 338.61600
<CMD> zoomBox -105.96100 82.55300 244.42900 238.00100
<CMD> zoomBox -42.35200 127.20900 89.80000 185.83700
<CMD> zoomBox -17.71100 143.81800 32.13100 165.93000
<CMD> zoomBox -55.56600 133.59300 56.76700 183.42900
<CMD> zoomBox -67.56100 130.35700 64.59600 188.98800
<CMD> zoomBox -107.65900 121.66000 75.26100 202.81100
<CMD> zoomBox -107.65900 105.43000 75.26100 186.58100
<CMD> zoomBox -107.65900 97.31500 75.26100 178.46600
<CMD> zoomBox -150.57200 85.40500 102.60500 197.72500
<CMD> zoomBox -293.29800 47.71700 191.71400 262.88900
<CMD> zoomBox -491.03300 29.03000 298.72900 379.40200
<CMD> zoomBox -1015.13400 -62.93400 764.79300 726.71800
