============================================================
  Generated by:           Genus(TM) Synthesis Solution 21.18-s082_1
  Generated on:           Jun 20 2026  05:31:11 am
  Module:                 RISC_V3_PIPELINED_TOP
  Operating conditions:   ss_1.62_125 
  Interconnect mode:      global
  Area mode:              physical library
============================================================

                               Leakage   Internal  
  Gate    Instances   Area   Power (nW) Power (nW)        Library        
-------------------------------------------------------------------------
ADDHX1            2   41.897      3.613    341.374    sky130_ss_1.62_125 
AOI21X1           1    9.522      0.258    100.110    sky130_ss_1.62_125 
CLKINVX1          4   22.853      0.780    154.589    sky130_ss_1.62_125 
DFFX1             6  205.675     39.719   4105.297    sky130_ss_1.62_125 
NOR2X1            4   30.470      0.785    122.804    sky130_ss_1.62_125 
OAI21X1           1    9.522      0.226     93.497    sky130_ss_1.62_125 
XNOR2X4           1   22.853      0.998    271.220    sky130_ss_1.62_125 
-------------------------------------------------------------------------
total            19  342.792     46.379   5188.891                       


                                          Leakage  Leakage  Internal  Internal 
     Type      Instances   Area  Area % Power (nW) Power % Power (nW)  Power % 
-------------------------------------------------------------------------------
sequential             6 205.675   60.0     39.719    85.6   4105.297     79.1 
inverter               4  22.853    6.7      0.780     1.7    154.589      3.0 
logic                  9 114.264   33.3      5.880    12.7    929.005     17.9 
physical_cells         0   0.000    0.0      0.000     0.0      0.000      0.0 
-------------------------------------------------------------------------------
total                 19 342.792  100.0     46.379   100.0   5188.891    100.0 

