============================================================
  Generated by:           Genus(TM) Synthesis Solution 21.18-s082_1
  Generated on:           May 02 2026  10:33:43 am
  Module:                 top
  Operating conditions:   PVT_0P9V_125C 
  Interconnect mode:      global
  Area mode:              physical library
============================================================


Path 1: MET (812 ps) Setup Check with Pin Y_reg[9]/clk->d
          Group: I2C
     Startpoint: (R) X3[3]
          Clock: (R) CLK
       Endpoint: (R) Y_reg[9]/d
          Clock: (R) CLK

                     Capture       Launch     
        Clock Edge:+    5000            0     
        Drv Adjust:+       0            0     
       Src Latency:+       0            0     
       Net Latency:+       0 (I)        0 (I) 
           Arrival:=    5000            0     
                                              
             Setup:-     322                  
     Required Time:=    4678                  
      Launch Clock:-       0                  
       Input Delay:-       0                  
         Data Path:-    3866                  
             Slack:=     812                  

Exceptions/Constraints:
  input_delay              0              top.sdc_line_8_13_1 

#----------------------------------------------------------------------------------------------------------------------
#            Timing Point             Flags    Arc    Edge       Cell         Fanout Load Trans Delay Arrival Instance 
#                                                                                    (fF)  (ps)  (ps)   (ps)  Location 
#----------------------------------------------------------------------------------------------------------------------
  X3[3]                               (u)     -       R     (arrival)              4  3.2     0     0       0    (-,-) 
  WALLACE_CSA_DUMMY_OP_groupi/g1738/z (u)     in_1->z F     unmapped_nand2         4  3.2     0   179     179    (-,-) 
  WALLACE_CSA_DUMMY_OP_groupi/g1599/z (u)     in_1->z R     unmapped_complex2      1  0.8     0   127     306    (-,-) 
  WALLACE_CSA_DUMMY_OP_groupi/g1600/z (u)     in_1->z F     unmapped_nand2         2  1.6     0   144     451    (-,-) 
  WALLACE_CSA_DUMMY_OP_groupi/g1554/z (u)     in_0->z F     unmapped_or2           1  0.8     0   127     578    (-,-) 
  WALLACE_CSA_DUMMY_OP_groupi/g1555/z (u)     in_1->z R     unmapped_nand2         4  3.2     0   179     757    (-,-) 
  WALLACE_CSA_DUMMY_OP_groupi/g782/z  (u)     in_0->z R     unmapped_or2           1  0.8     0   127     884    (-,-) 
  WALLACE_CSA_DUMMY_OP_groupi/g1369/z (u)     in_0->z F     unmapped_nand2         1  0.8     0   127    1011    (-,-) 
  WALLACE_CSA_DUMMY_OP_groupi/g1355/z (u)     in_0->z R     unmapped_nand2         3  2.4     0   162    1173    (-,-) 
  WALLACE_CSA_DUMMY_OP_groupi/g1312/z (u)     in_0->z F     unmapped_complex2      1  0.8     0   127    1300    (-,-) 
  WALLACE_CSA_DUMMY_OP_groupi/g1313/z (u)     in_1->z R     unmapped_nand2         2  1.6     0   144    1444    (-,-) 
  WALLACE_CSA_DUMMY_OP_groupi/g1289/z (u)     in_0->z R     unmapped_complex2      1  0.8     0   127    1571    (-,-) 
  WALLACE_CSA_DUMMY_OP_groupi/g1290/z (u)     in_1->z F     unmapped_nand2         4  3.2     0   179    1750    (-,-) 
  WALLACE_CSA_DUMMY_OP_groupi/g1247/z (u)     in_1->z R     unmapped_complex2      1  0.8     0   127    1877    (-,-) 
  WALLACE_CSA_DUMMY_OP_groupi/g1248/z (u)     in_1->z F     unmapped_nand2         2  1.6     0   144    2022    (-,-) 
  WALLACE_CSA_DUMMY_OP_groupi/g1218/z (u)     in_0->z F     unmapped_complex2      1  0.8     0   127    2149    (-,-) 
  WALLACE_CSA_DUMMY_OP_groupi/g1219/z (u)     in_1->z R     unmapped_nand2         2  1.6     0   144    2293    (-,-) 
  WALLACE_CSA_DUMMY_OP_groupi/g872/z  (u)     in_0->z R     unmapped_or2           2  1.6     0   144    2438    (-,-) 
  WALLACE_CSA_DUMMY_OP_groupi/g1190/z (u)     in_0->z F     unmapped_nand2         2  1.6     0   144    2582    (-,-) 
  WALLACE_CSA_DUMMY_OP_groupi/g1177/z (u)     in_1->z R     unmapped_nand2         3  2.4     0   162    2744    (-,-) 
  WALLACE_CSA_DUMMY_OP_groupi/g1174/z (u)     in_0->z F     unmapped_nand2         1  0.8     0   127    2871    (-,-) 
  WALLACE_CSA_DUMMY_OP_groupi/g1170/z (u)     in_0->z R     unmapped_nand2         3  2.4     0   162    3034    (-,-) 
  WALLACE_CSA_DUMMY_OP_groupi/g1166/z (u)     in_1->z F     unmapped_nand2         1  0.8     0   127    3160    (-,-) 
  WALLACE_CSA_DUMMY_OP_groupi/g1165/z (u)     in_0->z R     unmapped_nand2         3  2.4     0   162    3323    (-,-) 
  WALLACE_CSA_DUMMY_OP_groupi/g1161/z (u)     in_1->z F     unmapped_nand2         1  0.8     0   127    3450    (-,-) 
  WALLACE_CSA_DUMMY_OP_groupi/g1160/z (u)     in_0->z R     unmapped_nand2         3  2.4     0   162    3612    (-,-) 
  WALLACE_CSA_DUMMY_OP_groupi/g1159/z (u)     in_1->z F     unmapped_nand2         1  0.8     0   127    3739    (-,-) 
  WALLACE_CSA_DUMMY_OP_groupi/g1155/z (u)     in_0->z R     unmapped_nand2         1  0.8     0   127    3866    (-,-) 
  Y_reg[9]/d                          -       -       R     unmapped_d_flop        1    -     -     0    3866    (-,-) 
#----------------------------------------------------------------------------------------------------------------------

(u) : Net has unmapped pin(s).



Path 2: MET (812 ps) Setup Check with Pin Y_reg[8]/clk->d
          Group: I2C
     Startpoint: (F) X3[3]
          Clock: (R) CLK
       Endpoint: (R) Y_reg[8]/d
          Clock: (R) CLK

                     Capture       Launch     
        Clock Edge:+    5000            0     
        Drv Adjust:+       0            0     
       Src Latency:+       0            0     
       Net Latency:+       0 (I)        0 (I) 
           Arrival:=    5000            0     
                                              
             Setup:-     322                  
     Required Time:=    4678                  
      Launch Clock:-       0                  
       Input Delay:-       0                  
         Data Path:-    3866                  
             Slack:=     812                  

Exceptions/Constraints:
  input_delay              0              top.sdc_line_8_13_1 

#----------------------------------------------------------------------------------------------------------------------
#            Timing Point             Flags    Arc    Edge       Cell         Fanout Load Trans Delay Arrival Instance 
#                                                                                    (fF)  (ps)  (ps)   (ps)  Location 
#----------------------------------------------------------------------------------------------------------------------
  X3[3]                               (u)     -       F     (arrival)              4  3.2     0     0       0    (-,-) 
  WALLACE_CSA_DUMMY_OP_groupi/g1738/z (u)     in_1->z R     unmapped_nand2         4  3.2     0   179     179    (-,-) 
  WALLACE_CSA_DUMMY_OP_groupi/g1599/z (u)     in_1->z F     unmapped_complex2      1  0.8     0   127     306    (-,-) 
  WALLACE_CSA_DUMMY_OP_groupi/g1600/z (u)     in_1->z R     unmapped_nand2         2  1.6     0   144     451    (-,-) 
  WALLACE_CSA_DUMMY_OP_groupi/g1554/z (u)     in_0->z R     unmapped_or2           1  0.8     0   127     578    (-,-) 
  WALLACE_CSA_DUMMY_OP_groupi/g1555/z (u)     in_1->z F     unmapped_nand2         4  3.2     0   179     757    (-,-) 
  WALLACE_CSA_DUMMY_OP_groupi/g782/z  (u)     in_0->z F     unmapped_or2           1  0.8     0   127     884    (-,-) 
  WALLACE_CSA_DUMMY_OP_groupi/g1369/z (u)     in_0->z R     unmapped_nand2         1  0.8     0   127    1011    (-,-) 
  WALLACE_CSA_DUMMY_OP_groupi/g1355/z (u)     in_0->z F     unmapped_nand2         3  2.4     0   162    1173    (-,-) 
  WALLACE_CSA_DUMMY_OP_groupi/g1312/z (u)     in_0->z R     unmapped_complex2      1  0.8     0   127    1300    (-,-) 
  WALLACE_CSA_DUMMY_OP_groupi/g1313/z (u)     in_1->z F     unmapped_nand2         2  1.6     0   144    1444    (-,-) 
  WALLACE_CSA_DUMMY_OP_groupi/g1289/z (u)     in_0->z F     unmapped_complex2      1  0.8     0   127    1571    (-,-) 
  WALLACE_CSA_DUMMY_OP_groupi/g1290/z (u)     in_1->z R     unmapped_nand2         4  3.2     0   179    1750    (-,-) 
  WALLACE_CSA_DUMMY_OP_groupi/g1247/z (u)     in_1->z F     unmapped_complex2      1  0.8     0   127    1877    (-,-) 
  WALLACE_CSA_DUMMY_OP_groupi/g1248/z (u)     in_1->z R     unmapped_nand2         2  1.6     0   144    2022    (-,-) 
  WALLACE_CSA_DUMMY_OP_groupi/g1218/z (u)     in_0->z R     unmapped_complex2      1  0.8     0   127    2149    (-,-) 
  WALLACE_CSA_DUMMY_OP_groupi/g1219/z (u)     in_1->z F     unmapped_nand2         2  1.6     0   144    2293    (-,-) 
  WALLACE_CSA_DUMMY_OP_groupi/g872/z  (u)     in_0->z F     unmapped_or2           2  1.6     0   144    2438    (-,-) 
  WALLACE_CSA_DUMMY_OP_groupi/g1190/z (u)     in_0->z R     unmapped_nand2         2  1.6     0   144    2582    (-,-) 
  WALLACE_CSA_DUMMY_OP_groupi/g1177/z (u)     in_1->z F     unmapped_nand2         3  2.4     0   162    2744    (-,-) 
  WALLACE_CSA_DUMMY_OP_groupi/g1174/z (u)     in_0->z R     unmapped_nand2         1  0.8     0   127    2871    (-,-) 
  WALLACE_CSA_DUMMY_OP_groupi/g1170/z (u)     in_0->z F     unmapped_nand2         3  2.4     0   162    3034    (-,-) 
  WALLACE_CSA_DUMMY_OP_groupi/g1166/z (u)     in_1->z R     unmapped_nand2         1  0.8     0   127    3160    (-,-) 
  WALLACE_CSA_DUMMY_OP_groupi/g1165/z (u)     in_0->z F     unmapped_nand2         3  2.4     0   162    3323    (-,-) 
  WALLACE_CSA_DUMMY_OP_groupi/g1161/z (u)     in_1->z R     unmapped_nand2         1  0.8     0   127    3450    (-,-) 
  WALLACE_CSA_DUMMY_OP_groupi/g1160/z (u)     in_0->z F     unmapped_nand2         3  2.4     0   162    3612    (-,-) 
  WALLACE_CSA_DUMMY_OP_groupi/g1157/z (u)     in_0->z F     unmapped_or2           1  0.8     0   127    3739    (-,-) 
  WALLACE_CSA_DUMMY_OP_groupi/g1158/z (u)     in_1->z R     unmapped_nand2         1  0.8     0   127    3866    (-,-) 
  Y_reg[8]/d                          -       -       R     unmapped_d_flop        1    -     -     0    3866    (-,-) 
#----------------------------------------------------------------------------------------------------------------------

(u) : Net has unmapped pin(s).



Path 3: MET (1101 ps) Setup Check with Pin Y_reg[7]/clk->d
          Group: I2C
     Startpoint: (F) X3[3]
          Clock: (R) CLK
       Endpoint: (R) Y_reg[7]/d
          Clock: (R) CLK

                     Capture       Launch     
        Clock Edge:+    5000            0     
        Drv Adjust:+       0            0     
       Src Latency:+       0            0     
       Net Latency:+       0 (I)        0 (I) 
           Arrival:=    5000            0     
                                              
             Setup:-     322                  
     Required Time:=    4678                  
      Launch Clock:-       0                  
       Input Delay:-       0                  
         Data Path:-    3577                  
             Slack:=    1101                  

Exceptions/Constraints:
  input_delay              0              top.sdc_line_8_13_1 

#----------------------------------------------------------------------------------------------------------------------
#            Timing Point             Flags    Arc    Edge       Cell         Fanout Load Trans Delay Arrival Instance 
#                                                                                    (fF)  (ps)  (ps)   (ps)  Location 
#----------------------------------------------------------------------------------------------------------------------
  X3[3]                               (u)     -       F     (arrival)              4  3.2     0     0       0    (-,-) 
  WALLACE_CSA_DUMMY_OP_groupi/g1738/z (u)     in_1->z R     unmapped_nand2         4  3.2     0   179     179    (-,-) 
  WALLACE_CSA_DUMMY_OP_groupi/g1599/z (u)     in_1->z F     unmapped_complex2      1  0.8     0   127     306    (-,-) 
  WALLACE_CSA_DUMMY_OP_groupi/g1600/z (u)     in_1->z R     unmapped_nand2         2  1.6     0   144     451    (-,-) 
  WALLACE_CSA_DUMMY_OP_groupi/g1554/z (u)     in_0->z R     unmapped_or2           1  0.8     0   127     578    (-,-) 
  WALLACE_CSA_DUMMY_OP_groupi/g1555/z (u)     in_1->z F     unmapped_nand2         4  3.2     0   179     757    (-,-) 
  WALLACE_CSA_DUMMY_OP_groupi/g782/z  (u)     in_0->z F     unmapped_or2           1  0.8     0   127     884    (-,-) 
  WALLACE_CSA_DUMMY_OP_groupi/g1369/z (u)     in_0->z R     unmapped_nand2         1  0.8     0   127    1011    (-,-) 
  WALLACE_CSA_DUMMY_OP_groupi/g1355/z (u)     in_0->z F     unmapped_nand2         3  2.4     0   162    1173    (-,-) 
  WALLACE_CSA_DUMMY_OP_groupi/g1312/z (u)     in_0->z R     unmapped_complex2      1  0.8     0   127    1300    (-,-) 
  WALLACE_CSA_DUMMY_OP_groupi/g1313/z (u)     in_1->z F     unmapped_nand2         2  1.6     0   144    1444    (-,-) 
  WALLACE_CSA_DUMMY_OP_groupi/g1289/z (u)     in_0->z F     unmapped_complex2      1  0.8     0   127    1571    (-,-) 
  WALLACE_CSA_DUMMY_OP_groupi/g1290/z (u)     in_1->z R     unmapped_nand2         4  3.2     0   179    1750    (-,-) 
  WALLACE_CSA_DUMMY_OP_groupi/g1247/z (u)     in_1->z F     unmapped_complex2      1  0.8     0   127    1877    (-,-) 
  WALLACE_CSA_DUMMY_OP_groupi/g1248/z (u)     in_1->z R     unmapped_nand2         2  1.6     0   144    2022    (-,-) 
  WALLACE_CSA_DUMMY_OP_groupi/g1218/z (u)     in_0->z R     unmapped_complex2      1  0.8     0   127    2149    (-,-) 
  WALLACE_CSA_DUMMY_OP_groupi/g1219/z (u)     in_1->z F     unmapped_nand2         2  1.6     0   144    2293    (-,-) 
  WALLACE_CSA_DUMMY_OP_groupi/g872/z  (u)     in_0->z F     unmapped_or2           2  1.6     0   144    2438    (-,-) 
  WALLACE_CSA_DUMMY_OP_groupi/g1190/z (u)     in_0->z R     unmapped_nand2         2  1.6     0   144    2582    (-,-) 
  WALLACE_CSA_DUMMY_OP_groupi/g1177/z (u)     in_1->z F     unmapped_nand2         3  2.4     0   162    2744    (-,-) 
  WALLACE_CSA_DUMMY_OP_groupi/g1174/z (u)     in_0->z R     unmapped_nand2         1  0.8     0   127    2871    (-,-) 
  WALLACE_CSA_DUMMY_OP_groupi/g1170/z (u)     in_0->z F     unmapped_nand2         3  2.4     0   162    3034    (-,-) 
  WALLACE_CSA_DUMMY_OP_groupi/g1166/z (u)     in_1->z R     unmapped_nand2         1  0.8     0   127    3160    (-,-) 
  WALLACE_CSA_DUMMY_OP_groupi/g1165/z (u)     in_0->z F     unmapped_nand2         3  2.4     0   162    3323    (-,-) 
  WALLACE_CSA_DUMMY_OP_groupi/g1163/z (u)     in_0->z F     unmapped_or2           1  0.8     0   127    3450    (-,-) 
  WALLACE_CSA_DUMMY_OP_groupi/g1164/z (u)     in_1->z R     unmapped_nand2         1  0.8     0   127    3577    (-,-) 
  Y_reg[7]/d                          -       -       R     unmapped_d_flop        1    -     -     0    3577    (-,-) 
#----------------------------------------------------------------------------------------------------------------------

(u) : Net has unmapped pin(s).



Path 4: MET (1391 ps) Setup Check with Pin Y_reg[6]/clk->d
          Group: I2C
     Startpoint: (F) X3[3]
          Clock: (R) CLK
       Endpoint: (R) Y_reg[6]/d
          Clock: (R) CLK

                     Capture       Launch     
        Clock Edge:+    5000            0     
        Drv Adjust:+       0            0     
       Src Latency:+       0            0     
       Net Latency:+       0 (I)        0 (I) 
           Arrival:=    5000            0     
                                              
             Setup:-     322                  
     Required Time:=    4678                  
      Launch Clock:-       0                  
       Input Delay:-       0                  
         Data Path:-    3287                  
             Slack:=    1391                  

Exceptions/Constraints:
  input_delay              0              top.sdc_line_8_13_1 

#----------------------------------------------------------------------------------------------------------------------
#            Timing Point             Flags    Arc    Edge       Cell         Fanout Load Trans Delay Arrival Instance 
#                                                                                    (fF)  (ps)  (ps)   (ps)  Location 
#----------------------------------------------------------------------------------------------------------------------
  X3[3]                               (u)     -       F     (arrival)              4  3.2     0     0       0    (-,-) 
  WALLACE_CSA_DUMMY_OP_groupi/g1738/z (u)     in_1->z R     unmapped_nand2         4  3.2     0   179     179    (-,-) 
  WALLACE_CSA_DUMMY_OP_groupi/g1599/z (u)     in_1->z F     unmapped_complex2      1  0.8     0   127     306    (-,-) 
  WALLACE_CSA_DUMMY_OP_groupi/g1600/z (u)     in_1->z R     unmapped_nand2         2  1.6     0   144     451    (-,-) 
  WALLACE_CSA_DUMMY_OP_groupi/g1554/z (u)     in_0->z R     unmapped_or2           1  0.8     0   127     578    (-,-) 
  WALLACE_CSA_DUMMY_OP_groupi/g1555/z (u)     in_1->z F     unmapped_nand2         4  3.2     0   179     757    (-,-) 
  WALLACE_CSA_DUMMY_OP_groupi/g782/z  (u)     in_0->z F     unmapped_or2           1  0.8     0   127     884    (-,-) 
  WALLACE_CSA_DUMMY_OP_groupi/g1369/z (u)     in_0->z R     unmapped_nand2         1  0.8     0   127    1011    (-,-) 
  WALLACE_CSA_DUMMY_OP_groupi/g1355/z (u)     in_0->z F     unmapped_nand2         3  2.4     0   162    1173    (-,-) 
  WALLACE_CSA_DUMMY_OP_groupi/g1312/z (u)     in_0->z R     unmapped_complex2      1  0.8     0   127    1300    (-,-) 
  WALLACE_CSA_DUMMY_OP_groupi/g1313/z (u)     in_1->z F     unmapped_nand2         2  1.6     0   144    1444    (-,-) 
  WALLACE_CSA_DUMMY_OP_groupi/g1289/z (u)     in_0->z F     unmapped_complex2      1  0.8     0   127    1571    (-,-) 
  WALLACE_CSA_DUMMY_OP_groupi/g1290/z (u)     in_1->z R     unmapped_nand2         4  3.2     0   179    1750    (-,-) 
  WALLACE_CSA_DUMMY_OP_groupi/g1247/z (u)     in_1->z F     unmapped_complex2      1  0.8     0   127    1877    (-,-) 
  WALLACE_CSA_DUMMY_OP_groupi/g1248/z (u)     in_1->z R     unmapped_nand2         2  1.6     0   144    2022    (-,-) 
  WALLACE_CSA_DUMMY_OP_groupi/g1218/z (u)     in_0->z R     unmapped_complex2      1  0.8     0   127    2149    (-,-) 
  WALLACE_CSA_DUMMY_OP_groupi/g1219/z (u)     in_1->z F     unmapped_nand2         2  1.6     0   144    2293    (-,-) 
  WALLACE_CSA_DUMMY_OP_groupi/g872/z  (u)     in_0->z F     unmapped_or2           2  1.6     0   144    2438    (-,-) 
  WALLACE_CSA_DUMMY_OP_groupi/g1190/z (u)     in_0->z R     unmapped_nand2         2  1.6     0   144    2582    (-,-) 
  WALLACE_CSA_DUMMY_OP_groupi/g1177/z (u)     in_1->z F     unmapped_nand2         3  2.4     0   162    2744    (-,-) 
  WALLACE_CSA_DUMMY_OP_groupi/g1174/z (u)     in_0->z R     unmapped_nand2         1  0.8     0   127    2871    (-,-) 
  WALLACE_CSA_DUMMY_OP_groupi/g1170/z (u)     in_0->z F     unmapped_nand2         3  2.4     0   162    3034    (-,-) 
  WALLACE_CSA_DUMMY_OP_groupi/g1168/z (u)     in_0->z F     unmapped_or2           1  0.8     0   127    3160    (-,-) 
  WALLACE_CSA_DUMMY_OP_groupi/g1169/z (u)     in_1->z R     unmapped_nand2         1  0.8     0   127    3287    (-,-) 
  Y_reg[6]/d                          -       -       R     unmapped_d_flop        1    -     -     0    3287    (-,-) 
#----------------------------------------------------------------------------------------------------------------------

(u) : Net has unmapped pin(s).



Path 5: MET (1680 ps) Setup Check with Pin Y_reg[5]/clk->d
          Group: I2C
     Startpoint: (F) X3[3]
          Clock: (R) CLK
       Endpoint: (R) Y_reg[5]/d
          Clock: (R) CLK

                     Capture       Launch     
        Clock Edge:+    5000            0     
        Drv Adjust:+       0            0     
       Src Latency:+       0            0     
       Net Latency:+       0 (I)        0 (I) 
           Arrival:=    5000            0     
                                              
             Setup:-     322                  
     Required Time:=    4678                  
      Launch Clock:-       0                  
       Input Delay:-       0                  
         Data Path:-    2998                  
             Slack:=    1680                  

Exceptions/Constraints:
  input_delay              0              top.sdc_line_8_13_1 

#----------------------------------------------------------------------------------------------------------------------
#            Timing Point             Flags    Arc    Edge       Cell         Fanout Load Trans Delay Arrival Instance 
#                                                                                    (fF)  (ps)  (ps)   (ps)  Location 
#----------------------------------------------------------------------------------------------------------------------
  X3[3]                               (u)     -       F     (arrival)              4  3.2     0     0       0    (-,-) 
  WALLACE_CSA_DUMMY_OP_groupi/g1738/z (u)     in_1->z R     unmapped_nand2         4  3.2     0   179     179    (-,-) 
  WALLACE_CSA_DUMMY_OP_groupi/g1599/z (u)     in_1->z F     unmapped_complex2      1  0.8     0   127     306    (-,-) 
  WALLACE_CSA_DUMMY_OP_groupi/g1600/z (u)     in_1->z R     unmapped_nand2         2  1.6     0   144     451    (-,-) 
  WALLACE_CSA_DUMMY_OP_groupi/g1554/z (u)     in_0->z R     unmapped_or2           1  0.8     0   127     578    (-,-) 
  WALLACE_CSA_DUMMY_OP_groupi/g1555/z (u)     in_1->z F     unmapped_nand2         4  3.2     0   179     757    (-,-) 
  WALLACE_CSA_DUMMY_OP_groupi/g782/z  (u)     in_0->z F     unmapped_or2           1  0.8     0   127     884    (-,-) 
  WALLACE_CSA_DUMMY_OP_groupi/g1369/z (u)     in_0->z R     unmapped_nand2         1  0.8     0   127    1011    (-,-) 
  WALLACE_CSA_DUMMY_OP_groupi/g1355/z (u)     in_0->z F     unmapped_nand2         3  2.4     0   162    1173    (-,-) 
  WALLACE_CSA_DUMMY_OP_groupi/g1312/z (u)     in_0->z R     unmapped_complex2      1  0.8     0   127    1300    (-,-) 
  WALLACE_CSA_DUMMY_OP_groupi/g1313/z (u)     in_1->z F     unmapped_nand2         2  1.6     0   144    1444    (-,-) 
  WALLACE_CSA_DUMMY_OP_groupi/g1289/z (u)     in_0->z F     unmapped_complex2      1  0.8     0   127    1571    (-,-) 
  WALLACE_CSA_DUMMY_OP_groupi/g1290/z (u)     in_1->z R     unmapped_nand2         4  3.2     0   179    1750    (-,-) 
  WALLACE_CSA_DUMMY_OP_groupi/g1247/z (u)     in_1->z F     unmapped_complex2      1  0.8     0   127    1877    (-,-) 
  WALLACE_CSA_DUMMY_OP_groupi/g1248/z (u)     in_1->z R     unmapped_nand2         2  1.6     0   144    2022    (-,-) 
  WALLACE_CSA_DUMMY_OP_groupi/g1218/z (u)     in_0->z R     unmapped_complex2      1  0.8     0   127    2149    (-,-) 
  WALLACE_CSA_DUMMY_OP_groupi/g1219/z (u)     in_1->z F     unmapped_nand2         2  1.6     0   144    2293    (-,-) 
  WALLACE_CSA_DUMMY_OP_groupi/g872/z  (u)     in_0->z F     unmapped_or2           2  1.6     0   144    2438    (-,-) 
  WALLACE_CSA_DUMMY_OP_groupi/g1190/z (u)     in_0->z R     unmapped_nand2         2  1.6     0   144    2582    (-,-) 
  WALLACE_CSA_DUMMY_OP_groupi/g1177/z (u)     in_1->z F     unmapped_nand2         3  2.4     0   162    2744    (-,-) 
  WALLACE_CSA_DUMMY_OP_groupi/g1172/z (u)     in_0->z F     unmapped_or2           1  0.8     0   127    2871    (-,-) 
  WALLACE_CSA_DUMMY_OP_groupi/g1173/z (u)     in_1->z R     unmapped_nand2         1  0.8     0   127    2998    (-,-) 
  Y_reg[5]/d                          -       -       R     unmapped_d_flop        1    -     -     0    2998    (-,-) 
#----------------------------------------------------------------------------------------------------------------------

(u) : Net has unmapped pin(s).



Path 6: MET (1824 ps) Setup Check with Pin Y_reg[4]/clk->d
          Group: I2C
     Startpoint: (F) X3[3]
          Clock: (R) CLK
       Endpoint: (R) Y_reg[4]/d
          Clock: (R) CLK

                     Capture       Launch     
        Clock Edge:+    5000            0     
        Drv Adjust:+       0            0     
       Src Latency:+       0            0     
       Net Latency:+       0 (I)        0 (I) 
           Arrival:=    5000            0     
                                              
             Setup:-     322                  
     Required Time:=    4678                  
      Launch Clock:-       0                  
       Input Delay:-       0                  
         Data Path:-    2854                  
             Slack:=    1824                  

Exceptions/Constraints:
  input_delay              0              top.sdc_line_8_13_1 

#----------------------------------------------------------------------------------------------------------------------
#            Timing Point             Flags    Arc    Edge       Cell         Fanout Load Trans Delay Arrival Instance 
#                                                                                    (fF)  (ps)  (ps)   (ps)  Location 
#----------------------------------------------------------------------------------------------------------------------
  X3[3]                               (u)     -       F     (arrival)              4  3.2     0     0       0    (-,-) 
  WALLACE_CSA_DUMMY_OP_groupi/g1738/z (u)     in_1->z R     unmapped_nand2         4  3.2     0   179     179    (-,-) 
  WALLACE_CSA_DUMMY_OP_groupi/g1599/z (u)     in_1->z F     unmapped_complex2      1  0.8     0   127     306    (-,-) 
  WALLACE_CSA_DUMMY_OP_groupi/g1600/z (u)     in_1->z R     unmapped_nand2         2  1.6     0   144     451    (-,-) 
  WALLACE_CSA_DUMMY_OP_groupi/g1554/z (u)     in_0->z R     unmapped_or2           1  0.8     0   127     578    (-,-) 
  WALLACE_CSA_DUMMY_OP_groupi/g1555/z (u)     in_1->z F     unmapped_nand2         4  3.2     0   179     757    (-,-) 
  WALLACE_CSA_DUMMY_OP_groupi/g782/z  (u)     in_0->z F     unmapped_or2           1  0.8     0   127     884    (-,-) 
  WALLACE_CSA_DUMMY_OP_groupi/g1369/z (u)     in_0->z R     unmapped_nand2         1  0.8     0   127    1011    (-,-) 
  WALLACE_CSA_DUMMY_OP_groupi/g1355/z (u)     in_0->z F     unmapped_nand2         3  2.4     0   162    1173    (-,-) 
  WALLACE_CSA_DUMMY_OP_groupi/g1312/z (u)     in_0->z R     unmapped_complex2      1  0.8     0   127    1300    (-,-) 
  WALLACE_CSA_DUMMY_OP_groupi/g1313/z (u)     in_1->z F     unmapped_nand2         2  1.6     0   144    1444    (-,-) 
  WALLACE_CSA_DUMMY_OP_groupi/g1289/z (u)     in_0->z F     unmapped_complex2      1  0.8     0   127    1571    (-,-) 
  WALLACE_CSA_DUMMY_OP_groupi/g1290/z (u)     in_1->z R     unmapped_nand2         4  3.2     0   179    1750    (-,-) 
  WALLACE_CSA_DUMMY_OP_groupi/g1247/z (u)     in_1->z F     unmapped_complex2      1  0.8     0   127    1877    (-,-) 
  WALLACE_CSA_DUMMY_OP_groupi/g1248/z (u)     in_1->z R     unmapped_nand2         2  1.6     0   144    2022    (-,-) 
  WALLACE_CSA_DUMMY_OP_groupi/g1218/z (u)     in_0->z R     unmapped_complex2      1  0.8     0   127    2149    (-,-) 
  WALLACE_CSA_DUMMY_OP_groupi/g1219/z (u)     in_1->z F     unmapped_nand2         2  1.6     0   144    2293    (-,-) 
  WALLACE_CSA_DUMMY_OP_groupi/g411/z  (u)     in_1->z R     unmapped_nand2         3  2.4     0   162    2456    (-,-) 
  WALLACE_CSA_DUMMY_OP_groupi/g1045/z (u)     in_0->z F     unmapped_nand2         2  1.6     0   144    2600    (-,-) 
  WALLACE_CSA_DUMMY_OP_groupi/g1183/z (u)     in_1->z F     unmapped_or2           1  0.8     0   127    2727    (-,-) 
  WALLACE_CSA_DUMMY_OP_groupi/g1184/z (u)     in_1->z R     unmapped_nand2         1  0.8     0   127    2854    (-,-) 
  Y_reg[4]/d                          -       -       R     unmapped_d_flop        1    -     -     0    2854    (-,-) 
#----------------------------------------------------------------------------------------------------------------------

(u) : Net has unmapped pin(s).



Path 7: MET (2259 ps) Setup Check with Pin Y_reg[3]/clk->d
          Group: I2C
     Startpoint: (F) X2[0]
          Clock: (R) CLK
       Endpoint: (R) Y_reg[3]/d
          Clock: (R) CLK

                     Capture       Launch     
        Clock Edge:+    5000            0     
        Drv Adjust:+       0            0     
       Src Latency:+       0            0     
       Net Latency:+       0 (I)        0 (I) 
           Arrival:=    5000            0     
                                              
             Setup:-     322                  
     Required Time:=    4678                  
      Launch Clock:-       0                  
       Input Delay:-       0                  
         Data Path:-    2420                  
             Slack:=    2259                  

Exceptions/Constraints:
  input_delay              0              top.sdc_line_8_12_1 

#----------------------------------------------------------------------------------------------------------------------
#            Timing Point             Flags    Arc    Edge       Cell         Fanout Load Trans Delay Arrival Instance 
#                                                                                    (fF)  (ps)  (ps)   (ps)  Location 
#----------------------------------------------------------------------------------------------------------------------
  X2[0]                               (u)     -       F     (arrival)              4  3.2     0     0       0    (-,-) 
  WALLACE_CSA_DUMMY_OP_groupi/g1731/z (u)     in_1->z R     unmapped_nand2         4  3.2     0   179     179    (-,-) 
  WALLACE_CSA_DUMMY_OP_groupi/g1578/z (u)     in_1->z R     unmapped_complex2      1  0.8     0   127     306    (-,-) 
  WALLACE_CSA_DUMMY_OP_groupi/g1579/z (u)     in_1->z F     unmapped_nand2         2  1.6     0   144     451    (-,-) 
  WALLACE_CSA_DUMMY_OP_groupi/g1570/z (u)     in_0->z F     unmapped_or2           1  0.8     0   127     578    (-,-) 
  WALLACE_CSA_DUMMY_OP_groupi/g1571/z (u)     in_1->z R     unmapped_nand2         4  3.2     0   179     757    (-,-) 
  WALLACE_CSA_DUMMY_OP_groupi/g1488/z (u)     in_1->z R     unmapped_complex2      1  0.8     0   127     884    (-,-) 
  WALLACE_CSA_DUMMY_OP_groupi/g1489/z (u)     in_1->z F     unmapped_nand2         2  1.6     0   144    1028    (-,-) 
  WALLACE_CSA_DUMMY_OP_groupi/g1443/z (u)     in_0->z F     unmapped_complex2      1  0.8     0   127    1155    (-,-) 
  WALLACE_CSA_DUMMY_OP_groupi/g1444/z (u)     in_1->z R     unmapped_nand2         4  3.2     0   179    1334    (-,-) 
  WALLACE_CSA_DUMMY_OP_groupi/g1360/z (u)     in_1->z R     unmapped_complex2      1  0.8     0   127    1461    (-,-) 
  WALLACE_CSA_DUMMY_OP_groupi/g1361/z (u)     in_1->z F     unmapped_nand2         2  1.6     0   144    1606    (-,-) 
  WALLACE_CSA_DUMMY_OP_groupi/g1267/z (u)     in_1->z F     unmapped_complex2      1  0.8     0   127    1732    (-,-) 
  WALLACE_CSA_DUMMY_OP_groupi/g1268/z (u)     in_1->z R     unmapped_nand2         2  1.6     0   144    1877    (-,-) 
  WALLACE_CSA_DUMMY_OP_groupi/g796/z  (u)     in_1->z R     unmapped_or2           2  1.6     0   144    2021    (-,-) 
  WALLACE_CSA_DUMMY_OP_groupi/g1245/z (u)     in_1->z F     unmapped_nand2         2  1.6     0   144    2166    (-,-) 
  WALLACE_CSA_DUMMY_OP_groupi/g1204/z (u)     in_1->z F     unmapped_or2           1  0.8     0   127    2293    (-,-) 
  WALLACE_CSA_DUMMY_OP_groupi/g1205/z (u)     in_1->z R     unmapped_nand2         1  0.8     0   127    2420    (-,-) 
  Y_reg[3]/d                          -       -       R     unmapped_d_flop        1    -     -     0    2420    (-,-) 
#----------------------------------------------------------------------------------------------------------------------

(u) : Net has unmapped pin(s).



Path 8: MET (2419 ps) Setup Check with Pin Y_reg[2]/clk->d
          Group: I2C
     Startpoint: (R) X1[0]
          Clock: (R) CLK
       Endpoint: (R) Y_reg[2]/d
          Clock: (R) CLK

                     Capture       Launch     
        Clock Edge:+    5000            0     
        Drv Adjust:+       0            0     
       Src Latency:+       0            0     
       Net Latency:+       0 (I)        0 (I) 
           Arrival:=    5000            0     
                                              
             Setup:-     322                  
     Required Time:=    4678                  
      Launch Clock:-       0                  
       Input Delay:-       0                  
         Data Path:-    2259                  
             Slack:=    2419                  

Exceptions/Constraints:
  input_delay              0              top.sdc_line_8_8_1 

#----------------------------------------------------------------------------------------------------------------------
#            Timing Point             Flags    Arc    Edge       Cell         Fanout Load Trans Delay Arrival Instance 
#                                                                                    (fF)  (ps)  (ps)   (ps)  Location 
#----------------------------------------------------------------------------------------------------------------------
  X1[0]                               (u)     -       R     (arrival)              4  3.2     0     0       0    (-,-) 
  WALLACE_CSA_DUMMY_OP_groupi/g1701/z (u)     in_1->z F     unmapped_nand2         4  3.2     0   179     179    (-,-) 
  WALLACE_CSA_DUMMY_OP_groupi/g1637/z (u)     in_1->z R     unmapped_nand2         1  0.8     0   127     306    (-,-) 
  WALLACE_CSA_DUMMY_OP_groupi/g1495/z (u)     in_0->z F     unmapped_complex2      1  0.8     0   127     433    (-,-) 
  WALLACE_CSA_DUMMY_OP_groupi/g1462/z (u)     in_0->z R     unmapped_nand2         3  2.4     0   162     596    (-,-) 
  WALLACE_CSA_DUMMY_OP_groupi/g1414/z (u)     in_1->z F     unmapped_nand2         1  0.8     0   127     722    (-,-) 
  WALLACE_CSA_DUMMY_OP_groupi/g1415/z (u)     in_1->z R     unmapped_nand2         2  1.6     0   144     867    (-,-) 
  WALLACE_CSA_DUMMY_OP_groupi/g1397/z (u)     in_0->z R     unmapped_complex2      1  0.8     0   127     994    (-,-) 
  WALLACE_CSA_DUMMY_OP_groupi/g1398/z (u)     in_1->z F     unmapped_nand2         4  3.2     0   179    1173    (-,-) 
  WALLACE_CSA_DUMMY_OP_groupi/g1343/z (u)     in_0->z R     unmapped_complex2      1  0.8     0   127    1300    (-,-) 
  WALLACE_CSA_DUMMY_OP_groupi/g1344/z (u)     in_1->z F     unmapped_nand2         2  1.6     0   144    1444    (-,-) 
  WALLACE_CSA_DUMMY_OP_groupi/g1300/z (u)     in_0->z F     unmapped_complex2      1  0.8     0   127    1571    (-,-) 
  WALLACE_CSA_DUMMY_OP_groupi/g1301/z (u)     in_1->z R     unmapped_nand2         3  2.4     0   162    1734    (-,-) 
  WALLACE_CSA_DUMMY_OP_groupi/g1285/z (u)     in_1->z R     unmapped_or2           1  0.8     0   127    1860    (-,-) 
  WALLACE_CSA_DUMMY_OP_groupi/g1286/z (u)     in_1->z F     unmapped_nand2         2  1.6     0   144    2005    (-,-) 
  WALLACE_CSA_DUMMY_OP_groupi/g1260/z (u)     in_1->z F     unmapped_or2           1  0.8     0   127    2132    (-,-) 
  WALLACE_CSA_DUMMY_OP_groupi/g1261/z (u)     in_1->z R     unmapped_nand2         1  0.8     0   127    2259    (-,-) 
  Y_reg[2]/d                          -       -       R     unmapped_d_flop        1    -     -     0    2259    (-,-) 
#----------------------------------------------------------------------------------------------------------------------

(u) : Net has unmapped pin(s).



Path 9: MET (2997 ps) Setup Check with Pin Y_reg[1]/clk->d
          Group: I2C
     Startpoint: (R) X0[0]
          Clock: (R) CLK
       Endpoint: (R) Y_reg[1]/d
          Clock: (R) CLK

                     Capture       Launch     
        Clock Edge:+    5000            0     
        Drv Adjust:+       0            0     
       Src Latency:+       0            0     
       Net Latency:+       0 (I)        0 (I) 
           Arrival:=    5000            0     
                                              
             Setup:-     322                  
     Required Time:=    4678                  
      Launch Clock:-       0                  
       Input Delay:-       0                  
         Data Path:-    1681                  
             Slack:=    2997                  

Exceptions/Constraints:
  input_delay              0              top.sdc_line_8_4_1 

#----------------------------------------------------------------------------------------------------------------------
#            Timing Point             Flags    Arc    Edge       Cell         Fanout Load Trans Delay Arrival Instance 
#                                                                                    (fF)  (ps)  (ps)   (ps)  Location 
#----------------------------------------------------------------------------------------------------------------------
  X0[0]                               (u)     -       R     (arrival)              4  3.2     0     0       0    (-,-) 
  WALLACE_CSA_DUMMY_OP_groupi/g1718/z (u)     in_1->z F     unmapped_nand2         4  3.2     0   179     179    (-,-) 
  WALLACE_CSA_DUMMY_OP_groupi/g1681/z (u)     in_1->z R     unmapped_nand2         1  0.8     0   127     306    (-,-) 
  WALLACE_CSA_DUMMY_OP_groupi/g1493/z (u)     in_0->z F     unmapped_complex2      1  0.8     0   127     433    (-,-) 
  WALLACE_CSA_DUMMY_OP_groupi/g1477/z (u)     in_0->z R     unmapped_nand2         3  2.4     0   162     596    (-,-) 
  WALLACE_CSA_DUMMY_OP_groupi/g1450/z (u)     in_0->z F     unmapped_complex2      1  0.8     0   127     722    (-,-) 
  WALLACE_CSA_DUMMY_OP_groupi/g1451/z (u)     in_1->z R     unmapped_nand2         2  1.6     0   144     867    (-,-) 
  WALLACE_CSA_DUMMY_OP_groupi/g1371/z (u)     in_0->z R     unmapped_complex2      1  0.8     0   127     994    (-,-) 
  WALLACE_CSA_DUMMY_OP_groupi/g1372/z (u)     in_1->z F     unmapped_nand2         2  1.6     0   144    1138    (-,-) 
  WALLACE_CSA_DUMMY_OP_groupi/g810/z  (u)     in_1->z F     unmapped_or2           2  1.6     0   144    1282    (-,-) 
  WALLACE_CSA_DUMMY_OP_groupi/g1336/z (u)     in_1->z R     unmapped_nand2         2  1.6     0   144    1427    (-,-) 
  WALLACE_CSA_DUMMY_OP_groupi/g1306/z (u)     in_0->z F     unmapped_complex2      1  0.8     0   127    1554    (-,-) 
  WALLACE_CSA_DUMMY_OP_groupi/g1307/z (u)     in_1->z R     unmapped_nand2         1  0.8     0   127    1681    (-,-) 
  Y_reg[1]/d                          -       -       R     unmapped_d_flop        1    -     -     0    1681    (-,-) 
#----------------------------------------------------------------------------------------------------------------------

(u) : Net has unmapped pin(s).



Path 10: MET (3684 ps) Setup Check with Pin Y_reg[0]/clk->d
          Group: I2C
     Startpoint: (R) X3[0]
          Clock: (R) CLK
       Endpoint: (R) Y_reg[0]/d
          Clock: (R) CLK

                     Capture       Launch     
        Clock Edge:+    5000            0     
        Drv Adjust:+       0            0     
       Src Latency:+       0            0     
       Net Latency:+       0 (I)        0 (I) 
           Arrival:=    5000            0     
                                              
             Setup:-     322                  
     Required Time:=    4678                  
      Launch Clock:-       0                  
       Input Delay:-       0                  
         Data Path:-     994                  
             Slack:=    3684                  

Exceptions/Constraints:
  input_delay              0              top.sdc_line_8_16_1 

#----------------------------------------------------------------------------------------------------------------------
#            Timing Point             Flags    Arc    Edge       Cell         Fanout Load Trans Delay Arrival Instance 
#                                                                                    (fF)  (ps)  (ps)   (ps)  Location 
#----------------------------------------------------------------------------------------------------------------------
  X3[0]                               (u)     -       R     (arrival)              4  3.2     0     0       0    (-,-) 
  WALLACE_CSA_DUMMY_OP_groupi/g1685/z (u)     in_1->z F     unmapped_nand2         4  3.2     0   179     179    (-,-) 
  WALLACE_CSA_DUMMY_OP_groupi/g1668/z (u)     in_0->z R     unmapped_complex2      1  0.8     0   127     306    (-,-) 
  WALLACE_CSA_DUMMY_OP_groupi/g1669/z (u)     in_1->z F     unmapped_nand2         2  1.6     0   144     451    (-,-) 
  WALLACE_CSA_DUMMY_OP_groupi/g1542/z (u)     in_0->z F     unmapped_or2           1  0.8     0   127     578    (-,-) 
  WALLACE_CSA_DUMMY_OP_groupi/g1543/z (u)     in_1->z R     unmapped_nand2         3  2.4     0   162     740    (-,-) 
  WALLACE_CSA_DUMMY_OP_groupi/g1469/z (u)     in_1->z F     unmapped_nand2         1  0.8     0   127     867    (-,-) 
  WALLACE_CSA_DUMMY_OP_groupi/g1470/z (u)     in_1->z R     unmapped_nand2         1  0.8     0   127     994    (-,-) 
  Y_reg[0]/d                          -       -       R     unmapped_d_flop        1    -     -     0     994    (-,-) 
#----------------------------------------------------------------------------------------------------------------------

(u) : Net has unmapped pin(s).



Path 11: MET (4550 ps) Late External Delay Assertion at pin Y[0]
          Group: C2O
     Startpoint: (R) Y_reg[0]/clk
          Clock: (R) CLK
       Endpoint: (R) Y[0]
          Clock: (R) CLK

                     Capture       Launch     
        Clock Edge:+    5000            0     
       Src Latency:+       0            0     
       Net Latency:+       0 (I)        0 (I) 
           Arrival:=    5000            0     
                                              
      Output Delay:-       0                  
     Required Time:=    5000                  
      Launch Clock:-       0                  
         Data Path:-     450                  
             Slack:=    4550                  

Exceptions/Constraints:
  output_delay              0              top.sdc_line_11_40_1 

#----------------------------------------------------------------------------------------------
# Timing Point   Flags    Arc   Edge      Cell        Fanout Load Trans Delay Arrival Instance 
#                                                            (fF)  (ps)  (ps)   (ps)  Location 
#----------------------------------------------------------------------------------------------
  Y_reg[0]/clk   -       -      R     (arrival)           10    -     0     0       0    (-,-) 
  Y_reg[0]/q     (u)     clk->q R     unmapped_d_flop      1  3.9     0   450     450    (-,-) 
  Y[0]           -       -      R     (port)               -    -     -     0     450    (-,-) 
#----------------------------------------------------------------------------------------------

(u) : Net has unmapped pin(s).



Path 12: MET (4550 ps) Late External Delay Assertion at pin Y[1]
          Group: C2O
     Startpoint: (R) Y_reg[1]/clk
          Clock: (R) CLK
       Endpoint: (R) Y[1]
          Clock: (R) CLK

                     Capture       Launch     
        Clock Edge:+    5000            0     
       Src Latency:+       0            0     
       Net Latency:+       0 (I)        0 (I) 
           Arrival:=    5000            0     
                                              
      Output Delay:-       0                  
     Required Time:=    5000                  
      Launch Clock:-       0                  
         Data Path:-     450                  
             Slack:=    4550                  

Exceptions/Constraints:
  output_delay              0              top.sdc_line_11_39_1 

#----------------------------------------------------------------------------------------------
# Timing Point   Flags    Arc   Edge      Cell        Fanout Load Trans Delay Arrival Instance 
#                                                            (fF)  (ps)  (ps)   (ps)  Location 
#----------------------------------------------------------------------------------------------
  Y_reg[1]/clk   -       -      R     (arrival)           10    -     0     0       0    (-,-) 
  Y_reg[1]/q     (u)     clk->q R     unmapped_d_flop      1  3.9     0   450     450    (-,-) 
  Y[1]           -       -      R     (port)               -    -     -     0     450    (-,-) 
#----------------------------------------------------------------------------------------------

(u) : Net has unmapped pin(s).



Path 13: MET (4550 ps) Late External Delay Assertion at pin Y[2]
          Group: C2O
     Startpoint: (R) Y_reg[2]/clk
          Clock: (R) CLK
       Endpoint: (R) Y[2]
          Clock: (R) CLK

                     Capture       Launch     
        Clock Edge:+    5000            0     
       Src Latency:+       0            0     
       Net Latency:+       0 (I)        0 (I) 
           Arrival:=    5000            0     
                                              
      Output Delay:-       0                  
     Required Time:=    5000                  
      Launch Clock:-       0                  
         Data Path:-     450                  
             Slack:=    4550                  

Exceptions/Constraints:
  output_delay              0              top.sdc_line_11_38_1 

#----------------------------------------------------------------------------------------------
# Timing Point   Flags    Arc   Edge      Cell        Fanout Load Trans Delay Arrival Instance 
#                                                            (fF)  (ps)  (ps)   (ps)  Location 
#----------------------------------------------------------------------------------------------
  Y_reg[2]/clk   -       -      R     (arrival)           10    -     0     0       0    (-,-) 
  Y_reg[2]/q     (u)     clk->q R     unmapped_d_flop      1  3.9     0   450     450    (-,-) 
  Y[2]           -       -      R     (port)               -    -     -     0     450    (-,-) 
#----------------------------------------------------------------------------------------------

(u) : Net has unmapped pin(s).



Path 14: MET (4550 ps) Late External Delay Assertion at pin Y[3]
          Group: C2O
     Startpoint: (R) Y_reg[3]/clk
          Clock: (R) CLK
       Endpoint: (R) Y[3]
          Clock: (R) CLK

                     Capture       Launch     
        Clock Edge:+    5000            0     
       Src Latency:+       0            0     
       Net Latency:+       0 (I)        0 (I) 
           Arrival:=    5000            0     
                                              
      Output Delay:-       0                  
     Required Time:=    5000                  
      Launch Clock:-       0                  
         Data Path:-     450                  
             Slack:=    4550                  

Exceptions/Constraints:
  output_delay              0              top.sdc_line_11_37_1 

#----------------------------------------------------------------------------------------------
# Timing Point   Flags    Arc   Edge      Cell        Fanout Load Trans Delay Arrival Instance 
#                                                            (fF)  (ps)  (ps)   (ps)  Location 
#----------------------------------------------------------------------------------------------
  Y_reg[3]/clk   -       -      R     (arrival)           10    -     0     0       0    (-,-) 
  Y_reg[3]/q     (u)     clk->q R     unmapped_d_flop      1  3.9     0   450     450    (-,-) 
  Y[3]           -       -      R     (port)               -    -     -     0     450    (-,-) 
#----------------------------------------------------------------------------------------------

(u) : Net has unmapped pin(s).



Path 15: MET (4550 ps) Late External Delay Assertion at pin Y[4]
          Group: C2O
     Startpoint: (R) Y_reg[4]/clk
          Clock: (R) CLK
       Endpoint: (R) Y[4]
          Clock: (R) CLK

                     Capture       Launch     
        Clock Edge:+    5000            0     
       Src Latency:+       0            0     
       Net Latency:+       0 (I)        0 (I) 
           Arrival:=    5000            0     
                                              
      Output Delay:-       0                  
     Required Time:=    5000                  
      Launch Clock:-       0                  
         Data Path:-     450                  
             Slack:=    4550                  

Exceptions/Constraints:
  output_delay              0              top.sdc_line_11_36_1 

#----------------------------------------------------------------------------------------------
# Timing Point   Flags    Arc   Edge      Cell        Fanout Load Trans Delay Arrival Instance 
#                                                            (fF)  (ps)  (ps)   (ps)  Location 
#----------------------------------------------------------------------------------------------
  Y_reg[4]/clk   -       -      R     (arrival)           10    -     0     0       0    (-,-) 
  Y_reg[4]/q     (u)     clk->q R     unmapped_d_flop      1  3.9     0   450     450    (-,-) 
  Y[4]           -       -      R     (port)               -    -     -     0     450    (-,-) 
#----------------------------------------------------------------------------------------------

(u) : Net has unmapped pin(s).



Path 16: MET (4550 ps) Late External Delay Assertion at pin Y[5]
          Group: C2O
     Startpoint: (R) Y_reg[5]/clk
          Clock: (R) CLK
       Endpoint: (R) Y[5]
          Clock: (R) CLK

                     Capture       Launch     
        Clock Edge:+    5000            0     
       Src Latency:+       0            0     
       Net Latency:+       0 (I)        0 (I) 
           Arrival:=    5000            0     
                                              
      Output Delay:-       0                  
     Required Time:=    5000                  
      Launch Clock:-       0                  
         Data Path:-     450                  
             Slack:=    4550                  

Exceptions/Constraints:
  output_delay              0              top.sdc_line_11_35_1 

#----------------------------------------------------------------------------------------------
# Timing Point   Flags    Arc   Edge      Cell        Fanout Load Trans Delay Arrival Instance 
#                                                            (fF)  (ps)  (ps)   (ps)  Location 
#----------------------------------------------------------------------------------------------
  Y_reg[5]/clk   -       -      R     (arrival)           10    -     0     0       0    (-,-) 
  Y_reg[5]/q     (u)     clk->q R     unmapped_d_flop      1  3.9     0   450     450    (-,-) 
  Y[5]           -       -      R     (port)               -    -     -     0     450    (-,-) 
#----------------------------------------------------------------------------------------------

(u) : Net has unmapped pin(s).



Path 17: MET (4550 ps) Late External Delay Assertion at pin Y[6]
          Group: C2O
     Startpoint: (R) Y_reg[6]/clk
          Clock: (R) CLK
       Endpoint: (R) Y[6]
          Clock: (R) CLK

                     Capture       Launch     
        Clock Edge:+    5000            0     
       Src Latency:+       0            0     
       Net Latency:+       0 (I)        0 (I) 
           Arrival:=    5000            0     
                                              
      Output Delay:-       0                  
     Required Time:=    5000                  
      Launch Clock:-       0                  
         Data Path:-     450                  
             Slack:=    4550                  

Exceptions/Constraints:
  output_delay              0              top.sdc_line_11_34_1 

#----------------------------------------------------------------------------------------------
# Timing Point   Flags    Arc   Edge      Cell        Fanout Load Trans Delay Arrival Instance 
#                                                            (fF)  (ps)  (ps)   (ps)  Location 
#----------------------------------------------------------------------------------------------
  Y_reg[6]/clk   -       -      R     (arrival)           10    -     0     0       0    (-,-) 
  Y_reg[6]/q     (u)     clk->q R     unmapped_d_flop      1  3.9     0   450     450    (-,-) 
  Y[6]           -       -      R     (port)               -    -     -     0     450    (-,-) 
#----------------------------------------------------------------------------------------------

(u) : Net has unmapped pin(s).



Path 18: MET (4550 ps) Late External Delay Assertion at pin Y[7]
          Group: C2O
     Startpoint: (R) Y_reg[7]/clk
          Clock: (R) CLK
       Endpoint: (R) Y[7]
          Clock: (R) CLK

                     Capture       Launch     
        Clock Edge:+    5000            0     
       Src Latency:+       0            0     
       Net Latency:+       0 (I)        0 (I) 
           Arrival:=    5000            0     
                                              
      Output Delay:-       0                  
     Required Time:=    5000                  
      Launch Clock:-       0                  
         Data Path:-     450                  
             Slack:=    4550                  

Exceptions/Constraints:
  output_delay              0              top.sdc_line_11_33_1 

#----------------------------------------------------------------------------------------------
# Timing Point   Flags    Arc   Edge      Cell        Fanout Load Trans Delay Arrival Instance 
#                                                            (fF)  (ps)  (ps)   (ps)  Location 
#----------------------------------------------------------------------------------------------
  Y_reg[7]/clk   -       -      R     (arrival)           10    -     0     0       0    (-,-) 
  Y_reg[7]/q     (u)     clk->q R     unmapped_d_flop      1  3.9     0   450     450    (-,-) 
  Y[7]           -       -      R     (port)               -    -     -     0     450    (-,-) 
#----------------------------------------------------------------------------------------------

(u) : Net has unmapped pin(s).



Path 19: MET (4550 ps) Late External Delay Assertion at pin Y[8]
          Group: C2O
     Startpoint: (R) Y_reg[8]/clk
          Clock: (R) CLK
       Endpoint: (R) Y[8]
          Clock: (R) CLK

                     Capture       Launch     
        Clock Edge:+    5000            0     
       Src Latency:+       0            0     
       Net Latency:+       0 (I)        0 (I) 
           Arrival:=    5000            0     
                                              
      Output Delay:-       0                  
     Required Time:=    5000                  
      Launch Clock:-       0                  
         Data Path:-     450                  
             Slack:=    4550                  

Exceptions/Constraints:
  output_delay              0              top.sdc_line_11_32_1 

#----------------------------------------------------------------------------------------------
# Timing Point   Flags    Arc   Edge      Cell        Fanout Load Trans Delay Arrival Instance 
#                                                            (fF)  (ps)  (ps)   (ps)  Location 
#----------------------------------------------------------------------------------------------
  Y_reg[8]/clk   -       -      R     (arrival)           10    -     0     0       0    (-,-) 
  Y_reg[8]/q     (u)     clk->q R     unmapped_d_flop      1  3.9     0   450     450    (-,-) 
  Y[8]           -       -      R     (port)               -    -     -     0     450    (-,-) 
#----------------------------------------------------------------------------------------------

(u) : Net has unmapped pin(s).



Path 20: MET (4550 ps) Late External Delay Assertion at pin Y[9]
          Group: C2O
     Startpoint: (R) Y_reg[9]/clk
          Clock: (R) CLK
       Endpoint: (R) Y[9]
          Clock: (R) CLK

                     Capture       Launch     
        Clock Edge:+    5000            0     
       Src Latency:+       0            0     
       Net Latency:+       0 (I)        0 (I) 
           Arrival:=    5000            0     
                                              
      Output Delay:-       0                  
     Required Time:=    5000                  
      Launch Clock:-       0                  
         Data Path:-     450                  
             Slack:=    4550                  

Exceptions/Constraints:
  output_delay              0              top.sdc_line_11 

#----------------------------------------------------------------------------------------------
# Timing Point   Flags    Arc   Edge      Cell        Fanout Load Trans Delay Arrival Instance 
#                                                            (fF)  (ps)  (ps)   (ps)  Location 
#----------------------------------------------------------------------------------------------
  Y_reg[9]/clk   -       -      R     (arrival)           10    -     0     0       0    (-,-) 
  Y_reg[9]/q     (u)     clk->q R     unmapped_d_flop      1  3.9     0   450     450    (-,-) 
  Y[9]           -       -      R     (port)               -    -     -     0     450    (-,-) 
#----------------------------------------------------------------------------------------------

(u) : Net has unmapped pin(s).

Some unconstrained paths have not been displayed.
Use -unconstrained or set the root attribute 'timing_report_unconstrained' to 'true' to see only these unconstrained paths.

