============================================================
  Generated by:           Genus(TM) Synthesis Solution 21.18-s082_1
  Generated on:           May 02 2026  10:33:56 am
  Module:                 top
  Operating conditions:   PVT_0P9V_125C 
  Interconnect mode:      global
  Area mode:              physical library
============================================================

Timing
--------

Clock Period 
-------------
CLK   5000.0 


  Cost    Critical         Violating 
 Group   Path Slack  TNS     Paths   
-------------------------------------
C2C        No paths   0.0            
C2O          4614.8   0.0          0 
CLK        No paths   0.0            
default    No paths   0.0            
I2C           127.7   0.0          0 
I2O        No paths   0.0            
-------------------------------------
Total                 0.0          0 

Instance Count
--------------
Leaf Instance Count             170 
Physical Instance count           0 
Sequential Instance Count        10 
Combinational Instance Count    160 
Hierarchical Instance Count       0 

Area
----
Cell Area                          576.954
Physical Cell Area                 0.000
Total Cell Area (Cell+Physical)    576.954
Net Area                           238.182
Total Area (Cell+Physical+Net)     815.136

Runtime                            0.0 seconds
Elapsed Runtime                    45 seconds
Genus peak memory usage            1573.14 
Innovus peak memory usage          no_value 
Hostname                           cadence
