============================================================
  Generated by:           Genus(TM) Synthesis Solution 21.18-s082_1
  Generated on:           May 02 2026  10:33:56 am
  Module:                 top
  Operating conditions:   PVT_0P9V_125C 
  Interconnect mode:      global
  Area mode:              physical library
============================================================

                                   Leakage  
    Gate      Instances   Area   Power (nW)     Library    
-----------------------------------------------------------
ADDFHX1HVT            2   15.048      0.246    slow_vdd1v0 
ADDFHX2HVT            8   65.664      1.152    slow_vdd1v0 
ADDFX1HVT            37  189.810      3.453    slow_vdd1v0 
ADDFX2HVT             2   15.732      0.227    slow_vdd1v0 
ADDHX1HVT             6   22.572      0.366    slow_vdd1v0 
AND2X1HVT            41   56.088      0.857    slow_vdd1v0 
AND2X2HVT             2    3.420      0.061    slow_vdd1v0 
AOI2BB1X4HVT          4   16.416      0.610    slow_vdd1v0 
BUFX2HVT              1    1.710      0.034    slow_vdd1v0 
CLKAND2X2HVT         18   36.936      0.608    slow_vdd1v0 
CLKAND2X3HVT         17   52.326      0.969    slow_vdd1v0 
CLKINVX4HVT           1    1.710      0.059    slow_vdd1v0 
CLKXOR2X2HVT          1    3.420      0.055    slow_vdd1v0 
DFFHQX1HVT           10   54.720      0.904    slow_vdd1v0 
INVX2HVT              2    2.052      0.082    slow_vdd1v0 
INVX3HVT              2    2.736      0.083    slow_vdd1v0 
NAND2X4HVT            1    3.420      0.061    slow_vdd1v0 
NOR2BX1HVT            1    1.368      0.026    slow_vdd1v0 
NOR2X1HVT             2    2.052      0.056    slow_vdd1v0 
NOR2X2HVT             5    8.550      0.245    slow_vdd1v0 
NOR2X6HVT             1    4.104      0.143    slow_vdd1v0 
OAI2BB1X4HVT          1    4.446      0.087    slow_vdd1v0 
OR2X2HVT              1    1.710      0.045    slow_vdd1v0 
XNOR2X1HVT            2    4.788      0.077    slow_vdd1v0 
XNOR2X2HVT            2    6.156      0.110    slow_vdd1v0 
-----------------------------------------------------------
total               170  576.954     10.618                


                                          Leakage  Leakage 
     Type      Instances   Area  Area % Power (nW) Power % 
-----------------------------------------------------------
sequential            10  54.720    9.5      0.904     8.5 
inverter               5   6.498    1.1      0.224     2.1 
buffer                 1   1.710    0.3      0.034     0.3 
logic                154 514.026   89.1      9.456    89.1 
physical_cells         0   0.000    0.0      0.000     0.0 
-----------------------------------------------------------
total                170 576.954  100.0     10.618   100.0 

