============================================================
  Generated by:           Genus(TM) Synthesis Solution 21.18-s082_1
  Generated on:           May 02 2026  10:33:56 am
  Module:                 top
  Operating conditions:   PVT_0P9V_125C 
  Interconnect mode:      global
  Area mode:              physical library
============================================================


Path 1: MET (128 ps) Setup Check with Pin Y_reg[9]/CK->D
          Group: I2C
     Startpoint: (R) X0[2]
          Clock: (R) CLK
       Endpoint: (R) Y_reg[9]/D
          Clock: (R) CLK

                     Capture       Launch     
        Clock Edge:+    5000            0     
        Drv Adjust:+       0            0     
       Src Latency:+       0            0     
       Net Latency:+       0 (I)        0 (I) 
           Arrival:=    5000            0     
                                              
             Setup:-     266                  
     Required Time:=    4734                  
      Launch Clock:-       0                  
       Input Delay:-       0                  
         Data Path:-    4606                  
             Slack:=     128                  

Exceptions/Constraints:
  input_delay              0              top.sdc_line_8_2_1 

#-------------------------------------------------------------------------------------------------------------------------------
#                   Timing Point                     Flags    Arc   Edge     Cell      Fanout Load Trans Delay Arrival Instance 
#                                                                                             (fF)  (ps)  (ps)   (ps)  Location 
#-------------------------------------------------------------------------------------------------------------------------------
  X0[2]                                              -       -      R     (arrival)         4 10.7     0     0       0    (-,-) 
  WALLACE_CSA_DUMMY_OP_groupi_g657__5122/Y           -       B->Y   R     AND2X1HVT         1  4.4   148   254     254    (-,-) 
  WALLACE_CSA_DUMMY_OP_groupi_cdnfadd_005_0__7098/S  -       CI->S  F     ADDFX1HVT         1  4.4   234   556     809    (-,-) 
  WALLACE_CSA_DUMMY_OP_groupi_cdnfadd_005_3__5115/S  -       CI->S  R     ADDFX1HVT         1  4.4   169   548    1357    (-,-) 
  WALLACE_CSA_DUMMY_OP_groupi_cdnfadd_005_5__4733/CO -       CI->CO R     ADDFX1HVT         1  4.4   165   438    1796    (-,-) 
  WALLACE_CSA_DUMMY_OP_groupi_cdnfadd_006_3__1666/S  -       CI->S  F     ADDFX1HVT         1  4.5   238   568    2364    (-,-) 
  WALLACE_CSA_DUMMY_OP_groupi_cdnfadd_006_4__7410/S  -       B->S   R     ADDFX2HVT         2  6.6   184   684    3048    (-,-) 
  WALLACE_CSA_DUMMY_OP_groupi_g603__5115/Y           -       B->Y   R     AND2X2HVT         2  7.3   156   406    3454    (-,-) 
  WALLACE_CSA_DUMMY_OP_groupi_g591__8428/Y           -       B0->Y  F     AOI2BB1X4HVT      2  6.2   133   166    3620    (-,-) 
  WALLACE_CSA_DUMMY_OP_groupi_g589__6260/Y           -       A1N->Y F     AOI2BB1X4HVT      2  6.9   142   282    3901    (-,-) 
  WALLACE_CSA_DUMMY_OP_groupi_g588/Y                 -       A->Y   R     INVX3HVT          1  4.2    74   115    4016    (-,-) 
  WALLACE_CSA_DUMMY_OP_groupi_g586__2398/Y           -       A1N->Y R     OAI2BB1X4HVT      1  4.1    95   302    4318    (-,-) 
  g38__6260/Y                                        -       A->Y   R     AND2X1HVT         1  4.2   142   288    4606    (-,-) 
  Y_reg[9]/D                                         -       -      R     DFFHQX1HVT        1    -     -     0    4606    (-,-) 
#-------------------------------------------------------------------------------------------------------------------------------



Path 2: MET (151 ps) Setup Check with Pin Y_reg[8]/CK->D
          Group: I2C
     Startpoint: (R) X0[1]
          Clock: (R) CLK
       Endpoint: (R) Y_reg[8]/D
          Clock: (R) CLK

                     Capture       Launch     
        Clock Edge:+    5000            0     
        Drv Adjust:+       0            0     
       Src Latency:+       0            0     
       Net Latency:+       0 (I)        0 (I) 
           Arrival:=    5000            0     
                                              
             Setup:-     266                  
     Required Time:=    4734                  
      Launch Clock:-       0                  
       Input Delay:-       0                  
         Data Path:-    4582                  
             Slack:=     151                  

Exceptions/Constraints:
  input_delay              0              top.sdc_line_8_3_1 

#-------------------------------------------------------------------------------------------------------------------------------
#                   Timing Point                     Flags    Arc   Edge     Cell      Fanout Load Trans Delay Arrival Instance 
#                                                                                             (fF)  (ps)  (ps)   (ps)  Location 
#-------------------------------------------------------------------------------------------------------------------------------
  X0[1]                                              -       -      R     (arrival)         4 10.7     0     0       0    (-,-) 
  WALLACE_CSA_DUMMY_OP_groupi_g671__7410/Y           -       A->Y   R     CLKAND2X3HVT      1  4.6    70   163     163    (-,-) 
  WALLACE_CSA_DUMMY_OP_groupi_cdnfadd_002_1__1881/CO -       A->CO  R     ADDFX1HVT         1  4.6   170   407     570    (-,-) 
  WALLACE_CSA_DUMMY_OP_groupi_cdnfadd_003_5__6417/CO -       B->CO  R     ADDFX1HVT         1  4.6   171   457    1027    (-,-) 
  WALLACE_CSA_DUMMY_OP_groupi_cdnfadd_004_6__2802/S  -       CI->S  F     ADDFHX2HVT        1  4.6   150   561    1588    (-,-) 
  WALLACE_CSA_DUMMY_OP_groupi_cdnfadd_004_8__5122/S  -       CI->S  R     ADDFHX2HVT        1  4.6   133   509    2097    (-,-) 
  WALLACE_CSA_DUMMY_OP_groupi_cdnfadd_004_9__8246/S  -       CI->S  F     ADDFHX2HVT        2  7.9   226   579    2676    (-,-) 
  WALLACE_CSA_DUMMY_OP_groupi_g609__2883/Y           -       B->Y   F     CLKAND2X3HVT      2  7.5   143   272    2947    (-,-) 
  WALLACE_CSA_DUMMY_OP_groupi_g596__2802/Y           -       B0->Y  R     AOI2BB1X4HVT      2  6.4   146   179    3126    (-,-) 
  WALLACE_CSA_DUMMY_OP_groupi_g593__6783/Y           -       A1N->Y R     AOI2BB1X4HVT      2  6.3   149   268    3394    (-,-) 
  WALLACE_CSA_DUMMY_OP_groupi_g591__8428/Y           -       A1N->Y R     AOI2BB1X4HVT      2  6.2   147   269    3663    (-,-) 
  WALLACE_CSA_DUMMY_OP_groupi_g589__6260/Y           -       A1N->Y R     AOI2BB1X4HVT      2  7.0   160   275    3938    (-,-) 
  WALLACE_CSA_DUMMY_OP_groupi_g587__5107/Y           -       B->Y   R     XNOR2X1HVT        1  4.1   143   330    4268    (-,-) 
  g39__5107/Y                                        -       A->Y   R     AND2X1HVT         1  4.2   143   315    4582    (-,-) 
  Y_reg[8]/D                                         -       -      R     DFFHQX1HVT        1    -     -     0    4582    (-,-) 
#-------------------------------------------------------------------------------------------------------------------------------



Path 3: MET (260 ps) Setup Check with Pin Y_reg[6]/CK->D
          Group: I2C
     Startpoint: (R) X0[2]
          Clock: (R) CLK
       Endpoint: (R) Y_reg[6]/D
          Clock: (R) CLK

                     Capture       Launch     
        Clock Edge:+    5000            0     
        Drv Adjust:+       0            0     
       Src Latency:+       0            0     
       Net Latency:+       0 (I)        0 (I) 
           Arrival:=    5000            0     
                                              
             Setup:-     266                  
     Required Time:=    4734                  
      Launch Clock:-       0                  
       Input Delay:-       0                  
         Data Path:-    4474                  
             Slack:=     260                  

Exceptions/Constraints:
  input_delay              0              top.sdc_line_8_2_1 

#-----------------------------------------------------------------------------------------------------------------------------
#                   Timing Point                     Flags    Arc   Edge    Cell     Fanout Load Trans Delay Arrival Instance 
#                                                                                           (fF)  (ps)  (ps)   (ps)  Location 
#-----------------------------------------------------------------------------------------------------------------------------
  X0[2]                                              -       -      R     (arrival)       4 10.7     0     0       0    (-,-) 
  WALLACE_CSA_DUMMY_OP_groupi_g657__5122/Y           -       B->Y   R     AND2X1HVT       1  4.4   148   254     254    (-,-) 
  WALLACE_CSA_DUMMY_OP_groupi_cdnfadd_005_0__7098/S  -       CI->S  F     ADDFX1HVT       1  4.4   234   556     809    (-,-) 
  WALLACE_CSA_DUMMY_OP_groupi_cdnfadd_005_3__5115/S  -       CI->S  R     ADDFX1HVT       1  4.4   169   548    1357    (-,-) 
  WALLACE_CSA_DUMMY_OP_groupi_cdnfadd_005_5__4733/CO -       CI->CO R     ADDFX1HVT       1  4.4   165   438    1796    (-,-) 
  WALLACE_CSA_DUMMY_OP_groupi_cdnfadd_006_3__1666/S  -       CI->S  F     ADDFX1HVT       1  4.5   238   568    2364    (-,-) 
  WALLACE_CSA_DUMMY_OP_groupi_cdnfadd_006_4__7410/S  -       B->S   R     ADDFX2HVT       2  6.6   184   684    3048    (-,-) 
  WALLACE_CSA_DUMMY_OP_groupi_g603__5115/Y           -       B->Y   R     AND2X2HVT       2  7.3   156   406    3454    (-,-) 
  WALLACE_CSA_DUMMY_OP_groupi_g597__1705/Y           -       B->Y   F     NOR2X1HVT       1  4.1   255   232    3686    (-,-) 
  WALLACE_CSA_DUMMY_OP_groupi_g592__5526/Y           -       A->Y   R     XNOR2X1HVT      1  4.1   143   473    4160    (-,-) 
  g40__4319/Y                                        -       A->Y   R     AND2X1HVT       1  4.2   143   315    4474    (-,-) 
  Y_reg[6]/D                                         -       -      R     DFFHQX1HVT      1    -     -     0    4474    (-,-) 
#-----------------------------------------------------------------------------------------------------------------------------



Path 4: MET (355 ps) Setup Check with Pin Y_reg[7]/CK->D
          Group: I2C
     Startpoint: (R) X0[1]
          Clock: (R) CLK
       Endpoint: (R) Y_reg[7]/D
          Clock: (R) CLK

                     Capture       Launch     
        Clock Edge:+    5000            0     
        Drv Adjust:+       0            0     
       Src Latency:+       0            0     
       Net Latency:+       0 (I)        0 (I) 
           Arrival:=    5000            0     
                                              
             Setup:-     266                  
     Required Time:=    4734                  
      Launch Clock:-       0                  
       Input Delay:-       0                  
         Data Path:-    4379                  
             Slack:=     355                  

Exceptions/Constraints:
  input_delay              0              top.sdc_line_8_3_1 

#-------------------------------------------------------------------------------------------------------------------------------
#                   Timing Point                     Flags    Arc   Edge     Cell      Fanout Load Trans Delay Arrival Instance 
#                                                                                             (fF)  (ps)  (ps)   (ps)  Location 
#-------------------------------------------------------------------------------------------------------------------------------
  X0[1]                                              -       -      R     (arrival)         4 10.7     0     0       0    (-,-) 
  WALLACE_CSA_DUMMY_OP_groupi_g671__7410/Y           -       A->Y   R     CLKAND2X3HVT      1  4.6    70   163     163    (-,-) 
  WALLACE_CSA_DUMMY_OP_groupi_cdnfadd_002_1__1881/CO -       A->CO  R     ADDFX1HVT         1  4.6   170   407     570    (-,-) 
  WALLACE_CSA_DUMMY_OP_groupi_cdnfadd_003_5__6417/CO -       B->CO  R     ADDFX1HVT         1  4.6   171   457    1027    (-,-) 
  WALLACE_CSA_DUMMY_OP_groupi_cdnfadd_004_6__2802/S  -       CI->S  F     ADDFHX2HVT        1  4.6   150   561    1588    (-,-) 
  WALLACE_CSA_DUMMY_OP_groupi_cdnfadd_004_8__5122/S  -       CI->S  R     ADDFHX2HVT        1  4.6   133   509    2097    (-,-) 
  WALLACE_CSA_DUMMY_OP_groupi_cdnfadd_004_9__8246/S  -       CI->S  F     ADDFHX2HVT        2  7.9   226   579    2676    (-,-) 
  WALLACE_CSA_DUMMY_OP_groupi_g609__2883/Y           -       B->Y   F     CLKAND2X3HVT      2  7.5   143   272    2947    (-,-) 
  WALLACE_CSA_DUMMY_OP_groupi_g596__2802/Y           -       B0->Y  R     AOI2BB1X4HVT      2  6.4   146   179    3126    (-,-) 
  WALLACE_CSA_DUMMY_OP_groupi_g593__6783/Y           -       A1N->Y R     AOI2BB1X4HVT      2  6.3   149   268    3394    (-,-) 
  WALLACE_CSA_DUMMY_OP_groupi_g591__8428/Y           -       A1N->Y R     AOI2BB1X4HVT      2  6.2   147   269    3663    (-,-) 
  WALLACE_CSA_DUMMY_OP_groupi_g590__4319/Y           -       A->Y   R     XNOR2X2HVT        1  4.1   114   417    4080    (-,-) 
  g37__2398/Y                                        -       A->Y   R     AND2X1HVT         1  4.2   142   299    4379    (-,-) 
  Y_reg[7]/D                                         -       -      R     DFFHQX1HVT        1    -     -     0    4379    (-,-) 
#-------------------------------------------------------------------------------------------------------------------------------



Path 5: MET (471 ps) Setup Check with Pin Y_reg[5]/CK->D
          Group: I2C
     Startpoint: (R) X1[0]
          Clock: (R) CLK
       Endpoint: (R) Y_reg[5]/D
          Clock: (R) CLK

                     Capture       Launch     
        Clock Edge:+    5000            0     
        Drv Adjust:+       0            0     
       Src Latency:+       0            0     
       Net Latency:+       0 (I)        0 (I) 
           Arrival:=    5000            0     
                                              
             Setup:-     352                  
     Required Time:=    4648                  
      Launch Clock:-       0                  
       Input Delay:-       0                  
         Data Path:-    4177                  
             Slack:=     471                  

Exceptions/Constraints:
  input_delay              0              top.sdc_line_8_8_1 

#------------------------------------------------------------------------------------------------------------------------------
#                   Timing Point                     Flags   Arc   Edge     Cell      Fanout Load Trans Delay Arrival Instance 
#                                                                                            (fF)  (ps)  (ps)   (ps)  Location 
#------------------------------------------------------------------------------------------------------------------------------
  X1[0]                                              -       -     R     (arrival)         4 10.7     0     0       0    (-,-) 
  WALLACE_CSA_DUMMY_OP_groupi_g636__4733/Y           -       A->Y  R     CLKAND2X2HVT      1  4.6    92   186     186    (-,-) 
  WALLACE_CSA_DUMMY_OP_groupi_cdnfadd_003_3__1666/CO -       B->CO R     ADDFX1HVT         1  4.6   170   410     596    (-,-) 
  WALLACE_CSA_DUMMY_OP_groupi_cdnfadd_004_4__3680/CO -       B->CO R     ADDFX1HVT         1  4.4   165   454    1050    (-,-) 
  WALLACE_CSA_DUMMY_OP_groupi_cdnfadd_005_4__7482/S  -       CI->S R     ADDFX1HVT         1  4.6   174   544    1594    (-,-) 
  WALLACE_CSA_DUMMY_OP_groupi_cdnfadd_005_6__6161/S  -       A->S  R     ADDFX1HVT         1  4.6   174   599    2193    (-,-) 
  WALLACE_CSA_DUMMY_OP_groupi_cdnfadd_005_7__9315/S  -       CI->S F     ADDFHX2HVT        2  6.5   194   586    2780    (-,-) 
  WALLACE_CSA_DUMMY_OP_groupi_g606__6161/Y           -       B->Y  F     CLKAND2X2HVT      2  7.2   192   286    3066    (-,-) 
  WALLACE_CSA_DUMMY_OP_groupi_g598__5122/Y           -       B->Y  R     NOR2X1HVT         1  4.1   290   285    3351    (-,-) 
  WALLACE_CSA_DUMMY_OP_groupi_g594__3680/Y           -       A->Y  R     XNOR2X2HVT        1  4.1   114   516    3867    (-,-) 
  g41__8428/Y                                        -       AN->Y R     NOR2BX1HVT        1  4.2   280   310    4177    (-,-) 
  Y_reg[5]/D                                         -       -     R     DFFHQX1HVT        1    -     -     0    4177    (-,-) 
#------------------------------------------------------------------------------------------------------------------------------



Path 6: MET (895 ps) Setup Check with Pin Y_reg[4]/CK->D
          Group: I2C
     Startpoint: (R) X0[1]
          Clock: (R) CLK
       Endpoint: (R) Y_reg[4]/D
          Clock: (R) CLK

                     Capture       Launch     
        Clock Edge:+    5000            0     
        Drv Adjust:+       0            0     
       Src Latency:+       0            0     
       Net Latency:+       0 (I)        0 (I) 
           Arrival:=    5000            0     
                                              
             Setup:-     266                  
     Required Time:=    4734                  
      Launch Clock:-       0                  
       Input Delay:-       0                  
         Data Path:-    3839                  
             Slack:=     895                  

Exceptions/Constraints:
  input_delay              0              top.sdc_line_8_3_1 

#------------------------------------------------------------------------------------------------------------------------------
#                   Timing Point                     Flags   Arc   Edge     Cell      Fanout Load Trans Delay Arrival Instance 
#                                                                                            (fF)  (ps)  (ps)   (ps)  Location 
#------------------------------------------------------------------------------------------------------------------------------
  X0[1]                                              -       -     R     (arrival)         4 10.7     0     0       0    (-,-) 
  WALLACE_CSA_DUMMY_OP_groupi_g671__7410/Y           -       A->Y  R     CLKAND2X3HVT      1  4.6    70   163     163    (-,-) 
  WALLACE_CSA_DUMMY_OP_groupi_cdnfadd_002_1__1881/CO -       A->CO R     ADDFX1HVT         1  4.6   170   407     570    (-,-) 
  WALLACE_CSA_DUMMY_OP_groupi_cdnfadd_003_5__6417/CO -       B->CO R     ADDFX1HVT         1  4.6   171   457    1027    (-,-) 
  WALLACE_CSA_DUMMY_OP_groupi_cdnfadd_004_6__2802/S  -       CI->S F     ADDFHX2HVT        1  4.6   150   561    1588    (-,-) 
  WALLACE_CSA_DUMMY_OP_groupi_cdnfadd_004_8__5122/S  -       CI->S R     ADDFHX2HVT        1  4.6   133   509    2097    (-,-) 
  WALLACE_CSA_DUMMY_OP_groupi_cdnfadd_004_9__8246/S  -       CI->S F     ADDFHX2HVT        2  7.9   226   579    2676    (-,-) 
  WALLACE_CSA_DUMMY_OP_groupi_g609__2883/Y           -       B->Y  F     CLKAND2X3HVT      2  7.5   143   272    2947    (-,-) 
  WALLACE_CSA_DUMMY_OP_groupi_g600__7098/Y           -       B->Y  R     NOR2X2HVT         1  4.3   181   186    3133    (-,-) 
  WALLACE_CSA_DUMMY_OP_groupi_g595__1617/Y           -       B->Y  R     CLKXOR2X2HVT      1  4.1   114   407    3540    (-,-) 
  g44__3680/Y                                        -       A->Y  R     AND2X1HVT         1  4.2   142   299    3839    (-,-) 
  Y_reg[4]/D                                         -       -     R     DFFHQX1HVT        1    -     -     0    3839    (-,-) 
#------------------------------------------------------------------------------------------------------------------------------



Path 7: MET (1681 ps) Setup Check with Pin Y_reg[3]/CK->D
          Group: I2C
     Startpoint: (R) C3[1]
          Clock: (R) CLK
       Endpoint: (R) Y_reg[3]/D
          Clock: (R) CLK

                     Capture       Launch     
        Clock Edge:+    5000            0     
        Drv Adjust:+       0            0     
       Src Latency:+       0            0     
       Net Latency:+       0 (I)        0 (I) 
           Arrival:=    5000            0     
                                              
             Setup:-     266                  
     Required Time:=    4734                  
      Launch Clock:-       0                  
       Input Delay:-       0                  
         Data Path:-    3053                  
             Slack:=    1681                  

Exceptions/Constraints:
  input_delay              0              top.sdc_line_8_31_1 

#----------------------------------------------------------------------------------------------------------------------------
#                   Timing Point                     Flags   Arc   Edge    Cell     Fanout Load Trans Delay Arrival Instance 
#                                                                                          (fF)  (ps)  (ps)   (ps)  Location 
#----------------------------------------------------------------------------------------------------------------------------
  C3[1]                                              -       -     R     (arrival)       4 10.7     0     0       0    (-,-) 
  WALLACE_CSA_DUMMY_OP_groupi_g683__2802/Y           -       B->Y  R     AND2X1HVT       1  4.3   145   252     252    (-,-) 
  WALLACE_CSA_DUMMY_OP_groupi_g623__5526/CO          -       A->CO R     ADDHX1HVT       1  4.6   154   347     599    (-,-) 
  WALLACE_CSA_DUMMY_OP_groupi_cdnfadd_002_4__4733/S  -       A->S  R     ADDFX1HVT       1  4.6   174   586    1186    (-,-) 
  WALLACE_CSA_DUMMY_OP_groupi_cdnfadd_002_6__9315/CO -       B->CO R     ADDFX1HVT       1  4.6   171   460    1645    (-,-) 
  WALLACE_CSA_DUMMY_OP_groupi_cdnfadd_003_9__6260/S  -       CI->S F     ADDFHX2HVT      1  4.8   155   563    2209    (-,-) 
  WALLACE_CSA_DUMMY_OP_groupi_g614__7410/S           -       B->S  R     ADDFHX2HVT      1  4.1   126   539    2748    (-,-) 
  g43__6783/Y                                        -       A->Y  R     AND2X1HVT       1  4.2   143   305    3053    (-,-) 
  Y_reg[3]/D                                         -       -     R     DFFHQX1HVT      1    -     -     0    3053    (-,-) 
#----------------------------------------------------------------------------------------------------------------------------



Path 8: MET (2082 ps) Setup Check with Pin Y_reg[2]/CK->D
          Group: I2C
     Startpoint: (R) C3[1]
          Clock: (R) CLK
       Endpoint: (R) Y_reg[2]/D
          Clock: (R) CLK

                     Capture       Launch     
        Clock Edge:+    5000            0     
        Drv Adjust:+       0            0     
       Src Latency:+       0            0     
       Net Latency:+       0 (I)        0 (I) 
           Arrival:=    5000            0     
                                              
             Setup:-     266                  
     Required Time:=    4734                  
      Launch Clock:-       0                  
       Input Delay:-       0                  
         Data Path:-    2652                  
             Slack:=    2082                  

Exceptions/Constraints:
  input_delay              0              top.sdc_line_8_31_1 

#---------------------------------------------------------------------------------------------------------------------------
#                   Timing Point                    Flags   Arc   Edge    Cell     Fanout Load Trans Delay Arrival Instance 
#                                                                                         (fF)  (ps)  (ps)   (ps)  Location 
#---------------------------------------------------------------------------------------------------------------------------
  C3[1]                                             -       -     R     (arrival)       4 10.7     0     0       0    (-,-) 
  WALLACE_CSA_DUMMY_OP_groupi_g683__2802/Y          -       B->Y  R     AND2X1HVT       1  4.3   145   252     252    (-,-) 
  WALLACE_CSA_DUMMY_OP_groupi_g623__5526/CO         -       A->CO R     ADDHX1HVT       1  4.6   154   347     599    (-,-) 
  WALLACE_CSA_DUMMY_OP_groupi_cdnfadd_002_4__4733/S -       A->S  R     ADDFX1HVT       1  4.6   174   586    1186    (-,-) 
  WALLACE_CSA_DUMMY_OP_groupi_cdnfadd_002_6__9315/S -       B->S  F     ADDFX1HVT       1  4.6   243   604    1789    (-,-) 
  WALLACE_CSA_DUMMY_OP_groupi_g615__6417/S          -       CI->S R     ADDFHX2HVT      1  4.1   126   557    2346    (-,-) 
  g42__5526/Y                                       -       A->Y  R     AND2X1HVT       1  4.2   143   305    2652    (-,-) 
  Y_reg[2]/D                                        -       -     R     DFFHQX1HVT      1    -     -     0    2652    (-,-) 
#---------------------------------------------------------------------------------------------------------------------------



Path 9: MET (2552 ps) Setup Check with Pin Y_reg[1]/CK->D
          Group: I2C
     Startpoint: (R) C3[0]
          Clock: (R) CLK
       Endpoint: (R) Y_reg[1]/D
          Clock: (R) CLK

                     Capture       Launch     
        Clock Edge:+    5000            0     
        Drv Adjust:+       0            0     
       Src Latency:+       0            0     
       Net Latency:+       0 (I)        0 (I) 
           Arrival:=    5000            0     
                                              
             Setup:-     266                  
     Required Time:=    4734                  
      Launch Clock:-       0                  
       Input Delay:-       0                  
         Data Path:-    2182                  
             Slack:=    2552                  

Exceptions/Constraints:
  input_delay              0              top.sdc_line_8_32_1 

#----------------------------------------------------------------------------------------------------------------------------
#                   Timing Point                     Flags   Arc   Edge    Cell     Fanout Load Trans Delay Arrival Instance 
#                                                                                          (fF)  (ps)  (ps)   (ps)  Location 
#----------------------------------------------------------------------------------------------------------------------------
  C3[0]                                              -       -     R     (arrival)       4 10.3     0     0       0    (-,-) 
  WALLACE_CSA_DUMMY_OP_groupi_g634__5115/Y           -       B->Y  R     AND2X1HVT       1  4.6   153   257     257    (-,-) 
  WALLACE_CSA_DUMMY_OP_groupi_cdnfadd_000_0__1705/CO -       A->CO R     ADDFX1HVT       1  4.6   170   462     718    (-,-) 
  WALLACE_CSA_DUMMY_OP_groupi_cdnfadd_001_2__7098/S  -       B->S  F     ADDFX1HVT       1  4.6   243   601    1320    (-,-) 
  WALLACE_CSA_DUMMY_OP_groupi_g617__5477/S           -       CI->S R     ADDFHX2HVT      1  4.1   126   557    1877    (-,-) 
  g45__1617/Y                                        -       A->Y  R     AND2X1HVT       1  4.2   143   305    2182    (-,-) 
  Y_reg[1]/D                                         -       -     R     DFFHQX1HVT      1    -     -     0    2182    (-,-) 
#----------------------------------------------------------------------------------------------------------------------------



Path 10: MET (2997 ps) Setup Check with Pin Y_reg[0]/CK->D
          Group: I2C
     Startpoint: (R) C3[0]
          Clock: (R) CLK
       Endpoint: (R) Y_reg[0]/D
          Clock: (R) CLK

                     Capture       Launch     
        Clock Edge:+    5000            0     
        Drv Adjust:+       0            0     
       Src Latency:+       0            0     
       Net Latency:+       0 (I)        0 (I) 
           Arrival:=    5000            0     
                                              
             Setup:-     266                  
     Required Time:=    4734                  
      Launch Clock:-       0                  
       Input Delay:-       0                  
         Data Path:-    1736                  
             Slack:=    2997                  

Exceptions/Constraints:
  input_delay              0              top.sdc_line_8_32_1 

#---------------------------------------------------------------------------------------------------------------------------
#                   Timing Point                    Flags   Arc   Edge    Cell     Fanout Load Trans Delay Arrival Instance 
#                                                                                         (fF)  (ps)  (ps)   (ps)  Location 
#---------------------------------------------------------------------------------------------------------------------------
  C3[0]                                             -       -     R     (arrival)       4 10.3     0     0       0    (-,-) 
  WALLACE_CSA_DUMMY_OP_groupi_g634__5115/Y          -       B->Y  R     AND2X1HVT       1  4.6   153   257     257    (-,-) 
  WALLACE_CSA_DUMMY_OP_groupi_cdnfadd_000_0__1705/S -       A->S  F     ADDFX1HVT       1  4.4   234   606     863    (-,-) 
  WALLACE_CSA_DUMMY_OP_groupi_g618__2398/S          -       B->S  R     ADDHX1HVT       1  4.1   143   363    1225    (-,-) 
  WALLACE_CSA_DUMMY_OP_groupi_drc_bufs696/Y         -       A->Y  R     BUFX2HVT        1  4.1    86   228    1454    (-,-) 
  g46__2802/Y                                       -       A->Y  R     AND2X1HVT       1  4.2   142   283    1736    (-,-) 
  Y_reg[0]/D                                        -       -     R     DFFHQX1HVT      1    -     -     0    1736    (-,-) 
#---------------------------------------------------------------------------------------------------------------------------



Path 11: MET (4615 ps) Late External Delay Assertion at pin Y[0]
          Group: C2O
     Startpoint: (R) Y_reg[0]/CK
          Clock: (R) CLK
       Endpoint: (F) Y[0]
          Clock: (R) CLK

                     Capture       Launch     
        Clock Edge:+    5000            0     
       Src Latency:+       0            0     
       Net Latency:+       0 (I)        0 (I) 
           Arrival:=    5000            0     
                                              
      Output Delay:-       0                  
     Required Time:=    5000                  
      Launch Clock:-       0                  
         Data Path:-     385                  
             Slack:=    4615                  

Exceptions/Constraints:
  output_delay              0              top.sdc_line_11_40_1 

#----------------------------------------------------------------------------------------
# Timing Point   Flags   Arc   Edge    Cell     Fanout Load Trans Delay Arrival Instance 
#                                                      (fF)  (ps)  (ps)   (ps)  Location 
#----------------------------------------------------------------------------------------
  Y_reg[0]/CK    -       -     R     (arrival)      10    -     0     0       0    (-,-) 
  Y_reg[0]/Q     -       CK->Q F     DFFHQX1HVT      1  3.9   194   385     385    (-,-) 
  Y[0]           -       -     F     (port)          -    -     -     0     385    (-,-) 
#----------------------------------------------------------------------------------------



Path 12: MET (4615 ps) Late External Delay Assertion at pin Y[1]
          Group: C2O
     Startpoint: (R) Y_reg[1]/CK
          Clock: (R) CLK
       Endpoint: (F) Y[1]
          Clock: (R) CLK

                     Capture       Launch     
        Clock Edge:+    5000            0     
       Src Latency:+       0            0     
       Net Latency:+       0 (I)        0 (I) 
           Arrival:=    5000            0     
                                              
      Output Delay:-       0                  
     Required Time:=    5000                  
      Launch Clock:-       0                  
         Data Path:-     385                  
             Slack:=    4615                  

Exceptions/Constraints:
  output_delay              0              top.sdc_line_11_39_1 

#----------------------------------------------------------------------------------------
# Timing Point   Flags   Arc   Edge    Cell     Fanout Load Trans Delay Arrival Instance 
#                                                      (fF)  (ps)  (ps)   (ps)  Location 
#----------------------------------------------------------------------------------------
  Y_reg[1]/CK    -       -     R     (arrival)      10    -     0     0       0    (-,-) 
  Y_reg[1]/Q     -       CK->Q F     DFFHQX1HVT      1  3.9   194   385     385    (-,-) 
  Y[1]           -       -     F     (port)          -    -     -     0     385    (-,-) 
#----------------------------------------------------------------------------------------



Path 13: MET (4615 ps) Late External Delay Assertion at pin Y[2]
          Group: C2O
     Startpoint: (R) Y_reg[2]/CK
          Clock: (R) CLK
       Endpoint: (F) Y[2]
          Clock: (R) CLK

                     Capture       Launch     
        Clock Edge:+    5000            0     
       Src Latency:+       0            0     
       Net Latency:+       0 (I)        0 (I) 
           Arrival:=    5000            0     
                                              
      Output Delay:-       0                  
     Required Time:=    5000                  
      Launch Clock:-       0                  
         Data Path:-     385                  
             Slack:=    4615                  

Exceptions/Constraints:
  output_delay              0              top.sdc_line_11_38_1 

#----------------------------------------------------------------------------------------
# Timing Point   Flags   Arc   Edge    Cell     Fanout Load Trans Delay Arrival Instance 
#                                                      (fF)  (ps)  (ps)   (ps)  Location 
#----------------------------------------------------------------------------------------
  Y_reg[2]/CK    -       -     R     (arrival)      10    -     0     0       0    (-,-) 
  Y_reg[2]/Q     -       CK->Q F     DFFHQX1HVT      1  3.9   194   385     385    (-,-) 
  Y[2]           -       -     F     (port)          -    -     -     0     385    (-,-) 
#----------------------------------------------------------------------------------------



Path 14: MET (4615 ps) Late External Delay Assertion at pin Y[3]
          Group: C2O
     Startpoint: (R) Y_reg[3]/CK
          Clock: (R) CLK
       Endpoint: (F) Y[3]
          Clock: (R) CLK

                     Capture       Launch     
        Clock Edge:+    5000            0     
       Src Latency:+       0            0     
       Net Latency:+       0 (I)        0 (I) 
           Arrival:=    5000            0     
                                              
      Output Delay:-       0                  
     Required Time:=    5000                  
      Launch Clock:-       0                  
         Data Path:-     385                  
             Slack:=    4615                  

Exceptions/Constraints:
  output_delay              0              top.sdc_line_11_37_1 

#----------------------------------------------------------------------------------------
# Timing Point   Flags   Arc   Edge    Cell     Fanout Load Trans Delay Arrival Instance 
#                                                      (fF)  (ps)  (ps)   (ps)  Location 
#----------------------------------------------------------------------------------------
  Y_reg[3]/CK    -       -     R     (arrival)      10    -     0     0       0    (-,-) 
  Y_reg[3]/Q     -       CK->Q F     DFFHQX1HVT      1  3.9   194   385     385    (-,-) 
  Y[3]           -       -     F     (port)          -    -     -     0     385    (-,-) 
#----------------------------------------------------------------------------------------



Path 15: MET (4615 ps) Late External Delay Assertion at pin Y[4]
          Group: C2O
     Startpoint: (R) Y_reg[4]/CK
          Clock: (R) CLK
       Endpoint: (F) Y[4]
          Clock: (R) CLK

                     Capture       Launch     
        Clock Edge:+    5000            0     
       Src Latency:+       0            0     
       Net Latency:+       0 (I)        0 (I) 
           Arrival:=    5000            0     
                                              
      Output Delay:-       0                  
     Required Time:=    5000                  
      Launch Clock:-       0                  
         Data Path:-     385                  
             Slack:=    4615                  

Exceptions/Constraints:
  output_delay              0              top.sdc_line_11_36_1 

#----------------------------------------------------------------------------------------
# Timing Point   Flags   Arc   Edge    Cell     Fanout Load Trans Delay Arrival Instance 
#                                                      (fF)  (ps)  (ps)   (ps)  Location 
#----------------------------------------------------------------------------------------
  Y_reg[4]/CK    -       -     R     (arrival)      10    -     0     0       0    (-,-) 
  Y_reg[4]/Q     -       CK->Q F     DFFHQX1HVT      1  3.9   194   385     385    (-,-) 
  Y[4]           -       -     F     (port)          -    -     -     0     385    (-,-) 
#----------------------------------------------------------------------------------------



Path 16: MET (4615 ps) Late External Delay Assertion at pin Y[5]
          Group: C2O
     Startpoint: (R) Y_reg[5]/CK
          Clock: (R) CLK
       Endpoint: (F) Y[5]
          Clock: (R) CLK

                     Capture       Launch     
        Clock Edge:+    5000            0     
       Src Latency:+       0            0     
       Net Latency:+       0 (I)        0 (I) 
           Arrival:=    5000            0     
                                              
      Output Delay:-       0                  
     Required Time:=    5000                  
      Launch Clock:-       0                  
         Data Path:-     385                  
             Slack:=    4615                  

Exceptions/Constraints:
  output_delay              0              top.sdc_line_11_35_1 

#----------------------------------------------------------------------------------------
# Timing Point   Flags   Arc   Edge    Cell     Fanout Load Trans Delay Arrival Instance 
#                                                      (fF)  (ps)  (ps)   (ps)  Location 
#----------------------------------------------------------------------------------------
  Y_reg[5]/CK    -       -     R     (arrival)      10    -     0     0       0    (-,-) 
  Y_reg[5]/Q     -       CK->Q F     DFFHQX1HVT      1  3.9   194   385     385    (-,-) 
  Y[5]           -       -     F     (port)          -    -     -     0     385    (-,-) 
#----------------------------------------------------------------------------------------



Path 17: MET (4615 ps) Late External Delay Assertion at pin Y[6]
          Group: C2O
     Startpoint: (R) Y_reg[6]/CK
          Clock: (R) CLK
       Endpoint: (F) Y[6]
          Clock: (R) CLK

                     Capture       Launch     
        Clock Edge:+    5000            0     
       Src Latency:+       0            0     
       Net Latency:+       0 (I)        0 (I) 
           Arrival:=    5000            0     
                                              
      Output Delay:-       0                  
     Required Time:=    5000                  
      Launch Clock:-       0                  
         Data Path:-     385                  
             Slack:=    4615                  

Exceptions/Constraints:
  output_delay              0              top.sdc_line_11_34_1 

#----------------------------------------------------------------------------------------
# Timing Point   Flags   Arc   Edge    Cell     Fanout Load Trans Delay Arrival Instance 
#                                                      (fF)  (ps)  (ps)   (ps)  Location 
#----------------------------------------------------------------------------------------
  Y_reg[6]/CK    -       -     R     (arrival)      10    -     0     0       0    (-,-) 
  Y_reg[6]/Q     -       CK->Q F     DFFHQX1HVT      1  3.9   194   385     385    (-,-) 
  Y[6]           -       -     F     (port)          -    -     -     0     385    (-,-) 
#----------------------------------------------------------------------------------------



Path 18: MET (4615 ps) Late External Delay Assertion at pin Y[7]
          Group: C2O
     Startpoint: (R) Y_reg[7]/CK
          Clock: (R) CLK
       Endpoint: (F) Y[7]
          Clock: (R) CLK

                     Capture       Launch     
        Clock Edge:+    5000            0     
       Src Latency:+       0            0     
       Net Latency:+       0 (I)        0 (I) 
           Arrival:=    5000            0     
                                              
      Output Delay:-       0                  
     Required Time:=    5000                  
      Launch Clock:-       0                  
         Data Path:-     385                  
             Slack:=    4615                  

Exceptions/Constraints:
  output_delay              0              top.sdc_line_11_33_1 

#----------------------------------------------------------------------------------------
# Timing Point   Flags   Arc   Edge    Cell     Fanout Load Trans Delay Arrival Instance 
#                                                      (fF)  (ps)  (ps)   (ps)  Location 
#----------------------------------------------------------------------------------------
  Y_reg[7]/CK    -       -     R     (arrival)      10    -     0     0       0    (-,-) 
  Y_reg[7]/Q     -       CK->Q F     DFFHQX1HVT      1  3.9   194   385     385    (-,-) 
  Y[7]           -       -     F     (port)          -    -     -     0     385    (-,-) 
#----------------------------------------------------------------------------------------



Path 19: MET (4615 ps) Late External Delay Assertion at pin Y[8]
          Group: C2O
     Startpoint: (R) Y_reg[8]/CK
          Clock: (R) CLK
       Endpoint: (F) Y[8]
          Clock: (R) CLK

                     Capture       Launch     
        Clock Edge:+    5000            0     
       Src Latency:+       0            0     
       Net Latency:+       0 (I)        0 (I) 
           Arrival:=    5000            0     
                                              
      Output Delay:-       0                  
     Required Time:=    5000                  
      Launch Clock:-       0                  
         Data Path:-     385                  
             Slack:=    4615                  

Exceptions/Constraints:
  output_delay              0              top.sdc_line_11_32_1 

#----------------------------------------------------------------------------------------
# Timing Point   Flags   Arc   Edge    Cell     Fanout Load Trans Delay Arrival Instance 
#                                                      (fF)  (ps)  (ps)   (ps)  Location 
#----------------------------------------------------------------------------------------
  Y_reg[8]/CK    -       -     R     (arrival)      10    -     0     0       0    (-,-) 
  Y_reg[8]/Q     -       CK->Q F     DFFHQX1HVT      1  3.9   194   385     385    (-,-) 
  Y[8]           -       -     F     (port)          -    -     -     0     385    (-,-) 
#----------------------------------------------------------------------------------------



Path 20: MET (4615 ps) Late External Delay Assertion at pin Y[9]
          Group: C2O
     Startpoint: (R) Y_reg[9]/CK
          Clock: (R) CLK
       Endpoint: (F) Y[9]
          Clock: (R) CLK

                     Capture       Launch     
        Clock Edge:+    5000            0     
       Src Latency:+       0            0     
       Net Latency:+       0 (I)        0 (I) 
           Arrival:=    5000            0     
                                              
      Output Delay:-       0                  
     Required Time:=    5000                  
      Launch Clock:-       0                  
         Data Path:-     385                  
             Slack:=    4615                  

Exceptions/Constraints:
  output_delay              0              top.sdc_line_11 

#----------------------------------------------------------------------------------------
# Timing Point   Flags   Arc   Edge    Cell     Fanout Load Trans Delay Arrival Instance 
#                                                      (fF)  (ps)  (ps)   (ps)  Location 
#----------------------------------------------------------------------------------------
  Y_reg[9]/CK    -       -     R     (arrival)      10    -     0     0       0    (-,-) 
  Y_reg[9]/Q     -       CK->Q F     DFFHQX1HVT      1  3.9   194   385     385    (-,-) 
  Y[9]           -       -     F     (port)          -    -     -     0     385    (-,-) 
#----------------------------------------------------------------------------------------

Some unconstrained paths have not been displayed.
Use -unconstrained or set the root attribute 'timing_report_unconstrained' to 'true' to see only these unconstrained paths.

