============================================================
  Generated by:           Genus(TM) Synthesis Solution 21.18-s082_1
  Generated on:           May 02 2026  10:33:59 am
  Module:                 top
  Operating conditions:   PVT_0P9V_125C 
  Interconnect mode:      global
  Area mode:              physical library
============================================================

                                   Leakage  
    Gate      Instances   Area   Power (nW)     Library    
-----------------------------------------------------------
ADDFHX1HVT            3   22.572      0.362    slow_vdd1v0 
ADDFHX2HVT            6   49.248      0.861    slow_vdd1v0 
ADDFX1HVT            38  194.940      3.541    slow_vdd1v0 
ADDFX2HVT             2   15.732      0.227    slow_vdd1v0 
ADDHX1HVT             6   22.572      0.366    slow_vdd1v0 
AND2X1HVT            70   95.760      1.467    slow_vdd1v0 
AND2X2HVT             2    3.420      0.061    slow_vdd1v0 
AOI2BB1X4HVT          4   16.416      0.610    slow_vdd1v0 
CLKAND2X2HVT          1    2.052      0.032    slow_vdd1v0 
CLKAND2X3HVT          5   15.390      0.284    slow_vdd1v0 
CLKINVX4HVT           1    1.710      0.059    slow_vdd1v0 
CLKXOR2X1HVT          1    2.736      0.041    slow_vdd1v0 
DFFHQX1HVT            1    5.472      0.090    slow_vdd1v0 
DFFQX1HVT             9   52.326      0.603    slow_vdd1v0 
INVX2HVT              2    2.052      0.082    slow_vdd1v0 
INVX3HVT              2    2.736      0.083    slow_vdd1v0 
NAND2X4HVT            1    3.420      0.061    slow_vdd1v0 
NOR2BX1HVT            1    1.368      0.026    slow_vdd1v0 
NOR2X2HVT             7   11.970      0.359    slow_vdd1v0 
NOR2X6HVT             1    4.104      0.143    slow_vdd1v0 
OAI2BB1X4HVT          1    4.446      0.087    slow_vdd1v0 
OR2X2HVT              1    1.710      0.045    slow_vdd1v0 
XNOR2X1HVT            4    9.576      0.158    slow_vdd1v0 
-----------------------------------------------------------
total               169  541.728      9.648                


                                          Leakage  Leakage 
     Type      Instances   Area  Area % Power (nW) Power % 
-----------------------------------------------------------
sequential            10  57.798   10.7      0.693     7.2 
inverter               5   6.498    1.2      0.224     2.3 
logic                154 477.432   88.1      8.732    90.5 
physical_cells         0   0.000    0.0      0.000     0.0 
-----------------------------------------------------------
total                169 541.728  100.0      9.648   100.0 

