============================================================
  Generated by:           Genus(TM) Synthesis Solution 21.18-s082_1
  Generated on:           May 02 2026  10:33:59 am
  Module:                 top
  Operating conditions:   PVT_0P9V_125C 
  Interconnect mode:      global
  Area mode:              physical library
============================================================


Path 1: MET (4 ps) Setup Check with Pin Y_reg[9]/CK->D
          Group: I2C
     Startpoint: (R) C1[0]
          Clock: (R) CLK
       Endpoint: (R) Y_reg[9]/D
          Clock: (R) CLK

                     Capture       Launch     
        Clock Edge:+    5000            0     
        Drv Adjust:+       0            0     
       Src Latency:+       0            0     
       Net Latency:+       0 (I)        0 (I) 
           Arrival:=    5000            0     
                                              
             Setup:-     266                  
     Required Time:=    4734                  
      Launch Clock:-       0                  
       Input Delay:-       0                  
         Data Path:-    4730                  
             Slack:=       4                  

Exceptions/Constraints:
  input_delay              0              top.sdc_line_8_24_1 

#-------------------------------------------------------------------------------------------------------------------------------
#                   Timing Point                     Flags    Arc   Edge     Cell      Fanout Load Trans Delay Arrival Instance 
#                                                                                             (fF)  (ps)  (ps)   (ps)  Location 
#-------------------------------------------------------------------------------------------------------------------------------
  C1[0]                                              -       -      R     (arrival)         4 10.3     0     0       0    (-,-) 
  WALLACE_CSA_DUMMY_OP_groupi_g670__1666/Y           -       B->Y   R     AND2X1HVT         1  4.6   153   257     257    (-,-) 
  WALLACE_CSA_DUMMY_OP_groupi_cdnfadd_002_2__5115/CO -       A->CO  R     ADDFX1HVT         1  4.4   165   458     715    (-,-) 
  WALLACE_CSA_DUMMY_OP_groupi_cdnfadd_003_5__6417/CO -       CI->CO R     ADDFX1HVT         1  4.6   171   439    1154    (-,-) 
  WALLACE_CSA_DUMMY_OP_groupi_cdnfadd_004_6__2802/S  -       CI->S  F     ADDFHX2HVT        1  4.6   150   561    1715    (-,-) 
  WALLACE_CSA_DUMMY_OP_groupi_cdnfadd_004_8__5122/S  -       CI->S  R     ADDFHX2HVT        1  4.6   133   509    2224    (-,-) 
  WALLACE_CSA_DUMMY_OP_groupi_cdnfadd_004_9__8246/S  -       CI->S  R     ADDFHX2HVT        2  8.1   183   545    2769    (-,-) 
  WALLACE_CSA_DUMMY_OP_groupi_g607__9315/Y           -       B->Y   F     NOR2X6HVT         2  6.6   117   156    2925    (-,-) 
  WALLACE_CSA_DUMMY_OP_groupi_g596__2802/Y           -       A1N->Y F     AOI2BB1X4HVT      2  6.3   124   269    3194    (-,-) 
  WALLACE_CSA_DUMMY_OP_groupi_g593__6783/Y           -       A1N->Y F     AOI2BB1X4HVT      2  6.3   130   273    3467    (-,-) 
  WALLACE_CSA_DUMMY_OP_groupi_g591__8428/Y           -       A1N->Y F     AOI2BB1X4HVT      2  6.2   134   276    3743    (-,-) 
  WALLACE_CSA_DUMMY_OP_groupi_g589__6260/Y           -       A1N->Y F     AOI2BB1X4HVT      2  6.9   142   282    4026    (-,-) 
  WALLACE_CSA_DUMMY_OP_groupi_g588/Y                 -       A->Y   R     INVX3HVT          1  4.2    74   115    4140    (-,-) 
  WALLACE_CSA_DUMMY_OP_groupi_g586__2398/Y           -       A1N->Y R     OAI2BB1X4HVT      1  4.1    95   302    4442    (-,-) 
  g38__6260/Y                                        -       A->Y   R     AND2X1HVT         1  4.2   142   288    4730    (-,-) 
  Y_reg[9]/D                                         -       -      R     DFFHQX1HVT        1    -     -     0    4730    (-,-) 
#-------------------------------------------------------------------------------------------------------------------------------



Path 2: MET (18 ps) Setup Check with Pin Y_reg[8]/CK->D
          Group: I2C
     Startpoint: (R) C1[0]
          Clock: (R) CLK
       Endpoint: (R) Y_reg[8]/D
          Clock: (R) CLK

                     Capture       Launch     
        Clock Edge:+    5000            0     
        Drv Adjust:+       0            0     
       Src Latency:+       0            0     
       Net Latency:+       0 (I)        0 (I) 
           Arrival:=    5000            0     
                                              
             Setup:-     274                  
     Required Time:=    4726                  
      Launch Clock:-       0                  
       Input Delay:-       0                  
         Data Path:-    4707                  
             Slack:=      18                  

Exceptions/Constraints:
  input_delay              0              top.sdc_line_8_24_1 

#-------------------------------------------------------------------------------------------------------------------------------
#                   Timing Point                     Flags    Arc   Edge     Cell      Fanout Load Trans Delay Arrival Instance 
#                                                                                             (fF)  (ps)  (ps)   (ps)  Location 
#-------------------------------------------------------------------------------------------------------------------------------
  C1[0]                                              -       -      R     (arrival)         4 10.3     0     0       0    (-,-) 
  WALLACE_CSA_DUMMY_OP_groupi_g670__1666/Y           -       B->Y   R     AND2X1HVT         1  4.6   153   257     257    (-,-) 
  WALLACE_CSA_DUMMY_OP_groupi_cdnfadd_002_2__5115/CO -       A->CO  R     ADDFX1HVT         1  4.4   165   458     715    (-,-) 
  WALLACE_CSA_DUMMY_OP_groupi_cdnfadd_003_5__6417/CO -       CI->CO R     ADDFX1HVT         1  4.6   171   439    1154    (-,-) 
  WALLACE_CSA_DUMMY_OP_groupi_cdnfadd_004_6__2802/S  -       CI->S  F     ADDFHX2HVT        1  4.6   150   561    1715    (-,-) 
  WALLACE_CSA_DUMMY_OP_groupi_cdnfadd_004_8__5122/S  -       CI->S  R     ADDFHX2HVT        1  4.6   133   509    2224    (-,-) 
  WALLACE_CSA_DUMMY_OP_groupi_cdnfadd_004_9__8246/S  -       CI->S  F     ADDFHX2HVT        2  7.9   226   579    2803    (-,-) 
  WALLACE_CSA_DUMMY_OP_groupi_g609__2883/Y           -       B->Y   F     CLKAND2X3HVT      2  7.5   143   272    3075    (-,-) 
  WALLACE_CSA_DUMMY_OP_groupi_g596__2802/Y           -       B0->Y  R     AOI2BB1X4HVT      2  6.3   144   178    3253    (-,-) 
  WALLACE_CSA_DUMMY_OP_groupi_g593__6783/Y           -       A1N->Y R     AOI2BB1X4HVT      2  6.3   149   267    3520    (-,-) 
  WALLACE_CSA_DUMMY_OP_groupi_g591__8428/Y           -       A1N->Y R     AOI2BB1X4HVT      2  6.2   148   269    3789    (-,-) 
  WALLACE_CSA_DUMMY_OP_groupi_g589__6260/Y           -       A1N->Y R     AOI2BB1X4HVT      2  7.0   160   275    4064    (-,-) 
  WALLACE_CSA_DUMMY_OP_groupi_g587__5107/Y           -       B->Y   R     XNOR2X1HVT        1  4.1   143   330    4394    (-,-) 
  g39__5107/Y                                        -       A->Y   R     AND2X1HVT         1  4.1   140   313    4707    (-,-) 
  Y_reg[8]/D                                         -       -      R     DFFQX1HVT         1    -     -     0    4707    (-,-) 
#-------------------------------------------------------------------------------------------------------------------------------



Path 3: MET (237 ps) Setup Check with Pin Y_reg[7]/CK->D
          Group: I2C
     Startpoint: (R) C1[0]
          Clock: (R) CLK
       Endpoint: (R) Y_reg[7]/D
          Clock: (R) CLK

                     Capture       Launch     
        Clock Edge:+    5000            0     
        Drv Adjust:+       0            0     
       Src Latency:+       0            0     
       Net Latency:+       0 (I)        0 (I) 
           Arrival:=    5000            0     
                                              
             Setup:-     274                  
     Required Time:=    4726                  
      Launch Clock:-       0                  
       Input Delay:-       0                  
         Data Path:-    4489                  
             Slack:=     237                  

Exceptions/Constraints:
  input_delay              0              top.sdc_line_8_24_1 

#-------------------------------------------------------------------------------------------------------------------------------
#                   Timing Point                     Flags    Arc   Edge     Cell      Fanout Load Trans Delay Arrival Instance 
#                                                                                             (fF)  (ps)  (ps)   (ps)  Location 
#-------------------------------------------------------------------------------------------------------------------------------
  C1[0]                                              -       -      R     (arrival)         4 10.3     0     0       0    (-,-) 
  WALLACE_CSA_DUMMY_OP_groupi_g670__1666/Y           -       B->Y   R     AND2X1HVT         1  4.6   153   257     257    (-,-) 
  WALLACE_CSA_DUMMY_OP_groupi_cdnfadd_002_2__5115/CO -       A->CO  R     ADDFX1HVT         1  4.4   165   458     715    (-,-) 
  WALLACE_CSA_DUMMY_OP_groupi_cdnfadd_003_5__6417/CO -       CI->CO R     ADDFX1HVT         1  4.6   171   439    1154    (-,-) 
  WALLACE_CSA_DUMMY_OP_groupi_cdnfadd_004_6__2802/S  -       CI->S  F     ADDFHX2HVT        1  4.6   150   561    1715    (-,-) 
  WALLACE_CSA_DUMMY_OP_groupi_cdnfadd_004_8__5122/S  -       CI->S  R     ADDFHX2HVT        1  4.6   133   509    2224    (-,-) 
  WALLACE_CSA_DUMMY_OP_groupi_cdnfadd_004_9__8246/S  -       CI->S  F     ADDFHX2HVT        2  7.9   226   579    2803    (-,-) 
  WALLACE_CSA_DUMMY_OP_groupi_g609__2883/Y           -       B->Y   F     CLKAND2X3HVT      2  7.5   143   272    3075    (-,-) 
  WALLACE_CSA_DUMMY_OP_groupi_g596__2802/Y           -       B0->Y  R     AOI2BB1X4HVT      2  6.3   144   178    3253    (-,-) 
  WALLACE_CSA_DUMMY_OP_groupi_g593__6783/Y           -       A1N->Y R     AOI2BB1X4HVT      2  6.3   149   267    3520    (-,-) 
  WALLACE_CSA_DUMMY_OP_groupi_g591__8428/Y           -       A1N->Y R     AOI2BB1X4HVT      2  6.2   148   269    3789    (-,-) 
  WALLACE_CSA_DUMMY_OP_groupi_g590__4319/Y           -       A->Y   R     XNOR2X1HVT        1  4.1   143   386    4176    (-,-) 
  g37__2398/Y                                        -       A->Y   R     AND2X1HVT         1  4.1   140   313    4489    (-,-) 
  Y_reg[7]/D                                         -       -      R     DFFQX1HVT         1    -     -     0    4489    (-,-) 
#-------------------------------------------------------------------------------------------------------------------------------



Path 4: MET (290 ps) Setup Check with Pin Y_reg[6]/CK->D
          Group: I2C
     Startpoint: (R) C2[2]
          Clock: (R) CLK
       Endpoint: (R) Y_reg[6]/D
          Clock: (R) CLK

                     Capture       Launch     
        Clock Edge:+    5000            0     
        Drv Adjust:+       0            0     
       Src Latency:+       0            0     
       Net Latency:+       0 (I)        0 (I) 
           Arrival:=    5000            0     
                                              
             Setup:-     274                  
     Required Time:=    4726                  
      Launch Clock:-       0                  
       Input Delay:-       0                  
         Data Path:-    4435                  
             Slack:=     290                  

Exceptions/Constraints:
  input_delay              0              top.sdc_line_8_26_1 

#-----------------------------------------------------------------------------------------------------------------------------
#                   Timing Point                     Flags    Arc   Edge    Cell     Fanout Load Trans Delay Arrival Instance 
#                                                                                           (fF)  (ps)  (ps)   (ps)  Location 
#-----------------------------------------------------------------------------------------------------------------------------
  C2[2]                                              -       -      R     (arrival)       4 10.3     0     0       0    (-,-) 
  WALLACE_CSA_DUMMY_OP_groupi_g665__6161/Y           -       B->Y   R     AND2X1HVT       1  4.6   153   257     257    (-,-) 
  WALLACE_CSA_DUMMY_OP_groupi_cdnfadd_005_0__7098/S  -       A->S   F     ADDFX1HVT       1  4.4   234   606     863    (-,-) 
  WALLACE_CSA_DUMMY_OP_groupi_cdnfadd_005_3__5115/S  -       CI->S  R     ADDFX1HVT       1  4.4   169   548    1411    (-,-) 
  WALLACE_CSA_DUMMY_OP_groupi_cdnfadd_005_5__4733/CO -       CI->CO R     ADDFX1HVT       1  4.4   165   438    1849    (-,-) 
  WALLACE_CSA_DUMMY_OP_groupi_cdnfadd_006_3__1666/S  -       CI->S  F     ADDFX1HVT       1  4.5   238   568    2417    (-,-) 
  WALLACE_CSA_DUMMY_OP_groupi_cdnfadd_006_4__7410/S  -       B->S   R     ADDFX2HVT       2  6.6   184   684    3101    (-,-) 
  WALLACE_CSA_DUMMY_OP_groupi_g603__5115/Y           -       B->Y   R     AND2X2HVT       2  7.7   161   410    3511    (-,-) 
  WALLACE_CSA_DUMMY_OP_groupi_g597__1705/Y           -       B->Y   F     NOR2X2HVT       1  4.1   175   179    3690    (-,-) 
  WALLACE_CSA_DUMMY_OP_groupi_g592__5526/Y           -       A->Y   R     XNOR2X1HVT      1  4.1   143   431    4122    (-,-) 
  g40__4319/Y                                        -       A->Y   R     AND2X1HVT       1  4.1   140   313    4435    (-,-) 
  Y_reg[6]/D                                         -       -      R     DFFQX1HVT       1    -     -     0    4435    (-,-) 
#-----------------------------------------------------------------------------------------------------------------------------



Path 5: MET (468 ps) Setup Check with Pin Y_reg[5]/CK->D
          Group: I2C
     Startpoint: (R) C3[1]
          Clock: (R) CLK
       Endpoint: (R) Y_reg[5]/D
          Clock: (R) CLK

                     Capture       Launch     
        Clock Edge:+    5000            0     
        Drv Adjust:+       0            0     
       Src Latency:+       0            0     
       Net Latency:+       0 (I)        0 (I) 
           Arrival:=    5000            0     
                                              
             Setup:-     360                  
     Required Time:=    4640                  
      Launch Clock:-       0                  
       Input Delay:-       0                  
         Data Path:-    4172                  
             Slack:=     468                  

Exceptions/Constraints:
  input_delay              0              top.sdc_line_8_31_1 

#----------------------------------------------------------------------------------------------------------------------------
#                   Timing Point                     Flags   Arc   Edge    Cell     Fanout Load Trans Delay Arrival Instance 
#                                                                                          (fF)  (ps)  (ps)   (ps)  Location 
#----------------------------------------------------------------------------------------------------------------------------
  C3[1]                                              -       -     R     (arrival)       4 10.3     0     0       0    (-,-) 
  WALLACE_CSA_DUMMY_OP_groupi_g667__9945/Y           -       B->Y  R     AND2X1HVT       1  4.6   153   257     257    (-,-) 
  WALLACE_CSA_DUMMY_OP_groupi_cdnfadd_003_2__2346/CO -       B->CO R     ADDFX1HVT       1  4.6   170   447     704    (-,-) 
  WALLACE_CSA_DUMMY_OP_groupi_cdnfadd_004_4__3680/CO -       A->CO R     ADDFX1HVT       1  4.4   165   470    1174    (-,-) 
  WALLACE_CSA_DUMMY_OP_groupi_cdnfadd_005_4__7482/S  -       CI->S R     ADDFX1HVT       1  4.6   174   544    1718    (-,-) 
  WALLACE_CSA_DUMMY_OP_groupi_cdnfadd_005_6__6161/S  -       A->S  R     ADDFX1HVT       1  4.6   174   599    2317    (-,-) 
  WALLACE_CSA_DUMMY_OP_groupi_cdnfadd_005_7__9315/S  -       CI->S F     ADDFHX2HVT      2  6.5   194   586    2903    (-,-) 
  WALLACE_CSA_DUMMY_OP_groupi_g604__7482/Y           -       B->Y  R     NOR2X2HVT       2  6.7   260   257    3160    (-,-) 
  WALLACE_CSA_DUMMY_OP_groupi_g598__5122/Y           -       A->Y  F     NOR2X2HVT       1  4.1   175   258    3418    (-,-) 
  WALLACE_CSA_DUMMY_OP_groupi_g594__3680/Y           -       A->Y  R     XNOR2X1HVT      1  4.1   143   431    3849    (-,-) 
  g41__8428/Y                                        -       AN->Y R     NOR2BX1HVT      1  4.1   275   323    4172    (-,-) 
  Y_reg[5]/D                                         -       -     R     DFFQX1HVT       1    -     -     0    4172    (-,-) 
#----------------------------------------------------------------------------------------------------------------------------



Path 6: MET (790 ps) Setup Check with Pin Y_reg[4]/CK->D
          Group: I2C
     Startpoint: (R) C1[0]
          Clock: (R) CLK
       Endpoint: (R) Y_reg[4]/D
          Clock: (R) CLK

                     Capture       Launch     
        Clock Edge:+    5000            0     
        Drv Adjust:+       0            0     
       Src Latency:+       0            0     
       Net Latency:+       0 (I)        0 (I) 
           Arrival:=    5000            0     
                                              
             Setup:-     274                  
     Required Time:=    4726                  
      Launch Clock:-       0                  
       Input Delay:-       0                  
         Data Path:-    3935                  
             Slack:=     790                  

Exceptions/Constraints:
  input_delay              0              top.sdc_line_8_24_1 

#-------------------------------------------------------------------------------------------------------------------------------
#                   Timing Point                     Flags    Arc   Edge     Cell      Fanout Load Trans Delay Arrival Instance 
#                                                                                             (fF)  (ps)  (ps)   (ps)  Location 
#-------------------------------------------------------------------------------------------------------------------------------
  C1[0]                                              -       -      R     (arrival)         4 10.3     0     0       0    (-,-) 
  WALLACE_CSA_DUMMY_OP_groupi_g670__1666/Y           -       B->Y   R     AND2X1HVT         1  4.6   153   257     257    (-,-) 
  WALLACE_CSA_DUMMY_OP_groupi_cdnfadd_002_2__5115/CO -       A->CO  R     ADDFX1HVT         1  4.4   165   458     715    (-,-) 
  WALLACE_CSA_DUMMY_OP_groupi_cdnfadd_003_5__6417/CO -       CI->CO R     ADDFX1HVT         1  4.6   171   439    1154    (-,-) 
  WALLACE_CSA_DUMMY_OP_groupi_cdnfadd_004_6__2802/S  -       CI->S  F     ADDFHX2HVT        1  4.6   150   561    1715    (-,-) 
  WALLACE_CSA_DUMMY_OP_groupi_cdnfadd_004_8__5122/S  -       CI->S  R     ADDFHX2HVT        1  4.6   133   509    2224    (-,-) 
  WALLACE_CSA_DUMMY_OP_groupi_cdnfadd_004_9__8246/S  -       CI->S  F     ADDFHX2HVT        2  7.9   226   579    2803    (-,-) 
  WALLACE_CSA_DUMMY_OP_groupi_g609__2883/Y           -       B->Y   F     CLKAND2X3HVT      2  7.5   143   272    3075    (-,-) 
  WALLACE_CSA_DUMMY_OP_groupi_g600__7098/Y           -       B->Y   R     NOR2X2HVT         1  4.2   178   184    3258    (-,-) 
  WALLACE_CSA_DUMMY_OP_groupi_g595__1617/Y           -       B->Y   R     CLKXOR2X1HVT      1  4.1   143   363    3622    (-,-) 
  g44__3680/Y                                        -       A->Y   R     AND2X1HVT         1  4.1   140   314    3935    (-,-) 
  Y_reg[4]/D                                         -       -      R     DFFQX1HVT         1    -     -     0    3935    (-,-) 
#-------------------------------------------------------------------------------------------------------------------------------



Path 7: MET (1548 ps) Setup Check with Pin Y_reg[3]/CK->D
          Group: I2C
     Startpoint: (R) C3[3]
          Clock: (R) CLK
       Endpoint: (R) Y_reg[3]/D
          Clock: (R) CLK

                     Capture       Launch     
        Clock Edge:+    5000            0     
        Drv Adjust:+       0            0     
       Src Latency:+       0            0     
       Net Latency:+       0 (I)        0 (I) 
           Arrival:=    5000            0     
                                              
             Setup:-     274                  
     Required Time:=    4726                  
      Launch Clock:-       0                  
       Input Delay:-       0                  
         Data Path:-    3177                  
             Slack:=    1548                  

Exceptions/Constraints:
  input_delay              0              top.sdc_line_8_29_1 

#---------------------------------------------------------------------------------------------------------------------------
#                   Timing Point                    Flags   Arc   Edge    Cell     Fanout Load Trans Delay Arrival Instance 
#                                                                                         (fF)  (ps)  (ps)   (ps)  Location 
#---------------------------------------------------------------------------------------------------------------------------
  C3[3]                                             -       -     R     (arrival)       4 10.3     0     0       0    (-,-) 
  WALLACE_CSA_DUMMY_OP_groupi_g682__1617/Y          -       B->Y  R     AND2X1HVT       1  4.3   145   252     252    (-,-) 
  WALLACE_CSA_DUMMY_OP_groupi_g622__8428/S          -       A->S  R     ADDHX1HVT       1  4.4   152   391     643    (-,-) 
  WALLACE_CSA_DUMMY_OP_groupi_cdnfadd_003_4__7410/S -       CI->S F     ADDFX1HVT       1  4.6   243   563    1206    (-,-) 
  WALLACE_CSA_DUMMY_OP_groupi_cdnfadd_003_7__2398/S -       CI->S R     ADDFHX1HVT      1  4.9   174   516    1722    (-,-) 
  WALLACE_CSA_DUMMY_OP_groupi_cdnfadd_003_9__6260/S -       A->S  F     ADDFHX2HVT      1  4.8   155   612    2334    (-,-) 
  WALLACE_CSA_DUMMY_OP_groupi_g614__7410/S          -       B->S  R     ADDFHX2HVT      1  4.1   126   539    2873    (-,-) 
  g43__6783/Y                                       -       A->Y  R     AND2X1HVT       1  4.1   140   304    3177    (-,-) 
  Y_reg[3]/D                                        -       -     R     DFFQX1HVT       1    -     -     0    3177    (-,-) 
#---------------------------------------------------------------------------------------------------------------------------



Path 8: MET (2004 ps) Setup Check with Pin Y_reg[2]/CK->D
          Group: I2C
     Startpoint: (R) C2[0]
          Clock: (R) CLK
       Endpoint: (R) Y_reg[2]/D
          Clock: (R) CLK

                     Capture       Launch     
        Clock Edge:+    5000            0     
        Drv Adjust:+       0            0     
       Src Latency:+       0            0     
       Net Latency:+       0 (I)        0 (I) 
           Arrival:=    5000            0     
                                              
             Setup:-     274                  
     Required Time:=    4726                  
      Launch Clock:-       0                  
       Input Delay:-       0                  
         Data Path:-    2722                  
             Slack:=    2004                  

Exceptions/Constraints:
  input_delay              0              top.sdc_line_8_28_1 

#----------------------------------------------------------------------------------------------------------------------------
#                   Timing Point                     Flags   Arc   Edge    Cell     Fanout Load Trans Delay Arrival Instance 
#                                                                                          (fF)  (ps)  (ps)   (ps)  Location 
#----------------------------------------------------------------------------------------------------------------------------
  C2[0]                                              -       -     R     (arrival)       4 10.3     0     0       0    (-,-) 
  WALLACE_CSA_DUMMY_OP_groupi_g628__1705/Y           -       B->Y  R     AND2X1HVT       1  4.6   153   257     257    (-,-) 
  WALLACE_CSA_DUMMY_OP_groupi_cdnfadd_001_0__5122/CO -       A->CO R     ADDFX1HVT       1  4.6   170   462     718    (-,-) 
  WALLACE_CSA_DUMMY_OP_groupi_cdnfadd_002_4__4733/S  -       B->S  R     ADDFX1HVT       1  4.6   174   578    1297    (-,-) 
  WALLACE_CSA_DUMMY_OP_groupi_cdnfadd_002_6__9315/S  -       B->S  F     ADDFX1HVT       1  4.6   243   604    1900    (-,-) 
  WALLACE_CSA_DUMMY_OP_groupi_g615__6417/S           -       CI->S R     ADDFHX1HVT      1  4.1   152   504    2404    (-,-) 
  g42__5526/Y                                        -       A->Y  R     AND2X1HVT       1  4.1   140   318    2722    (-,-) 
  Y_reg[2]/D                                         -       -     R     DFFQX1HVT       1    -     -     0    2722    (-,-) 
#----------------------------------------------------------------------------------------------------------------------------



Path 9: MET (2451 ps) Setup Check with Pin Y_reg[1]/CK->D
          Group: I2C
     Startpoint: (R) C0[0]
          Clock: (R) CLK
       Endpoint: (R) Y_reg[1]/D
          Clock: (R) CLK

                     Capture       Launch     
        Clock Edge:+    5000            0     
        Drv Adjust:+       0            0     
       Src Latency:+       0            0     
       Net Latency:+       0 (I)        0 (I) 
           Arrival:=    5000            0     
                                              
             Setup:-     274                  
     Required Time:=    4726                  
      Launch Clock:-       0                  
       Input Delay:-       0                  
         Data Path:-    2274                  
             Slack:=    2451                  

Exceptions/Constraints:
  input_delay              0              top.sdc_line_8_20_1 

#--------------------------------------------------------------------------------------------------------------------------
#                   Timing Point                    Flags   Arc   Edge   Cell     Fanout Load Trans Delay Arrival Instance 
#                                                                                        (fF)  (ps)  (ps)   (ps)  Location 
#--------------------------------------------------------------------------------------------------------------------------
  C0[0]                                             -       -     R     (arrival)      4 10.5     0     0       0    (-,-) 
  WALLACE_CSA_DUMMY_OP_groupi_g656__1705/Y          -       B->Y  R     AND2X1HVT      1  4.6   153   257     257    (-,-) 
  WALLACE_CSA_DUMMY_OP_groupi_cdnfadd_001_1__8246/S -       A->S  R     ADDFX1HVT      1  4.4   169   583     840    (-,-) 
  WALLACE_CSA_DUMMY_OP_groupi_cdnfadd_001_2__7098/S -       CI->S F     ADDFX1HVT      1  4.4   234   568    1408    (-,-) 
  WALLACE_CSA_DUMMY_OP_groupi_g617__5477/S          -       CI->S R     ADDFX1HVT      1  4.1   161   544    1951    (-,-) 
  g45__1617/Y                                       -       A->Y  R     AND2X1HVT      1  4.1   140   323    2274    (-,-) 
  Y_reg[1]/D                                        -       -     R     DFFQX1HVT      1    -     -     0    2274    (-,-) 
#--------------------------------------------------------------------------------------------------------------------------



Path 10: MET (3187 ps) Setup Check with Pin Y_reg[0]/CK->D
          Group: I2C
     Startpoint: (R) C3[0]
          Clock: (R) CLK
       Endpoint: (R) Y_reg[0]/D
          Clock: (R) CLK

                     Capture       Launch     
        Clock Edge:+    5000            0     
        Drv Adjust:+       0            0     
       Src Latency:+       0            0     
       Net Latency:+       0 (I)        0 (I) 
           Arrival:=    5000            0     
                                              
             Setup:-     274                  
     Required Time:=    4726                  
      Launch Clock:-       0                  
       Input Delay:-       0                  
         Data Path:-    1539                  
             Slack:=    3187                  

Exceptions/Constraints:
  input_delay              0              top.sdc_line_8_32_1 

#--------------------------------------------------------------------------------------------------------------------------
#                   Timing Point                    Flags   Arc   Edge   Cell     Fanout Load Trans Delay Arrival Instance 
#                                                                                        (fF)  (ps)  (ps)   (ps)  Location 
#--------------------------------------------------------------------------------------------------------------------------
  C3[0]                                             -       -     R     (arrival)      4 10.3     0     0       0    (-,-) 
  WALLACE_CSA_DUMMY_OP_groupi_g634__5115/Y          -       B->Y  R     AND2X1HVT      1  4.6   153   257     257    (-,-) 
  WALLACE_CSA_DUMMY_OP_groupi_cdnfadd_000_0__1705/S -       A->S  F     ADDFX1HVT      1  4.4   234   606     863    (-,-) 
  WALLACE_CSA_DUMMY_OP_groupi_g618__2398/S          -       B->S  R     ADDHX1HVT      1  4.1   143   363    1225    (-,-) 
  g46__2802/Y                                       -       A->Y  R     AND2X1HVT      1  4.1   140   314    1539    (-,-) 
  Y_reg[0]/D                                        -       -     R     DFFQX1HVT      1    -     -     0    1539    (-,-) 
#--------------------------------------------------------------------------------------------------------------------------



Path 11: MET (4615 ps) Late External Delay Assertion at pin Y[9]
          Group: C2O
     Startpoint: (R) Y_reg[9]/CK
          Clock: (R) CLK
       Endpoint: (F) Y[9]
          Clock: (R) CLK

                     Capture       Launch     
        Clock Edge:+    5000            0     
       Src Latency:+       0            0     
       Net Latency:+       0 (I)        0 (I) 
           Arrival:=    5000            0     
                                              
      Output Delay:-       0                  
     Required Time:=    5000                  
      Launch Clock:-       0                  
         Data Path:-     385                  
             Slack:=    4615                  

Exceptions/Constraints:
  output_delay              0              top.sdc_line_11 

#----------------------------------------------------------------------------------------
# Timing Point   Flags   Arc   Edge    Cell     Fanout Load Trans Delay Arrival Instance 
#                                                      (fF)  (ps)  (ps)   (ps)  Location 
#----------------------------------------------------------------------------------------
  Y_reg[9]/CK    -       -     R     (arrival)      10    -     0     0       0    (-,-) 
  Y_reg[9]/Q     -       CK->Q F     DFFHQX1HVT      1  3.9   194   385     385    (-,-) 
  Y[9]           -       -     F     (port)          -    -     -     0     385    (-,-) 
#----------------------------------------------------------------------------------------



Path 12: MET (4624 ps) Late External Delay Assertion at pin Y[0]
          Group: C2O
     Startpoint: (R) Y_reg[0]/CK
          Clock: (R) CLK
       Endpoint: (F) Y[0]
          Clock: (R) CLK

                     Capture       Launch     
        Clock Edge:+    5000            0     
       Src Latency:+       0            0     
       Net Latency:+       0 (I)        0 (I) 
           Arrival:=    5000            0     
                                              
      Output Delay:-       0                  
     Required Time:=    5000                  
      Launch Clock:-       0                  
         Data Path:-     376                  
             Slack:=    4624                  

Exceptions/Constraints:
  output_delay              0              top.sdc_line_11_40_1 

#---------------------------------------------------------------------------------------
# Timing Point   Flags   Arc   Edge   Cell     Fanout Load Trans Delay Arrival Instance 
#                                                     (fF)  (ps)  (ps)   (ps)  Location 
#---------------------------------------------------------------------------------------
  Y_reg[0]/CK    -       -     R     (arrival)     10    -     0     0       0    (-,-) 
  Y_reg[0]/Q     -       CK->Q F     DFFQX1HVT      1  3.9   195   376     376    (-,-) 
  Y[0]           -       -     F     (port)         -    -     -     0     376    (-,-) 
#---------------------------------------------------------------------------------------



Path 13: MET (4624 ps) Late External Delay Assertion at pin Y[1]
          Group: C2O
     Startpoint: (R) Y_reg[1]/CK
          Clock: (R) CLK
       Endpoint: (F) Y[1]
          Clock: (R) CLK

                     Capture       Launch     
        Clock Edge:+    5000            0     
       Src Latency:+       0            0     
       Net Latency:+       0 (I)        0 (I) 
           Arrival:=    5000            0     
                                              
      Output Delay:-       0                  
     Required Time:=    5000                  
      Launch Clock:-       0                  
         Data Path:-     376                  
             Slack:=    4624                  

Exceptions/Constraints:
  output_delay              0              top.sdc_line_11_39_1 

#---------------------------------------------------------------------------------------
# Timing Point   Flags   Arc   Edge   Cell     Fanout Load Trans Delay Arrival Instance 
#                                                     (fF)  (ps)  (ps)   (ps)  Location 
#---------------------------------------------------------------------------------------
  Y_reg[1]/CK    -       -     R     (arrival)     10    -     0     0       0    (-,-) 
  Y_reg[1]/Q     -       CK->Q F     DFFQX1HVT      1  3.9   195   376     376    (-,-) 
  Y[1]           -       -     F     (port)         -    -     -     0     376    (-,-) 
#---------------------------------------------------------------------------------------



Path 14: MET (4624 ps) Late External Delay Assertion at pin Y[2]
          Group: C2O
     Startpoint: (R) Y_reg[2]/CK
          Clock: (R) CLK
       Endpoint: (F) Y[2]
          Clock: (R) CLK

                     Capture       Launch     
        Clock Edge:+    5000            0     
       Src Latency:+       0            0     
       Net Latency:+       0 (I)        0 (I) 
           Arrival:=    5000            0     
                                              
      Output Delay:-       0                  
     Required Time:=    5000                  
      Launch Clock:-       0                  
         Data Path:-     376                  
             Slack:=    4624                  

Exceptions/Constraints:
  output_delay              0              top.sdc_line_11_38_1 

#---------------------------------------------------------------------------------------
# Timing Point   Flags   Arc   Edge   Cell     Fanout Load Trans Delay Arrival Instance 
#                                                     (fF)  (ps)  (ps)   (ps)  Location 
#---------------------------------------------------------------------------------------
  Y_reg[2]/CK    -       -     R     (arrival)     10    -     0     0       0    (-,-) 
  Y_reg[2]/Q     -       CK->Q F     DFFQX1HVT      1  3.9   195   376     376    (-,-) 
  Y[2]           -       -     F     (port)         -    -     -     0     376    (-,-) 
#---------------------------------------------------------------------------------------



Path 15: MET (4624 ps) Late External Delay Assertion at pin Y[3]
          Group: C2O
     Startpoint: (R) Y_reg[3]/CK
          Clock: (R) CLK
       Endpoint: (F) Y[3]
          Clock: (R) CLK

                     Capture       Launch     
        Clock Edge:+    5000            0     
       Src Latency:+       0            0     
       Net Latency:+       0 (I)        0 (I) 
           Arrival:=    5000            0     
                                              
      Output Delay:-       0                  
     Required Time:=    5000                  
      Launch Clock:-       0                  
         Data Path:-     376                  
             Slack:=    4624                  

Exceptions/Constraints:
  output_delay              0              top.sdc_line_11_37_1 

#---------------------------------------------------------------------------------------
# Timing Point   Flags   Arc   Edge   Cell     Fanout Load Trans Delay Arrival Instance 
#                                                     (fF)  (ps)  (ps)   (ps)  Location 
#---------------------------------------------------------------------------------------
  Y_reg[3]/CK    -       -     R     (arrival)     10    -     0     0       0    (-,-) 
  Y_reg[3]/Q     -       CK->Q F     DFFQX1HVT      1  3.9   195   376     376    (-,-) 
  Y[3]           -       -     F     (port)         -    -     -     0     376    (-,-) 
#---------------------------------------------------------------------------------------



Path 16: MET (4624 ps) Late External Delay Assertion at pin Y[4]
          Group: C2O
     Startpoint: (R) Y_reg[4]/CK
          Clock: (R) CLK
       Endpoint: (F) Y[4]
          Clock: (R) CLK

                     Capture       Launch     
        Clock Edge:+    5000            0     
       Src Latency:+       0            0     
       Net Latency:+       0 (I)        0 (I) 
           Arrival:=    5000            0     
                                              
      Output Delay:-       0                  
     Required Time:=    5000                  
      Launch Clock:-       0                  
         Data Path:-     376                  
             Slack:=    4624                  

Exceptions/Constraints:
  output_delay              0              top.sdc_line_11_36_1 

#---------------------------------------------------------------------------------------
# Timing Point   Flags   Arc   Edge   Cell     Fanout Load Trans Delay Arrival Instance 
#                                                     (fF)  (ps)  (ps)   (ps)  Location 
#---------------------------------------------------------------------------------------
  Y_reg[4]/CK    -       -     R     (arrival)     10    -     0     0       0    (-,-) 
  Y_reg[4]/Q     -       CK->Q F     DFFQX1HVT      1  3.9   195   376     376    (-,-) 
  Y[4]           -       -     F     (port)         -    -     -     0     376    (-,-) 
#---------------------------------------------------------------------------------------



Path 17: MET (4624 ps) Late External Delay Assertion at pin Y[5]
          Group: C2O
     Startpoint: (R) Y_reg[5]/CK
          Clock: (R) CLK
       Endpoint: (F) Y[5]
          Clock: (R) CLK

                     Capture       Launch     
        Clock Edge:+    5000            0     
       Src Latency:+       0            0     
       Net Latency:+       0 (I)        0 (I) 
           Arrival:=    5000            0     
                                              
      Output Delay:-       0                  
     Required Time:=    5000                  
      Launch Clock:-       0                  
         Data Path:-     376                  
             Slack:=    4624                  

Exceptions/Constraints:
  output_delay              0              top.sdc_line_11_35_1 

#---------------------------------------------------------------------------------------
# Timing Point   Flags   Arc   Edge   Cell     Fanout Load Trans Delay Arrival Instance 
#                                                     (fF)  (ps)  (ps)   (ps)  Location 
#---------------------------------------------------------------------------------------
  Y_reg[5]/CK    -       -     R     (arrival)     10    -     0     0       0    (-,-) 
  Y_reg[5]/Q     -       CK->Q F     DFFQX1HVT      1  3.9   195   376     376    (-,-) 
  Y[5]           -       -     F     (port)         -    -     -     0     376    (-,-) 
#---------------------------------------------------------------------------------------



Path 18: MET (4624 ps) Late External Delay Assertion at pin Y[6]
          Group: C2O
     Startpoint: (R) Y_reg[6]/CK
          Clock: (R) CLK
       Endpoint: (F) Y[6]
          Clock: (R) CLK

                     Capture       Launch     
        Clock Edge:+    5000            0     
       Src Latency:+       0            0     
       Net Latency:+       0 (I)        0 (I) 
           Arrival:=    5000            0     
                                              
      Output Delay:-       0                  
     Required Time:=    5000                  
      Launch Clock:-       0                  
         Data Path:-     376                  
             Slack:=    4624                  

Exceptions/Constraints:
  output_delay              0              top.sdc_line_11_34_1 

#---------------------------------------------------------------------------------------
# Timing Point   Flags   Arc   Edge   Cell     Fanout Load Trans Delay Arrival Instance 
#                                                     (fF)  (ps)  (ps)   (ps)  Location 
#---------------------------------------------------------------------------------------
  Y_reg[6]/CK    -       -     R     (arrival)     10    -     0     0       0    (-,-) 
  Y_reg[6]/Q     -       CK->Q F     DFFQX1HVT      1  3.9   195   376     376    (-,-) 
  Y[6]           -       -     F     (port)         -    -     -     0     376    (-,-) 
#---------------------------------------------------------------------------------------



Path 19: MET (4624 ps) Late External Delay Assertion at pin Y[7]
          Group: C2O
     Startpoint: (R) Y_reg[7]/CK
          Clock: (R) CLK
       Endpoint: (F) Y[7]
          Clock: (R) CLK

                     Capture       Launch     
        Clock Edge:+    5000            0     
       Src Latency:+       0            0     
       Net Latency:+       0 (I)        0 (I) 
           Arrival:=    5000            0     
                                              
      Output Delay:-       0                  
     Required Time:=    5000                  
      Launch Clock:-       0                  
         Data Path:-     376                  
             Slack:=    4624                  

Exceptions/Constraints:
  output_delay              0              top.sdc_line_11_33_1 

#---------------------------------------------------------------------------------------
# Timing Point   Flags   Arc   Edge   Cell     Fanout Load Trans Delay Arrival Instance 
#                                                     (fF)  (ps)  (ps)   (ps)  Location 
#---------------------------------------------------------------------------------------
  Y_reg[7]/CK    -       -     R     (arrival)     10    -     0     0       0    (-,-) 
  Y_reg[7]/Q     -       CK->Q F     DFFQX1HVT      1  3.9   195   376     376    (-,-) 
  Y[7]           -       -     F     (port)         -    -     -     0     376    (-,-) 
#---------------------------------------------------------------------------------------



Path 20: MET (4624 ps) Late External Delay Assertion at pin Y[8]
          Group: C2O
     Startpoint: (R) Y_reg[8]/CK
          Clock: (R) CLK
       Endpoint: (F) Y[8]
          Clock: (R) CLK

                     Capture       Launch     
        Clock Edge:+    5000            0     
       Src Latency:+       0            0     
       Net Latency:+       0 (I)        0 (I) 
           Arrival:=    5000            0     
                                              
      Output Delay:-       0                  
     Required Time:=    5000                  
      Launch Clock:-       0                  
         Data Path:-     376                  
             Slack:=    4624                  

Exceptions/Constraints:
  output_delay              0              top.sdc_line_11_32_1 

#---------------------------------------------------------------------------------------
# Timing Point   Flags   Arc   Edge   Cell     Fanout Load Trans Delay Arrival Instance 
#                                                     (fF)  (ps)  (ps)   (ps)  Location 
#---------------------------------------------------------------------------------------
  Y_reg[8]/CK    -       -     R     (arrival)     10    -     0     0       0    (-,-) 
  Y_reg[8]/Q     -       CK->Q F     DFFQX1HVT      1  3.9   195   376     376    (-,-) 
  Y[8]           -       -     F     (port)         -    -     -     0     376    (-,-) 
#---------------------------------------------------------------------------------------

Some unconstrained paths have not been displayed.
Use -unconstrained or set the root attribute 'timing_report_unconstrained' to 'true' to see only these unconstrained paths.

