============================================================
  Generated by:           Genus(TM) Synthesis Solution 21.18-s082_1
  Generated on:           May 02 2026  10:33:31 am
  Module:                 top
  Operating conditions:   PVT_0P9V_125C 
  Interconnect mode:      global
  Area mode:              physical library
============================================================

Some unconstrained paths have not been displayed.
Use -unconstrained or set the root attribute 'timing_report_unconstrained' to 'true' to see only these unconstrained paths.

============================================================
  Generated by:           Genus(TM) Synthesis Solution 21.18-s082_1
  Generated on:           May 02 2026  10:33:31 am
  Module:                 top
  Operating conditions:   PVT_0P9V_125C 
  Interconnect mode:      global
  Area mode:              physical library
============================================================

No paths found

============================================================
  Generated by:           Genus(TM) Synthesis Solution 21.18-s082_1
  Generated on:           May 02 2026  10:33:31 am
  Module:                 top
  Operating conditions:   PVT_0P9V_125C 
  Interconnect mode:      global
  Area mode:              physical library
============================================================


Path 1: VIOLATED (-465 ps) Setup Check with Pin Y_reg[9]/clk->d
          Group: I2C
     Startpoint: (R) X1[1]
          Clock: (R) CLK
       Endpoint: (R) Y_reg[9]/d
          Clock: (R) CLK

                     Capture       Launch     
        Clock Edge:+    5000            0     
        Drv Adjust:+       0            0     
       Src Latency:+       0            0     
       Net Latency:+       0 (I)        0 (I) 
           Arrival:=    5000            0     
                                              
             Setup:-     322                  
     Required Time:=    4678                  
      Launch Clock:-       0                  
       Input Delay:-       0                  
         Data Path:-    5143                  
             Slack:=    -465                  

Exceptions/Constraints:
  input_delay              0              top.sdc_line_8_7_1 

#-------------------------------------------------------------------------------------------------
#  Timing Point    Flags    Arc    Edge      Cell        Fanout Load Trans Delay Arrival Instance 
#                                                               (fF)  (ps)  (ps)   (ps)  Location 
#-------------------------------------------------------------------------------------------------
  X1[1]            (u)     -       R     (arrival)            4  3.2     0     0       0    (-,-) 
  mul_17_30/g7/z   (u)     in_1->z R     unmapped_and2        2  1.6     0   144     144    (-,-) 
  mul_17_30/g25/z  (u)     in_1->z R     unmapped_xor2        3  2.4     0   323     468    (-,-) 
  mul_17_30/g28/z  (u)     in_1->z R     unmapped_xor2        2  1.6     0   305     773    (-,-) 
  mul_17_30/g51/z  (u)     in_1->z F     unmapped_nor2        3  2.4     0   162     935    (-,-) 
  mul_17_30/g61/z  (u)     in_1->z R     unmapped_nor2        1  0.8     0   127    1062    (-,-) 
  mul_17_30/g69/z  (u)     in_0->z F     unmapped_nand2       1  0.8     0   127    1189    (-,-) 
  mul_17_30/g70/z  (u)     in_1->z R     unmapped_nand2       4  3.2     0   179    1368    (-,-) 
  mul_17_30/g77/z  (u)     in_0->z F     unmapped_nand2       1  0.8     0   127    1495    (-,-) 
  mul_17_30/g78/z  (u)     in_1->z R     unmapped_nand2       1  0.8     0   127    1622    (-,-) 
  mul_17_30/g94/z  (u)     in_0->z R     unmapped_xnor2       2  1.6     0   305    1927    (-,-) 
  add_17_24/g14/z  (u)     in_1->z F     unmapped_nor2        3  2.4     0   162    2090    (-,-) 
  add_17_24/g30/z  (u)     in_1->z R     unmapped_nor2        3  2.4     0   162    2252    (-,-) 
  add_17_24/g53/z  (u)     in_0->z F     unmapped_nand2       1  0.8     0   127    2379    (-,-) 
  add_17_24/g54/z  (u)     in_1->z R     unmapped_nand2       1  0.8     0   127    2506    (-,-) 
  add_17_24/g74/z  (u)     in_0->z R     unmapped_xnor2       2  1.6     0   305    2811    (-,-) 
  add_17_36/g16/z  (u)     in_0->z F     unmapped_nor2        3  2.4     0   162    2974    (-,-) 
  add_17_36/g45/z  (u)     in_0->z R     unmapped_not         2  1.6     0   104    3078    (-,-) 
  add_17_36/g46/z  (u)     in_1->z F     unmapped_nand2       1  0.8     0   127    3204    (-,-) 
  add_17_36/g57/z  (u)     in_0->z R     unmapped_not         1  0.8     0    87    3291    (-,-) 
  add_17_36/g58/z  (u)     in_1->z F     unmapped_nand2       1  0.8     0   127    3418    (-,-) 
  add_17_36/g59/z  (u)     in_1->z R     unmapped_nand2       1  0.8     0   127    3545    (-,-) 
  add_17_36/g82/z  (u)     in_0->z R     unmapped_xnor2       2  1.6     0   305    3850    (-,-) 
  add_17_48/g18/z  (u)     in_0->z F     unmapped_nor2        3  2.4     0   162    4012    (-,-) 
  add_17_48/g38/z  (u)     in_1->z R     unmapped_nor2        2  1.6     0   144    4157    (-,-) 
  add_17_48/g57/z  (u)     in_1->z F     unmapped_nand2       1  0.8     0   127    4284    (-,-) 
  add_17_48/g66/z  (u)     in_0->z R     unmapped_not         1  0.8     0    87    4370    (-,-) 
  add_17_48/g67/z  (u)     in_1->z F     unmapped_nand2       1  0.8     0   127    4497    (-,-) 
  add_17_48/g68/z  (u)     in_1->z R     unmapped_nand2       2  1.6     0   144    4642    (-,-) 
  add_17_48/g70/z  (u)     in_0->z F     unmapped_nand2       1  0.8     0   127    4769    (-,-) 
  add_17_48/g100/z (u)     in_0->z R     unmapped_not         1  0.8     0    87    4855    (-,-) 
  add_17_48/g95/z  (u)     in_0->z R     unmapped_xnor2       1  0.8     0   288    5143    (-,-) 
  Y_reg[9]/d       -       -       R     unmapped_d_flop      1    -     -     0    5143    (-,-) 
#-------------------------------------------------------------------------------------------------

(u) : Net has unmapped pin(s).

============================================================
  Generated by:           Genus(TM) Synthesis Solution 21.18-s082_1
  Generated on:           May 02 2026  10:33:31 am
  Module:                 top
  Operating conditions:   PVT_0P9V_125C 
  Interconnect mode:      global
  Area mode:              physical library
============================================================


Path 1: MET (4550 ps) Late External Delay Assertion at pin Y[0]
          Group: C2O
     Startpoint: (R) Y_reg[0]/clk
          Clock: (R) CLK
       Endpoint: (R) Y[0]
          Clock: (R) CLK

                     Capture       Launch     
        Clock Edge:+    5000            0     
       Src Latency:+       0            0     
       Net Latency:+       0 (I)        0 (I) 
           Arrival:=    5000            0     
                                              
      Output Delay:-       0                  
     Required Time:=    5000                  
      Launch Clock:-       0                  
         Data Path:-     450                  
             Slack:=    4550                  

Exceptions/Constraints:
  output_delay              0              top.sdc_line_11_40_1 

#----------------------------------------------------------------------------------------------
# Timing Point   Flags    Arc   Edge      Cell        Fanout Load Trans Delay Arrival Instance 
#                                                            (fF)  (ps)  (ps)   (ps)  Location 
#----------------------------------------------------------------------------------------------
  Y_reg[0]/clk   -       -      R     (arrival)           10    -     0     0       0    (-,-) 
  Y_reg[0]/q     (u)     clk->q R     unmapped_d_flop      1  3.9     0   450     450    (-,-) 
  Y[0]           -       -      R     (port)               -    -     -     0     450    (-,-) 
#----------------------------------------------------------------------------------------------

(u) : Net has unmapped pin(s).

============================================================
  Generated by:           Genus(TM) Synthesis Solution 21.18-s082_1
  Generated on:           May 02 2026  10:33:31 am
  Module:                 top
  Operating conditions:   PVT_0P9V_125C 
  Interconnect mode:      global
  Area mode:              physical library
============================================================

No paths found

============================================================
  Generated by:           Genus(TM) Synthesis Solution 21.18-s082_1
  Generated on:           May 02 2026  10:33:31 am
  Module:                 top
  Operating conditions:   PVT_0P9V_125C 
  Interconnect mode:      global
  Area mode:              physical library
============================================================

No paths found

