============================================================
  Generated by:           Genus(TM) Synthesis Solution 21.18-s082_1
  Generated on:           May 02 2026  10:34:00 am
  Module:                 top
  Operating conditions:   PVT_0P9V_125C 
  Interconnect mode:      global
  Area mode:              physical library
============================================================

                                   Leakage   Internal  
    Gate      Instances   Area   Power (nW) Power (nW)     Library    
----------------------------------------------------------------------
ADDFHX1HVT            3   22.572      0.362    428.077    slow_vdd1v0 
ADDFHX2HVT            6   49.248      0.861   1618.277    slow_vdd1v0 
ADDFX1HVT            38  194.940      3.541   3346.361    slow_vdd1v0 
ADDFX2HVT             2   15.732      0.227    430.877    slow_vdd1v0 
ADDHX1HVT             6   22.572      0.366    346.161    slow_vdd1v0 
AND2X1HVT            70   95.760      1.467   1823.387    slow_vdd1v0 
AND2X2HVT             2    3.420      0.061    169.862    slow_vdd1v0 
AOI2BB1X4HVT          4   16.416      0.610   2337.499    slow_vdd1v0 
CLKAND2X2HVT          1    2.052      0.032     97.811    slow_vdd1v0 
CLKAND2X3HVT          5   15.390      0.284    398.608    slow_vdd1v0 
CLKINVX4HVT           1    1.710      0.059     32.318    slow_vdd1v0 
CLKXOR2X1HVT          1    2.736      0.041    152.757    slow_vdd1v0 
DFFHQX1HVT            1    5.472      0.090    348.611    slow_vdd1v0 
DFFQX1HVT             9   52.326      0.603   3600.606    slow_vdd1v0 
INVX2HVT              2    2.052      0.082     26.850    slow_vdd1v0 
INVX3HVT              2    2.736      0.083    187.054    slow_vdd1v0 
NAND2X4HVT            1    3.420      0.061     75.590    slow_vdd1v0 
NOR2BX1HVT            1    1.368      0.026    121.082    slow_vdd1v0 
NOR2X2HVT             7   11.970      0.359    722.903    slow_vdd1v0 
NOR2X6HVT             1    4.104      0.143    233.546    slow_vdd1v0 
OAI2BB1X4HVT          1    4.446      0.087    295.646    slow_vdd1v0 
OR2X2HVT              1    1.710      0.045      2.207    slow_vdd1v0 
XNOR2X1HVT            4    9.576      0.158    621.813    slow_vdd1v0 
----------------------------------------------------------------------
total               169  541.728      9.648  17417.902                


                                          Leakage  Leakage  Internal  Internal 
     Type      Instances   Area  Area % Power (nW) Power % Power (nW)  Power % 
-------------------------------------------------------------------------------
sequential            10  57.798   10.7      0.693     7.2   3949.217     22.7 
inverter               5   6.498    1.2      0.224     2.3    246.221      1.4 
logic                154 477.432   88.1      8.732    90.5  13222.464     75.9 
physical_cells         0   0.000    0.0      0.000     0.0      0.000      0.0 
-------------------------------------------------------------------------------
total                169 541.728  100.0      9.648   100.0  17417.902    100.0 

