============================================================
  Generated by:           Genus(TM) Synthesis Solution 21.18-s082_1
  Generated on:           May 02 2026  10:33:56 am
  Module:                 top
  Operating conditions:   PVT_0P9V_125C 
  Interconnect mode:      global
  Area mode:              physical library
============================================================


Path 1: MET (128 ps) Setup Check with Pin Y_reg[9]/CK->D
          Group: I2C
     Startpoint: (R) X0[2]
          Clock: (R) CLK
       Endpoint: (R) Y_reg[9]/D
          Clock: (R) CLK

                     Capture       Launch     
        Clock Edge:+    5000            0     
        Drv Adjust:+       0            0     
       Src Latency:+       0            0     
       Net Latency:+       0 (I)        0 (I) 
           Arrival:=    5000            0     
                                              
             Setup:-     266                  
     Required Time:=    4734                  
      Launch Clock:-       0                  
       Input Delay:-       0                  
         Data Path:-    4606                  
             Slack:=     128                  

Exceptions/Constraints:
  input_delay              0              top.sdc_line_8_2_1 

#-------------------------------------------------------------------------------------------------------------------------------
#                   Timing Point                     Flags    Arc   Edge     Cell      Fanout Load Trans Delay Arrival Instance 
#                                                                                             (fF)  (ps)  (ps)   (ps)  Location 
#-------------------------------------------------------------------------------------------------------------------------------
  X0[2]                                              -       -      R     (arrival)         4 10.7     0     0       0    (-,-) 
  WALLACE_CSA_DUMMY_OP_groupi_g657__5122/Y           -       B->Y   R     AND2X1HVT         1  4.4   148   254     254    (-,-) 
  WALLACE_CSA_DUMMY_OP_groupi_cdnfadd_005_0__7098/S  -       CI->S  F     ADDFX1HVT         1  4.4   234   556     809    (-,-) 
  WALLACE_CSA_DUMMY_OP_groupi_cdnfadd_005_3__5115/S  -       CI->S  R     ADDFX1HVT         1  4.4   169   548    1357    (-,-) 
  WALLACE_CSA_DUMMY_OP_groupi_cdnfadd_005_5__4733/CO -       CI->CO R     ADDFX1HVT         1  4.4   165   438    1796    (-,-) 
  WALLACE_CSA_DUMMY_OP_groupi_cdnfadd_006_3__1666/S  -       CI->S  F     ADDFX1HVT         1  4.5   238   568    2364    (-,-) 
  WALLACE_CSA_DUMMY_OP_groupi_cdnfadd_006_4__7410/S  -       B->S   R     ADDFX2HVT         2  6.6   184   684    3048    (-,-) 
  WALLACE_CSA_DUMMY_OP_groupi_g603__5115/Y           -       B->Y   R     AND2X2HVT         2  7.3   156   406    3454    (-,-) 
  WALLACE_CSA_DUMMY_OP_groupi_g591__8428/Y           -       B0->Y  F     AOI2BB1X4HVT      2  6.2   133   166    3620    (-,-) 
  WALLACE_CSA_DUMMY_OP_groupi_g589__6260/Y           -       A1N->Y F     AOI2BB1X4HVT      2  6.9   142   282    3901    (-,-) 
  WALLACE_CSA_DUMMY_OP_groupi_g588/Y                 -       A->Y   R     INVX3HVT          1  4.2    74   115    4016    (-,-) 
  WALLACE_CSA_DUMMY_OP_groupi_g586__2398/Y           -       A1N->Y R     OAI2BB1X4HVT      1  4.1    95   302    4318    (-,-) 
  g38__6260/Y                                        -       A->Y   R     AND2X1HVT         1  4.2   142   288    4606    (-,-) 
  Y_reg[9]/D                                         -       -      R     DFFHQX1HVT        1    -     -     0    4606    (-,-) 
#-------------------------------------------------------------------------------------------------------------------------------

