============================================================
  Generated by:           Genus(TM) Synthesis Solution 21.18-s082_1
  Generated on:           May 02 2026  10:34:00 am
  Module:                 top
  Operating conditions:   PVT_0P9V_125C 
  Interconnect mode:      global
  Area mode:              physical library
============================================================


Path 1: MET (4 ps) Setup Check with Pin Y_reg[9]/CK->D
          Group: I2C
     Startpoint: (R) C1[0]
          Clock: (R) CLK
       Endpoint: (R) Y_reg[9]/D
          Clock: (R) CLK

                     Capture       Launch     
        Clock Edge:+    5000            0     
        Drv Adjust:+       0            0     
       Src Latency:+       0            0     
       Net Latency:+       0 (I)        0 (I) 
           Arrival:=    5000            0     
                                              
             Setup:-     266                  
     Required Time:=    4734                  
      Launch Clock:-       0                  
       Input Delay:-       0                  
         Data Path:-    4730                  
             Slack:=       4                  

Exceptions/Constraints:
  input_delay              0              top.sdc_line_8_24_1 

#-------------------------------------------------------------------------------------------------------------------------------
#                   Timing Point                     Flags    Arc   Edge     Cell      Fanout Load Trans Delay Arrival Instance 
#                                                                                             (fF)  (ps)  (ps)   (ps)  Location 
#-------------------------------------------------------------------------------------------------------------------------------
  C1[0]                                              -       -      R     (arrival)         4 10.3     0     0       0    (-,-) 
  WALLACE_CSA_DUMMY_OP_groupi_g670__1666/Y           -       B->Y   R     AND2X1HVT         1  4.6   153   257     257    (-,-) 
  WALLACE_CSA_DUMMY_OP_groupi_cdnfadd_002_2__5115/CO -       A->CO  R     ADDFX1HVT         1  4.4   165   458     715    (-,-) 
  WALLACE_CSA_DUMMY_OP_groupi_cdnfadd_003_5__6417/CO -       CI->CO R     ADDFX1HVT         1  4.6   171   439    1154    (-,-) 
  WALLACE_CSA_DUMMY_OP_groupi_cdnfadd_004_6__2802/S  -       CI->S  F     ADDFHX2HVT        1  4.6   150   561    1715    (-,-) 
  WALLACE_CSA_DUMMY_OP_groupi_cdnfadd_004_8__5122/S  -       CI->S  R     ADDFHX2HVT        1  4.6   133   509    2224    (-,-) 
  WALLACE_CSA_DUMMY_OP_groupi_cdnfadd_004_9__8246/S  -       CI->S  R     ADDFHX2HVT        2  8.1   183   545    2769    (-,-) 
  WALLACE_CSA_DUMMY_OP_groupi_g607__9315/Y           -       B->Y   F     NOR2X6HVT         2  6.6   117   156    2925    (-,-) 
  WALLACE_CSA_DUMMY_OP_groupi_g596__2802/Y           -       A1N->Y F     AOI2BB1X4HVT      2  6.3   124   269    3194    (-,-) 
  WALLACE_CSA_DUMMY_OP_groupi_g593__6783/Y           -       A1N->Y F     AOI2BB1X4HVT      2  6.3   130   273    3467    (-,-) 
  WALLACE_CSA_DUMMY_OP_groupi_g591__8428/Y           -       A1N->Y F     AOI2BB1X4HVT      2  6.2   134   276    3743    (-,-) 
  WALLACE_CSA_DUMMY_OP_groupi_g589__6260/Y           -       A1N->Y F     AOI2BB1X4HVT      2  6.9   142   282    4026    (-,-) 
  WALLACE_CSA_DUMMY_OP_groupi_g588/Y                 -       A->Y   R     INVX3HVT          1  4.2    74   115    4140    (-,-) 
  WALLACE_CSA_DUMMY_OP_groupi_g586__2398/Y           -       A1N->Y R     OAI2BB1X4HVT      1  4.1    95   302    4442    (-,-) 
  g38__6260/Y                                        -       A->Y   R     AND2X1HVT         1  4.2   142   288    4730    (-,-) 
  Y_reg[9]/D                                         -       -      R     DFFHQX1HVT        1    -     -     0    4730    (-,-) 
#-------------------------------------------------------------------------------------------------------------------------------

