============================================================
  Generated by:           Genus(TM) Synthesis Solution 21.18-s082_1
  Generated on:           May 02 2026  11:45:14 am
  Module:                 top
  Operating conditions:   PVT_0P9V_125C 
  Interconnect mode:      global
  Area mode:              physical library
============================================================

                              Leakage  
  Gate   Instances   Area   Power (nW)     Library    
------------------------------------------------------
ADDFXL          54  369.360      4.525    slow_vdd1v0 
ADDHXL           6   28.728      0.423    slow_vdd1v0 
AND2XL          64   87.552      1.535    slow_vdd1v0 
DFFQXL          10   54.720      0.838    slow_vdd1v0 
NOR2BX1         10   13.680      0.350    slow_vdd1v0 
------------------------------------------------------
total          144  554.040      7.672                


                                          Leakage  Leakage 
     Type      Instances   Area  Area % Power (nW) Power % 
-----------------------------------------------------------
sequential            10  54.720    9.9      0.838    10.9 
logic                134 499.320   90.1      6.834    89.1 
physical_cells         0   0.000    0.0      0.000     0.0 
-----------------------------------------------------------
total                144 554.040  100.0      7.672   100.0 

