============================================================
  Generated by:           Genus(TM) Synthesis Solution 21.18-s082_1
  Generated on:           May 02 2026  11:44:46 am
  Module:                 top
  Operating conditions:   PVT_0P9V_125C 
  Interconnect mode:      global
  Area mode:              physical library
============================================================


Path 1: MET (1642 ps) Setup Check with Pin Y_reg[9]/clk->d
          Group: I2C
     Startpoint: (R) X3[3]
          Clock: (R) CLK
       Endpoint: (R) Y_reg[9]/d
          Clock: (R) CLK

                     Capture       Launch     
        Clock Edge:+    4384            0     
        Drv Adjust:+       0            0     
       Src Latency:+       0            0     
       Net Latency:+       0 (I)        0 (I) 
           Arrival:=    4384            0     
                                              
             Setup:-     192                  
     Required Time:=    4192                  
      Launch Clock:-       0                  
       Input Delay:-       0                  
         Data Path:-    2551                  
             Slack:=    1642                  

Exceptions/Constraints:
  input_delay              0              top.sdc_line_8_13_1 

#----------------------------------------------------------------------------------------------------------------------
#            Timing Point             Flags    Arc    Edge       Cell         Fanout Load Trans Delay Arrival Instance 
#                                                                                    (fF)  (ps)  (ps)   (ps)  Location 
#----------------------------------------------------------------------------------------------------------------------
  X3[3]                               (u)     -       R     (arrival)              4  4.0     0     0       0    (-,-) 
  WALLACE_CSA_DUMMY_OP_groupi/g1718/z (u)     in_1->z F     unmapped_nand2         4  4.0     0   123     123    (-,-) 
  WALLACE_CSA_DUMMY_OP_groupi/g1581/z (u)     in_1->z R     unmapped_complex2      1  1.0     0    86     209    (-,-) 
  WALLACE_CSA_DUMMY_OP_groupi/g1582/z (u)     in_1->z F     unmapped_nand2         2  2.0     0   101     310    (-,-) 
  WALLACE_CSA_DUMMY_OP_groupi/g1522/z (u)     in_0->z F     unmapped_or2           1  1.0     0    86     396    (-,-) 
  WALLACE_CSA_DUMMY_OP_groupi/g1523/z (u)     in_1->z R     unmapped_nand2         4  4.0     0   123     519    (-,-) 
  WALLACE_CSA_DUMMY_OP_groupi/g778/z  (u)     in_0->z R     unmapped_or2           1  1.0     0    86     604    (-,-) 
  WALLACE_CSA_DUMMY_OP_groupi/g1382/z (u)     in_0->z F     unmapped_nand2         1  1.0     0    86     690    (-,-) 
  WALLACE_CSA_DUMMY_OP_groupi/g1317/z (u)     in_0->z R     unmapped_nand2         3  3.0     0   115     805    (-,-) 
  WALLACE_CSA_DUMMY_OP_groupi/g1313/z (u)     in_0->z F     unmapped_complex2      1  1.0     0    86     891    (-,-) 
  WALLACE_CSA_DUMMY_OP_groupi/g1314/z (u)     in_1->z R     unmapped_nand2         2  2.0     0   101     992    (-,-) 
  WALLACE_CSA_DUMMY_OP_groupi/g1260/z (u)     in_0->z R     unmapped_complex2      1  1.0     0    86    1078    (-,-) 
  WALLACE_CSA_DUMMY_OP_groupi/g1261/z (u)     in_1->z F     unmapped_nand2         4  4.0     0   123    1201    (-,-) 
  WALLACE_CSA_DUMMY_OP_groupi/g1231/z (u)     in_1->z R     unmapped_complex2      1  1.0     0    86    1286    (-,-) 
  WALLACE_CSA_DUMMY_OP_groupi/g1232/z (u)     in_1->z F     unmapped_nand2         2  2.0     0   101    1388    (-,-) 
  WALLACE_CSA_DUMMY_OP_groupi/g1198/z (u)     in_0->z F     unmapped_complex2      1  1.0     0    86    1474    (-,-) 
  WALLACE_CSA_DUMMY_OP_groupi/g1199/z (u)     in_1->z R     unmapped_nand2         2  2.0     0   101    1575    (-,-) 
  WALLACE_CSA_DUMMY_OP_groupi/g874/z  (u)     in_0->z R     unmapped_or2           2  2.0     0   101    1676    (-,-) 
  WALLACE_CSA_DUMMY_OP_groupi/g1173/z (u)     in_0->z F     unmapped_nand2         2  2.0     0   101    1778    (-,-) 
  WALLACE_CSA_DUMMY_OP_groupi/g1162/z (u)     in_0->z F     unmapped_complex2      1  1.0     0    86    1864    (-,-) 
  WALLACE_CSA_DUMMY_OP_groupi/g1156/z (u)     in_0->z R     unmapped_complex2      3  3.0     0   115    1978    (-,-) 
  WALLACE_CSA_DUMMY_OP_groupi/g1155/z (u)     in_1->z F     unmapped_nand2         1  1.0     0    86    2064    (-,-) 
  WALLACE_CSA_DUMMY_OP_groupi/g1151/z (u)     in_1->z R     unmapped_nand2         3  3.0     0   115    2179    (-,-) 
  WALLACE_CSA_DUMMY_OP_groupi/g1150/z (u)     in_0->z F     unmapped_nand2         1  1.0     0    86    2264    (-,-) 
  WALLACE_CSA_DUMMY_OP_groupi/g1146/z (u)     in_0->z R     unmapped_nand2         3  3.0     0   115    2379    (-,-) 
  WALLACE_CSA_DUMMY_OP_groupi/g1145/z (u)     in_1->z F     unmapped_nand2         1  1.0     0    86    2465    (-,-) 
  WALLACE_CSA_DUMMY_OP_groupi/g1141/z (u)     in_0->z R     unmapped_nand2         1  1.0     0    86    2551    (-,-) 
  Y_reg[9]/d                          -       -       R     unmapped_d_flop        1    -     -     0    2551    (-,-) 
#----------------------------------------------------------------------------------------------------------------------

(u) : Net has unmapped pin(s).



Path 2: MET (1642 ps) Setup Check with Pin Y_reg[8]/clk->d
          Group: I2C
     Startpoint: (F) X3[3]
          Clock: (R) CLK
       Endpoint: (R) Y_reg[8]/d
          Clock: (R) CLK

                     Capture       Launch     
        Clock Edge:+    4384            0     
        Drv Adjust:+       0            0     
       Src Latency:+       0            0     
       Net Latency:+       0 (I)        0 (I) 
           Arrival:=    4384            0     
                                              
             Setup:-     192                  
     Required Time:=    4192                  
      Launch Clock:-       0                  
       Input Delay:-       0                  
         Data Path:-    2551                  
             Slack:=    1642                  

Exceptions/Constraints:
  input_delay              0              top.sdc_line_8_13_1 

#----------------------------------------------------------------------------------------------------------------------
#            Timing Point             Flags    Arc    Edge       Cell         Fanout Load Trans Delay Arrival Instance 
#                                                                                    (fF)  (ps)  (ps)   (ps)  Location 
#----------------------------------------------------------------------------------------------------------------------
  X3[3]                               (u)     -       F     (arrival)              4  4.0     0     0       0    (-,-) 
  WALLACE_CSA_DUMMY_OP_groupi/g1718/z (u)     in_1->z R     unmapped_nand2         4  4.0     0   123     123    (-,-) 
  WALLACE_CSA_DUMMY_OP_groupi/g1581/z (u)     in_1->z F     unmapped_complex2      1  1.0     0    86     209    (-,-) 
  WALLACE_CSA_DUMMY_OP_groupi/g1582/z (u)     in_1->z R     unmapped_nand2         2  2.0     0   101     310    (-,-) 
  WALLACE_CSA_DUMMY_OP_groupi/g1522/z (u)     in_0->z R     unmapped_or2           1  1.0     0    86     396    (-,-) 
  WALLACE_CSA_DUMMY_OP_groupi/g1523/z (u)     in_1->z F     unmapped_nand2         4  4.0     0   123     519    (-,-) 
  WALLACE_CSA_DUMMY_OP_groupi/g778/z  (u)     in_0->z F     unmapped_or2           1  1.0     0    86     604    (-,-) 
  WALLACE_CSA_DUMMY_OP_groupi/g1382/z (u)     in_0->z R     unmapped_nand2         1  1.0     0    86     690    (-,-) 
  WALLACE_CSA_DUMMY_OP_groupi/g1317/z (u)     in_0->z F     unmapped_nand2         3  3.0     0   115     805    (-,-) 
  WALLACE_CSA_DUMMY_OP_groupi/g1313/z (u)     in_0->z R     unmapped_complex2      1  1.0     0    86     891    (-,-) 
  WALLACE_CSA_DUMMY_OP_groupi/g1314/z (u)     in_1->z F     unmapped_nand2         2  2.0     0   101     992    (-,-) 
  WALLACE_CSA_DUMMY_OP_groupi/g1260/z (u)     in_0->z F     unmapped_complex2      1  1.0     0    86    1078    (-,-) 
  WALLACE_CSA_DUMMY_OP_groupi/g1261/z (u)     in_1->z R     unmapped_nand2         4  4.0     0   123    1201    (-,-) 
  WALLACE_CSA_DUMMY_OP_groupi/g1231/z (u)     in_1->z F     unmapped_complex2      1  1.0     0    86    1286    (-,-) 
  WALLACE_CSA_DUMMY_OP_groupi/g1232/z (u)     in_1->z R     unmapped_nand2         2  2.0     0   101    1388    (-,-) 
  WALLACE_CSA_DUMMY_OP_groupi/g1198/z (u)     in_0->z R     unmapped_complex2      1  1.0     0    86    1474    (-,-) 
  WALLACE_CSA_DUMMY_OP_groupi/g1199/z (u)     in_1->z F     unmapped_nand2         2  2.0     0   101    1575    (-,-) 
  WALLACE_CSA_DUMMY_OP_groupi/g874/z  (u)     in_0->z F     unmapped_or2           2  2.0     0   101    1676    (-,-) 
  WALLACE_CSA_DUMMY_OP_groupi/g1173/z (u)     in_0->z R     unmapped_nand2         2  2.0     0   101    1778    (-,-) 
  WALLACE_CSA_DUMMY_OP_groupi/g1162/z (u)     in_0->z R     unmapped_complex2      1  1.0     0    86    1864    (-,-) 
  WALLACE_CSA_DUMMY_OP_groupi/g1156/z (u)     in_0->z F     unmapped_complex2      3  3.0     0   115    1978    (-,-) 
  WALLACE_CSA_DUMMY_OP_groupi/g1155/z (u)     in_1->z R     unmapped_nand2         1  1.0     0    86    2064    (-,-) 
  WALLACE_CSA_DUMMY_OP_groupi/g1151/z (u)     in_1->z F     unmapped_nand2         3  3.0     0   115    2179    (-,-) 
  WALLACE_CSA_DUMMY_OP_groupi/g1150/z (u)     in_0->z R     unmapped_nand2         1  1.0     0    86    2264    (-,-) 
  WALLACE_CSA_DUMMY_OP_groupi/g1146/z (u)     in_0->z F     unmapped_nand2         3  3.0     0   115    2379    (-,-) 
  WALLACE_CSA_DUMMY_OP_groupi/g1143/z (u)     in_0->z F     unmapped_or2           1  1.0     0    86    2465    (-,-) 
  WALLACE_CSA_DUMMY_OP_groupi/g1144/z (u)     in_1->z R     unmapped_nand2         1  1.0     0    86    2551    (-,-) 
  Y_reg[8]/d                          -       -       R     unmapped_d_flop        1    -     -     0    2551    (-,-) 
#----------------------------------------------------------------------------------------------------------------------

(u) : Net has unmapped pin(s).



Path 3: MET (1842 ps) Setup Check with Pin Y_reg[7]/clk->d
          Group: I2C
     Startpoint: (F) X3[3]
          Clock: (R) CLK
       Endpoint: (R) Y_reg[7]/d
          Clock: (R) CLK

                     Capture       Launch     
        Clock Edge:+    4384            0     
        Drv Adjust:+       0            0     
       Src Latency:+       0            0     
       Net Latency:+       0 (I)        0 (I) 
           Arrival:=    4384            0     
                                              
             Setup:-     192                  
     Required Time:=    4192                  
      Launch Clock:-       0                  
       Input Delay:-       0                  
         Data Path:-    2350                  
             Slack:=    1842                  

Exceptions/Constraints:
  input_delay              0              top.sdc_line_8_13_1 

#----------------------------------------------------------------------------------------------------------------------
#            Timing Point             Flags    Arc    Edge       Cell         Fanout Load Trans Delay Arrival Instance 
#                                                                                    (fF)  (ps)  (ps)   (ps)  Location 
#----------------------------------------------------------------------------------------------------------------------
  X3[3]                               (u)     -       F     (arrival)              4  4.0     0     0       0    (-,-) 
  WALLACE_CSA_DUMMY_OP_groupi/g1718/z (u)     in_1->z R     unmapped_nand2         4  4.0     0   123     123    (-,-) 
  WALLACE_CSA_DUMMY_OP_groupi/g1581/z (u)     in_1->z F     unmapped_complex2      1  1.0     0    86     209    (-,-) 
  WALLACE_CSA_DUMMY_OP_groupi/g1582/z (u)     in_1->z R     unmapped_nand2         2  2.0     0   101     310    (-,-) 
  WALLACE_CSA_DUMMY_OP_groupi/g1522/z (u)     in_0->z R     unmapped_or2           1  1.0     0    86     396    (-,-) 
  WALLACE_CSA_DUMMY_OP_groupi/g1523/z (u)     in_1->z F     unmapped_nand2         4  4.0     0   123     519    (-,-) 
  WALLACE_CSA_DUMMY_OP_groupi/g778/z  (u)     in_0->z F     unmapped_or2           1  1.0     0    86     604    (-,-) 
  WALLACE_CSA_DUMMY_OP_groupi/g1382/z (u)     in_0->z R     unmapped_nand2         1  1.0     0    86     690    (-,-) 
  WALLACE_CSA_DUMMY_OP_groupi/g1317/z (u)     in_0->z F     unmapped_nand2         3  3.0     0   115     805    (-,-) 
  WALLACE_CSA_DUMMY_OP_groupi/g1313/z (u)     in_0->z R     unmapped_complex2      1  1.0     0    86     891    (-,-) 
  WALLACE_CSA_DUMMY_OP_groupi/g1314/z (u)     in_1->z F     unmapped_nand2         2  2.0     0   101     992    (-,-) 
  WALLACE_CSA_DUMMY_OP_groupi/g1260/z (u)     in_0->z F     unmapped_complex2      1  1.0     0    86    1078    (-,-) 
  WALLACE_CSA_DUMMY_OP_groupi/g1261/z (u)     in_1->z R     unmapped_nand2         4  4.0     0   123    1201    (-,-) 
  WALLACE_CSA_DUMMY_OP_groupi/g1231/z (u)     in_1->z F     unmapped_complex2      1  1.0     0    86    1286    (-,-) 
  WALLACE_CSA_DUMMY_OP_groupi/g1232/z (u)     in_1->z R     unmapped_nand2         2  2.0     0   101    1388    (-,-) 
  WALLACE_CSA_DUMMY_OP_groupi/g1198/z (u)     in_0->z R     unmapped_complex2      1  1.0     0    86    1474    (-,-) 
  WALLACE_CSA_DUMMY_OP_groupi/g1199/z (u)     in_1->z F     unmapped_nand2         2  2.0     0   101    1575    (-,-) 
  WALLACE_CSA_DUMMY_OP_groupi/g874/z  (u)     in_0->z F     unmapped_or2           2  2.0     0   101    1676    (-,-) 
  WALLACE_CSA_DUMMY_OP_groupi/g1173/z (u)     in_0->z R     unmapped_nand2         2  2.0     0   101    1778    (-,-) 
  WALLACE_CSA_DUMMY_OP_groupi/g1162/z (u)     in_0->z R     unmapped_complex2      1  1.0     0    86    1864    (-,-) 
  WALLACE_CSA_DUMMY_OP_groupi/g1156/z (u)     in_0->z F     unmapped_complex2      3  3.0     0   115    1978    (-,-) 
  WALLACE_CSA_DUMMY_OP_groupi/g1155/z (u)     in_1->z R     unmapped_nand2         1  1.0     0    86    2064    (-,-) 
  WALLACE_CSA_DUMMY_OP_groupi/g1151/z (u)     in_1->z F     unmapped_nand2         3  3.0     0   115    2179    (-,-) 
  WALLACE_CSA_DUMMY_OP_groupi/g1148/z (u)     in_0->z F     unmapped_or2           1  1.0     0    86    2264    (-,-) 
  WALLACE_CSA_DUMMY_OP_groupi/g1149/z (u)     in_1->z R     unmapped_nand2         1  1.0     0    86    2350    (-,-) 
  Y_reg[7]/d                          -       -       R     unmapped_d_flop        1    -     -     0    2350    (-,-) 
#----------------------------------------------------------------------------------------------------------------------

(u) : Net has unmapped pin(s).



Path 4: MET (2043 ps) Setup Check with Pin Y_reg[6]/clk->d
          Group: I2C
     Startpoint: (F) X3[3]
          Clock: (R) CLK
       Endpoint: (R) Y_reg[6]/d
          Clock: (R) CLK

                     Capture       Launch     
        Clock Edge:+    4384            0     
        Drv Adjust:+       0            0     
       Src Latency:+       0            0     
       Net Latency:+       0 (I)        0 (I) 
           Arrival:=    4384            0     
                                              
             Setup:-     192                  
     Required Time:=    4192                  
      Launch Clock:-       0                  
       Input Delay:-       0                  
         Data Path:-    2150                  
             Slack:=    2043                  

Exceptions/Constraints:
  input_delay              0              top.sdc_line_8_13_1 

#----------------------------------------------------------------------------------------------------------------------
#            Timing Point             Flags    Arc    Edge       Cell         Fanout Load Trans Delay Arrival Instance 
#                                                                                    (fF)  (ps)  (ps)   (ps)  Location 
#----------------------------------------------------------------------------------------------------------------------
  X3[3]                               (u)     -       F     (arrival)              4  4.0     0     0       0    (-,-) 
  WALLACE_CSA_DUMMY_OP_groupi/g1718/z (u)     in_1->z R     unmapped_nand2         4  4.0     0   123     123    (-,-) 
  WALLACE_CSA_DUMMY_OP_groupi/g1581/z (u)     in_1->z F     unmapped_complex2      1  1.0     0    86     209    (-,-) 
  WALLACE_CSA_DUMMY_OP_groupi/g1582/z (u)     in_1->z R     unmapped_nand2         2  2.0     0   101     310    (-,-) 
  WALLACE_CSA_DUMMY_OP_groupi/g1522/z (u)     in_0->z R     unmapped_or2           1  1.0     0    86     396    (-,-) 
  WALLACE_CSA_DUMMY_OP_groupi/g1523/z (u)     in_1->z F     unmapped_nand2         4  4.0     0   123     519    (-,-) 
  WALLACE_CSA_DUMMY_OP_groupi/g778/z  (u)     in_0->z F     unmapped_or2           1  1.0     0    86     604    (-,-) 
  WALLACE_CSA_DUMMY_OP_groupi/g1382/z (u)     in_0->z R     unmapped_nand2         1  1.0     0    86     690    (-,-) 
  WALLACE_CSA_DUMMY_OP_groupi/g1317/z (u)     in_0->z F     unmapped_nand2         3  3.0     0   115     805    (-,-) 
  WALLACE_CSA_DUMMY_OP_groupi/g1313/z (u)     in_0->z R     unmapped_complex2      1  1.0     0    86     891    (-,-) 
  WALLACE_CSA_DUMMY_OP_groupi/g1314/z (u)     in_1->z F     unmapped_nand2         2  2.0     0   101     992    (-,-) 
  WALLACE_CSA_DUMMY_OP_groupi/g1260/z (u)     in_0->z F     unmapped_complex2      1  1.0     0    86    1078    (-,-) 
  WALLACE_CSA_DUMMY_OP_groupi/g1261/z (u)     in_1->z R     unmapped_nand2         4  4.0     0   123    1201    (-,-) 
  WALLACE_CSA_DUMMY_OP_groupi/g1231/z (u)     in_1->z F     unmapped_complex2      1  1.0     0    86    1286    (-,-) 
  WALLACE_CSA_DUMMY_OP_groupi/g1232/z (u)     in_1->z R     unmapped_nand2         2  2.0     0   101    1388    (-,-) 
  WALLACE_CSA_DUMMY_OP_groupi/g1198/z (u)     in_0->z R     unmapped_complex2      1  1.0     0    86    1474    (-,-) 
  WALLACE_CSA_DUMMY_OP_groupi/g1199/z (u)     in_1->z F     unmapped_nand2         2  2.0     0   101    1575    (-,-) 
  WALLACE_CSA_DUMMY_OP_groupi/g874/z  (u)     in_0->z F     unmapped_or2           2  2.0     0   101    1676    (-,-) 
  WALLACE_CSA_DUMMY_OP_groupi/g1173/z (u)     in_0->z R     unmapped_nand2         2  2.0     0   101    1778    (-,-) 
  WALLACE_CSA_DUMMY_OP_groupi/g1162/z (u)     in_0->z R     unmapped_complex2      1  1.0     0    86    1864    (-,-) 
  WALLACE_CSA_DUMMY_OP_groupi/g1156/z (u)     in_0->z F     unmapped_complex2      3  3.0     0   115    1978    (-,-) 
  WALLACE_CSA_DUMMY_OP_groupi/g1153/z (u)     in_0->z F     unmapped_or2           1  1.0     0    86    2064    (-,-) 
  WALLACE_CSA_DUMMY_OP_groupi/g1154/z (u)     in_1->z R     unmapped_nand2         1  1.0     0    86    2150    (-,-) 
  Y_reg[6]/d                          -       -       R     unmapped_d_flop        1    -     -     0    2150    (-,-) 
#----------------------------------------------------------------------------------------------------------------------

(u) : Net has unmapped pin(s).



Path 5: MET (2142 ps) Setup Check with Pin Y_reg[5]/clk->d
          Group: I2C
     Startpoint: (F) X3[3]
          Clock: (R) CLK
       Endpoint: (R) Y_reg[5]/d
          Clock: (R) CLK

                     Capture       Launch     
        Clock Edge:+    4384            0     
        Drv Adjust:+       0            0     
       Src Latency:+       0            0     
       Net Latency:+       0 (I)        0 (I) 
           Arrival:=    4384            0     
                                              
             Setup:-     192                  
     Required Time:=    4192                  
      Launch Clock:-       0                  
       Input Delay:-       0                  
         Data Path:-    2051                  
             Slack:=    2142                  

Exceptions/Constraints:
  input_delay              0              top.sdc_line_8_13_1 

#----------------------------------------------------------------------------------------------------------------------
#            Timing Point             Flags    Arc    Edge       Cell         Fanout Load Trans Delay Arrival Instance 
#                                                                                    (fF)  (ps)  (ps)   (ps)  Location 
#----------------------------------------------------------------------------------------------------------------------
  X3[3]                               (u)     -       F     (arrival)              4  4.0     0     0       0    (-,-) 
  WALLACE_CSA_DUMMY_OP_groupi/g1718/z (u)     in_1->z R     unmapped_nand2         4  4.0     0   123     123    (-,-) 
  WALLACE_CSA_DUMMY_OP_groupi/g1581/z (u)     in_1->z F     unmapped_complex2      1  1.0     0    86     209    (-,-) 
  WALLACE_CSA_DUMMY_OP_groupi/g1582/z (u)     in_1->z R     unmapped_nand2         2  2.0     0   101     310    (-,-) 
  WALLACE_CSA_DUMMY_OP_groupi/g1522/z (u)     in_0->z R     unmapped_or2           1  1.0     0    86     396    (-,-) 
  WALLACE_CSA_DUMMY_OP_groupi/g1523/z (u)     in_1->z F     unmapped_nand2         4  4.0     0   123     519    (-,-) 
  WALLACE_CSA_DUMMY_OP_groupi/g778/z  (u)     in_0->z F     unmapped_or2           1  1.0     0    86     604    (-,-) 
  WALLACE_CSA_DUMMY_OP_groupi/g1382/z (u)     in_0->z R     unmapped_nand2         1  1.0     0    86     690    (-,-) 
  WALLACE_CSA_DUMMY_OP_groupi/g1317/z (u)     in_0->z F     unmapped_nand2         3  3.0     0   115     805    (-,-) 
  WALLACE_CSA_DUMMY_OP_groupi/g1313/z (u)     in_0->z R     unmapped_complex2      1  1.0     0    86     891    (-,-) 
  WALLACE_CSA_DUMMY_OP_groupi/g1314/z (u)     in_1->z F     unmapped_nand2         2  2.0     0   101     992    (-,-) 
  WALLACE_CSA_DUMMY_OP_groupi/g1260/z (u)     in_0->z F     unmapped_complex2      1  1.0     0    86    1078    (-,-) 
  WALLACE_CSA_DUMMY_OP_groupi/g1261/z (u)     in_1->z R     unmapped_nand2         4  4.0     0   123    1201    (-,-) 
  WALLACE_CSA_DUMMY_OP_groupi/g1231/z (u)     in_1->z F     unmapped_complex2      1  1.0     0    86    1286    (-,-) 
  WALLACE_CSA_DUMMY_OP_groupi/g1232/z (u)     in_1->z R     unmapped_nand2         2  2.0     0   101    1388    (-,-) 
  WALLACE_CSA_DUMMY_OP_groupi/g1198/z (u)     in_0->z R     unmapped_complex2      1  1.0     0    86    1474    (-,-) 
  WALLACE_CSA_DUMMY_OP_groupi/g1199/z (u)     in_1->z F     unmapped_nand2         2  2.0     0   101    1575    (-,-) 
  WALLACE_CSA_DUMMY_OP_groupi/g874/z  (u)     in_0->z F     unmapped_or2           2  2.0     0   101    1676    (-,-) 
  WALLACE_CSA_DUMMY_OP_groupi/g1173/z (u)     in_0->z R     unmapped_nand2         2  2.0     0   101    1778    (-,-) 
  WALLACE_CSA_DUMMY_OP_groupi/g1161/z (u)     in_1->z F     unmapped_nand2         2  2.0     0   101    1879    (-,-) 
  WALLACE_CSA_DUMMY_OP_groupi/g1158/z (u)     in_0->z F     unmapped_or2           1  1.0     0    86    1965    (-,-) 
  WALLACE_CSA_DUMMY_OP_groupi/g1159/z (u)     in_1->z R     unmapped_nand2         1  1.0     0    86    2051    (-,-) 
  Y_reg[5]/d                          -       -       R     unmapped_d_flop        1    -     -     0    2051    (-,-) 
#----------------------------------------------------------------------------------------------------------------------

(u) : Net has unmapped pin(s).



Path 6: MET (2230 ps) Setup Check with Pin Y_reg[4]/clk->d
          Group: I2C
     Startpoint: (F) X3[3]
          Clock: (R) CLK
       Endpoint: (R) Y_reg[4]/d
          Clock: (R) CLK

                     Capture       Launch     
        Clock Edge:+    4384            0     
        Drv Adjust:+       0            0     
       Src Latency:+       0            0     
       Net Latency:+       0 (I)        0 (I) 
           Arrival:=    4384            0     
                                              
             Setup:-     192                  
     Required Time:=    4192                  
      Launch Clock:-       0                  
       Input Delay:-       0                  
         Data Path:-    1963                  
             Slack:=    2230                  

Exceptions/Constraints:
  input_delay              0              top.sdc_line_8_13_1 

#----------------------------------------------------------------------------------------------------------------------
#            Timing Point             Flags    Arc    Edge       Cell         Fanout Load Trans Delay Arrival Instance 
#                                                                                    (fF)  (ps)  (ps)   (ps)  Location 
#----------------------------------------------------------------------------------------------------------------------
  X3[3]                               (u)     -       F     (arrival)              4  4.0     0     0       0    (-,-) 
  WALLACE_CSA_DUMMY_OP_groupi/g1718/z (u)     in_1->z R     unmapped_nand2         4  4.0     0   123     123    (-,-) 
  WALLACE_CSA_DUMMY_OP_groupi/g1581/z (u)     in_1->z F     unmapped_complex2      1  1.0     0    86     209    (-,-) 
  WALLACE_CSA_DUMMY_OP_groupi/g1582/z (u)     in_1->z R     unmapped_nand2         2  2.0     0   101     310    (-,-) 
  WALLACE_CSA_DUMMY_OP_groupi/g1522/z (u)     in_0->z R     unmapped_or2           1  1.0     0    86     396    (-,-) 
  WALLACE_CSA_DUMMY_OP_groupi/g1523/z (u)     in_1->z F     unmapped_nand2         4  4.0     0   123     519    (-,-) 
  WALLACE_CSA_DUMMY_OP_groupi/g778/z  (u)     in_0->z F     unmapped_or2           1  1.0     0    86     604    (-,-) 
  WALLACE_CSA_DUMMY_OP_groupi/g1382/z (u)     in_0->z R     unmapped_nand2         1  1.0     0    86     690    (-,-) 
  WALLACE_CSA_DUMMY_OP_groupi/g1317/z (u)     in_0->z F     unmapped_nand2         3  3.0     0   115     805    (-,-) 
  WALLACE_CSA_DUMMY_OP_groupi/g1313/z (u)     in_0->z R     unmapped_complex2      1  1.0     0    86     891    (-,-) 
  WALLACE_CSA_DUMMY_OP_groupi/g1314/z (u)     in_1->z F     unmapped_nand2         2  2.0     0   101     992    (-,-) 
  WALLACE_CSA_DUMMY_OP_groupi/g1260/z (u)     in_0->z F     unmapped_complex2      1  1.0     0    86    1078    (-,-) 
  WALLACE_CSA_DUMMY_OP_groupi/g1261/z (u)     in_1->z R     unmapped_nand2         4  4.0     0   123    1201    (-,-) 
  WALLACE_CSA_DUMMY_OP_groupi/g1231/z (u)     in_1->z F     unmapped_complex2      1  1.0     0    86    1286    (-,-) 
  WALLACE_CSA_DUMMY_OP_groupi/g1232/z (u)     in_1->z R     unmapped_nand2         2  2.0     0   101    1388    (-,-) 
  WALLACE_CSA_DUMMY_OP_groupi/g1198/z (u)     in_0->z R     unmapped_complex2      1  1.0     0    86    1474    (-,-) 
  WALLACE_CSA_DUMMY_OP_groupi/g1199/z (u)     in_1->z F     unmapped_nand2         2  2.0     0   101    1575    (-,-) 
  WALLACE_CSA_DUMMY_OP_groupi/g411/z  (u)     in_1->z R     unmapped_nand2         3  3.0     0   115    1690    (-,-) 
  WALLACE_CSA_DUMMY_OP_groupi/g1043/z (u)     in_0->z F     unmapped_nand2         2  2.0     0   101    1791    (-,-) 
  WALLACE_CSA_DUMMY_OP_groupi/g1169/z (u)     in_1->z F     unmapped_or2           1  1.0     0    86    1877    (-,-) 
  WALLACE_CSA_DUMMY_OP_groupi/g1170/z (u)     in_1->z R     unmapped_nand2         1  1.0     0    86    1963    (-,-) 
  Y_reg[4]/d                          -       -       R     unmapped_d_flop        1    -     -     0    1963    (-,-) 
#----------------------------------------------------------------------------------------------------------------------

(u) : Net has unmapped pin(s).



Path 7: MET (2529 ps) Setup Check with Pin Y_reg[3]/clk->d
          Group: I2C
     Startpoint: (F) X2[0]
          Clock: (R) CLK
       Endpoint: (R) Y_reg[3]/d
          Clock: (R) CLK

                     Capture       Launch     
        Clock Edge:+    4384            0     
        Drv Adjust:+       0            0     
       Src Latency:+       0            0     
       Net Latency:+       0 (I)        0 (I) 
           Arrival:=    4384            0     
                                              
             Setup:-     192                  
     Required Time:=    4192                  
      Launch Clock:-       0                  
       Input Delay:-       0                  
         Data Path:-    1663                  
             Slack:=    2529                  

Exceptions/Constraints:
  input_delay              0              top.sdc_line_8_12_1 

#----------------------------------------------------------------------------------------------------------------------
#            Timing Point             Flags    Arc    Edge       Cell         Fanout Load Trans Delay Arrival Instance 
#                                                                                    (fF)  (ps)  (ps)   (ps)  Location 
#----------------------------------------------------------------------------------------------------------------------
  X2[0]                               (u)     -       F     (arrival)              4  4.0     0     0       0    (-,-) 
  WALLACE_CSA_DUMMY_OP_groupi/g1711/z (u)     in_1->z R     unmapped_nand2         4  4.0     0   123     123    (-,-) 
  WALLACE_CSA_DUMMY_OP_groupi/g1564/z (u)     in_1->z R     unmapped_complex2      1  1.0     0    86     209    (-,-) 
  WALLACE_CSA_DUMMY_OP_groupi/g1565/z (u)     in_1->z F     unmapped_nand2         2  2.0     0   101     310    (-,-) 
  WALLACE_CSA_DUMMY_OP_groupi/g1546/z (u)     in_0->z F     unmapped_or2           1  1.0     0    86     396    (-,-) 
  WALLACE_CSA_DUMMY_OP_groupi/g1547/z (u)     in_1->z R     unmapped_nand2         4  4.0     0   123     519    (-,-) 
  WALLACE_CSA_DUMMY_OP_groupi/g1443/z (u)     in_1->z R     unmapped_complex2      1  1.0     0    86     604    (-,-) 
  WALLACE_CSA_DUMMY_OP_groupi/g1444/z (u)     in_1->z F     unmapped_nand2         2  2.0     0   101     706    (-,-) 
  WALLACE_CSA_DUMMY_OP_groupi/g1413/z (u)     in_0->z F     unmapped_complex2      1  1.0     0    86     792    (-,-) 
  WALLACE_CSA_DUMMY_OP_groupi/g1414/z (u)     in_1->z R     unmapped_nand2         4  4.0     0   123     915    (-,-) 
  WALLACE_CSA_DUMMY_OP_groupi/g1341/z (u)     in_1->z R     unmapped_complex2      1  1.0     0    86    1000    (-,-) 
  WALLACE_CSA_DUMMY_OP_groupi/g1342/z (u)     in_1->z F     unmapped_nand2         2  2.0     0   101    1102    (-,-) 
  WALLACE_CSA_DUMMY_OP_groupi/g1254/z (u)     in_1->z F     unmapped_complex2      1  1.0     0    86    1187    (-,-) 
  WALLACE_CSA_DUMMY_OP_groupi/g1255/z (u)     in_1->z R     unmapped_nand2         2  2.0     0   101    1289    (-,-) 
  WALLACE_CSA_DUMMY_OP_groupi/g850/z  (u)     in_1->z R     unmapped_or2           2  2.0     0   101    1390    (-,-) 
  WALLACE_CSA_DUMMY_OP_groupi/g1221/z (u)     in_1->z F     unmapped_nand2         2  2.0     0   101    1492    (-,-) 
  WALLACE_CSA_DUMMY_OP_groupi/g1191/z (u)     in_1->z F     unmapped_or2           1  1.0     0    86    1577    (-,-) 
  WALLACE_CSA_DUMMY_OP_groupi/g1192/z (u)     in_1->z R     unmapped_nand2         1  1.0     0    86    1663    (-,-) 
  Y_reg[3]/d                          -       -       R     unmapped_d_flop        1    -     -     0    1663    (-,-) 
#----------------------------------------------------------------------------------------------------------------------

(u) : Net has unmapped pin(s).



Path 8: MET (2641 ps) Setup Check with Pin Y_reg[2]/clk->d
          Group: I2C
     Startpoint: (R) X1[0]
          Clock: (R) CLK
       Endpoint: (R) Y_reg[2]/d
          Clock: (R) CLK

                     Capture       Launch     
        Clock Edge:+    4384            0     
        Drv Adjust:+       0            0     
       Src Latency:+       0            0     
       Net Latency:+       0 (I)        0 (I) 
           Arrival:=    4384            0     
                                              
             Setup:-     192                  
     Required Time:=    4192                  
      Launch Clock:-       0                  
       Input Delay:-       0                  
         Data Path:-    1551                  
             Slack:=    2641                  

Exceptions/Constraints:
  input_delay              0              top.sdc_line_8_8_1 

#----------------------------------------------------------------------------------------------------------------------
#            Timing Point             Flags    Arc    Edge       Cell         Fanout Load Trans Delay Arrival Instance 
#                                                                                    (fF)  (ps)  (ps)   (ps)  Location 
#----------------------------------------------------------------------------------------------------------------------
  X1[0]                               (u)     -       R     (arrival)              4  4.0     0     0       0    (-,-) 
  WALLACE_CSA_DUMMY_OP_groupi/g1681/z (u)     in_1->z F     unmapped_nand2         4  4.0     0   123     123    (-,-) 
  WALLACE_CSA_DUMMY_OP_groupi/g1614/z (u)     in_1->z R     unmapped_nand2         1  1.0     0    86     209    (-,-) 
  WALLACE_CSA_DUMMY_OP_groupi/g1503/z (u)     in_0->z F     unmapped_complex2      1  1.0     0    86     294    (-,-) 
  WALLACE_CSA_DUMMY_OP_groupi/g1464/z (u)     in_0->z R     unmapped_nand2         4  4.0     0   123     417    (-,-) 
  WALLACE_CSA_DUMMY_OP_groupi/g1424/z (u)     in_1->z F     unmapped_nand2         1  1.0     0    86     503    (-,-) 
  WALLACE_CSA_DUMMY_OP_groupi/g1425/z (u)     in_1->z R     unmapped_nand2         2  2.0     0   101     604    (-,-) 
  WALLACE_CSA_DUMMY_OP_groupi/g1357/z (u)     in_0->z R     unmapped_complex2      1  1.0     0    86     690    (-,-) 
  WALLACE_CSA_DUMMY_OP_groupi/g1358/z (u)     in_1->z F     unmapped_nand2         3  3.0     0   115     805    (-,-) 
  WALLACE_CSA_DUMMY_OP_groupi/g1336/z (u)     in_0->z R     unmapped_complex2      1  1.0     0    86     891    (-,-) 
  WALLACE_CSA_DUMMY_OP_groupi/g1337/z (u)     in_1->z F     unmapped_nand2         2  2.0     0   101     992    (-,-) 
  WALLACE_CSA_DUMMY_OP_groupi/g1297/z (u)     in_0->z F     unmapped_complex2      1  1.0     0    86    1078    (-,-) 
  WALLACE_CSA_DUMMY_OP_groupi/g1298/z (u)     in_1->z R     unmapped_nand2         3  3.0     0   115    1193    (-,-) 
  WALLACE_CSA_DUMMY_OP_groupi/g1278/z (u)     in_1->z R     unmapped_or2           1  1.0     0    86    1278    (-,-) 
  WALLACE_CSA_DUMMY_OP_groupi/g1279/z (u)     in_1->z F     unmapped_nand2         2  2.0     0   101    1380    (-,-) 
  WALLACE_CSA_DUMMY_OP_groupi/g1243/z (u)     in_1->z F     unmapped_or2           1  1.0     0    86    1465    (-,-) 
  WALLACE_CSA_DUMMY_OP_groupi/g1244/z (u)     in_1->z R     unmapped_nand2         1  1.0     0    86    1551    (-,-) 
  Y_reg[2]/d                          -       -       R     unmapped_d_flop        1    -     -     0    1551    (-,-) 
#----------------------------------------------------------------------------------------------------------------------

(u) : Net has unmapped pin(s).



Path 9: MET (3035 ps) Setup Check with Pin Y_reg[1]/clk->d
          Group: I2C
     Startpoint: (R) X0[0]
          Clock: (R) CLK
       Endpoint: (R) Y_reg[1]/d
          Clock: (R) CLK

                     Capture       Launch     
        Clock Edge:+    4384            0     
        Drv Adjust:+       0            0     
       Src Latency:+       0            0     
       Net Latency:+       0 (I)        0 (I) 
           Arrival:=    4384            0     
                                              
             Setup:-     192                  
     Required Time:=    4192                  
      Launch Clock:-       0                  
       Input Delay:-       0                  
         Data Path:-    1158                  
             Slack:=    3035                  

Exceptions/Constraints:
  input_delay              0              top.sdc_line_8_4_1 

#----------------------------------------------------------------------------------------------------------------------
#            Timing Point             Flags    Arc    Edge       Cell         Fanout Load Trans Delay Arrival Instance 
#                                                                                    (fF)  (ps)  (ps)   (ps)  Location 
#----------------------------------------------------------------------------------------------------------------------
  X0[0]                               (u)     -       R     (arrival)              4  4.0     0     0       0    (-,-) 
  WALLACE_CSA_DUMMY_OP_groupi/g1698/z (u)     in_1->z F     unmapped_nand2         4  4.0     0   123     123    (-,-) 
  WALLACE_CSA_DUMMY_OP_groupi/g1655/z (u)     in_1->z R     unmapped_nand2         1  1.0     0    86     209    (-,-) 
  WALLACE_CSA_DUMMY_OP_groupi/g1490/z (u)     in_0->z F     unmapped_complex2      1  1.0     0    86     294    (-,-) 
  WALLACE_CSA_DUMMY_OP_groupi/g1467/z (u)     in_0->z R     unmapped_nand2         3  3.0     0   115     409    (-,-) 
  WALLACE_CSA_DUMMY_OP_groupi/g1421/z (u)     in_0->z F     unmapped_complex2      1  1.0     0    86     495    (-,-) 
  WALLACE_CSA_DUMMY_OP_groupi/g1422/z (u)     in_1->z R     unmapped_nand2         2  2.0     0   101     596    (-,-) 
  WALLACE_CSA_DUMMY_OP_groupi/g1375/z (u)     in_0->z R     unmapped_complex2      1  1.0     0    86     682    (-,-) 
  WALLACE_CSA_DUMMY_OP_groupi/g1376/z (u)     in_1->z F     unmapped_nand2         2  2.0     0   101     783    (-,-) 
  WALLACE_CSA_DUMMY_OP_groupi/g852/z  (u)     in_1->z F     unmapped_or2           2  2.0     0   101     885    (-,-) 
  WALLACE_CSA_DUMMY_OP_groupi/g1325/z (u)     in_1->z R     unmapped_nand2         2  2.0     0   101     986    (-,-) 
  WALLACE_CSA_DUMMY_OP_groupi/g1304/z (u)     in_0->z F     unmapped_complex2      1  1.0     0    86    1072    (-,-) 
  WALLACE_CSA_DUMMY_OP_groupi/g1305/z (u)     in_1->z R     unmapped_nand2         1  1.0     0    86    1158    (-,-) 
  Y_reg[1]/d                          -       -       R     unmapped_d_flop        1    -     -     0    1158    (-,-) 
#----------------------------------------------------------------------------------------------------------------------

(u) : Net has unmapped pin(s).



Path 10: MET (3510 ps) Setup Check with Pin Y_reg[0]/clk->d
          Group: I2C
     Startpoint: (R) X3[0]
          Clock: (R) CLK
       Endpoint: (R) Y_reg[0]/d
          Clock: (R) CLK

                     Capture       Launch     
        Clock Edge:+    4384            0     
        Drv Adjust:+       0            0     
       Src Latency:+       0            0     
       Net Latency:+       0 (I)        0 (I) 
           Arrival:=    4384            0     
                                              
             Setup:-     192                  
     Required Time:=    4192                  
      Launch Clock:-       0                  
       Input Delay:-       0                  
         Data Path:-     682                  
             Slack:=    3510                  

Exceptions/Constraints:
  input_delay              0              top.sdc_line_8_16_1 

#----------------------------------------------------------------------------------------------------------------------
#            Timing Point             Flags    Arc    Edge       Cell         Fanout Load Trans Delay Arrival Instance 
#                                                                                    (fF)  (ps)  (ps)   (ps)  Location 
#----------------------------------------------------------------------------------------------------------------------
  X3[0]                               (u)     -       R     (arrival)              4  4.0     0     0       0    (-,-) 
  WALLACE_CSA_DUMMY_OP_groupi/g1730/z (u)     in_1->z F     unmapped_nand2         4  4.0     0   123     123    (-,-) 
  WALLACE_CSA_DUMMY_OP_groupi/g1665/z (u)     in_1->z R     unmapped_complex2      1  1.0     0    86     209    (-,-) 
  WALLACE_CSA_DUMMY_OP_groupi/g1666/z (u)     in_1->z F     unmapped_nand2         2  2.0     0   101     310    (-,-) 
  WALLACE_CSA_DUMMY_OP_groupi/g1516/z (u)     in_0->z F     unmapped_or2           1  1.0     0    86     396    (-,-) 
  WALLACE_CSA_DUMMY_OP_groupi/g1517/z (u)     in_1->z R     unmapped_nand2         3  3.0     0   115     511    (-,-) 
  WALLACE_CSA_DUMMY_OP_groupi/g1455/z (u)     in_1->z F     unmapped_nand2         1  1.0     0    86     596    (-,-) 
  WALLACE_CSA_DUMMY_OP_groupi/g1456/z (u)     in_1->z R     unmapped_nand2         1  1.0     0    86     682    (-,-) 
  Y_reg[0]/d                          -       -       R     unmapped_d_flop        1    -     -     0     682    (-,-) 
#----------------------------------------------------------------------------------------------------------------------

(u) : Net has unmapped pin(s).



Path 11: MET (4086 ps) Late External Delay Assertion at pin Y[0]
          Group: C2O
     Startpoint: (R) Y_reg[0]/clk
          Clock: (R) CLK
       Endpoint: (R) Y[0]
          Clock: (R) CLK

                     Capture       Launch     
        Clock Edge:+    4384            0     
       Src Latency:+       0            0     
       Net Latency:+       0 (I)        0 (I) 
           Arrival:=    4384            0     
                                              
      Output Delay:-       0                  
     Required Time:=    4384                  
      Launch Clock:-       0                  
         Data Path:-     298                  
             Slack:=    4086                  

Exceptions/Constraints:
  output_delay              0              top.sdc_line_11_40_1 

#----------------------------------------------------------------------------------------------
# Timing Point   Flags    Arc   Edge      Cell        Fanout Load Trans Delay Arrival Instance 
#                                                            (fF)  (ps)  (ps)   (ps)  Location 
#----------------------------------------------------------------------------------------------
  Y_reg[0]/clk   -       -      R     (arrival)           10    -     0     0       0    (-,-) 
  Y_reg[0]/q     (u)     clk->q R     unmapped_d_flop      1  3.9     0   298     298    (-,-) 
  Y[0]           -       -      R     (port)               -    -     -     0     298    (-,-) 
#----------------------------------------------------------------------------------------------

(u) : Net has unmapped pin(s).



Path 12: MET (4086 ps) Late External Delay Assertion at pin Y[1]
          Group: C2O
     Startpoint: (R) Y_reg[1]/clk
          Clock: (R) CLK
       Endpoint: (R) Y[1]
          Clock: (R) CLK

                     Capture       Launch     
        Clock Edge:+    4384            0     
       Src Latency:+       0            0     
       Net Latency:+       0 (I)        0 (I) 
           Arrival:=    4384            0     
                                              
      Output Delay:-       0                  
     Required Time:=    4384                  
      Launch Clock:-       0                  
         Data Path:-     298                  
             Slack:=    4086                  

Exceptions/Constraints:
  output_delay              0              top.sdc_line_11_39_1 

#----------------------------------------------------------------------------------------------
# Timing Point   Flags    Arc   Edge      Cell        Fanout Load Trans Delay Arrival Instance 
#                                                            (fF)  (ps)  (ps)   (ps)  Location 
#----------------------------------------------------------------------------------------------
  Y_reg[1]/clk   -       -      R     (arrival)           10    -     0     0       0    (-,-) 
  Y_reg[1]/q     (u)     clk->q R     unmapped_d_flop      1  3.9     0   298     298    (-,-) 
  Y[1]           -       -      R     (port)               -    -     -     0     298    (-,-) 
#----------------------------------------------------------------------------------------------

(u) : Net has unmapped pin(s).



Path 13: MET (4086 ps) Late External Delay Assertion at pin Y[2]
          Group: C2O
     Startpoint: (R) Y_reg[2]/clk
          Clock: (R) CLK
       Endpoint: (R) Y[2]
          Clock: (R) CLK

                     Capture       Launch     
        Clock Edge:+    4384            0     
       Src Latency:+       0            0     
       Net Latency:+       0 (I)        0 (I) 
           Arrival:=    4384            0     
                                              
      Output Delay:-       0                  
     Required Time:=    4384                  
      Launch Clock:-       0                  
         Data Path:-     298                  
             Slack:=    4086                  

Exceptions/Constraints:
  output_delay              0              top.sdc_line_11_38_1 

#----------------------------------------------------------------------------------------------
# Timing Point   Flags    Arc   Edge      Cell        Fanout Load Trans Delay Arrival Instance 
#                                                            (fF)  (ps)  (ps)   (ps)  Location 
#----------------------------------------------------------------------------------------------
  Y_reg[2]/clk   -       -      R     (arrival)           10    -     0     0       0    (-,-) 
  Y_reg[2]/q     (u)     clk->q R     unmapped_d_flop      1  3.9     0   298     298    (-,-) 
  Y[2]           -       -      R     (port)               -    -     -     0     298    (-,-) 
#----------------------------------------------------------------------------------------------

(u) : Net has unmapped pin(s).



Path 14: MET (4086 ps) Late External Delay Assertion at pin Y[3]
          Group: C2O
     Startpoint: (R) Y_reg[3]/clk
          Clock: (R) CLK
       Endpoint: (R) Y[3]
          Clock: (R) CLK

                     Capture       Launch     
        Clock Edge:+    4384            0     
       Src Latency:+       0            0     
       Net Latency:+       0 (I)        0 (I) 
           Arrival:=    4384            0     
                                              
      Output Delay:-       0                  
     Required Time:=    4384                  
      Launch Clock:-       0                  
         Data Path:-     298                  
             Slack:=    4086                  

Exceptions/Constraints:
  output_delay              0              top.sdc_line_11_37_1 

#----------------------------------------------------------------------------------------------
# Timing Point   Flags    Arc   Edge      Cell        Fanout Load Trans Delay Arrival Instance 
#                                                            (fF)  (ps)  (ps)   (ps)  Location 
#----------------------------------------------------------------------------------------------
  Y_reg[3]/clk   -       -      R     (arrival)           10    -     0     0       0    (-,-) 
  Y_reg[3]/q     (u)     clk->q R     unmapped_d_flop      1  3.9     0   298     298    (-,-) 
  Y[3]           -       -      R     (port)               -    -     -     0     298    (-,-) 
#----------------------------------------------------------------------------------------------

(u) : Net has unmapped pin(s).



Path 15: MET (4086 ps) Late External Delay Assertion at pin Y[4]
          Group: C2O
     Startpoint: (R) Y_reg[4]/clk
          Clock: (R) CLK
       Endpoint: (R) Y[4]
          Clock: (R) CLK

                     Capture       Launch     
        Clock Edge:+    4384            0     
       Src Latency:+       0            0     
       Net Latency:+       0 (I)        0 (I) 
           Arrival:=    4384            0     
                                              
      Output Delay:-       0                  
     Required Time:=    4384                  
      Launch Clock:-       0                  
         Data Path:-     298                  
             Slack:=    4086                  

Exceptions/Constraints:
  output_delay              0              top.sdc_line_11_36_1 

#----------------------------------------------------------------------------------------------
# Timing Point   Flags    Arc   Edge      Cell        Fanout Load Trans Delay Arrival Instance 
#                                                            (fF)  (ps)  (ps)   (ps)  Location 
#----------------------------------------------------------------------------------------------
  Y_reg[4]/clk   -       -      R     (arrival)           10    -     0     0       0    (-,-) 
  Y_reg[4]/q     (u)     clk->q R     unmapped_d_flop      1  3.9     0   298     298    (-,-) 
  Y[4]           -       -      R     (port)               -    -     -     0     298    (-,-) 
#----------------------------------------------------------------------------------------------

(u) : Net has unmapped pin(s).



Path 16: MET (4086 ps) Late External Delay Assertion at pin Y[5]
          Group: C2O
     Startpoint: (R) Y_reg[5]/clk
          Clock: (R) CLK
       Endpoint: (R) Y[5]
          Clock: (R) CLK

                     Capture       Launch     
        Clock Edge:+    4384            0     
       Src Latency:+       0            0     
       Net Latency:+       0 (I)        0 (I) 
           Arrival:=    4384            0     
                                              
      Output Delay:-       0                  
     Required Time:=    4384                  
      Launch Clock:-       0                  
         Data Path:-     298                  
             Slack:=    4086                  

Exceptions/Constraints:
  output_delay              0              top.sdc_line_11_35_1 

#----------------------------------------------------------------------------------------------
# Timing Point   Flags    Arc   Edge      Cell        Fanout Load Trans Delay Arrival Instance 
#                                                            (fF)  (ps)  (ps)   (ps)  Location 
#----------------------------------------------------------------------------------------------
  Y_reg[5]/clk   -       -      R     (arrival)           10    -     0     0       0    (-,-) 
  Y_reg[5]/q     (u)     clk->q R     unmapped_d_flop      1  3.9     0   298     298    (-,-) 
  Y[5]           -       -      R     (port)               -    -     -     0     298    (-,-) 
#----------------------------------------------------------------------------------------------

(u) : Net has unmapped pin(s).



Path 17: MET (4086 ps) Late External Delay Assertion at pin Y[6]
          Group: C2O
     Startpoint: (R) Y_reg[6]/clk
          Clock: (R) CLK
       Endpoint: (R) Y[6]
          Clock: (R) CLK

                     Capture       Launch     
        Clock Edge:+    4384            0     
       Src Latency:+       0            0     
       Net Latency:+       0 (I)        0 (I) 
           Arrival:=    4384            0     
                                              
      Output Delay:-       0                  
     Required Time:=    4384                  
      Launch Clock:-       0                  
         Data Path:-     298                  
             Slack:=    4086                  

Exceptions/Constraints:
  output_delay              0              top.sdc_line_11_34_1 

#----------------------------------------------------------------------------------------------
# Timing Point   Flags    Arc   Edge      Cell        Fanout Load Trans Delay Arrival Instance 
#                                                            (fF)  (ps)  (ps)   (ps)  Location 
#----------------------------------------------------------------------------------------------
  Y_reg[6]/clk   -       -      R     (arrival)           10    -     0     0       0    (-,-) 
  Y_reg[6]/q     (u)     clk->q R     unmapped_d_flop      1  3.9     0   298     298    (-,-) 
  Y[6]           -       -      R     (port)               -    -     -     0     298    (-,-) 
#----------------------------------------------------------------------------------------------

(u) : Net has unmapped pin(s).



Path 18: MET (4086 ps) Late External Delay Assertion at pin Y[7]
          Group: C2O
     Startpoint: (R) Y_reg[7]/clk
          Clock: (R) CLK
       Endpoint: (R) Y[7]
          Clock: (R) CLK

                     Capture       Launch     
        Clock Edge:+    4384            0     
       Src Latency:+       0            0     
       Net Latency:+       0 (I)        0 (I) 
           Arrival:=    4384            0     
                                              
      Output Delay:-       0                  
     Required Time:=    4384                  
      Launch Clock:-       0                  
         Data Path:-     298                  
             Slack:=    4086                  

Exceptions/Constraints:
  output_delay              0              top.sdc_line_11_33_1 

#----------------------------------------------------------------------------------------------
# Timing Point   Flags    Arc   Edge      Cell        Fanout Load Trans Delay Arrival Instance 
#                                                            (fF)  (ps)  (ps)   (ps)  Location 
#----------------------------------------------------------------------------------------------
  Y_reg[7]/clk   -       -      R     (arrival)           10    -     0     0       0    (-,-) 
  Y_reg[7]/q     (u)     clk->q R     unmapped_d_flop      1  3.9     0   298     298    (-,-) 
  Y[7]           -       -      R     (port)               -    -     -     0     298    (-,-) 
#----------------------------------------------------------------------------------------------

(u) : Net has unmapped pin(s).



Path 19: MET (4086 ps) Late External Delay Assertion at pin Y[8]
          Group: C2O
     Startpoint: (R) Y_reg[8]/clk
          Clock: (R) CLK
       Endpoint: (R) Y[8]
          Clock: (R) CLK

                     Capture       Launch     
        Clock Edge:+    4384            0     
       Src Latency:+       0            0     
       Net Latency:+       0 (I)        0 (I) 
           Arrival:=    4384            0     
                                              
      Output Delay:-       0                  
     Required Time:=    4384                  
      Launch Clock:-       0                  
         Data Path:-     298                  
             Slack:=    4086                  

Exceptions/Constraints:
  output_delay              0              top.sdc_line_11_32_1 

#----------------------------------------------------------------------------------------------
# Timing Point   Flags    Arc   Edge      Cell        Fanout Load Trans Delay Arrival Instance 
#                                                            (fF)  (ps)  (ps)   (ps)  Location 
#----------------------------------------------------------------------------------------------
  Y_reg[8]/clk   -       -      R     (arrival)           10    -     0     0       0    (-,-) 
  Y_reg[8]/q     (u)     clk->q R     unmapped_d_flop      1  3.9     0   298     298    (-,-) 
  Y[8]           -       -      R     (port)               -    -     -     0     298    (-,-) 
#----------------------------------------------------------------------------------------------

(u) : Net has unmapped pin(s).



Path 20: MET (4086 ps) Late External Delay Assertion at pin Y[9]
          Group: C2O
     Startpoint: (R) Y_reg[9]/clk
          Clock: (R) CLK
       Endpoint: (R) Y[9]
          Clock: (R) CLK

                     Capture       Launch     
        Clock Edge:+    4384            0     
       Src Latency:+       0            0     
       Net Latency:+       0 (I)        0 (I) 
           Arrival:=    4384            0     
                                              
      Output Delay:-       0                  
     Required Time:=    4384                  
      Launch Clock:-       0                  
         Data Path:-     298                  
             Slack:=    4086                  

Exceptions/Constraints:
  output_delay              0              top.sdc_line_11 

#----------------------------------------------------------------------------------------------
# Timing Point   Flags    Arc   Edge      Cell        Fanout Load Trans Delay Arrival Instance 
#                                                            (fF)  (ps)  (ps)   (ps)  Location 
#----------------------------------------------------------------------------------------------
  Y_reg[9]/clk   -       -      R     (arrival)           10    -     0     0       0    (-,-) 
  Y_reg[9]/q     (u)     clk->q R     unmapped_d_flop      1  3.9     0   298     298    (-,-) 
  Y[9]           -       -      R     (port)               -    -     -     0     298    (-,-) 
#----------------------------------------------------------------------------------------------

(u) : Net has unmapped pin(s).

Some unconstrained paths have not been displayed.
Use -unconstrained or set the root attribute 'timing_report_unconstrained' to 'true' to see only these unconstrained paths.

