============================================================
  Generated by:           Genus(TM) Synthesis Solution 21.18-s082_1
  Generated on:           May 02 2026  11:45:10 am
  Module:                 top
  Operating conditions:   PVT_0P9V_125C 
  Interconnect mode:      global
  Area mode:              physical library
============================================================

                              Leakage  
  Gate   Instances   Area   Power (nW)     Library    
------------------------------------------------------
ADDFX1           8   41.040      0.820    slow_vdd1v0 
ADDFXL          46  314.640      3.864    slow_vdd1v0 
ADDHX1           1    3.762      0.093    slow_vdd1v0 
ADDHXL           5   23.940      0.350    slow_vdd1v0 
AND2XL          64   87.552      1.535    slow_vdd1v0 
DFFQXL          10   54.720      0.838    slow_vdd1v0 
NOR2BX1         10   13.680      0.350    slow_vdd1v0 
------------------------------------------------------
total          144  539.334      7.849                


                                          Leakage  Leakage 
     Type      Instances   Area  Area % Power (nW) Power % 
-----------------------------------------------------------
sequential            10  54.720   10.1      0.838    10.7 
logic                134 484.614   89.9      7.012    89.3 
physical_cells         0   0.000    0.0      0.000     0.0 
-----------------------------------------------------------
total                144 539.334  100.0      7.849   100.0 

