============================================================
  Generated by:           Genus(TM) Synthesis Solution 21.18-s082_1
  Generated on:           May 02 2026  11:44:35 am
  Module:                 top
  Operating conditions:   PVT_0P9V_125C 
  Interconnect mode:      global
  Area mode:              physical library
============================================================

Some unconstrained paths have not been displayed.
Use -unconstrained or set the root attribute 'timing_report_unconstrained' to 'true' to see only these unconstrained paths.

============================================================
  Generated by:           Genus(TM) Synthesis Solution 21.18-s082_1
  Generated on:           May 02 2026  11:44:35 am
  Module:                 top
  Operating conditions:   PVT_0P9V_125C 
  Interconnect mode:      global
  Area mode:              physical library
============================================================

No paths found

============================================================
  Generated by:           Genus(TM) Synthesis Solution 21.18-s082_1
  Generated on:           May 02 2026  11:44:35 am
  Module:                 top
  Operating conditions:   PVT_0P9V_125C 
  Interconnect mode:      global
  Area mode:              physical library
============================================================


Path 1: MET (794 ps) Setup Check with Pin Y_reg[9]/clk->d
          Group: I2C
     Startpoint: (R) X1[1]
          Clock: (R) CLK
       Endpoint: (R) Y_reg[9]/d
          Clock: (R) CLK

                     Capture       Launch     
        Clock Edge:+    4384            0     
        Drv Adjust:+       0            0     
       Src Latency:+       0            0     
       Net Latency:+       0 (I)        0 (I) 
           Arrival:=    4384            0     
                                              
             Setup:-     192                  
     Required Time:=    4192                  
      Launch Clock:-       0                  
       Input Delay:-       0                  
         Data Path:-    3398                  
             Slack:=     794                  

Exceptions/Constraints:
  input_delay              0              top.sdc_line_8_7_1 

#-------------------------------------------------------------------------------------------------
#  Timing Point    Flags    Arc    Edge      Cell        Fanout Load Trans Delay Arrival Instance 
#                                                               (fF)  (ps)  (ps)   (ps)  Location 
#-------------------------------------------------------------------------------------------------
  X1[1]            (u)     -       R     (arrival)            4  4.0     0     0       0    (-,-) 
  mul_17_30/g7/z   (u)     in_1->z R     unmapped_and2        2  2.0     0   101     101    (-,-) 
  mul_17_30/g25/z  (u)     in_1->z R     unmapped_xor2        3  3.0     0   203     305    (-,-) 
  mul_17_30/g28/z  (u)     in_1->z R     unmapped_xor2        2  2.0     0   190     495    (-,-) 
  mul_17_30/g51/z  (u)     in_1->z F     unmapped_nor2        3  3.0     0   115     610    (-,-) 
  mul_17_30/g61/z  (u)     in_1->z R     unmapped_nor2        1  1.0     0    86     695    (-,-) 
  mul_17_30/g69/z  (u)     in_0->z F     unmapped_nand2       1  1.0     0    86     781    (-,-) 
  mul_17_30/g70/z  (u)     in_1->z R     unmapped_nand2       4  4.0     0   123     904    (-,-) 
  mul_17_30/g77/z  (u)     in_0->z F     unmapped_nand2       1  1.0     0    86     990    (-,-) 
  mul_17_30/g78/z  (u)     in_1->z R     unmapped_nand2       1  1.0     0    86    1075    (-,-) 
  mul_17_30/g94/z  (u)     in_0->z R     unmapped_xnor2       2  2.0     0   190    1265    (-,-) 
  add_17_24/g14/z  (u)     in_1->z F     unmapped_nor2        3  3.0     0   115    1380    (-,-) 
  add_17_24/g30/z  (u)     in_1->z R     unmapped_nor2        3  3.0     0   115    1495    (-,-) 
  add_17_24/g53/z  (u)     in_0->z F     unmapped_nand2       1  1.0     0    86    1581    (-,-) 
  add_17_24/g54/z  (u)     in_1->z R     unmapped_nand2       1  1.0     0    86    1666    (-,-) 
  add_17_24/g74/z  (u)     in_0->z R     unmapped_xnor2       2  2.0     0   190    1856    (-,-) 
  add_17_36/g16/z  (u)     in_0->z F     unmapped_nor2        3  3.0     0   115    1971    (-,-) 
  add_17_36/g45/z  (u)     in_0->z R     unmapped_not         2  2.0     0    70    2041    (-,-) 
  add_17_36/g46/z  (u)     in_1->z F     unmapped_nand2       1  1.0     0    86    2126    (-,-) 
  add_17_36/g57/z  (u)     in_0->z R     unmapped_not         1  1.0     0    54    2180    (-,-) 
  add_17_36/g58/z  (u)     in_1->z F     unmapped_nand2       1  1.0     0    86    2266    (-,-) 
  add_17_36/g59/z  (u)     in_1->z R     unmapped_nand2       1  1.0     0    86    2352    (-,-) 
  add_17_36/g82/z  (u)     in_0->z R     unmapped_xnor2       2  2.0     0   190    2542    (-,-) 
  add_17_48/g18/z  (u)     in_0->z F     unmapped_nor2        3  3.0     0   115    2656    (-,-) 
  add_17_48/g38/z  (u)     in_1->z R     unmapped_nor2        2  2.0     0   101    2758    (-,-) 
  add_17_48/g57/z  (u)     in_1->z F     unmapped_nand2       1  1.0     0    86    2844    (-,-) 
  add_17_48/g66/z  (u)     in_0->z R     unmapped_not         1  1.0     0    54    2897    (-,-) 
  add_17_48/g67/z  (u)     in_1->z F     unmapped_nand2       1  1.0     0    86    2983    (-,-) 
  add_17_48/g68/z  (u)     in_1->z R     unmapped_nand2       2  2.0     0   101    3084    (-,-) 
  add_17_48/g70/z  (u)     in_0->z F     unmapped_nand2       1  1.0     0    86    3170    (-,-) 
  add_17_48/g100/z (u)     in_0->z R     unmapped_not         1  1.0     0    54    3224    (-,-) 
  add_17_48/g95/z  (u)     in_0->z R     unmapped_xnor2       1  1.0     0   174    3398    (-,-) 
  Y_reg[9]/d       -       -       R     unmapped_d_flop      1    -     -     0    3398    (-,-) 
#-------------------------------------------------------------------------------------------------

(u) : Net has unmapped pin(s).

============================================================
  Generated by:           Genus(TM) Synthesis Solution 21.18-s082_1
  Generated on:           May 02 2026  11:44:35 am
  Module:                 top
  Operating conditions:   PVT_0P9V_125C 
  Interconnect mode:      global
  Area mode:              physical library
============================================================


Path 1: MET (4086 ps) Late External Delay Assertion at pin Y[0]
          Group: C2O
     Startpoint: (R) Y_reg[0]/clk
          Clock: (R) CLK
       Endpoint: (R) Y[0]
          Clock: (R) CLK

                     Capture       Launch     
        Clock Edge:+    4384            0     
       Src Latency:+       0            0     
       Net Latency:+       0 (I)        0 (I) 
           Arrival:=    4384            0     
                                              
      Output Delay:-       0                  
     Required Time:=    4384                  
      Launch Clock:-       0                  
         Data Path:-     298                  
             Slack:=    4086                  

Exceptions/Constraints:
  output_delay              0              top.sdc_line_11_40_1 

#----------------------------------------------------------------------------------------------
# Timing Point   Flags    Arc   Edge      Cell        Fanout Load Trans Delay Arrival Instance 
#                                                            (fF)  (ps)  (ps)   (ps)  Location 
#----------------------------------------------------------------------------------------------
  Y_reg[0]/clk   -       -      R     (arrival)           10    -     0     0       0    (-,-) 
  Y_reg[0]/q     (u)     clk->q R     unmapped_d_flop      1  3.9     0   298     298    (-,-) 
  Y[0]           -       -      R     (port)               -    -     -     0     298    (-,-) 
#----------------------------------------------------------------------------------------------

(u) : Net has unmapped pin(s).

============================================================
  Generated by:           Genus(TM) Synthesis Solution 21.18-s082_1
  Generated on:           May 02 2026  11:44:35 am
  Module:                 top
  Operating conditions:   PVT_0P9V_125C 
  Interconnect mode:      global
  Area mode:              physical library
============================================================

No paths found

============================================================
  Generated by:           Genus(TM) Synthesis Solution 21.18-s082_1
  Generated on:           May 02 2026  11:44:35 am
  Module:                 top
  Operating conditions:   PVT_0P9V_125C 
  Interconnect mode:      global
  Area mode:              physical library
============================================================

No paths found

