============================================================
  Generated by:           Genus(TM) Synthesis Solution 21.18-s082_1
  Generated on:           May 02 2026  11:45:10 am
  Module:                 top
  Operating conditions:   PVT_0P9V_125C 
  Interconnect mode:      global
  Area mode:              physical library
============================================================


Path 1: MET (334 ps) Setup Check with Pin Y_reg[8]/CK->D
          Group: I2C
     Startpoint: (R) C3[1]
          Clock: (R) CLK
       Endpoint: (R) Y_reg[8]/D
          Clock: (R) CLK

                     Capture       Launch     
        Clock Edge:+    4384            0     
        Drv Adjust:+       0            0     
       Src Latency:+       0            0     
       Net Latency:+       0 (I)        0 (I) 
           Arrival:=    4384            0     
                                              
             Setup:-     210                  
     Required Time:=    4174                  
      Launch Clock:-       0                  
       Input Delay:-       0                  
         Data Path:-    3841                  
             Slack:=     334                  

Exceptions/Constraints:
  input_delay              0              top.sdc_line_8_31_1 

#--------------------------------------------------------------------------------------------------------------------
#               Timing Point                 Flags    Arc   Edge   Cell     Fanout Load Trans Delay Arrival Instance 
#                                                                                  (fF)  (ps)  (ps)   (ps)  Location 
#--------------------------------------------------------------------------------------------------------------------
  C3[1]                                      -       -      R     (arrival)      4 10.3     0     0       0    (-,-) 
  WALLACE_CSA_DUMMY_OP_groupi_g3133__2346/Y  -       A->Y   R     AND2XL         1  4.7   182   187     187    (-,-) 
  WALLACE_CSA_DUMMY_OP_groupi_g3114__8428/CO -       A->CO  R     ADDFXL         1  4.7   188   347     534    (-,-) 
  WALLACE_CSA_DUMMY_OP_groupi_g3090__1617/CO -       A->CO  R     ADDFXL         1  4.5   180   346     880    (-,-) 
  WALLACE_CSA_DUMMY_OP_groupi_g3086__8428/S  -       CI->S  F     ADDFXL         1  4.4   225   408    1288    (-,-) 
  WALLACE_CSA_DUMMY_OP_groupi_g3077__2346/S  -       CI->S  R     ADDFXL         1  4.5   184   420    1708    (-,-) 
  WALLACE_CSA_DUMMY_OP_groupi_g3073__6161/S  -       CI->S  F     ADDFXL         1  4.6   234   415    2123    (-,-) 
  WALLACE_CSA_DUMMY_OP_groupi_g3068__6131/CO -       B->CO  F     ADDFX1         1  4.4   136   315    2438    (-,-) 
  WALLACE_CSA_DUMMY_OP_groupi_g3067__7098/CO -       CI->CO F     ADDFX1         1  4.4   136   268    2706    (-,-) 
  WALLACE_CSA_DUMMY_OP_groupi_g3066__8246/CO -       CI->CO F     ADDFX1         1  4.4   136   268    2974    (-,-) 
  WALLACE_CSA_DUMMY_OP_groupi_g3065__5122/CO -       CI->CO F     ADDFX1         1  4.4   136   268    3242    (-,-) 
  WALLACE_CSA_DUMMY_OP_groupi_g3064__1705/S  -       CI->S  R     ADDFX1         1  4.1   114   373    3614    (-,-) 
  g39__6260/Y                                -       AN->Y  R     NOR2BX1        1  4.1   203   226    3841    (-,-) 
  Y_reg[8]/D                                 -       -      R     DFFQXL         1    -     -     0    3841    (-,-) 
#--------------------------------------------------------------------------------------------------------------------

