

Working Directory = /home/B2_Faysal/UDIF/aiub_vlsi_impl_demo/projects/Project_3BB/synth_S3
QoS Summary for RISC_V3_PIPELINED_TOP
==========================================================================================
Metric                          generic         map             syn_opt         final          
==========================================================================================
Slack (ps):                     3,540           3,442           3,318           3,318
  R2R (ps):                     3,540           3,442           3,318           3,318
  I2R (ps):                  no_value        no_value        no_value        no_value
  R2O (ps):                  no_value        no_value        no_value        no_value
  I2O (ps):                  no_value        no_value        no_value        no_value
  CG  (ps):                  no_value        no_value        no_value        no_value
TNS (ps):                           0               0               0               0
  R2R (ps):                         0               0               0               0
  I2R (ps):                  no_value        no_value        no_value        no_value
  R2O (ps):                  no_value        no_value        no_value        no_value
  I2O (ps):                  no_value        no_value        no_value        no_value
  CG  (ps):                  no_value        no_value        no_value        no_value
Failing Paths:                      0               0               0               0
Leakage Power (nW):                53              49              47              47
Cell Area:                        539             345             347             347
Total Cell Area:                  539             345             347             347
Leaf Instances:                    24              20              19              19
Total Instances:                   24              20              19              19
Utilization (%):                 0.00            0.00            0.00            0.00
Tot. Net Length (um):        no_value        no_value        no_value        no_value
Avg. Net Length (um):        no_value        no_value        no_value        no_value
Route Overflow H (%):        no_value        no_value        no_value        no_value
Route Overflow V (%):        no_value        no_value        no_value        no_value
MBCI(%) (bits/gate) :            0.00            0.00            0.00            0.00
Norm Cong Hotspot Area:
  Max Cong:                  no_value        no_value        no_value        no_value
  Tot Cong:                  no_value        no_value        no_value        no_value
==========================================================================================
CPU  Runtime (h:m:s):        00:05:02        00:00:06        00:00:01        00:00:00
Real Runtime (h:m:s):        00:04:58        00:00:07        00:00:01        00:00:01
CPU  Elapsed (h:m:s):        00:05:12        00:05:17        00:05:18        00:05:18
Real Elapsed (h:m:s):        00:05:02        00:05:08        00:05:09        00:05:10
Memory (MB):                  1712.41         1679.68         1680.50         1723.50
==========================================================================================
==========================================================================================
Flow Settings:
==========================================================================================
Total Runtime (h:m:s): 00:05:08
Total Memory (MB):     1723.50
Executable Version:    21.18-s082_1
==========================================================================================
Total Cell Area =  Cell Area + Physical Cell Area
Total Instances =  Leaf Instances + Physical Instances


