============================================================
  Generated by:           Genus(TM) Synthesis Solution 21.18-s082_1
  Generated on:           Jun 27 2026  02:35:49 am
  Module:                 RISC_V3_PIPELINED_TOP
  Operating conditions:   ss_1.62_125 
  Interconnect mode:      global
  Area mode:              physical library
============================================================


Path 1: MET (3318 ps) Setup Check with Pin CPU_PC_reg[3]/CK->D
          Group: C2C
     Startpoint: (R) CPU_PC_reg[0]/CK
          Clock: (R) CLK
       Endpoint: (R) CPU_PC_reg[3]/D
          Clock: (R) CLK

                     Capture       Launch     
        Clock Edge:+    5000            0     
       Src Latency:+       0            0     
       Net Latency:+       0 (I)        0 (I) 
           Arrival:=    5000            0     
                                              
             Setup:-     232                  
     Required Time:=    4768                  
      Launch Clock:-       0                  
         Data Path:-    1450                  
             Slack:=    3318                  

#-----------------------------------------------------------------------------------------
#  Timing Point    Flags   Arc   Edge   Cell     Fanout Load Trans Delay Arrival Instance 
#                                                       (fF)  (ps)  (ps)   (ps)  Location 
#-----------------------------------------------------------------------------------------
  CPU_PC_reg[0]/CK -       -     R     (arrival)      6    -     0     0       0    (-,-) 
  CPU_PC_reg[0]/Q  -       CK->Q R     DFFX1          3 10.2   130   438     438    (-,-) 
  g20046__6783/CO  -       A->CO R     ADDHX1         1  6.6    96   254     692    (-,-) 
  g20041__4319/CO  -       B->CO R     ADDHX1         1  6.4    94   234     926    (-,-) 
  g20037__5107/Y   -       B->Y  F     XNOR2X4        1  4.9    80   399    1325    (-,-) 
  g20036__2398/Y   -       B->Y  R     NOR2X1         1  3.6   125   126    1450    (-,-) 
  CPU_PC_reg[3]/D  -       -     R     DFFX1          1    -     -     0    1450    (-,-) 
#-----------------------------------------------------------------------------------------

