============================================================
  Generated by:           Genus(TM) Synthesis Solution 21.18-s082_1
  Generated on:           Jun 27 2026  02:35:48 am
  Module:                 RISC_V3_PIPELINED_TOP
  Operating conditions:   ss_1.62_125 
  Interconnect mode:      global
  Area mode:              physical library
============================================================


Path 1: MET (3318 ps) Setup Check with Pin CPU_PC_reg[3]/CK->D
          Group: C2C
     Startpoint: (R) CPU_PC_reg[0]/CK
          Clock: (R) CLK
       Endpoint: (R) CPU_PC_reg[3]/D
          Clock: (R) CLK

                     Capture       Launch     
        Clock Edge:+    5000            0     
       Src Latency:+       0            0     
       Net Latency:+       0 (I)        0 (I) 
           Arrival:=    5000            0     
                                              
             Setup:-     232                  
     Required Time:=    4768                  
      Launch Clock:-       0                  
         Data Path:-    1450                  
             Slack:=    3318                  

#-----------------------------------------------------------------------------------------
#  Timing Point    Flags   Arc   Edge   Cell     Fanout Load Trans Delay Arrival Instance 
#                                                       (fF)  (ps)  (ps)   (ps)  Location 
#-----------------------------------------------------------------------------------------
  CPU_PC_reg[0]/CK -       -     R     (arrival)      6    -     0     0       0    (-,-) 
  CPU_PC_reg[0]/Q  -       CK->Q R     DFFX1          3 10.2   130   438     438    (-,-) 
  g20046__6783/CO  -       A->CO R     ADDHX1         1  6.6    96   254     692    (-,-) 
  g20041__4319/CO  -       B->CO R     ADDHX1         1  6.4    94   234     926    (-,-) 
  g20037__5107/Y   -       B->Y  F     XNOR2X4        1  4.9    80   399    1325    (-,-) 
  g20036__2398/Y   -       B->Y  R     NOR2X1         1  3.6   125   126    1450    (-,-) 
  CPU_PC_reg[3]/D  -       -     R     DFFX1          1    -     -     0    1450    (-,-) 
#-----------------------------------------------------------------------------------------



Path 2: MET (3611 ps) Setup Check with Pin CPU_PC_reg[2]/CK->D
          Group: C2C
     Startpoint: (R) CPU_PC_reg[0]/CK
          Clock: (R) CLK
       Endpoint: (F) CPU_PC_reg[2]/D
          Clock: (R) CLK

                     Capture       Launch     
        Clock Edge:+    5000            0     
       Src Latency:+       0            0     
       Net Latency:+       0 (I)        0 (I) 
           Arrival:=    5000            0     
                                              
             Setup:-     193                  
     Required Time:=    4807                  
      Launch Clock:-       0                  
         Data Path:-    1196                  
             Slack:=    3611                  

#-----------------------------------------------------------------------------------------
#  Timing Point    Flags   Arc   Edge   Cell     Fanout Load Trans Delay Arrival Instance 
#                                                       (fF)  (ps)  (ps)   (ps)  Location 
#-----------------------------------------------------------------------------------------
  CPU_PC_reg[0]/CK -       -     R     (arrival)      6    -     0     0       0    (-,-) 
  CPU_PC_reg[0]/Q  -       CK->Q R     DFFX1          3 10.2   130   438     438    (-,-) 
  g20046__6783/CO  -       A->CO R     ADDHX1         1  6.6    96   254     692    (-,-) 
  g20041__4319/S   -       B->S  F     ADDHX1         1  4.8    75   351    1043    (-,-) 
  g20040/Y         -       A->Y  R     CLKINVX1       1  4.9    70    88    1130    (-,-) 
  g20039__6260/Y   -       B->Y  F     NOR2X1         1  3.6    67    66    1196    (-,-) 
  CPU_PC_reg[2]/D  -       -     F     DFFX1          1    -     -     0    1196    (-,-) 
#-----------------------------------------------------------------------------------------



Path 3: MET (3715 ps) Setup Check with Pin CPU_PC_reg[0]/CK->D
          Group: C2C
     Startpoint: (R) CPU_PSTATE_reg[0]/CK
          Clock: (R) CLK
       Endpoint: (F) CPU_PC_reg[0]/D
          Clock: (R) CLK

                     Capture       Launch     
        Clock Edge:+    5000            0     
       Src Latency:+       0            0     
       Net Latency:+       0 (I)        0 (I) 
           Arrival:=    5000            0     
                                              
             Setup:-     191                  
     Required Time:=    4809                  
      Launch Clock:-       0                  
         Data Path:-    1094                  
             Slack:=    3715                  

#---------------------------------------------------------------------------------------------
#    Timing Point      Flags   Arc   Edge   Cell     Fanout Load Trans Delay Arrival Instance 
#                                                           (fF)  (ps)  (ps)   (ps)  Location 
#---------------------------------------------------------------------------------------------
  CPU_PSTATE_reg[0]/CK -       -     R     (arrival)      6    -     0     0       0    (-,-) 
  CPU_PSTATE_reg[0]/Q  -       CK->Q F     DFFX1          3  9.5    87   476     476    (-,-) 
  g20053__1705/Y       -       A->Y  R     NOR2X1         2  7.6   202   207     683    (-,-) 
  g20050__3680/Y       -       B->Y  R     OR2X1          4 16.7   188   307     990    (-,-) 
  g20047__5526/Y       -       B->Y  F     NOR2X1         1  3.6    62   105    1094    (-,-) 
  CPU_PC_reg[0]/D      -       -     F     DFFX1          1    -     -     0    1094    (-,-) 
#---------------------------------------------------------------------------------------------



Path 4: MET (3715 ps) Setup Check with Pin CPU_PC_reg[1]/CK->D
          Group: C2C
     Startpoint: (R) CPU_PSTATE_reg[0]/CK
          Clock: (R) CLK
       Endpoint: (F) CPU_PC_reg[1]/D
          Clock: (R) CLK

                     Capture       Launch     
        Clock Edge:+    5000            0     
       Src Latency:+       0            0     
       Net Latency:+       0 (I)        0 (I) 
           Arrival:=    5000            0     
                                              
             Setup:-     191                  
     Required Time:=    4809                  
      Launch Clock:-       0                  
         Data Path:-    1094                  
             Slack:=    3715                  

#---------------------------------------------------------------------------------------------
#    Timing Point      Flags   Arc   Edge   Cell     Fanout Load Trans Delay Arrival Instance 
#                                                           (fF)  (ps)  (ps)   (ps)  Location 
#---------------------------------------------------------------------------------------------
  CPU_PSTATE_reg[0]/CK -       -     R     (arrival)      6    -     0     0       0    (-,-) 
  CPU_PSTATE_reg[0]/Q  -       CK->Q F     DFFX1          3  9.5    87   476     476    (-,-) 
  g20053__1705/Y       -       A->Y  R     NOR2X1         2  7.6   202   207     683    (-,-) 
  g20050__3680/Y       -       B->Y  R     OR2X1          4 16.7   188   307     990    (-,-) 
  g20043__8428/Y       -       B->Y  F     NOR2X1         1  3.6    62   105    1094    (-,-) 
  CPU_PC_reg[1]/D      -       -     F     DFFX1          1    -     -     0    1094    (-,-) 
#---------------------------------------------------------------------------------------------



Path 5: MET (4017 ps) Setup Check with Pin CPU_PSTATE_reg[1]/CK->D
          Group: C2C
     Startpoint: (R) CPU_PSTATE_reg[0]/CK
          Clock: (R) CLK
       Endpoint: (F) CPU_PSTATE_reg[1]/D
          Clock: (R) CLK

                     Capture       Launch     
        Clock Edge:+    5000            0     
       Src Latency:+       0            0     
       Net Latency:+       0 (I)        0 (I) 
           Arrival:=    5000            0     
                                              
             Setup:-     192                  
     Required Time:=    4808                  
      Launch Clock:-       0                  
         Data Path:-     791                  
             Slack:=    4017                  

#---------------------------------------------------------------------------------------------
#    Timing Point      Flags   Arc   Edge   Cell     Fanout Load Trans Delay Arrival Instance 
#                                                           (fF)  (ps)  (ps)   (ps)  Location 
#---------------------------------------------------------------------------------------------
  CPU_PSTATE_reg[0]/CK -       -     R     (arrival)      6    -     0     0       0    (-,-) 
  CPU_PSTATE_reg[0]/Q  -       CK->Q F     DFFX1          3  9.5    87   476     476    (-,-) 
  g20053__1705/Y       -       A->Y  R     NOR2X1         2  7.6   202   207     683    (-,-) 
  g20051__1617/Y       -       B->Y  F     NOR2X1         1  3.6    64   108     791    (-,-) 
  CPU_PSTATE_reg[1]/D  -       -     F     DFFX1          1    -     -     0     791    (-,-) 
#---------------------------------------------------------------------------------------------



Path 6: MET (4105 ps) Setup Check with Pin CPU_PSTATE_reg[0]/CK->D
          Group: C2C
     Startpoint: (R) CPU_PSTATE_reg[0]/CK
          Clock: (R) CLK
       Endpoint: (R) CPU_PSTATE_reg[0]/D
          Clock: (R) CLK

                     Capture       Launch     
        Clock Edge:+    5000            0     
       Src Latency:+       0            0     
       Net Latency:+       0 (I)        0 (I) 
           Arrival:=    5000            0     
                                              
             Setup:-     239                  
     Required Time:=    4761                  
      Launch Clock:-       0                  
         Data Path:-     656                  
             Slack:=    4105                  

#---------------------------------------------------------------------------------------------
#    Timing Point      Flags   Arc   Edge   Cell     Fanout Load Trans Delay Arrival Instance 
#                                                           (fF)  (ps)  (ps)   (ps)  Location 
#---------------------------------------------------------------------------------------------
  CPU_PSTATE_reg[0]/CK -       -     R     (arrival)      6    -     0     0       0    (-,-) 
  CPU_PSTATE_reg[0]/Q  -       CK->Q F     DFFX1          3  9.5    87   476     476    (-,-) 
  g20052__2802/Y       -       A0->Y R     AOI21X1        1  3.6   142   180     656    (-,-) 
  CPU_PSTATE_reg[0]/D  -       -     R     DFFX1          1    -     -     0     656    (-,-) 
#---------------------------------------------------------------------------------------------

Some unconstrained paths have not been displayed.
Use -unconstrained or set the root attribute 'timing_report_unconstrained' to 'true' to see only these unconstrained paths.

