============================================================
  Generated by:           Genus(TM) Synthesis Solution 21.18-s082_1
  Generated on:           Jun 27 2026  01:39:54 am
  Module:                 RISC_V3_PIPELINED_TOP
  Operating conditions:   ss_1.62_125 
  Interconnect mode:      global
  Area mode:              physical library
============================================================

Timing
-------
  Cost    Critical         Violating 
 Group   Path Slack  TNS     Paths   
-------------------------------------
C2C        No paths   0.0            
C2O        No paths   0.0            
default    No paths   0.0            
I2C        No paths   0.0            
I2O        No paths   0.0            
-------------------------------------
Total                 0.0          0 

Instance Count
--------------
Leaf Instance Count             19 
Physical Instance count          0 
Sequential Instance Count        6 
Combinational Instance Count    13 
Hierarchical Instance Count      0 

Area
----
Cell Area                          342.792
Physical Cell Area                 0.000
Total Cell Area (Cell+Physical)    342.792
Net Area                           382.917
Total Area (Cell+Physical+Net)     725.709

Runtime                            0.0 seconds
Elapsed Runtime                    312 seconds
Genus peak memory usage            1707.19 
Innovus peak memory usage          no_value 
Hostname                           cadence
