============================================================
  Generated by:           Genus(TM) Synthesis Solution 21.18-s082_1
  Generated on:           May 02 2026  12:26:54 pm
  Module:                 top
  Operating conditions:   PVT_0P9V_125C 
  Interconnect mode:      global
  Area mode:              physical library
============================================================

Timing
--------

Clock Period 
-------------
CLK   2769.0 


  Cost    Critical         Violating 
 Group   Path Slack  TNS     Paths   
-------------------------------------
C2C        No paths   0.0            
C2O          2576.9   0.0          0 
CLK        No paths   0.0            
default    No paths   0.0            
I2C          1064.9   0.0          0 
I2O        No paths   0.0            
-------------------------------------
Total                 0.0          0 

Instance Count
--------------
Leaf Instance Count             628 
Physical Instance count           0 
Sequential Instance Count        10 
Combinational Instance Count    618 
Hierarchical Instance Count       1 

Area
----
Cell Area                          1743.985
Physical Cell Area                 0.000
Total Cell Area (Cell+Physical)    1743.985
Net Area                           7.412
Total Area (Cell+Physical+Net)     1751.397

Runtime                            0.0 seconds
Elapsed Runtime                    33 seconds
Genus peak memory usage            1599.41 
Innovus peak memory usage          no_value 
Hostname                           cadence
