============================================================
  Generated by:           Genus(TM) Synthesis Solution 21.18-s082_1
  Generated on:           May 02 2026  12:27:17 pm
  Module:                 top
  Operating conditions:   PVT_0P9V_125C 
  Interconnect mode:      global
  Area mode:              physical library
============================================================

                                 Leakage   Internal  
   Gate     Instances   Area   Power (nW) Power (nW)     Library    
--------------------------------------------------------------------
ADDFXLLVT          54  369.360     21.674  10546.404    slow_vdd1v0 
ADDHXLLVT           6   28.728      2.372    555.207    slow_vdd1v0 
AND2XLLVT          64   87.552      8.790   2123.712    slow_vdd1v0 
DFFQXLLVT          10   54.720      4.521   7676.583    slow_vdd1v0 
NOR2BXLLVT         10   17.100      1.293   1153.683    slow_vdd1v0 
--------------------------------------------------------------------
total             144  557.460     38.651  22055.589                


                                          Leakage  Leakage  Internal  Internal 
     Type      Instances   Area  Area % Power (nW) Power % Power (nW)  Power % 
-------------------------------------------------------------------------------
sequential            10  54.720    9.8      4.521    11.7   7676.583     34.8 
logic                134 502.740   90.2     34.129    88.3  14379.006     65.2 
physical_cells         0   0.000    0.0      0.000     0.0      0.000      0.0 
-------------------------------------------------------------------------------
total                144 557.460  100.0     38.651   100.0  22055.589    100.0 

