============================================================
  Generated by:           Genus(TM) Synthesis Solution 21.18-s082_1
  Generated on:           May 02 2026  12:27:17 pm
  Module:                 top
  Operating conditions:   PVT_0P9V_125C 
  Interconnect mode:      global
  Area mode:              physical library
============================================================


Path 1: MET (10 ps) Setup Check with Pin Y_reg[8]/CK->D
          Group: I2C
     Startpoint: (R) C1[1]
          Clock: (R) CLK
       Endpoint: (R) Y_reg[8]/D
          Clock: (R) CLK

                     Capture       Launch     
        Clock Edge:+    2769            0     
        Drv Adjust:+       0            0     
       Src Latency:+       0            0     
       Net Latency:+       0 (I)        0 (I) 
           Arrival:=    2769            0     
                                              
             Setup:-     149                  
     Required Time:=    2620                  
      Launch Clock:-       0                  
       Input Delay:-       0                  
         Data Path:-    2611                  
             Slack:=      10                  

Exceptions/Constraints:
  input_delay              0              top.sdc_line_8_23_1 

#---------------------------------------------------------------------------------------------------------------------
#               Timing Point                 Flags    Arc   Edge    Cell     Fanout Load Trans Delay Arrival Instance 
#                                                                                   (fF)  (ps)  (ps)   (ps)  Location 
#---------------------------------------------------------------------------------------------------------------------
  C1[1]                                      -       -      R     (arrival)       4 10.3     0     0       0    (-,-) 
  WALLACE_CSA_DUMMY_OP_groupi_g3024__6783/Y  -       A->Y   R     AND2XLLVT       1  4.8   128   124     124    (-,-) 
  WALLACE_CSA_DUMMY_OP_groupi_g2998__1617/CO -       A->CO  R     ADDFXLLVT       1  4.8   132   217     341    (-,-) 
  WALLACE_CSA_DUMMY_OP_groupi_g2970__1617/CO -       A->CO  R     ADDFXLLVT       1  4.5   124   215     556    (-,-) 
  WALLACE_CSA_DUMMY_OP_groupi_g2967__5526/S  -       CI->S  F     ADDFXLLVT       1  4.5   147   252     808    (-,-) 
  WALLACE_CSA_DUMMY_OP_groupi_g2958__1666/S  -       CI->S  R     ADDFXLLVT       1  4.5   126   257    1066    (-,-) 
  WALLACE_CSA_DUMMY_OP_groupi_g2954__9315/S  -       CI->S  F     ADDFXLLVT       1  4.7   152   256    1322    (-,-) 
  WALLACE_CSA_DUMMY_OP_groupi_g2948__6131/CO -       A->CO  F     ADDFXLLVT       1  4.5   144   215    1537    (-,-) 
  WALLACE_CSA_DUMMY_OP_groupi_g2947__7098/CO -       CI->CO F     ADDFXLLVT       1  4.5   144   210    1746    (-,-) 
  WALLACE_CSA_DUMMY_OP_groupi_g2946__8246/CO -       CI->CO F     ADDFXLLVT       1  4.5   144   210    1956    (-,-) 
  WALLACE_CSA_DUMMY_OP_groupi_g2945__5122/CO -       CI->CO F     ADDFXLLVT       1  4.5   144   210    2165    (-,-) 
  WALLACE_CSA_DUMMY_OP_groupi_g2944__1705/S  -       CI->S  R     ADDFXLLVT       1  4.1   116   251    2416    (-,-) 
  g39__6260/Y                                -       AN->Y  R     NOR2BXLLVT      1  4.1   222   194    2611    (-,-) 
  Y_reg[8]/D                                 -       -      R     DFFQXLLVT       1    -     -     0    2611    (-,-) 
#---------------------------------------------------------------------------------------------------------------------

