============================================================
  Generated by:           Genus(TM) Synthesis Solution 21.18-s082_1
  Generated on:           May 02 2026  12:26:42 pm
  Module:                 top
  Operating conditions:   PVT_0P9V_125C 
  Interconnect mode:      global
  Area mode:              physical library
============================================================

Some unconstrained paths have not been displayed.
Use -unconstrained or set the root attribute 'timing_report_unconstrained' to 'true' to see only these unconstrained paths.

============================================================
  Generated by:           Genus(TM) Synthesis Solution 21.18-s082_1
  Generated on:           May 02 2026  12:26:42 pm
  Module:                 top
  Operating conditions:   PVT_0P9V_125C 
  Interconnect mode:      global
  Area mode:              physical library
============================================================

No paths found

============================================================
  Generated by:           Genus(TM) Synthesis Solution 21.18-s082_1
  Generated on:           May 02 2026  12:26:42 pm
  Module:                 top
  Operating conditions:   PVT_0P9V_125C 
  Interconnect mode:      global
  Area mode:              physical library
============================================================


Path 1: MET (538 ps) Setup Check with Pin Y_reg[9]/clk->d
          Group: I2C
     Startpoint: (R) X1[1]
          Clock: (R) CLK
       Endpoint: (R) Y_reg[9]/d
          Clock: (R) CLK

                     Capture       Launch     
        Clock Edge:+    2769            0     
        Drv Adjust:+       0            0     
       Src Latency:+       0            0     
       Net Latency:+       0 (I)        0 (I) 
           Arrival:=    2769            0     
                                              
             Setup:-     112                  
     Required Time:=    2657                  
      Launch Clock:-       0                  
       Input Delay:-       0                  
         Data Path:-    2120                  
             Slack:=     538                  

Exceptions/Constraints:
  input_delay              0              top.sdc_line_8_7_1 

#-------------------------------------------------------------------------------------------------
#  Timing Point    Flags    Arc    Edge      Cell        Fanout Load Trans Delay Arrival Instance 
#                                                               (fF)  (ps)  (ps)   (ps)  Location 
#-------------------------------------------------------------------------------------------------
  X1[1]            (u)     -       R     (arrival)            4  4.4     0     0       0    (-,-) 
  mul_17_30/g7/z   (u)     in_1->z R     unmapped_and2        2  2.2     0    63      63    (-,-) 
  mul_17_30/g25/z  (u)     in_1->z R     unmapped_xor2        3  3.3     0   126     188    (-,-) 
  mul_17_30/g28/z  (u)     in_1->z R     unmapped_xor2        2  2.2     0   117     306    (-,-) 
  mul_17_30/g51/z  (u)     in_1->z F     unmapped_nor2        3  3.3     0    71     377    (-,-) 
  mul_17_30/g61/z  (u)     in_1->z R     unmapped_nor2        1  1.1     0    54     431    (-,-) 
  mul_17_30/g69/z  (u)     in_0->z F     unmapped_nand2       1  1.1     0    54     484    (-,-) 
  mul_17_30/g70/z  (u)     in_1->z R     unmapped_nand2       4  4.4     0    77     562    (-,-) 
  mul_17_30/g77/z  (u)     in_0->z F     unmapped_nand2       1  1.1     0    54     615    (-,-) 
  mul_17_30/g78/z  (u)     in_1->z R     unmapped_nand2       1  1.1     0    54     669    (-,-) 
  mul_17_30/g94/z  (u)     in_0->z R     unmapped_xnor2       2  2.2     0   117     787    (-,-) 
  add_17_24/g14/z  (u)     in_1->z F     unmapped_nor2        3  3.3     0    71     858    (-,-) 
  add_17_24/g30/z  (u)     in_1->z R     unmapped_nor2        3  3.3     0    71     929    (-,-) 
  add_17_24/g53/z  (u)     in_0->z F     unmapped_nand2       1  1.1     0    54     982    (-,-) 
  add_17_24/g54/z  (u)     in_1->z R     unmapped_nand2       1  1.1     0    54    1036    (-,-) 
  add_17_24/g74/z  (u)     in_0->z R     unmapped_xnor2       2  2.2     0   117    1154    (-,-) 
  add_17_36/g16/z  (u)     in_0->z F     unmapped_nor2        3  3.3     0    71    1225    (-,-) 
  add_17_36/g45/z  (u)     in_0->z R     unmapped_not         2  2.2     0    44    1269    (-,-) 
  add_17_36/g46/z  (u)     in_1->z F     unmapped_nand2       1  1.1     0    54    1323    (-,-) 
  add_17_36/g57/z  (u)     in_0->z R     unmapped_not         1  1.1     0    35    1358    (-,-) 
  add_17_36/g58/z  (u)     in_1->z F     unmapped_nand2       1  1.1     0    54    1412    (-,-) 
  add_17_36/g59/z  (u)     in_1->z R     unmapped_nand2       1  1.1     0    54    1466    (-,-) 
  add_17_36/g82/z  (u)     in_0->z R     unmapped_xnor2       2  2.2     0   117    1583    (-,-) 
  add_17_48/g18/z  (u)     in_0->z F     unmapped_nor2        3  3.3     0    71    1654    (-,-) 
  add_17_48/g38/z  (u)     in_1->z R     unmapped_nor2        2  2.2     0    63    1717    (-,-) 
  add_17_48/g57/z  (u)     in_1->z F     unmapped_nand2       1  1.1     0    54    1771    (-,-) 
  add_17_48/g66/z  (u)     in_0->z R     unmapped_not         1  1.1     0    35    1806    (-,-) 
  add_17_48/g67/z  (u)     in_1->z F     unmapped_nand2       1  1.1     0    54    1860    (-,-) 
  add_17_48/g68/z  (u)     in_1->z R     unmapped_nand2       2  2.2     0    63    1922    (-,-) 
  add_17_48/g70/z  (u)     in_0->z F     unmapped_nand2       1  1.1     0    54    1976    (-,-) 
  add_17_48/g100/z (u)     in_0->z R     unmapped_not         1  1.1     0    35    2012    (-,-) 
  add_17_48/g95/z  (u)     in_0->z R     unmapped_xnor2       1  1.1     0   108    2120    (-,-) 
  Y_reg[9]/d       -       -       R     unmapped_d_flop      1    -     -     0    2120    (-,-) 
#-------------------------------------------------------------------------------------------------

(u) : Net has unmapped pin(s).

============================================================
  Generated by:           Genus(TM) Synthesis Solution 21.18-s082_1
  Generated on:           May 02 2026  12:26:42 pm
  Module:                 top
  Operating conditions:   PVT_0P9V_125C 
  Interconnect mode:      global
  Area mode:              physical library
============================================================


Path 1: MET (2577 ps) Late External Delay Assertion at pin Y[0]
          Group: C2O
     Startpoint: (R) Y_reg[0]/clk
          Clock: (R) CLK
       Endpoint: (R) Y[0]
          Clock: (R) CLK

                     Capture       Launch     
        Clock Edge:+    2769            0     
       Src Latency:+       0            0     
       Net Latency:+       0 (I)        0 (I) 
           Arrival:=    2769            0     
                                              
      Output Delay:-       0                  
     Required Time:=    2769                  
      Launch Clock:-       0                  
         Data Path:-     192                  
             Slack:=    2577                  

Exceptions/Constraints:
  output_delay              0              top.sdc_line_11_40_1 

#----------------------------------------------------------------------------------------------
# Timing Point   Flags    Arc   Edge      Cell        Fanout Load Trans Delay Arrival Instance 
#                                                            (fF)  (ps)  (ps)   (ps)  Location 
#----------------------------------------------------------------------------------------------
  Y_reg[0]/clk   -       -      R     (arrival)           10    -     0     0       0    (-,-) 
  Y_reg[0]/q     (u)     clk->q R     unmapped_d_flop      1  3.9     0   192     192    (-,-) 
  Y[0]           -       -      R     (port)               -    -     -     0     192    (-,-) 
#----------------------------------------------------------------------------------------------

(u) : Net has unmapped pin(s).

============================================================
  Generated by:           Genus(TM) Synthesis Solution 21.18-s082_1
  Generated on:           May 02 2026  12:26:42 pm
  Module:                 top
  Operating conditions:   PVT_0P9V_125C 
  Interconnect mode:      global
  Area mode:              physical library
============================================================

No paths found

============================================================
  Generated by:           Genus(TM) Synthesis Solution 21.18-s082_1
  Generated on:           May 02 2026  12:26:42 pm
  Module:                 top
  Operating conditions:   PVT_0P9V_125C 
  Interconnect mode:      global
  Area mode:              physical library
============================================================

No paths found

