============================================================
  Generated by:           Genus(TM) Synthesis Solution 21.18-s082_1
  Generated on:           May 02 2026  11:11:22 am
  Module:                 top
  Operating conditions:   PVT_0P9V_125C 
  Interconnect mode:      global
  Area mode:              physical library
============================================================


Path 1: MET (198 ps) Setup Check with Pin Y_reg[8]/CK->D
          Group: I2C
     Startpoint: (R) X0[2]
          Clock: (R) CLK
       Endpoint: (R) Y_reg[8]/D
          Clock: (R) CLK

                     Capture       Launch     
        Clock Edge:+    5000            0     
        Drv Adjust:+       0            0     
       Src Latency:+       0            0     
       Net Latency:+       0 (I)        0 (I) 
           Arrival:=    5000            0     
                                              
             Setup:-     246                  
     Required Time:=    4754                  
      Launch Clock:-       0                  
       Input Delay:-       0                  
         Data Path:-    4557                  
             Slack:=     198                  

Exceptions/Constraints:
  input_delay              0              top.sdc_line_8_2_1 

#---------------------------------------------------------------------------------------------------------------------
#               Timing Point                 Flags    Arc   Edge    Cell     Fanout Load Trans Delay Arrival Instance 
#                                                                                   (fF)  (ps)  (ps)   (ps)  Location 
#---------------------------------------------------------------------------------------------------------------------
  X0[2]                                      -       -      R     (arrival)       4 10.3     0     0       0    (-,-) 
  WALLACE_CSA_DUMMY_OP_groupi_g3203__5122/Y  -       B->Y   R     AND2X1HVT       1  4.6   153   257     257    (-,-) 
  WALLACE_CSA_DUMMY_OP_groupi_g3155__6161/CO -       A->CO  R     ADDFX1HVT       1  4.6   170   462     718    (-,-) 
  WALLACE_CSA_DUMMY_OP_groupi_g3149__7098/CO -       A->CO  R     ADDFX1HVT       1  4.4   165   470    1188    (-,-) 
  WALLACE_CSA_DUMMY_OP_groupi_g3141__5526/S  -       CI->S  F     ADDFX1HVT       1  4.4   234   566    1754    (-,-) 
  WALLACE_CSA_DUMMY_OP_groupi_g3132__1666/S  -       CI->S  R     ADDFX1HVT       1  4.4   169   548    2302    (-,-) 
  WALLACE_CSA_DUMMY_OP_groupi_g3128__9315/S  -       CI->S  F     ADDFX1HVT       1  4.6   243   573    2876    (-,-) 
  WALLACE_CSA_DUMMY_OP_groupi_g3122__6131/CO -       B->CO  F     ADDFX1          1  4.4   137   320    3195    (-,-) 
  WALLACE_CSA_DUMMY_OP_groupi_g3121__7098/CO -       CI->CO F     ADDFX1          1  4.4   137   268    3463    (-,-) 
  WALLACE_CSA_DUMMY_OP_groupi_g3120__8246/CO -       CI->CO F     ADDFX1          1  4.4   137   268    3731    (-,-) 
  WALLACE_CSA_DUMMY_OP_groupi_g3119__5122/CO -       CI->CO F     ADDFX1          1  4.5   139   269    4000    (-,-) 
  WALLACE_CSA_DUMMY_OP_groupi_g3118__1705/S  -       CI->S  R     ADDFXLLVT       1  4.1   116   249    4249    (-,-) 
  g39__6260/Y                                -       AN->Y  R     NOR2BX1HVT      1  4.1   275   307    4557    (-,-) 
  Y_reg[8]/D                                 -       -      R     DFFQXL          1    -     -     0    4557    (-,-) 
#---------------------------------------------------------------------------------------------------------------------



Path 2: MET (275 ps) Setup Check with Pin Y_reg[9]/CK->D
          Group: I2C
     Startpoint: (R) X0[2]
          Clock: (R) CLK
       Endpoint: (R) Y_reg[9]/D
          Clock: (R) CLK

                     Capture       Launch     
        Clock Edge:+    5000            0     
        Drv Adjust:+       0            0     
       Src Latency:+       0            0     
       Net Latency:+       0 (I)        0 (I) 
           Arrival:=    5000            0     
                                              
             Setup:-     246                  
     Required Time:=    4754                  
      Launch Clock:-       0                  
       Input Delay:-       0                  
         Data Path:-    4479                  
             Slack:=     275                  

Exceptions/Constraints:
  input_delay              0              top.sdc_line_8_2_1 

#---------------------------------------------------------------------------------------------------------------------
#               Timing Point                 Flags    Arc   Edge    Cell     Fanout Load Trans Delay Arrival Instance 
#                                                                                   (fF)  (ps)  (ps)   (ps)  Location 
#---------------------------------------------------------------------------------------------------------------------
  X0[2]                                      -       -      R     (arrival)       4 10.3     0     0       0    (-,-) 
  WALLACE_CSA_DUMMY_OP_groupi_g3203__5122/Y  -       B->Y   R     AND2X1HVT       1  4.6   153   257     257    (-,-) 
  WALLACE_CSA_DUMMY_OP_groupi_g3155__6161/CO -       A->CO  R     ADDFX1HVT       1  4.6   170   462     718    (-,-) 
  WALLACE_CSA_DUMMY_OP_groupi_g3149__7098/CO -       A->CO  R     ADDFX1HVT       1  4.4   165   470    1188    (-,-) 
  WALLACE_CSA_DUMMY_OP_groupi_g3141__5526/S  -       CI->S  R     ADDFX1HVT       1  4.4   169   541    1729    (-,-) 
  WALLACE_CSA_DUMMY_OP_groupi_g3132__1666/S  -       CI->S  F     ADDFX1HVT       1  4.4   234   568    2297    (-,-) 
  WALLACE_CSA_DUMMY_OP_groupi_g3128__9315/S  -       CI->S  R     ADDFX1HVT       1  4.7   177   553    2850    (-,-) 
  WALLACE_CSA_DUMMY_OP_groupi_g3122__6131/CO -       B->CO  R     ADDFX1          1  4.5   119   314    3165    (-,-) 
  WALLACE_CSA_DUMMY_OP_groupi_g3121__7098/CO -       CI->CO R     ADDFX1          1  4.5   119   272    3436    (-,-) 
  WALLACE_CSA_DUMMY_OP_groupi_g3120__8246/CO -       CI->CO R     ADDFX1          1  4.5   119   272    3708    (-,-) 
  WALLACE_CSA_DUMMY_OP_groupi_g3119__5122/CO -       CI->CO R     ADDFX1          1  4.5   119   272    3979    (-,-) 
  WALLACE_CSA_DUMMY_OP_groupi_g3118__1705/CO -       CI->CO R     ADDFXLLVT       1  4.1   114   194    4173    (-,-) 
  g38__5107/Y                                -       AN->Y  R     NOR2BX1HVT      1  4.1   275   306    4479    (-,-) 
  Y_reg[9]/D                                 -       -      R     DFFQXL          1    -     -     0    4479    (-,-) 
#---------------------------------------------------------------------------------------------------------------------



Path 3: MET (345 ps) Setup Check with Pin Y_reg[7]/CK->D
          Group: I2C
     Startpoint: (R) X0[2]
          Clock: (R) CLK
       Endpoint: (R) Y_reg[7]/D
          Clock: (R) CLK

                     Capture       Launch     
        Clock Edge:+    5000            0     
        Drv Adjust:+       0            0     
       Src Latency:+       0            0     
       Net Latency:+       0 (I)        0 (I) 
           Arrival:=    5000            0     
                                              
             Setup:-     246                  
     Required Time:=    4754                  
      Launch Clock:-       0                  
       Input Delay:-       0                  
         Data Path:-    4410                  
             Slack:=     345                  

Exceptions/Constraints:
  input_delay              0              top.sdc_line_8_2_1 

#---------------------------------------------------------------------------------------------------------------------
#               Timing Point                 Flags    Arc   Edge    Cell     Fanout Load Trans Delay Arrival Instance 
#                                                                                   (fF)  (ps)  (ps)   (ps)  Location 
#---------------------------------------------------------------------------------------------------------------------
  X0[2]                                      -       -      R     (arrival)       4 10.3     0     0       0    (-,-) 
  WALLACE_CSA_DUMMY_OP_groupi_g3203__5122/Y  -       B->Y   R     AND2X1HVT       1  4.6   153   257     257    (-,-) 
  WALLACE_CSA_DUMMY_OP_groupi_g3155__6161/CO -       A->CO  R     ADDFX1HVT       1  4.6   170   462     718    (-,-) 
  WALLACE_CSA_DUMMY_OP_groupi_g3149__7098/CO -       A->CO  R     ADDFX1HVT       1  4.4   165   470    1188    (-,-) 
  WALLACE_CSA_DUMMY_OP_groupi_g3141__5526/S  -       CI->S  F     ADDFX1HVT       1  4.4   234   566    1754    (-,-) 
  WALLACE_CSA_DUMMY_OP_groupi_g3132__1666/S  -       CI->S  R     ADDFX1HVT       1  4.4   169   548    2302    (-,-) 
  WALLACE_CSA_DUMMY_OP_groupi_g3128__9315/S  -       CI->S  F     ADDFX1HVT       1  4.6   243   573    2876    (-,-) 
  WALLACE_CSA_DUMMY_OP_groupi_g3122__6131/CO -       B->CO  F     ADDFX1          1  4.4   137   320    3195    (-,-) 
  WALLACE_CSA_DUMMY_OP_groupi_g3121__7098/CO -       CI->CO F     ADDFX1          1  4.4   137   268    3463    (-,-) 
  WALLACE_CSA_DUMMY_OP_groupi_g3120__8246/CO -       CI->CO F     ADDFX1          1  4.4   137   268    3731    (-,-) 
  WALLACE_CSA_DUMMY_OP_groupi_g3119__5122/S  -       CI->S  R     ADDFX1          1  4.1   114   373    4104    (-,-) 
  g37__2398/Y                                -       AN->Y  R     NOR2BX1HVT      1  4.1   275   306    4410    (-,-) 
  Y_reg[7]/D                                 -       -      R     DFFQXL          1    -     -     0    4410    (-,-) 
#---------------------------------------------------------------------------------------------------------------------



Path 4: MET (613 ps) Setup Check with Pin Y_reg[6]/CK->D
          Group: I2C
     Startpoint: (R) X0[2]
          Clock: (R) CLK
       Endpoint: (R) Y_reg[6]/D
          Clock: (R) CLK

                     Capture       Launch     
        Clock Edge:+    5000            0     
        Drv Adjust:+       0            0     
       Src Latency:+       0            0     
       Net Latency:+       0 (I)        0 (I) 
           Arrival:=    5000            0     
                                              
             Setup:-     246                  
     Required Time:=    4754                  
      Launch Clock:-       0                  
       Input Delay:-       0                  
         Data Path:-    4142                  
             Slack:=     613                  

Exceptions/Constraints:
  input_delay              0              top.sdc_line_8_2_1 

#---------------------------------------------------------------------------------------------------------------------
#               Timing Point                 Flags    Arc   Edge    Cell     Fanout Load Trans Delay Arrival Instance 
#                                                                                   (fF)  (ps)  (ps)   (ps)  Location 
#---------------------------------------------------------------------------------------------------------------------
  X0[2]                                      -       -      R     (arrival)       4 10.3     0     0       0    (-,-) 
  WALLACE_CSA_DUMMY_OP_groupi_g3203__5122/Y  -       B->Y   R     AND2X1HVT       1  4.6   153   257     257    (-,-) 
  WALLACE_CSA_DUMMY_OP_groupi_g3155__6161/CO -       A->CO  R     ADDFX1HVT       1  4.6   170   462     718    (-,-) 
  WALLACE_CSA_DUMMY_OP_groupi_g3149__7098/CO -       A->CO  R     ADDFX1HVT       1  4.4   165   470    1188    (-,-) 
  WALLACE_CSA_DUMMY_OP_groupi_g3141__5526/S  -       CI->S  F     ADDFX1HVT       1  4.4   234   566    1754    (-,-) 
  WALLACE_CSA_DUMMY_OP_groupi_g3132__1666/S  -       CI->S  R     ADDFX1HVT       1  4.4   169   548    2302    (-,-) 
  WALLACE_CSA_DUMMY_OP_groupi_g3128__9315/S  -       CI->S  F     ADDFX1HVT       1  4.6   243   573    2876    (-,-) 
  WALLACE_CSA_DUMMY_OP_groupi_g3122__6131/CO -       B->CO  F     ADDFX1          1  4.4   137   320    3195    (-,-) 
  WALLACE_CSA_DUMMY_OP_groupi_g3121__7098/CO -       CI->CO F     ADDFX1          1  4.4   137   268    3463    (-,-) 
  WALLACE_CSA_DUMMY_OP_groupi_g3120__8246/S  -       CI->S  R     ADDFX1          1  4.1   114   373    3836    (-,-) 
  g40__4319/Y                                -       AN->Y  R     NOR2BX1HVT      1  4.1   275   306    4142    (-,-) 
  Y_reg[6]/D                                 -       -      R     DFFQXL          1    -     -     0    4142    (-,-) 
#---------------------------------------------------------------------------------------------------------------------



Path 5: MET (880 ps) Setup Check with Pin Y_reg[5]/CK->D
          Group: I2C
     Startpoint: (R) X0[2]
          Clock: (R) CLK
       Endpoint: (R) Y_reg[5]/D
          Clock: (R) CLK

                     Capture       Launch     
        Clock Edge:+    5000            0     
        Drv Adjust:+       0            0     
       Src Latency:+       0            0     
       Net Latency:+       0 (I)        0 (I) 
           Arrival:=    5000            0     
                                              
             Setup:-     246                  
     Required Time:=    4754                  
      Launch Clock:-       0                  
       Input Delay:-       0                  
         Data Path:-    3874                  
             Slack:=     880                  

Exceptions/Constraints:
  input_delay              0              top.sdc_line_8_2_1 

#--------------------------------------------------------------------------------------------------------------------
#               Timing Point                 Flags   Arc   Edge    Cell     Fanout Load Trans Delay Arrival Instance 
#                                                                                  (fF)  (ps)  (ps)   (ps)  Location 
#--------------------------------------------------------------------------------------------------------------------
  X0[2]                                      -       -     R     (arrival)       4 10.3     0     0       0    (-,-) 
  WALLACE_CSA_DUMMY_OP_groupi_g3203__5122/Y  -       B->Y  R     AND2X1HVT       1  4.6   153   257     257    (-,-) 
  WALLACE_CSA_DUMMY_OP_groupi_g3155__6161/CO -       A->CO R     ADDFX1HVT       1  4.6   170   462     718    (-,-) 
  WALLACE_CSA_DUMMY_OP_groupi_g3149__7098/CO -       A->CO R     ADDFX1HVT       1  4.4   165   470    1188    (-,-) 
  WALLACE_CSA_DUMMY_OP_groupi_g3141__5526/S  -       CI->S F     ADDFX1HVT       1  4.4   234   566    1754    (-,-) 
  WALLACE_CSA_DUMMY_OP_groupi_g3132__1666/S  -       CI->S R     ADDFX1HVT       1  4.4   169   548    2302    (-,-) 
  WALLACE_CSA_DUMMY_OP_groupi_g3128__9315/S  -       CI->S F     ADDFX1HVT       1  4.6   243   573    2876    (-,-) 
  WALLACE_CSA_DUMMY_OP_groupi_g3122__6131/CO -       B->CO F     ADDFX1          1  4.4   137   320    3195    (-,-) 
  WALLACE_CSA_DUMMY_OP_groupi_g3121__7098/S  -       CI->S R     ADDFX1          1  4.1   114   373    3568    (-,-) 
  g41__8428/Y                                -       AN->Y R     NOR2BX1HVT      1  4.1   275   306    3874    (-,-) 
  Y_reg[5]/D                                 -       -     R     DFFQXL          1    -     -     0    3874    (-,-) 
#--------------------------------------------------------------------------------------------------------------------



Path 6: MET (1143 ps) Setup Check with Pin Y_reg[4]/CK->D
          Group: I2C
     Startpoint: (R) X0[2]
          Clock: (R) CLK
       Endpoint: (R) Y_reg[4]/D
          Clock: (R) CLK

                     Capture       Launch     
        Clock Edge:+    5000            0     
        Drv Adjust:+       0            0     
       Src Latency:+       0            0     
       Net Latency:+       0 (I)        0 (I) 
           Arrival:=    5000            0     
                                              
             Setup:-     246                  
     Required Time:=    4754                  
      Launch Clock:-       0                  
       Input Delay:-       0                  
         Data Path:-    3611                  
             Slack:=    1143                  

Exceptions/Constraints:
  input_delay              0              top.sdc_line_8_2_1 

#--------------------------------------------------------------------------------------------------------------------
#               Timing Point                 Flags   Arc   Edge    Cell     Fanout Load Trans Delay Arrival Instance 
#                                                                                  (fF)  (ps)  (ps)   (ps)  Location 
#--------------------------------------------------------------------------------------------------------------------
  X0[2]                                      -       -     R     (arrival)       4 10.3     0     0       0    (-,-) 
  WALLACE_CSA_DUMMY_OP_groupi_g3203__5122/Y  -       B->Y  R     AND2X1HVT       1  4.6   153   257     257    (-,-) 
  WALLACE_CSA_DUMMY_OP_groupi_g3155__6161/CO -       A->CO R     ADDFX1HVT       1  4.6   170   462     718    (-,-) 
  WALLACE_CSA_DUMMY_OP_groupi_g3149__7098/CO -       A->CO R     ADDFX1HVT       1  4.4   165   470    1188    (-,-) 
  WALLACE_CSA_DUMMY_OP_groupi_g3141__5526/S  -       CI->S F     ADDFX1HVT       1  4.4   234   566    1754    (-,-) 
  WALLACE_CSA_DUMMY_OP_groupi_g3132__1666/S  -       CI->S R     ADDFX1HVT       1  4.4   169   548    2302    (-,-) 
  WALLACE_CSA_DUMMY_OP_groupi_g3128__9315/S  -       CI->S F     ADDFX1HVT       1  4.6   243   573    2876    (-,-) 
  WALLACE_CSA_DUMMY_OP_groupi_g3122__6131/S  -       B->S  R     ADDFX1          1  4.1   114   430    3305    (-,-) 
  g44__3680/Y                                -       AN->Y R     NOR2BX1HVT      1  4.1   275   306    3611    (-,-) 
  Y_reg[4]/D                                 -       -     R     DFFQXL          1    -     -     0    3611    (-,-) 
#--------------------------------------------------------------------------------------------------------------------



Path 7: MET (1663 ps) Setup Check with Pin Y_reg[3]/CK->D
          Group: I2C
     Startpoint: (R) X3[0]
          Clock: (R) CLK
       Endpoint: (R) Y_reg[3]/D
          Clock: (R) CLK

                     Capture       Launch     
        Clock Edge:+    5000            0     
        Drv Adjust:+       0            0     
       Src Latency:+       0            0     
       Net Latency:+       0 (I)        0 (I) 
           Arrival:=    5000            0     
                                              
             Setup:-     246                  
     Required Time:=    4754                  
      Launch Clock:-       0                  
       Input Delay:-       0                  
         Data Path:-    3091                  
             Slack:=    1663                  

Exceptions/Constraints:
  input_delay              0              top.sdc_line_8_16_1 

#-------------------------------------------------------------------------------------------------------------------
#               Timing Point                Flags   Arc   Edge    Cell     Fanout Load Trans Delay Arrival Instance 
#                                                                                 (fF)  (ps)  (ps)   (ps)  Location 
#-------------------------------------------------------------------------------------------------------------------
  X3[0]                                     -       -     R     (arrival)       4 10.3     0     0       0    (-,-) 
  WALLACE_CSA_DUMMY_OP_groupi_g3191__5477/Y -       B->Y  R     AND2X1HVT       1  4.3   145   252     252    (-,-) 
  WALLACE_CSA_DUMMY_OP_groupi_g3177__7098/S -       A->S  R     ADDHX1HVT       1  4.4   152   391     643    (-,-) 
  WALLACE_CSA_DUMMY_OP_groupi_g3157__9945/S -       CI->S F     ADDFX1HVT       1  4.4   234   558    1201    (-,-) 
  WALLACE_CSA_DUMMY_OP_groupi_g3144__1617/S -       CI->S R     ADDFX1HVT       1  4.6   175   551    1752    (-,-) 
  WALLACE_CSA_DUMMY_OP_groupi_g3131__2346/S -       B->S  F     ADDFX1HVT       1  4.6   243   604    2356    (-,-) 
  WALLACE_CSA_DUMMY_OP_groupi_g3123__1881/S -       B->S  R     ADDFX1          1  4.1   114   430    2785    (-,-) 
  g43__6783/Y                               -       AN->Y R     NOR2BX1HVT      1  4.1   275   306    3091    (-,-) 
  Y_reg[3]/D                                -       -     R     DFFQXL          1    -     -     0    3091    (-,-) 
#-------------------------------------------------------------------------------------------------------------------



Path 8: MET (2135 ps) Setup Check with Pin Y_reg[2]/CK->D
          Group: I2C
     Startpoint: (R) X1[1]
          Clock: (R) CLK
       Endpoint: (R) Y_reg[2]/D
          Clock: (R) CLK

                     Capture       Launch     
        Clock Edge:+    5000            0     
        Drv Adjust:+       0            0     
       Src Latency:+       0            0     
       Net Latency:+       0 (I)        0 (I) 
           Arrival:=    5000            0     
                                              
             Setup:-     246                  
     Required Time:=    4754                  
      Launch Clock:-       0                  
       Input Delay:-       0                  
         Data Path:-    2619                  
             Slack:=    2135                  

Exceptions/Constraints:
  input_delay              0              top.sdc_line_8_7_1 

#--------------------------------------------------------------------------------------------------------------------
#               Timing Point                 Flags   Arc   Edge    Cell     Fanout Load Trans Delay Arrival Instance 
#                                                                                  (fF)  (ps)  (ps)   (ps)  Location 
#--------------------------------------------------------------------------------------------------------------------
  X1[1]                                      -       -     R     (arrival)       4 10.3     0     0       0    (-,-) 
  WALLACE_CSA_DUMMY_OP_groupi_g3223__4319/Y  -       B->Y  R     AND2X1HVT       1  4.6   153   257     257    (-,-) 
  WALLACE_CSA_DUMMY_OP_groupi_g3161__7410/CO -       A->CO R     ADDFX1HVT       1  4.6   170   462     718    (-,-) 
  WALLACE_CSA_DUMMY_OP_groupi_g3148__8246/S  -       B->S  R     ADDFX1HVT       1  4.6   174   578    1297    (-,-) 
  WALLACE_CSA_DUMMY_OP_groupi_g3134__6417/S  -       B->S  F     ADDFX1HVT       1  4.4   234   599    1896    (-,-) 
  WALLACE_CSA_DUMMY_OP_groupi_g3127__6161/S  -       CI->S R     ADDFX1          1  4.1   114   418    2313    (-,-) 
  g42__5526/Y                                -       AN->Y R     NOR2BX1HVT      1  4.1   275   306    2619    (-,-) 
  Y_reg[2]/D                                 -       -     R     DFFQXL          1    -     -     0    2619    (-,-) 
#--------------------------------------------------------------------------------------------------------------------



Path 9: MET (2623 ps) Setup Check with Pin Y_reg[1]/CK->D
          Group: I2C
     Startpoint: (R) X0[1]
          Clock: (R) CLK
       Endpoint: (R) Y_reg[1]/D
          Clock: (R) CLK

                     Capture       Launch     
        Clock Edge:+    5000            0     
        Drv Adjust:+       0            0     
       Src Latency:+       0            0     
       Net Latency:+       0 (I)        0 (I) 
           Arrival:=    5000            0     
                                              
             Setup:-     246                  
     Required Time:=    4754                  
      Launch Clock:-       0                  
       Input Delay:-       0                  
         Data Path:-    2131                  
             Slack:=    2623                  

Exceptions/Constraints:
  input_delay              0              top.sdc_line_8_3_1 

#-------------------------------------------------------------------------------------------------------------------
#               Timing Point                Flags   Arc   Edge    Cell     Fanout Load Trans Delay Arrival Instance 
#                                                                                 (fF)  (ps)  (ps)   (ps)  Location 
#-------------------------------------------------------------------------------------------------------------------
  X0[1]                                     -       -     R     (arrival)       4 10.3     0     0       0    (-,-) 
  WALLACE_CSA_DUMMY_OP_groupi_g3209__7482/Y -       B->Y  R     AND2X1HVT       1  4.6   153   257     257    (-,-) 
  WALLACE_CSA_DUMMY_OP_groupi_g3159__2346/S -       A->S  R     ADDFX1HVT       1  4.4   169   583     840    (-,-) 
  WALLACE_CSA_DUMMY_OP_groupi_g3146__1705/S -       CI->S F     ADDFX1HVT       1  4.4   234   568    1408    (-,-) 
  WALLACE_CSA_DUMMY_OP_groupi_g3135__5477/S -       CI->S R     ADDFX1          1  4.1   114   418    1826    (-,-) 
  g45__1617/Y                               -       AN->Y R     NOR2BX1HVT      1  4.1   275   306    2131    (-,-) 
  Y_reg[1]/D                                -       -     R     DFFQXL          1    -     -     0    2131    (-,-) 
#-------------------------------------------------------------------------------------------------------------------



Path 10: MET (3193 ps) Setup Check with Pin Y_reg[0]/CK->D
          Group: I2C
     Startpoint: (R) X3[0]
          Clock: (R) CLK
       Endpoint: (R) Y_reg[0]/D
          Clock: (R) CLK

                     Capture       Launch     
        Clock Edge:+    5000            0     
        Drv Adjust:+       0            0     
       Src Latency:+       0            0     
       Net Latency:+       0 (I)        0 (I) 
           Arrival:=    5000            0     
                                              
             Setup:-     246                  
     Required Time:=    4754                  
      Launch Clock:-       0                  
       Input Delay:-       0                  
         Data Path:-    1562                  
             Slack:=    3193                  

Exceptions/Constraints:
  input_delay              0              top.sdc_line_8_16_1 

#-------------------------------------------------------------------------------------------------------------------
#               Timing Point                Flags   Arc   Edge    Cell     Fanout Load Trans Delay Arrival Instance 
#                                                                                 (fF)  (ps)  (ps)   (ps)  Location 
#-------------------------------------------------------------------------------------------------------------------
  X3[0]                                     -       -     R     (arrival)       4 10.3     0     0       0    (-,-) 
  WALLACE_CSA_DUMMY_OP_groupi_g3206__6131/Y -       B->Y  R     AND2X1HVT       1  4.6   153   257     257    (-,-) 
  WALLACE_CSA_DUMMY_OP_groupi_g3156__9315/S -       A->S  F     ADDFX1HVT       1  4.4   234   606     863    (-,-) 
  WALLACE_CSA_DUMMY_OP_groupi_g3152__5115/S -       B->S  R     ADDHX2HVT       1  4.1   114   393    1256    (-,-) 
  g46__2802/Y                               -       AN->Y R     NOR2BX1HVT      1  4.1   275   306    1562    (-,-) 
  Y_reg[0]/D                                -       -     R     DFFQXL          1    -     -     0    1562    (-,-) 
#-------------------------------------------------------------------------------------------------------------------



Path 11: MET (4724 ps) Late External Delay Assertion at pin Y[0]
          Group: C2O
     Startpoint: (R) Y_reg[0]/CK
          Clock: (R) CLK
       Endpoint: (F) Y[0]
          Clock: (R) CLK

                     Capture       Launch     
        Clock Edge:+    5000            0     
       Src Latency:+       0            0     
       Net Latency:+       0 (I)        0 (I) 
           Arrival:=    5000            0     
                                              
      Output Delay:-       0                  
     Required Time:=    5000                  
      Launch Clock:-       0                  
         Data Path:-     276                  
             Slack:=    4724                  

Exceptions/Constraints:
  output_delay              0              top.sdc_line_11_40_1 

#---------------------------------------------------------------------------------------
# Timing Point   Flags   Arc   Edge   Cell     Fanout Load Trans Delay Arrival Instance 
#                                                     (fF)  (ps)  (ps)   (ps)  Location 
#---------------------------------------------------------------------------------------
  Y_reg[0]/CK    -       -     R     (arrival)     10    -     0     0       0    (-,-) 
  Y_reg[0]/Q     -       CK->Q F     DFFQXL         1  3.9   193   276     276    (-,-) 
  Y[0]           -       -     F     (port)         -    -     -     0     276    (-,-) 
#---------------------------------------------------------------------------------------



Path 12: MET (4724 ps) Late External Delay Assertion at pin Y[1]
          Group: C2O
     Startpoint: (R) Y_reg[1]/CK
          Clock: (R) CLK
       Endpoint: (F) Y[1]
          Clock: (R) CLK

                     Capture       Launch     
        Clock Edge:+    5000            0     
       Src Latency:+       0            0     
       Net Latency:+       0 (I)        0 (I) 
           Arrival:=    5000            0     
                                              
      Output Delay:-       0                  
     Required Time:=    5000                  
      Launch Clock:-       0                  
         Data Path:-     276                  
             Slack:=    4724                  

Exceptions/Constraints:
  output_delay              0              top.sdc_line_11_39_1 

#---------------------------------------------------------------------------------------
# Timing Point   Flags   Arc   Edge   Cell     Fanout Load Trans Delay Arrival Instance 
#                                                     (fF)  (ps)  (ps)   (ps)  Location 
#---------------------------------------------------------------------------------------
  Y_reg[1]/CK    -       -     R     (arrival)     10    -     0     0       0    (-,-) 
  Y_reg[1]/Q     -       CK->Q F     DFFQXL         1  3.9   193   276     276    (-,-) 
  Y[1]           -       -     F     (port)         -    -     -     0     276    (-,-) 
#---------------------------------------------------------------------------------------



Path 13: MET (4724 ps) Late External Delay Assertion at pin Y[2]
          Group: C2O
     Startpoint: (R) Y_reg[2]/CK
          Clock: (R) CLK
       Endpoint: (F) Y[2]
          Clock: (R) CLK

                     Capture       Launch     
        Clock Edge:+    5000            0     
       Src Latency:+       0            0     
       Net Latency:+       0 (I)        0 (I) 
           Arrival:=    5000            0     
                                              
      Output Delay:-       0                  
     Required Time:=    5000                  
      Launch Clock:-       0                  
         Data Path:-     276                  
             Slack:=    4724                  

Exceptions/Constraints:
  output_delay              0              top.sdc_line_11_38_1 

#---------------------------------------------------------------------------------------
# Timing Point   Flags   Arc   Edge   Cell     Fanout Load Trans Delay Arrival Instance 
#                                                     (fF)  (ps)  (ps)   (ps)  Location 
#---------------------------------------------------------------------------------------
  Y_reg[2]/CK    -       -     R     (arrival)     10    -     0     0       0    (-,-) 
  Y_reg[2]/Q     -       CK->Q F     DFFQXL         1  3.9   193   276     276    (-,-) 
  Y[2]           -       -     F     (port)         -    -     -     0     276    (-,-) 
#---------------------------------------------------------------------------------------



Path 14: MET (4724 ps) Late External Delay Assertion at pin Y[3]
          Group: C2O
     Startpoint: (R) Y_reg[3]/CK
          Clock: (R) CLK
       Endpoint: (F) Y[3]
          Clock: (R) CLK

                     Capture       Launch     
        Clock Edge:+    5000            0     
       Src Latency:+       0            0     
       Net Latency:+       0 (I)        0 (I) 
           Arrival:=    5000            0     
                                              
      Output Delay:-       0                  
     Required Time:=    5000                  
      Launch Clock:-       0                  
         Data Path:-     276                  
             Slack:=    4724                  

Exceptions/Constraints:
  output_delay              0              top.sdc_line_11_37_1 

#---------------------------------------------------------------------------------------
# Timing Point   Flags   Arc   Edge   Cell     Fanout Load Trans Delay Arrival Instance 
#                                                     (fF)  (ps)  (ps)   (ps)  Location 
#---------------------------------------------------------------------------------------
  Y_reg[3]/CK    -       -     R     (arrival)     10    -     0     0       0    (-,-) 
  Y_reg[3]/Q     -       CK->Q F     DFFQXL         1  3.9   193   276     276    (-,-) 
  Y[3]           -       -     F     (port)         -    -     -     0     276    (-,-) 
#---------------------------------------------------------------------------------------



Path 15: MET (4724 ps) Late External Delay Assertion at pin Y[4]
          Group: C2O
     Startpoint: (R) Y_reg[4]/CK
          Clock: (R) CLK
       Endpoint: (F) Y[4]
          Clock: (R) CLK

                     Capture       Launch     
        Clock Edge:+    5000            0     
       Src Latency:+       0            0     
       Net Latency:+       0 (I)        0 (I) 
           Arrival:=    5000            0     
                                              
      Output Delay:-       0                  
     Required Time:=    5000                  
      Launch Clock:-       0                  
         Data Path:-     276                  
             Slack:=    4724                  

Exceptions/Constraints:
  output_delay              0              top.sdc_line_11_36_1 

#---------------------------------------------------------------------------------------
# Timing Point   Flags   Arc   Edge   Cell     Fanout Load Trans Delay Arrival Instance 
#                                                     (fF)  (ps)  (ps)   (ps)  Location 
#---------------------------------------------------------------------------------------
  Y_reg[4]/CK    -       -     R     (arrival)     10    -     0     0       0    (-,-) 
  Y_reg[4]/Q     -       CK->Q F     DFFQXL         1  3.9   193   276     276    (-,-) 
  Y[4]           -       -     F     (port)         -    -     -     0     276    (-,-) 
#---------------------------------------------------------------------------------------



Path 16: MET (4724 ps) Late External Delay Assertion at pin Y[5]
          Group: C2O
     Startpoint: (R) Y_reg[5]/CK
          Clock: (R) CLK
       Endpoint: (F) Y[5]
          Clock: (R) CLK

                     Capture       Launch     
        Clock Edge:+    5000            0     
       Src Latency:+       0            0     
       Net Latency:+       0 (I)        0 (I) 
           Arrival:=    5000            0     
                                              
      Output Delay:-       0                  
     Required Time:=    5000                  
      Launch Clock:-       0                  
         Data Path:-     276                  
             Slack:=    4724                  

Exceptions/Constraints:
  output_delay              0              top.sdc_line_11_35_1 

#---------------------------------------------------------------------------------------
# Timing Point   Flags   Arc   Edge   Cell     Fanout Load Trans Delay Arrival Instance 
#                                                     (fF)  (ps)  (ps)   (ps)  Location 
#---------------------------------------------------------------------------------------
  Y_reg[5]/CK    -       -     R     (arrival)     10    -     0     0       0    (-,-) 
  Y_reg[5]/Q     -       CK->Q F     DFFQXL         1  3.9   193   276     276    (-,-) 
  Y[5]           -       -     F     (port)         -    -     -     0     276    (-,-) 
#---------------------------------------------------------------------------------------



Path 17: MET (4724 ps) Late External Delay Assertion at pin Y[6]
          Group: C2O
     Startpoint: (R) Y_reg[6]/CK
          Clock: (R) CLK
       Endpoint: (F) Y[6]
          Clock: (R) CLK

                     Capture       Launch     
        Clock Edge:+    5000            0     
       Src Latency:+       0            0     
       Net Latency:+       0 (I)        0 (I) 
           Arrival:=    5000            0     
                                              
      Output Delay:-       0                  
     Required Time:=    5000                  
      Launch Clock:-       0                  
         Data Path:-     276                  
             Slack:=    4724                  

Exceptions/Constraints:
  output_delay              0              top.sdc_line_11_34_1 

#---------------------------------------------------------------------------------------
# Timing Point   Flags   Arc   Edge   Cell     Fanout Load Trans Delay Arrival Instance 
#                                                     (fF)  (ps)  (ps)   (ps)  Location 
#---------------------------------------------------------------------------------------
  Y_reg[6]/CK    -       -     R     (arrival)     10    -     0     0       0    (-,-) 
  Y_reg[6]/Q     -       CK->Q F     DFFQXL         1  3.9   193   276     276    (-,-) 
  Y[6]           -       -     F     (port)         -    -     -     0     276    (-,-) 
#---------------------------------------------------------------------------------------



Path 18: MET (4724 ps) Late External Delay Assertion at pin Y[7]
          Group: C2O
     Startpoint: (R) Y_reg[7]/CK
          Clock: (R) CLK
       Endpoint: (F) Y[7]
          Clock: (R) CLK

                     Capture       Launch     
        Clock Edge:+    5000            0     
       Src Latency:+       0            0     
       Net Latency:+       0 (I)        0 (I) 
           Arrival:=    5000            0     
                                              
      Output Delay:-       0                  
     Required Time:=    5000                  
      Launch Clock:-       0                  
         Data Path:-     276                  
             Slack:=    4724                  

Exceptions/Constraints:
  output_delay              0              top.sdc_line_11_33_1 

#---------------------------------------------------------------------------------------
# Timing Point   Flags   Arc   Edge   Cell     Fanout Load Trans Delay Arrival Instance 
#                                                     (fF)  (ps)  (ps)   (ps)  Location 
#---------------------------------------------------------------------------------------
  Y_reg[7]/CK    -       -     R     (arrival)     10    -     0     0       0    (-,-) 
  Y_reg[7]/Q     -       CK->Q F     DFFQXL         1  3.9   193   276     276    (-,-) 
  Y[7]           -       -     F     (port)         -    -     -     0     276    (-,-) 
#---------------------------------------------------------------------------------------



Path 19: MET (4724 ps) Late External Delay Assertion at pin Y[8]
          Group: C2O
     Startpoint: (R) Y_reg[8]/CK
          Clock: (R) CLK
       Endpoint: (F) Y[8]
          Clock: (R) CLK

                     Capture       Launch     
        Clock Edge:+    5000            0     
       Src Latency:+       0            0     
       Net Latency:+       0 (I)        0 (I) 
           Arrival:=    5000            0     
                                              
      Output Delay:-       0                  
     Required Time:=    5000                  
      Launch Clock:-       0                  
         Data Path:-     276                  
             Slack:=    4724                  

Exceptions/Constraints:
  output_delay              0              top.sdc_line_11_32_1 

#---------------------------------------------------------------------------------------
# Timing Point   Flags   Arc   Edge   Cell     Fanout Load Trans Delay Arrival Instance 
#                                                     (fF)  (ps)  (ps)   (ps)  Location 
#---------------------------------------------------------------------------------------
  Y_reg[8]/CK    -       -     R     (arrival)     10    -     0     0       0    (-,-) 
  Y_reg[8]/Q     -       CK->Q F     DFFQXL         1  3.9   193   276     276    (-,-) 
  Y[8]           -       -     F     (port)         -    -     -     0     276    (-,-) 
#---------------------------------------------------------------------------------------



Path 20: MET (4724 ps) Late External Delay Assertion at pin Y[9]
          Group: C2O
     Startpoint: (R) Y_reg[9]/CK
          Clock: (R) CLK
       Endpoint: (F) Y[9]
          Clock: (R) CLK

                     Capture       Launch     
        Clock Edge:+    5000            0     
       Src Latency:+       0            0     
       Net Latency:+       0 (I)        0 (I) 
           Arrival:=    5000            0     
                                              
      Output Delay:-       0                  
     Required Time:=    5000                  
      Launch Clock:-       0                  
         Data Path:-     276                  
             Slack:=    4724                  

Exceptions/Constraints:
  output_delay              0              top.sdc_line_11 

#---------------------------------------------------------------------------------------
# Timing Point   Flags   Arc   Edge   Cell     Fanout Load Trans Delay Arrival Instance 
#                                                     (fF)  (ps)  (ps)   (ps)  Location 
#---------------------------------------------------------------------------------------
  Y_reg[9]/CK    -       -     R     (arrival)     10    -     0     0       0    (-,-) 
  Y_reg[9]/Q     -       CK->Q F     DFFQXL         1  3.9   193   276     276    (-,-) 
  Y[9]           -       -     F     (port)         -    -     -     0     276    (-,-) 
#---------------------------------------------------------------------------------------

Some unconstrained paths have not been displayed.
Use -unconstrained or set the root attribute 'timing_report_unconstrained' to 'true' to see only these unconstrained paths.

