============================================================
  Generated by:           Genus(TM) Synthesis Solution 21.18-s082_1
  Generated on:           May 02 2026  11:11:26 am
  Module:                 top
  Operating conditions:   PVT_0P9V_125C 
  Interconnect mode:      global
  Area mode:              physical library
============================================================

                                 Leakage   Internal  
   Gate     Instances   Area   Power (nW) Power (nW)     Library    
--------------------------------------------------------------------
ADDFX1              3   15.390      0.306    989.653    slow_vdd1v0 
ADDFX1HVT          49  251.370      4.495   4972.295    slow_vdd1v0 
ADDFXL              1    6.840      0.082    278.405    slow_vdd1v0 
ADDFXLLVT           1    6.840      0.402    178.997    slow_vdd1v0 
ADDHX1HVT           6   22.572      0.366    346.161    slow_vdd1v0 
AND2X1HVT          64   87.552      1.346   1466.301    slow_vdd1v0 
DFFQX1HVT          10   58.140      0.669   3829.353    slow_vdd1v0 
NOR2BX1HVT         10   13.680      0.240    825.412    slow_vdd1v0 
--------------------------------------------------------------------
total             144  462.384      7.905  12886.577                


                                          Leakage  Leakage  Internal  Internal 
     Type      Instances   Area  Area % Power (nW) Power % Power (nW)  Power % 
-------------------------------------------------------------------------------
sequential            10  58.140   12.6      0.669     8.5   3829.353     29.7 
logic                134 404.244   87.4      7.237    91.5   9057.223     70.3 
physical_cells         0   0.000    0.0      0.000     0.0      0.000      0.0 
-------------------------------------------------------------------------------
total                144 462.384  100.0      7.905   100.0  12886.577    100.0 

