============================================================
  Generated by:           Genus(TM) Synthesis Solution 21.18-s082_1
  Generated on:           Jun 13 2026  07:48:17 am
  Module:                 TOP
  Operating conditions:   PVT_0P9V_125C 
  Interconnect mode:      global
  Area mode:              physical library
============================================================

Timing
--------

 Clock  Period 
---------------
SYS_CLK 5000.0 


  Cost    Critical         Violating 
 Group   Path Slack  TNS     Paths   
-------------------------------------
C2C          2618.8   0.0          0 
C2O          4710.3   0.0          0 
default    No paths   0.0            
I2C          4615.3   0.0          0 
I2O        No paths   0.0            
SYS_CLK    No paths   0.0            
-------------------------------------
Total                 0.0          0 

Instance Count
--------------
Leaf Instance Count             447 
Physical Instance count           0 
Sequential Instance Count        35 
Combinational Instance Count    412 
Hierarchical Instance Count       1 

Area
----
Cell Area                          1424.833
Physical Cell Area                 0.000
Total Cell Area (Cell+Physical)    1424.833
Net Area                           10.377
Total Area (Cell+Physical+Net)     1435.210

Runtime                            0.0 seconds
Elapsed Runtime                    44 seconds
Genus peak memory usage            1719.88 
Innovus peak memory usage          no_value 
Hostname                           cadence
