============================================================
  Generated by:           Genus(TM) Synthesis Solution 21.18-s082_1
  Generated on:           Jun 13 2026  07:48:46 am
  Module:                 TOP
  Operating conditions:   PVT_0P9V_125C 
  Interconnect mode:      global
  Area mode:              physical library
============================================================

                                   Leakage  
    Gate      Instances   Area   Power (nW)     Library    
-----------------------------------------------------------
ADDFHX1LVT            1    7.524      0.661    slow_vdd1v0 
ADDFX1                5   25.650      0.528    slow_vdd1v0 
ADDFX1HVT            11   56.430      1.185    slow_vdd1v0 
ADDFX1LVT             7   35.910      3.586    slow_vdd1v0 
ADDFXL                3   20.520      0.264    slow_vdd1v0 
ADDFXLLVT             5   34.200      1.965    slow_vdd1v0 
ADDHX1                2    7.524      0.168    slow_vdd1v0 
AND2X1                3    4.104      0.098    slow_vdd1v0 
AND2X1HVT            46   62.928      0.990    slow_vdd1v0 
AND2X1LVT             5    6.840      0.828    slow_vdd1v0 
AND2X2                4    6.840      0.204    slow_vdd1v0 
AND2X6LVT             1    3.762      1.300    slow_vdd1v0 
AND3X1                1    2.394      0.044    slow_vdd1v0 
BUFX2HVT              1    1.710      0.025    slow_vdd1v0 
CLKAND2X2LVT          1    2.052      0.345    slow_vdd1v0 
CLKAND2X3LVT          1    3.078      0.569    slow_vdd1v0 
CLKINVX6LVT           1    2.394      0.830    slow_vdd1v0 
DFFQX1HVT            28  162.792      1.838    slow_vdd1v0 
DFFQX4                3   21.546      0.569    slow_vdd1v0 
DFFQX4LVT             1    7.182      1.147    slow_vdd1v0 
DFFRHQX4              3   28.728      0.687    slow_vdd1v0 
INVX1                 9    6.156      0.193    slow_vdd1v0 
INVX1HVT             19   12.996      0.355    slow_vdd1v0 
INVX1LVT              6    4.104      0.726    slow_vdd1v0 
INVX2                 6    6.156      0.247    slow_vdd1v0 
INVX2HVT             15   15.390      0.265    slow_vdd1v0 
INVX2LVT              8    8.208      2.220    slow_vdd1v0 
INVX3HVT              1    1.368      0.066    slow_vdd1v0 
INVXL                 1    0.684      0.011    slow_vdd1v0 
MX2X1HVT              1    2.394      0.040    slow_vdd1v0 
MXI2X2HVT            32  142.272      2.337    slow_vdd1v0 
NAND2X1               4    4.104      0.082    slow_vdd1v0 
NAND2X2               1    1.710      0.042    slow_vdd1v0 
NAND2X4LVT            1    3.420      0.545    slow_vdd1v0 
NAND2X8               1    5.472      0.322    slow_vdd1v0 
NOR2X1               32   32.832      0.679    slow_vdd1v0 
NOR2X2HVT             1    1.710      0.045    slow_vdd1v0 
NOR2X8LVT             1    5.472      1.562    slow_vdd1v0 
OAI2BB1X1             1    1.710      0.045    slow_vdd1v0 
OR2X2LVT              1    1.710      0.331    slow_vdd1v0 
OR2X4                 1    2.736      0.113    slow_vdd1v0 
OR3X1                 1    2.052      0.039    slow_vdd1v0 
XNOR2X1               1    2.394      0.071    slow_vdd1v0 
XNOR2X1HVT            5   11.970      0.216    slow_vdd1v0 
-----------------------------------------------------------
total               282  781.128     28.379                


                                          Leakage  Leakage 
     Type      Instances   Area  Area % Power (nW) Power % 
-----------------------------------------------------------
sequential            35 220.248   28.2      4.240    14.9 
inverter              66  57.456    7.4      4.912    17.3 
buffer                 1   1.710    0.2      0.025     0.1 
logic                180 501.714   64.2     19.201    67.7 
physical_cells         0   0.000    0.0      0.000     0.0 
-----------------------------------------------------------
total                282 781.128  100.0     28.379   100.0 

