============================================================
  Generated by:           Genus(TM) Synthesis Solution 21.18-s082_1
  Generated on:           Jun 13 2026  07:48:45 am
  Module:                 TOP
  Operating conditions:   PVT_0P9V_125C 
  Interconnect mode:      global
  Area mode:              physical library
============================================================

Timing
--------

 Clock  Period 
---------------
SYS_CLK 5000.0 


  Cost    Critical         Violating 
 Group   Path Slack  TNS     Paths   
-------------------------------------
C2C           312.6   0.0          0 
C2O          4088.3   0.0          0 
default    No paths   0.0            
I2C          3975.5   0.0          0 
I2O        No paths   0.0            
SYS_CLK    No paths   0.0            
-------------------------------------
Total                 0.0          0 

Instance Count
--------------
Leaf Instance Count             282 
Physical Instance count           0 
Sequential Instance Count        35 
Combinational Instance Count    247 
Hierarchical Instance Count       0 

Area
----
Cell Area                          781.128
Physical Cell Area                 0.000
Total Cell Area (Cell+Physical)    781.128
Net Area                           317.740
Total Area (Cell+Physical+Net)     1098.868

Runtime                            0.0 seconds
Elapsed Runtime                    72 seconds
Genus peak memory usage            1697.97 
Innovus peak memory usage          no_value 
Hostname                           cadence
