============================================================
  Generated by:           Genus(TM) Synthesis Solution 21.18-s082_1
  Generated on:           Jun 13 2026  07:48:52 am
  Module:                 TOP
  Operating conditions:   PVT_0P9V_125C 
  Interconnect mode:      global
  Area mode:              physical library
============================================================

                                   Leakage  
    Gate      Instances   Area   Power (nW)     Library    
-----------------------------------------------------------
ADDFHX1LVT            1    7.524      0.661    slow_vdd1v0 
ADDFX1                5   25.650      0.527    slow_vdd1v0 
ADDFX1HVT            11   56.430      1.185    slow_vdd1v0 
ADDFX1LVT             5   25.650      2.557    slow_vdd1v0 
ADDFXL                6   41.040      0.529    slow_vdd1v0 
ADDFXLLVT             4   27.360      1.575    slow_vdd1v0 
ADDHXL                2    9.576      0.132    slow_vdd1v0 
AND2X1                7    9.576      0.207    slow_vdd1v0 
AND2X1HVT            47   64.296      1.012    slow_vdd1v0 
AND2X1LVT             2    2.736      0.334    slow_vdd1v0 
AND2X2                1    1.710      0.051    slow_vdd1v0 
AND2X2HVT             2    3.420      0.078    slow_vdd1v0 
AND2X6LVT             1    3.762      1.300    slow_vdd1v0 
CLKAND2X2LVT          1    2.052      0.345    slow_vdd1v0 
CLKAND2X3             1    3.078      0.091    slow_vdd1v0 
DFFQX1HVT            28  162.792      1.838    slow_vdd1v0 
DFFQX4                3   21.546      0.569    slow_vdd1v0 
DFFQX4LVT             1    7.182      1.147    slow_vdd1v0 
DFFRHQX2              1    7.866      0.149    slow_vdd1v0 
DFFRHQX4              2   19.152      0.464    slow_vdd1v0 
INVX1                30   20.520      0.604    slow_vdd1v0 
INVX1HVT              1    0.684      0.019    slow_vdd1v0 
INVX2                 4    4.104      0.166    slow_vdd1v0 
INVX3                 1    1.368      0.071    slow_vdd1v0 
INVXL                28   19.152      0.293    slow_vdd1v0 
MX2X1HVT              1    2.394      0.040    slow_vdd1v0 
MXI2X2HVT            32  142.272      2.337    slow_vdd1v0 
NAND2X1               4    4.104      0.082    slow_vdd1v0 
NAND2X2               1    1.710      0.042    slow_vdd1v0 
NAND2X4               1    3.420      0.107    slow_vdd1v0 
NAND2X8               1    5.472      0.322    slow_vdd1v0 
NOR2X1               32   32.832      0.679    slow_vdd1v0 
NOR2X2HVT             1    1.710      0.045    slow_vdd1v0 
NOR2X8                1    5.472      0.271    slow_vdd1v0 
OAI2BB1X1             1    1.710      0.045    slow_vdd1v0 
OR2X2LVT              1    1.710      0.331    slow_vdd1v0 
OR2X4                 1    2.736      0.113    slow_vdd1v0 
OR3X1                 1    2.052      0.039    slow_vdd1v0 
XNOR2X1               1    2.394      0.071    slow_vdd1v0 
XNOR2X1HVT            5   11.970      0.216    slow_vdd1v0 
-----------------------------------------------------------
total               279  770.184     20.642                


                                          Leakage  Leakage 
     Type      Instances   Area  Area % Power (nW) Power % 
-----------------------------------------------------------
sequential            35 218.538   28.4      4.167    20.2 
inverter              64  45.828    6.0      1.153     5.6 
logic                180 505.818   65.7     15.323    74.2 
physical_cells         0   0.000    0.0      0.000     0.0 
-----------------------------------------------------------
total                279 770.184  100.0     20.642   100.0 

