============================================================
  Generated by:           Genus(TM) Synthesis Solution 21.18-s082_1
  Generated on:           Jun 13 2026  07:48:46 am
  Module:                 TOP
  Operating conditions:   PVT_0P9V_125C 
  Interconnect mode:      global
  Area mode:              physical library
============================================================


Path 1: MET (3976 ps) Setup Check with Pin F1_P_STATE_reg[0]/CK->D
          Group: I2C
     Startpoint: (R) STOP
          Clock: (R) SYS_CLK
       Endpoint: (F) F1_P_STATE_reg[0]/D
          Clock: (R) SYS_CLK

                     Capture       Launch     
        Clock Edge:+    5000            0     
        Drv Adjust:+       0            0     
       Src Latency:+       0            0     
       Net Latency:+       0 (I)        0 (I) 
           Arrival:=    5000            0     
                                              
             Setup:-     176                  
     Required Time:=    4824                  
      Launch Clock:-       0                  
       Input Delay:-     100                  
         Data Path:-     749                  
             Slack:=    3976                  

Exceptions/Constraints:
  input_delay             100             top.sdc_line_5_2_1 

#---------------------------------------------------------------------------------------------
#    Timing Point     Flags    Arc   Edge   Cell     Fanout Load Trans Delay Arrival Instance 
#                                                           (fF)  (ps)  (ps)   (ps)  Location 
#---------------------------------------------------------------------------------------------
  STOP                -       -      R     (arrival)      1  4.1     0     0     100    (-,-) 
  g214/Y              -       A->Y   F     INVXL          1  4.1   199   113     213    (-,-) 
  g432__6260/Y        -       B->Y   F     MX2X1HVT       1  4.1   210   354     567    (-,-) 
  g424__1666/Y        -       A1N->Y F     OAI2BB1X1      1  4.2   267   282     849    (-,-) 
  F1_P_STATE_reg[0]/D -       -      F     DFFRHQX4       1    -     -     0     849    (-,-) 
#---------------------------------------------------------------------------------------------

