============================================================
  Generated by:           Genus(TM) Synthesis Solution 21.18-s082_1
  Generated on:           Jun 13 2026  07:48:46 am
  Module:                 TOP
  Operating conditions:   PVT_0P9V_125C 
  Interconnect mode:      global
  Area mode:              physical library
============================================================


Path 1: MET (313 ps) Setup Check with Pin D2_REG1_reg[13]/CK->D
          Group: C2C
     Startpoint: (R) D2_REG1_reg[5]/CK
          Clock: (R) SYS_CLK
       Endpoint: (R) D2_REG1_reg[13]/D
          Clock: (R) SYS_CLK

                     Capture       Launch     
        Clock Edge:+    5000            0     
       Src Latency:+       0            0     
       Net Latency:+       0 (I)        0 (I) 
           Arrival:=    5000            0     
                                              
             Setup:-     322                  
     Required Time:=    4678                  
      Launch Clock:-       0                  
         Data Path:-    4365                  
             Slack:=     313                  

#--------------------------------------------------------------------------------------------------------------------------
#                 Timing Point                  Flags    Arc   Edge     Cell      Fanout Load Trans Delay Arrival Instance 
#                                                                                        (fF)  (ps)  (ps)   (ps)  Location 
#--------------------------------------------------------------------------------------------------------------------------
  D2_REG1_reg[5]/CK                             -       -      R     (arrival)        35    -     0     0       0    (-,-) 
  D2_REG1_reg[5]/Q                              -       CK->Q  F     DFFQX1HVT         1  4.2   208   384     384    (-,-) 
  drc_bufs462/Y                                 -       A->Y   R     INVX1             1  4.7   138   180     564    (-,-) 
  drc_bufs461/Y                                 -       A->Y   F     INVX2             3  8.2   133   141     705    (-,-) 
  drc_bufs/Y                                    -       A->Y   F     BUFX2HVT          1  4.5   128   203     908    (-,-) 
  g308__3680/Y                                  -       A->Y   F     CLKAND2X3LVT      4 10.3    67   130    1038    (-,-) 
  D2_WALLACE_CSA_DUMMY_OP_groupi_g1078__8428/Y  -       A->Y   F     AND2X1HVT         1  4.5   223   204    1242    (-,-) 
  D2_WALLACE_CSA_DUMMY_OP_groupi_g1029__8246/S  -       B->S   R     ADDFX1HVT         1  4.5   172   576    1818    (-,-) 
  D2_WALLACE_CSA_DUMMY_OP_groupi_g1014__7410/S  -       CI->S  F     ADDFXL            1  4.7   239   412    2230    (-,-) 
  D2_WALLACE_CSA_DUMMY_OP_groupi_g1001__8246/CO -       A->CO  F     ADDFX1LVT         1  4.8    95   226    2456    (-,-) 
  D2_WALLACE_CSA_DUMMY_OP_groupi_g1000__5122/CO -       CI->CO F     ADDFHX1LVT        1  4.5    89   159    2616    (-,-) 
  D2_WALLACE_CSA_DUMMY_OP_groupi_g999__1705/CO  -       CI->CO F     ADDFXLLVT         1  4.5   145   189    2805    (-,-) 
  D2_WALLACE_CSA_DUMMY_OP_groupi_g998__2802/CO  -       CI->CO F     ADDFXLLVT         1  4.4   142   208    3013    (-,-) 
  D2_WALLACE_CSA_DUMMY_OP_groupi_g997__1617/CO  -       CI->CO F     ADDFX1            1  4.4   137   270    3283    (-,-) 
  D2_WALLACE_CSA_DUMMY_OP_groupi_g996__3680/CO  -       CI->CO F     ADDFX1            1  4.3   134   267    3550    (-,-) 
  D2_WALLACE_CSA_DUMMY_OP_groupi_g995__6783/Y   -       B->Y   R     XNOR2X1           1  4.1   102   246    3796    (-,-) 
  g388__7482/Y                                  -       B->Y   F     MXI2X2HVT         1  4.2   121   380    4176    (-,-) 
  g341__5115/Y                                  -       B->Y   R     NOR2X1            1  4.1   215   189    4365    (-,-) 
  D2_REG1_reg[13]/D                             -       -      R     DFFQX1HVT         1    -     -     0    4365    (-,-) 
#--------------------------------------------------------------------------------------------------------------------------

