============================================================
  Generated by:           Genus(TM) Synthesis Solution 21.18-s082_1
  Generated on:           Jun 13 2026  07:48:03 am
  Module:                 TOP
  Operating conditions:   PVT_0P9V_125C 
  Interconnect mode:      global
  Area mode:              physical library
============================================================

Some unconstrained paths have not been displayed.
Use -unconstrained or set the root attribute 'timing_report_unconstrained' to 'true' to see only these unconstrained paths.

============================================================
  Generated by:           Genus(TM) Synthesis Solution 21.18-s082_1
  Generated on:           Jun 13 2026  07:48:03 am
  Module:                 TOP
  Operating conditions:   PVT_0P9V_125C 
  Interconnect mode:      global
  Area mode:              physical library
============================================================

No paths found

============================================================
  Generated by:           Genus(TM) Synthesis Solution 21.18-s082_1
  Generated on:           Jun 13 2026  07:48:03 am
  Module:                 TOP
  Operating conditions:   PVT_0P9V_125C 
  Interconnect mode:      global
  Area mode:              physical library
============================================================


Path 1: MET (4609 ps) Setup Check with Pin F1/P_STATE_reg[0]/clk->d
          Group: I2C
     Startpoint: (R) STOP
          Clock: (R) SYS_CLK
       Endpoint: (R) F1/P_STATE_reg[0]/d
          Clock: (R) SYS_CLK

                     Capture       Launch     
        Clock Edge:+    5000            0     
        Drv Adjust:+       0            0     
       Src Latency:+       0            0     
       Net Latency:+       0 (I)        0 (I) 
           Arrival:=    5000            0     
                                              
             Setup:-      70                  
     Required Time:=    4930                  
      Launch Clock:-       0                  
       Input Delay:-     100                  
         Data Path:-     221                  
             Slack:=    4609                  

Exceptions/Constraints:
  input_delay             100             top.sdc_line_5_2_1 

#-----------------------------------------------------------------------------------------------------------
#       Timing Point        Flags     Arc    Edge      Cell        Fanout Load Trans Delay Arrival Instance 
#                                                                         (fF)  (ps)  (ps)   (ps)  Location 
#-----------------------------------------------------------------------------------------------------------
  STOP                      (u)     -        R     (arrival)            1  1.0     0     0     100    (-,-) 
  F1/mux_N_STATE_92_17/g1/z (u)     sel0->z  R     unmapped_bmux3       1  1.0     0   109     209    (-,-) 
  F1/mux_N_STATE_41_5/g3/z  (u)     data1->z R     unmapped_mux6        1  1.0     0   112     321    (-,-) 
  F1/P_STATE_reg[0]/d       -       -        R     unmapped_d_flop      1    -     -     0     321    (-,-) 
#-----------------------------------------------------------------------------------------------------------

(u) : Net has unmapped pin(s).

============================================================
  Generated by:           Genus(TM) Synthesis Solution 21.18-s082_1
  Generated on:           Jun 13 2026  07:48:03 am
  Module:                 TOP
  Operating conditions:   PVT_0P9V_125C 
  Interconnect mode:      global
  Area mode:              physical library
============================================================


Path 1: MET (4710 ps) Late External Delay Assertion at pin Y_REG[0]
          Group: C2O
     Startpoint: (R) D2/Y_REG_reg[0]/clk
          Clock: (R) SYS_CLK
       Endpoint: (R) Y_REG[0]
          Clock: (R) SYS_CLK

                     Capture       Launch     
        Clock Edge:+    5000            0     
       Src Latency:+       0            0     
       Net Latency:+       0 (I)        0 (I) 
           Arrival:=    5000            0     
                                              
      Output Delay:-     100                  
     Required Time:=    4900                  
      Launch Clock:-       0                  
         Data Path:-     190                  
             Slack:=    4710                  

Exceptions/Constraints:
  output_delay             100             top.sdc_line_7_18_1 

#---------------------------------------------------------------------------------------------------
#    Timing Point     Flags    Arc   Edge      Cell        Fanout Load Trans Delay Arrival Instance 
#                                                                 (fF)  (ps)  (ps)   (ps)  Location 
#---------------------------------------------------------------------------------------------------
  D2/Y_REG_reg[0]/clk -       -      R     (arrival)           35    -     0     0       0    (-,-) 
  D2/Y_REG_reg[0]/q   (u)     clk->q R     unmapped_d_flop      1  3.9     0   190     190    (-,-) 
  Y_REG[0]            -       -      R     (port)               -    -     -     0     190    (-,-) 
#---------------------------------------------------------------------------------------------------

(u) : Net has unmapped pin(s).

============================================================
  Generated by:           Genus(TM) Synthesis Solution 21.18-s082_1
  Generated on:           Jun 13 2026  07:48:03 am
  Module:                 TOP
  Operating conditions:   PVT_0P9V_125C 
  Interconnect mode:      global
  Area mode:              physical library
============================================================


Path 1: MET (2438 ps) Setup Check with Pin D2/REG1_reg[13]/clk->d
          Group: C2C
     Startpoint: (R) F1/P_STATE_reg[0]/clk
          Clock: (R) SYS_CLK
       Endpoint: (R) D2/REG1_reg[13]/d
          Clock: (R) SYS_CLK

                     Capture       Launch     
        Clock Edge:+    5000            0     
       Src Latency:+       0            0     
       Net Latency:+       0 (I)        0 (I) 
           Arrival:=    5000            0     
                                              
             Setup:-     233                  
     Required Time:=    4767                  
      Launch Clock:-       0                  
         Data Path:-    2329                  
             Slack:=    2438                  

#--------------------------------------------------------------------------------------------------------------
#         Timing Point          Flags    Arc    Edge      Cell        Fanout Load Trans Delay Arrival Instance 
#                                                                            (fF)  (ps)  (ps)   (ps)  Location 
#--------------------------------------------------------------------------------------------------------------
  F1/P_STATE_reg[0]/clk         -       -       R     (arrival)           35    -     0     0       0    (-,-) 
  F1/P_STATE_reg[0]/q           (u)     clk->q  R     unmapped_d_flop      6  6.0     0   249     249    (-,-) 
  F1/ctl_133_10/g10/z           (u)     in_1->z F     unmapped_nand2       1  1.0     0    54     303    (-,-) 
  F1/ctl_133_10/g9/z            (u)     in_1->z R     unmapped_nor2        6  6.0     0    88     391    (-,-) 
  F1/mux_cmbsop_CLR_133_10/g3/z (u)     sel3->z R     unmapped_mux12      14 14.0     0   256     647    (-,-) 
  D2/mux_MUX_A_OUT_44_10/g13/z  (u)     sel0->z R     unmapped_bmux3       4  4.0     0   132     779    (-,-) 
  D2/mul_85_29/g44/z            (u)     in_0->z R     unmapped_and2        3  3.0     0    70     849    (-,-) 
  D2/mul_85_29/g96/z            (u)     in_1->z F     unmapped_nand2       1  1.0     0    54     903    (-,-) 
  D2/mul_85_29/g97/z            (u)     in_2->z R     unmapped_nand3       3  3.0     0   100    1003    (-,-) 
  D2/mul_85_29/g110/z           (u)     in_1->z R     unmapped_xor2        1  1.0     0   109    1112    (-,-) 
  D2/mul_85_29/g111/z           (u)     in_0->z R     unmapped_xor2        2  2.0     0   118    1229    (-,-) 
  D2/mul_85_29/g234/z           (u)     in_1->z F     unmapped_nor2        3  3.0     0    70    1300    (-,-) 
  D2/mul_85_29/g261/z           (u)     in_1->z R     unmapped_nor2        1  1.0     0    54    1354    (-,-) 
  D2/mul_85_29/g263/z           (u)     in_0->z F     unmapped_nor2        3  3.0     0    70    1424    (-,-) 
  D2/mul_85_29/g78/z            (u)     in_0->z R     unmapped_nor2        1  1.0     0    54    1478    (-,-) 
  D2/mul_85_29/g80/z            (u)     in_0->z F     unmapped_nor2        1  1.0     0    54    1531    (-,-) 
  D2/mul_85_29/g299/z           (u)     in_0->z R     unmapped_nand2       8  8.0     0    99    1631    (-,-) 
  D2/mul_85_29/g314/z           (u)     in_0->z F     unmapped_nand2       1  1.0     0    54    1684    (-,-) 
  D2/mul_85_29/g315/z           (u)     in_1->z R     unmapped_nand2       1  1.0     0    54    1738    (-,-) 
  D2/mul_85_29/g350/z           (u)     in_0->z R     unmapped_xnor2       2  2.0     0   118    1856    (-,-) 
  D2/add_91_33/g22/z            (u)     in_0->z F     unmapped_nor2        3  3.0     0    70    1926    (-,-) 
  D2/add_91_33/g50/z            (u)     in_1->z R     unmapped_nor2        3  3.0     0    70    1996    (-,-) 
  D2/add_91_33/g83/z            (u)     in_0->z F     unmapped_nand2       2  2.0     0    62    2059    (-,-) 
  D2/add_91_33/g98/z            (u)     in_1->z R     unmapped_nor2        1  1.0     0    54    2113    (-,-) 
  D2/add_91_33/g115/z           (u)     in_0->z F     unmapped_nand2       1  1.0     0    54    2166    (-,-) 
  D2/add_91_33/g116/z           (u)     in_1->z R     unmapped_nand2       1  1.0     0    54    2220    (-,-) 
  D2/add_91_33/g151/z           (u)     in_0->z R     unmapped_xnor2       1  1.0     0   109    2329    (-,-) 
  D2/REG1_reg[13]/d             -       -       R     unmapped_d_flop      1    -     -     0    2329    (-,-) 
#--------------------------------------------------------------------------------------------------------------

(u) : Net has unmapped pin(s).

============================================================
  Generated by:           Genus(TM) Synthesis Solution 21.18-s082_1
  Generated on:           Jun 13 2026  07:48:03 am
  Module:                 TOP
  Operating conditions:   PVT_0P9V_125C 
  Interconnect mode:      global
  Area mode:              physical library
============================================================

No paths found

