============================================================
  Generated by:           Genus(TM) Synthesis Solution 21.18-s082_1
  Generated on:           Jun 13 2026  07:48:53 am
  Module:                 TOP
  Operating conditions:   PVT_0P9V_125C 
  Interconnect mode:      global
  Area mode:              physical library
============================================================


Path 1: MET (2 ps) Setup Check with Pin D2_REG1_reg[13]/CK->D
          Group: C2C
     Startpoint: (R) F1_P_STATE_reg[1]/CK
          Clock: (R) SYS_CLK
       Endpoint: (R) D2_REG1_reg[13]/D
          Clock: (R) SYS_CLK

                     Capture       Launch     
        Clock Edge:+    5000            0     
       Src Latency:+       0            0     
       Net Latency:+       0 (I)        0 (I) 
           Arrival:=    5000            0     
                                              
             Setup:-     322                  
     Required Time:=    4678                  
      Launch Clock:-       0                  
         Data Path:-    4676                  
             Slack:=       2                  

#------------------------------------------------------------------------------------------------------------------------
#                 Timing Point                  Flags    Arc   Edge    Cell     Fanout Load Trans Delay Arrival Instance 
#                                                                                      (fF)  (ps)  (ps)   (ps)  Location 
#------------------------------------------------------------------------------------------------------------------------
  F1_P_STATE_reg[1]/CK                          -       -      R     (arrival)      35    -     0     0       0    (-,-) 
  F1_P_STATE_reg[1]/Q                           -       CK->Q  R     DFFRHQX4        3 10.3    81   288     288    (-,-) 
  g316__6131/Y                                  -       A->Y   F     NAND2X4         1  6.8   135   130     417    (-,-) 
  g315__7098/Y                                  -       B->Y   R     NOR2X8         16 36.9   235   192     609    (-,-) 
  g309__1617/Y                                  -       A->Y   R     AND2X2          4 10.3   137   334     943    (-,-) 
  D2_WALLACE_CSA_DUMMY_OP_groupi_g1082__1617/Y  -       A->Y   R     AND2X1HVT       1  4.7   157   320    1263    (-,-) 
  D2_WALLACE_CSA_DUMMY_OP_groupi_g1019__6260/S  -       B->S   F     ADDFXL          1  4.4   225   425    1687    (-,-) 
  D2_WALLACE_CSA_DUMMY_OP_groupi_g1017__2398/S  -       CI->S  R     ADDFX1          1  4.8   128   422    2109    (-,-) 
  D2_WALLACE_CSA_DUMMY_OP_groupi_g1004__1881/CO -       B->CO  R     ADDFX1LVT       1  4.5    82   197    2306    (-,-) 
  D2_WALLACE_CSA_DUMMY_OP_groupi_g1003__6131/CO -       CI->CO R     ADDFX1LVT       1  4.5    81   169    2475    (-,-) 
  D2_WALLACE_CSA_DUMMY_OP_groupi_g1002__7098/CO -       CI->CO R     ADDFX1LVT       1  4.5    81   169    2644    (-,-) 
  D2_WALLACE_CSA_DUMMY_OP_groupi_g1001__8246/CO -       CI->CO R     ADDFX1LVT       1  4.8    86   171    2815    (-,-) 
  D2_WALLACE_CSA_DUMMY_OP_groupi_g1000__5122/CO -       CI->CO R     ADDFHX1LVT      1  4.5    79   158    2974    (-,-) 
  D2_WALLACE_CSA_DUMMY_OP_groupi_g999__1705/CO  -       CI->CO R     ADDFXLLVT       1  4.5   124   183    3156    (-,-) 
  D2_WALLACE_CSA_DUMMY_OP_groupi_g998__2802/CO  -       CI->CO R     ADDFXLLVT       1  4.5   124   201    3358    (-,-) 
  D2_WALLACE_CSA_DUMMY_OP_groupi_g997__1617/CO  -       CI->CO R     ADDFX1          1  4.5   119   274    3632    (-,-) 
  D2_WALLACE_CSA_DUMMY_OP_groupi_g996__3680/CO  -       CI->CO R     ADDFX1          1  4.3   115   269    3901    (-,-) 
  D2_WALLACE_CSA_DUMMY_OP_groupi_g995__6783/Y   -       B->Y   R     XNOR2X1         1  4.1   102   206    4107    (-,-) 
  g388__7482/Y                                  -       B->Y   F     MXI2X2HVT       1  4.2   121   380    4487    (-,-) 
  g341__5115/Y                                  -       B->Y   R     NOR2X1          1  4.1   215   189    4676    (-,-) 
  D2_REG1_reg[13]/D                             -       -      R     DFFQX1HVT       1    -     -     0    4676    (-,-) 
#------------------------------------------------------------------------------------------------------------------------

