============================================================
  Generated by:           Genus(TM) Synthesis Solution 21.18-s082_1
  Generated on:           Jun 13 2026  07:48:53 am
  Module:                 TOP
  Operating conditions:   PVT_0P9V_125C 
  Interconnect mode:      global
  Area mode:              physical library
============================================================

                                   Leakage   Internal  
    Gate      Instances   Area   Power (nW) Power (nW)     Library    
----------------------------------------------------------------------
ADDFHX1LVT            1    7.524      0.661      3.032    slow_vdd1v0 
ADDFX1                5   25.650      0.527    118.386    slow_vdd1v0 
ADDFX1HVT            11   56.430      1.185     20.580    slow_vdd1v0 
ADDFX1LVT             5   25.650      2.557    124.108    slow_vdd1v0 
ADDFXL                6   41.040      0.529     17.846    slow_vdd1v0 
ADDFXLLVT             4   27.360      1.575    130.922    slow_vdd1v0 
ADDHXL                2    9.576      0.132     54.664    slow_vdd1v0 
AND2X1                7    9.576      0.207     28.289    slow_vdd1v0 
AND2X1HVT            47   64.296      1.012    213.608    slow_vdd1v0 
AND2X1LVT             2    2.736      0.334     16.983    slow_vdd1v0 
AND2X2                1    1.710      0.051      7.471    slow_vdd1v0 
AND2X2HVT             2    3.420      0.078    129.057    slow_vdd1v0 
AND2X6LVT             1    3.762      1.300    246.463    slow_vdd1v0 
CLKAND2X2LVT          1    2.052      0.345     13.567    slow_vdd1v0 
CLKAND2X3             1    3.078      0.091     11.130    slow_vdd1v0 
DFFQX1HVT            28  162.792      1.838   8220.688    slow_vdd1v0 
DFFQX4                3   21.546      0.569   1376.551    slow_vdd1v0 
DFFQX4LVT             1    7.182      1.147    448.549    slow_vdd1v0 
DFFRHQX2              1    7.866      0.149    625.658    slow_vdd1v0 
DFFRHQX4              2   19.152      0.464   1540.938    slow_vdd1v0 
INVX1                30   20.520      0.604    188.709    slow_vdd1v0 
INVX1HVT              1    0.684      0.019      8.534    slow_vdd1v0 
INVX2                 4    4.104      0.166     70.801    slow_vdd1v0 
INVX3                 1    1.368      0.071     29.252    slow_vdd1v0 
INVXL                28   19.152      0.293    106.579    slow_vdd1v0 
MX2X1HVT              1    2.394      0.040     39.362    slow_vdd1v0 
MXI2X2HVT            32  142.272      2.337   1871.273    slow_vdd1v0 
NAND2X1               4    4.104      0.082      2.311    slow_vdd1v0 
NAND2X2               1    1.710      0.042      2.854    slow_vdd1v0 
NAND2X4               1    3.420      0.107     68.915    slow_vdd1v0 
NAND2X8               1    5.472      0.322    199.813    slow_vdd1v0 
NOR2X1               32   32.832      0.679    431.640    slow_vdd1v0 
NOR2X2HVT             1    1.710      0.045     47.382    slow_vdd1v0 
NOR2X8                1    5.472      0.271    106.203    slow_vdd1v0 
OAI2BB1X1             1    1.710      0.045     90.229    slow_vdd1v0 
OR2X2LVT              1    1.710      0.331     47.729    slow_vdd1v0 
OR2X4                 1    2.736      0.113     22.432    slow_vdd1v0 
OR3X1                 1    2.052      0.039     40.702    slow_vdd1v0 
XNOR2X1               1    2.394      0.071      2.918    slow_vdd1v0 
XNOR2X1HVT            5   11.970      0.216      9.850    slow_vdd1v0 
----------------------------------------------------------------------
total               279  770.184     20.642  16735.981                


                                          Leakage  Leakage  Internal  Internal 
     Type      Instances   Area  Area % Power (nW) Power % Power (nW)  Power % 
-------------------------------------------------------------------------------
sequential            35 218.538   28.4      4.167    20.2  12212.384     73.0 
inverter              64  45.828    6.0      1.153     5.6    403.875      2.4 
logic                180 505.818   65.7     15.323    74.2   4119.721     24.6 
physical_cells         0   0.000    0.0      0.000     0.0      0.000      0.0 
-------------------------------------------------------------------------------
total                279 770.184  100.0     20.642   100.0  16735.981    100.0 

