============================================================
  Generated by:           Genus(TM) Synthesis Solution 21.18-s082_1
  Generated on:           Jun 13 2026  07:48:46 am
  Module:                 TOP
  Operating conditions:   PVT_0P9V_125C 
  Interconnect mode:      global
  Area mode:              physical library
============================================================


Path 1: MET (4088 ps) Late External Delay Assertion at pin Y_REG[0]
          Group: C2O
     Startpoint: (R) D2_Y_REG_reg[0]/CK
          Clock: (R) SYS_CLK
       Endpoint: (F) Y_REG[0]
          Clock: (R) SYS_CLK

                     Capture       Launch     
        Clock Edge:+    5000            0     
       Src Latency:+       0            0     
       Net Latency:+       0 (I)        0 (I) 
           Arrival:=    5000            0     
                                              
      Output Delay:-     100                  
     Required Time:=    4900                  
      Launch Clock:-       0                  
         Data Path:-     812                  
             Slack:=    4088                  

Exceptions/Constraints:
  output_delay             100             top.sdc_line_7_18_1 

#-------------------------------------------------------------------------------------------
#   Timing Point     Flags   Arc   Edge   Cell     Fanout Load Trans Delay Arrival Instance 
#                                                         (fF)  (ps)  (ps)   (ps)  Location 
#-------------------------------------------------------------------------------------------
  D2_Y_REG_reg[0]/CK -       -     R     (arrival)     35    -     0     0       0    (-,-) 
  D2_Y_REG_reg[0]/Q  -       CK->Q F     DFFQX1HVT      1  4.2   208   384     384    (-,-) 
  drc_bufs566/Y      -       A->Y  R     INVX1HVT       1  4.6   176   221     604    (-,-) 
  drc_bufs565/Y      -       A->Y  F     INVX2HVT       2  5.9   186   207     812    (-,-) 
  Y_REG[0]           -       -     F     (port)         -    -     -     0     812    (-,-) 
#-------------------------------------------------------------------------------------------

