

Working Directory = /home/B2_Robiul/UDIF/aiub_vlsi_impl_demo/projects/MAC_SKY/synth
QoS Summary for MAC_4BIT
==========================================================================================
Metric                          generic         map             syn_opt         final          
==========================================================================================
Slack (ps):                     7,388           5,752           5,752           5,752
  R2R (ps):                     7,388           5,996           5,996           5,996
  I2R (ps):                     7,630           5,752           5,752           5,752
  R2O (ps):                     9,216           9,526           9,526           9,526
  I2O (ps):                  no_value        no_value        no_value        no_value
  CG  (ps):                  no_value        no_value        no_value        no_value
TNS (ps):                           0               0               0               0
  R2R (ps):                         0               0               0               0
  I2R (ps):                         0               0               0               0
  R2O (ps):                         0               0               0               0
  I2O (ps):                  no_value        no_value        no_value        no_value
  CG  (ps):                  no_value        no_value        no_value        no_value
Failing Paths:                      0               0               0               0
Leakage Power (nW):               117             109             109             109
Cell Area:                      2,445           1,093           1,093           1,093
Total Cell Area:                2,445           1,093           1,093           1,093
Leaf Instances:                   178              64              64              64
Total Instances:                  178              64              64              64
Utilization (%):                 0.00            0.00            0.00            0.00
Tot. Net Length (um):        no_value        no_value        no_value        no_value
Avg. Net Length (um):        no_value        no_value        no_value        no_value
Route Overflow H (%):        no_value        no_value        no_value        no_value
Route Overflow V (%):        no_value        no_value        no_value        no_value
MBCI(%) (bits/gate) :            0.00            0.00            0.00            0.00
Norm Cong Hotspot Area:
  Max Cong:                  no_value        no_value        no_value        no_value
  Tot Cong:                  no_value        no_value        no_value        no_value
==========================================================================================
CPU  Runtime (h:m:s):        00:00:18        00:00:08        00:00:01        00:00:01
Real Runtime (h:m:s):        00:00:18        00:00:08        00:00:02        00:00:02
CPU  Elapsed (h:m:s):        00:00:27        00:00:35        00:00:36        00:00:37
Real Elapsed (h:m:s):        00:00:22        00:00:29        00:00:31        00:00:33
Memory (MB):                  1612.75         1579.38         1580.20         1623.20
==========================================================================================
==========================================================================================
Flow Settings:
==========================================================================================
Total Runtime (h:m:s): 00:00:30
Total Memory (MB):     1623.20
Executable Version:    21.18-s082_1
==========================================================================================
Total Cell Area =  Cell Area + Physical Cell Area
Total Instances =  Leaf Instances + Physical Instances


