============================================================
  Generated by:           Genus(TM) Synthesis Solution 21.18-s082_1
  Generated on:           May 02 2026  12:18:50 pm
  Module:                 MAC_4BIT
  Operating conditions:   ss_1.62_125 
  Interconnect mode:      global
  Area mode:              physical library
============================================================


Path 1: MET (7388 ps) Setup Check with Pin Y_reg[7]/clk->d
          Group: C2C
     Startpoint: (R) Y_reg[0]/clk
          Clock: (R) SYS_CLOCK
       Endpoint: (R) Y_reg[7]/d
          Clock: (R) SYS_CLOCK

                     Capture       Launch     
        Clock Edge:+   10000            0     
       Src Latency:+       0            0     
       Net Latency:+       0 (I)        0 (I) 
           Arrival:=   10000            0     
                                              
             Setup:-     273                  
     Required Time:=    9727                  
      Launch Clock:-       0                  
         Data Path:-    2339                  
             Slack:=    7388                  

#---------------------------------------------------------------------------------------------------------------------
#           Timing Point             Flags    Arc    Edge       Cell         Fanout Load Trans Delay Arrival Instance 
#                                                                                   (fF)  (ps)  (ps)   (ps)  Location 
#---------------------------------------------------------------------------------------------------------------------
  Y_reg[0]/clk                       -       -       R     (arrival)              8    -     0     0       0    (-,-) 
  Y_reg[0]/q                         (u)     clk->q  F     unmapped_d_flop        4 20.7     0   762     762    (-,-) 
  WALLACE_CSA_DUMMY_OP_groupi/g488/z (u)     in_1->z R     unmapped_complex2      3 19.2     0   135     897    (-,-) 
  WALLACE_CSA_DUMMY_OP_groupi/g450/z (u)     in_1->z R     unmapped_complex2      1  6.4     0    82     979    (-,-) 
  WALLACE_CSA_DUMMY_OP_groupi/g431/z (u)     in_0->z F     unmapped_nand2         3 18.9     0   135    1114    (-,-) 
  WALLACE_CSA_DUMMY_OP_groupi/g419/z (u)     in_1->z R     unmapped_nand2         1  6.4     0    82    1196    (-,-) 
  WALLACE_CSA_DUMMY_OP_groupi/g404/z (u)     in_1->z F     unmapped_nand2         3 18.9     0   135    1331    (-,-) 
  WALLACE_CSA_DUMMY_OP_groupi/g397/z (u)     in_1->z R     unmapped_nand2         1  6.4     0    82    1413    (-,-) 
  WALLACE_CSA_DUMMY_OP_groupi/g385/z (u)     in_0->z F     unmapped_nand2         3 18.9     0   135    1548    (-,-) 
  WALLACE_CSA_DUMMY_OP_groupi/g384/z (u)     in_1->z R     unmapped_nand2         1  6.4     0    82    1630    (-,-) 
  WALLACE_CSA_DUMMY_OP_groupi/g377/z (u)     in_1->z F     unmapped_nand2         3 18.9     0   135    1765    (-,-) 
  WALLACE_CSA_DUMMY_OP_groupi/g373/z (u)     in_0->z R     unmapped_nand2         1  6.4     0    82    1846    (-,-) 
  WALLACE_CSA_DUMMY_OP_groupi/g372/z (u)     in_1->z F     unmapped_nand2         3 18.9     0   135    1981    (-,-) 
  WALLACE_CSA_DUMMY_OP_groupi/g371/z (u)     in_1->z R     unmapped_nand2         1  6.4     0    82    2063    (-,-) 
  WALLACE_CSA_DUMMY_OP_groupi/g367/z (u)     in_0->z F     unmapped_nand2         2 12.6     0   112    2176    (-,-) 
  WALLACE_CSA_DUMMY_OP_groupi/g365/z (u)     in_0->z F     unmapped_or2           1  6.3     0    82    2257    (-,-) 
  WALLACE_CSA_DUMMY_OP_groupi/g366/z (u)     in_1->z R     unmapped_nand2         1  6.4     0    82    2339    (-,-) 
  Y_reg[7]/d                         -       -       R     unmapped_d_flop        1    -     -     0    2339    (-,-) 
#---------------------------------------------------------------------------------------------------------------------

(u) : Net has unmapped pin(s).



Path 2: MET (7582 ps) Setup Check with Pin Y_reg[6]/clk->d
          Group: C2C
     Startpoint: (R) Y_reg[0]/clk
          Clock: (R) SYS_CLOCK
       Endpoint: (R) Y_reg[6]/d
          Clock: (R) SYS_CLOCK

                     Capture       Launch     
        Clock Edge:+   10000            0     
       Src Latency:+       0            0     
       Net Latency:+       0 (I)        0 (I) 
           Arrival:=   10000            0     
                                              
             Setup:-     273                  
     Required Time:=    9727                  
      Launch Clock:-       0                  
         Data Path:-    2145                  
             Slack:=    7582                  

#---------------------------------------------------------------------------------------------------------------------
#           Timing Point             Flags    Arc    Edge       Cell         Fanout Load Trans Delay Arrival Instance 
#                                                                                   (fF)  (ps)  (ps)   (ps)  Location 
#---------------------------------------------------------------------------------------------------------------------
  Y_reg[0]/clk                       -       -       R     (arrival)              8    -     0     0       0    (-,-) 
  Y_reg[0]/q                         (u)     clk->q  F     unmapped_d_flop        4 20.7     0   762     762    (-,-) 
  WALLACE_CSA_DUMMY_OP_groupi/g488/z (u)     in_1->z R     unmapped_complex2      3 19.2     0   135     897    (-,-) 
  WALLACE_CSA_DUMMY_OP_groupi/g450/z (u)     in_1->z R     unmapped_complex2      1  6.4     0    82     979    (-,-) 
  WALLACE_CSA_DUMMY_OP_groupi/g431/z (u)     in_0->z F     unmapped_nand2         3 18.9     0   135    1114    (-,-) 
  WALLACE_CSA_DUMMY_OP_groupi/g419/z (u)     in_1->z R     unmapped_nand2         1  6.4     0    82    1196    (-,-) 
  WALLACE_CSA_DUMMY_OP_groupi/g404/z (u)     in_1->z F     unmapped_nand2         3 18.9     0   135    1331    (-,-) 
  WALLACE_CSA_DUMMY_OP_groupi/g397/z (u)     in_1->z R     unmapped_nand2         1  6.4     0    82    1413    (-,-) 
  WALLACE_CSA_DUMMY_OP_groupi/g385/z (u)     in_0->z F     unmapped_nand2         3 18.9     0   135    1548    (-,-) 
  WALLACE_CSA_DUMMY_OP_groupi/g384/z (u)     in_1->z R     unmapped_nand2         1  6.4     0    82    1630    (-,-) 
  WALLACE_CSA_DUMMY_OP_groupi/g377/z (u)     in_1->z F     unmapped_nand2         3 18.9     0   135    1765    (-,-) 
  WALLACE_CSA_DUMMY_OP_groupi/g373/z (u)     in_0->z R     unmapped_nand2         1  6.4     0    82    1846    (-,-) 
  WALLACE_CSA_DUMMY_OP_groupi/g372/z (u)     in_1->z F     unmapped_nand2         3 18.9     0   135    1981    (-,-) 
  WALLACE_CSA_DUMMY_OP_groupi/g369/z (u)     in_0->z F     unmapped_or2           1  6.3     0    82    2063    (-,-) 
  WALLACE_CSA_DUMMY_OP_groupi/g370/z (u)     in_1->z R     unmapped_nand2         1  6.4     0    82    2145    (-,-) 
  Y_reg[6]/d                         -       -       R     unmapped_d_flop        1    -     -     0    2145    (-,-) 
#---------------------------------------------------------------------------------------------------------------------

(u) : Net has unmapped pin(s).



Path 3: MET (7799 ps) Setup Check with Pin Y_reg[5]/clk->d
          Group: C2C
     Startpoint: (R) Y_reg[0]/clk
          Clock: (R) SYS_CLOCK
       Endpoint: (R) Y_reg[5]/d
          Clock: (R) SYS_CLOCK

                     Capture       Launch     
        Clock Edge:+   10000            0     
       Src Latency:+       0            0     
       Net Latency:+       0 (I)        0 (I) 
           Arrival:=   10000            0     
                                              
             Setup:-     273                  
     Required Time:=    9727                  
      Launch Clock:-       0                  
         Data Path:-    1928                  
             Slack:=    7799                  

#---------------------------------------------------------------------------------------------------------------------
#           Timing Point             Flags    Arc    Edge       Cell         Fanout Load Trans Delay Arrival Instance 
#                                                                                   (fF)  (ps)  (ps)   (ps)  Location 
#---------------------------------------------------------------------------------------------------------------------
  Y_reg[0]/clk                       -       -       R     (arrival)              8    -     0     0       0    (-,-) 
  Y_reg[0]/q                         (u)     clk->q  F     unmapped_d_flop        4 20.7     0   762     762    (-,-) 
  WALLACE_CSA_DUMMY_OP_groupi/g488/z (u)     in_1->z R     unmapped_complex2      3 19.2     0   135     897    (-,-) 
  WALLACE_CSA_DUMMY_OP_groupi/g450/z (u)     in_1->z R     unmapped_complex2      1  6.4     0    82     979    (-,-) 
  WALLACE_CSA_DUMMY_OP_groupi/g431/z (u)     in_0->z F     unmapped_nand2         3 18.9     0   135    1114    (-,-) 
  WALLACE_CSA_DUMMY_OP_groupi/g419/z (u)     in_1->z R     unmapped_nand2         1  6.4     0    82    1196    (-,-) 
  WALLACE_CSA_DUMMY_OP_groupi/g404/z (u)     in_1->z F     unmapped_nand2         3 18.9     0   135    1331    (-,-) 
  WALLACE_CSA_DUMMY_OP_groupi/g397/z (u)     in_1->z R     unmapped_nand2         1  6.4     0    82    1413    (-,-) 
  WALLACE_CSA_DUMMY_OP_groupi/g385/z (u)     in_0->z F     unmapped_nand2         3 18.9     0   135    1548    (-,-) 
  WALLACE_CSA_DUMMY_OP_groupi/g384/z (u)     in_1->z R     unmapped_nand2         1  6.4     0    82    1630    (-,-) 
  WALLACE_CSA_DUMMY_OP_groupi/g377/z (u)     in_1->z F     unmapped_nand2         3 18.9     0   135    1765    (-,-) 
  WALLACE_CSA_DUMMY_OP_groupi/g375/z (u)     in_0->z F     unmapped_or2           1  6.3     0    82    1846    (-,-) 
  WALLACE_CSA_DUMMY_OP_groupi/g376/z (u)     in_1->z R     unmapped_nand2         1  6.4     0    82    1928    (-,-) 
  Y_reg[5]/d                         -       -       R     unmapped_d_flop        1    -     -     0    1928    (-,-) 
#---------------------------------------------------------------------------------------------------------------------

(u) : Net has unmapped pin(s).



Path 4: MET (8016 ps) Setup Check with Pin Y_reg[4]/clk->d
          Group: C2C
     Startpoint: (R) Y_reg[0]/clk
          Clock: (R) SYS_CLOCK
       Endpoint: (R) Y_reg[4]/d
          Clock: (R) SYS_CLOCK

                     Capture       Launch     
        Clock Edge:+   10000            0     
       Src Latency:+       0            0     
       Net Latency:+       0 (I)        0 (I) 
           Arrival:=   10000            0     
                                              
             Setup:-     273                  
     Required Time:=    9727                  
      Launch Clock:-       0                  
         Data Path:-    1712                  
             Slack:=    8016                  

#---------------------------------------------------------------------------------------------------------------------
#           Timing Point             Flags    Arc    Edge       Cell         Fanout Load Trans Delay Arrival Instance 
#                                                                                   (fF)  (ps)  (ps)   (ps)  Location 
#---------------------------------------------------------------------------------------------------------------------
  Y_reg[0]/clk                       -       -       R     (arrival)              8    -     0     0       0    (-,-) 
  Y_reg[0]/q                         (u)     clk->q  F     unmapped_d_flop        4 20.7     0   762     762    (-,-) 
  WALLACE_CSA_DUMMY_OP_groupi/g488/z (u)     in_1->z R     unmapped_complex2      3 19.2     0   135     897    (-,-) 
  WALLACE_CSA_DUMMY_OP_groupi/g450/z (u)     in_1->z R     unmapped_complex2      1  6.4     0    82     979    (-,-) 
  WALLACE_CSA_DUMMY_OP_groupi/g431/z (u)     in_0->z F     unmapped_nand2         3 18.9     0   135    1114    (-,-) 
  WALLACE_CSA_DUMMY_OP_groupi/g419/z (u)     in_1->z R     unmapped_nand2         1  6.4     0    82    1196    (-,-) 
  WALLACE_CSA_DUMMY_OP_groupi/g404/z (u)     in_1->z F     unmapped_nand2         3 18.9     0   135    1331    (-,-) 
  WALLACE_CSA_DUMMY_OP_groupi/g397/z (u)     in_1->z R     unmapped_nand2         1  6.4     0    82    1413    (-,-) 
  WALLACE_CSA_DUMMY_OP_groupi/g385/z (u)     in_0->z F     unmapped_nand2         3 18.9     0   135    1548    (-,-) 
  WALLACE_CSA_DUMMY_OP_groupi/g379/z (u)     in_0->z F     unmapped_or2           1  6.3     0    82    1630    (-,-) 
  WALLACE_CSA_DUMMY_OP_groupi/g380/z (u)     in_1->z R     unmapped_nand2         1  6.4     0    82    1712    (-,-) 
  Y_reg[4]/d                         -       -       R     unmapped_d_flop        1    -     -     0    1712    (-,-) 
#---------------------------------------------------------------------------------------------------------------------

(u) : Net has unmapped pin(s).



Path 5: MET (8232 ps) Setup Check with Pin Y_reg[3]/clk->d
          Group: C2C
     Startpoint: (R) Y_reg[0]/clk
          Clock: (R) SYS_CLOCK
       Endpoint: (R) Y_reg[3]/d
          Clock: (R) SYS_CLOCK

                     Capture       Launch     
        Clock Edge:+   10000            0     
       Src Latency:+       0            0     
       Net Latency:+       0 (I)        0 (I) 
           Arrival:=   10000            0     
                                              
             Setup:-     273                  
     Required Time:=    9727                  
      Launch Clock:-       0                  
         Data Path:-    1495                  
             Slack:=    8232                  

#---------------------------------------------------------------------------------------------------------------------
#           Timing Point             Flags    Arc    Edge       Cell         Fanout Load Trans Delay Arrival Instance 
#                                                                                   (fF)  (ps)  (ps)   (ps)  Location 
#---------------------------------------------------------------------------------------------------------------------
  Y_reg[0]/clk                       -       -       R     (arrival)              8    -     0     0       0    (-,-) 
  Y_reg[0]/q                         (u)     clk->q  F     unmapped_d_flop        4 20.7     0   762     762    (-,-) 
  WALLACE_CSA_DUMMY_OP_groupi/g488/z (u)     in_1->z R     unmapped_complex2      3 19.2     0   135     897    (-,-) 
  WALLACE_CSA_DUMMY_OP_groupi/g450/z (u)     in_1->z R     unmapped_complex2      1  6.4     0    82     979    (-,-) 
  WALLACE_CSA_DUMMY_OP_groupi/g431/z (u)     in_0->z F     unmapped_nand2         3 18.9     0   135    1114    (-,-) 
  WALLACE_CSA_DUMMY_OP_groupi/g419/z (u)     in_1->z R     unmapped_nand2         1  6.4     0    82    1196    (-,-) 
  WALLACE_CSA_DUMMY_OP_groupi/g404/z (u)     in_1->z F     unmapped_nand2         3 18.9     0   135    1331    (-,-) 
  WALLACE_CSA_DUMMY_OP_groupi/g394/z (u)     in_0->z F     unmapped_or2           1  6.3     0    82    1413    (-,-) 
  WALLACE_CSA_DUMMY_OP_groupi/g395/z (u)     in_1->z R     unmapped_nand2         1  6.4     0    82    1495    (-,-) 
  Y_reg[3]/d                         -       -       R     unmapped_d_flop        1    -     -     0    1495    (-,-) 
#---------------------------------------------------------------------------------------------------------------------

(u) : Net has unmapped pin(s).



Path 6: MET (8449 ps) Setup Check with Pin Y_reg[2]/clk->d
          Group: C2C
     Startpoint: (R) Y_reg[0]/clk
          Clock: (R) SYS_CLOCK
       Endpoint: (R) Y_reg[2]/d
          Clock: (R) SYS_CLOCK

                     Capture       Launch     
        Clock Edge:+   10000            0     
       Src Latency:+       0            0     
       Net Latency:+       0 (I)        0 (I) 
           Arrival:=   10000            0     
                                              
             Setup:-     273                  
     Required Time:=    9727                  
      Launch Clock:-       0                  
         Data Path:-    1278                  
             Slack:=    8449                  

#---------------------------------------------------------------------------------------------------------------------
#           Timing Point             Flags    Arc    Edge       Cell         Fanout Load Trans Delay Arrival Instance 
#                                                                                   (fF)  (ps)  (ps)   (ps)  Location 
#---------------------------------------------------------------------------------------------------------------------
  Y_reg[0]/clk                       -       -       R     (arrival)              8    -     0     0       0    (-,-) 
  Y_reg[0]/q                         (u)     clk->q  F     unmapped_d_flop        4 20.7     0   762     762    (-,-) 
  WALLACE_CSA_DUMMY_OP_groupi/g488/z (u)     in_1->z R     unmapped_complex2      3 19.2     0   135     897    (-,-) 
  WALLACE_CSA_DUMMY_OP_groupi/g450/z (u)     in_1->z R     unmapped_complex2      1  6.4     0    82     979    (-,-) 
  WALLACE_CSA_DUMMY_OP_groupi/g431/z (u)     in_0->z F     unmapped_nand2         3 18.9     0   135    1114    (-,-) 
  WALLACE_CSA_DUMMY_OP_groupi/g406/z (u)     in_0->z F     unmapped_or2           1  6.3     0    82    1196    (-,-) 
  WALLACE_CSA_DUMMY_OP_groupi/g407/z (u)     in_1->z R     unmapped_nand2         1  6.4     0    82    1278    (-,-) 
  Y_reg[2]/d                         -       -       R     unmapped_d_flop        1    -     -     0    1278    (-,-) 
#---------------------------------------------------------------------------------------------------------------------

(u) : Net has unmapped pin(s).



Path 7: MET (8599 ps) Setup Check with Pin Y_reg[1]/clk->d
          Group: C2C
     Startpoint: (R) Y_reg[1]/clk
          Clock: (R) SYS_CLOCK
       Endpoint: (R) Y_reg[1]/d
          Clock: (R) SYS_CLOCK

                     Capture       Launch     
        Clock Edge:+   10000            0     
       Src Latency:+       0            0     
       Net Latency:+       0 (I)        0 (I) 
           Arrival:=   10000            0     
                                              
             Setup:-     273                  
     Required Time:=    9727                  
      Launch Clock:-       0                  
         Data Path:-    1128                  
             Slack:=    8599                  

#---------------------------------------------------------------------------------------------------------------------
#           Timing Point             Flags    Arc    Edge       Cell         Fanout Load Trans Delay Arrival Instance 
#                                                                                   (fF)  (ps)  (ps)   (ps)  Location 
#---------------------------------------------------------------------------------------------------------------------
  Y_reg[1]/clk                       -       -       R     (arrival)              8    -     0     0       0    (-,-) 
  Y_reg[1]/q                         (u)     clk->q  F     unmapped_d_flop        3 14.4     0   740     740    (-,-) 
  WALLACE_CSA_DUMMY_OP_groupi/g253/z (u)     in_1->z F     unmapped_or2           2 12.6     0   112     852    (-,-) 
  WALLACE_CSA_DUMMY_OP_groupi/g481/z (u)     in_1->z R     unmapped_nand2         2 12.8     0   112     964    (-,-) 
  WALLACE_CSA_DUMMY_OP_groupi/g442/z (u)     in_0->z F     unmapped_complex2      1  6.3     0    82    1046    (-,-) 
  WALLACE_CSA_DUMMY_OP_groupi/g443/z (u)     in_1->z R     unmapped_nand2         1  6.4     0    82    1128    (-,-) 
  Y_reg[1]/d                         -       -       R     unmapped_d_flop        1    -     -     0    1128    (-,-) 
#---------------------------------------------------------------------------------------------------------------------

(u) : Net has unmapped pin(s).



Path 8: MET (8801 ps) Setup Check with Pin Y_reg[0]/clk->d
          Group: C2C
     Startpoint: (R) Y_reg[0]/clk
          Clock: (R) SYS_CLOCK
       Endpoint: (R) Y_reg[0]/d
          Clock: (R) SYS_CLOCK

                     Capture       Launch     
        Clock Edge:+   10000            0     
       Src Latency:+       0            0     
       Net Latency:+       0 (I)        0 (I) 
           Arrival:=   10000            0     
                                              
             Setup:-     273                  
     Required Time:=    9727                  
      Launch Clock:-       0                  
         Data Path:-     926                  
             Slack:=    8801                  

#-------------------------------------------------------------------------------------------------------------------
#           Timing Point             Flags    Arc    Edge      Cell        Fanout Load Trans Delay Arrival Instance 
#                                                                                 (fF)  (ps)  (ps)   (ps)  Location 
#-------------------------------------------------------------------------------------------------------------------
  Y_reg[0]/clk                       -       -       R     (arrival)            8    -     0     0       0    (-,-) 
  Y_reg[0]/q                         (u)     clk->q  R     unmapped_d_flop      4 21.0     0   762     762    (-,-) 
  WALLACE_CSA_DUMMY_OP_groupi/g486/z (u)     in_1->z F     unmapped_nand2       1  6.3     0    82     844    (-,-) 
  WALLACE_CSA_DUMMY_OP_groupi/g487/z (u)     in_1->z R     unmapped_nand2       1  6.4     0    82     926    (-,-) 
  Y_reg[0]/d                         -       -       R     unmapped_d_flop      1    -     -     0     926    (-,-) 
#-------------------------------------------------------------------------------------------------------------------

(u) : Net has unmapped pin(s).



Path 9: MET (9216 ps) Late External Delay Assertion at pin Y[5]
          Group: C2O
     Startpoint: (R) Y_reg[5]/clk
          Clock: (R) SYS_CLOCK
       Endpoint: (R) Y[5]
          Clock: (R) SYS_CLOCK

                     Capture       Launch     
        Clock Edge:+   10000            0     
       Src Latency:+       0            0     
       Net Latency:+       0 (I)        0 (I) 
           Arrival:=   10000            0     
                                              
      Output Delay:-       0                  
     Required Time:=   10000                  
      Launch Clock:-       0                  
         Data Path:-     784                  
             Slack:=    9216                  

Exceptions/Constraints:
  output_delay              0              top.sdc_line_10_9_1 

#----------------------------------------------------------------------------------------------
# Timing Point   Flags    Arc   Edge      Cell        Fanout Load Trans Delay Arrival Instance 
#                                                            (fF)  (ps)  (ps)   (ps)  Location 
#----------------------------------------------------------------------------------------------
  Y_reg[5]/clk   -       -      R     (arrival)            8    -     0     0       0    (-,-) 
  Y_reg[5]/q     (u)     clk->q R     unmapped_d_flop      5 27.4     0   784     784    (-,-) 
  Y[5]           -       -      R     (port)               -    -     -     0     784    (-,-) 
#----------------------------------------------------------------------------------------------

(u) : Net has unmapped pin(s).



Path 10: MET (9216 ps) Late External Delay Assertion at pin Y[6]
          Group: C2O
     Startpoint: (R) Y_reg[6]/clk
          Clock: (R) SYS_CLOCK
       Endpoint: (R) Y[6]
          Clock: (R) SYS_CLOCK

                     Capture       Launch     
        Clock Edge:+   10000            0     
       Src Latency:+       0            0     
       Net Latency:+       0 (I)        0 (I) 
           Arrival:=   10000            0     
                                              
      Output Delay:-       0                  
     Required Time:=   10000                  
      Launch Clock:-       0                  
         Data Path:-     784                  
             Slack:=    9216                  

Exceptions/Constraints:
  output_delay              0              top.sdc_line_10_8_1 

#----------------------------------------------------------------------------------------------
# Timing Point   Flags    Arc   Edge      Cell        Fanout Load Trans Delay Arrival Instance 
#                                                            (fF)  (ps)  (ps)   (ps)  Location 
#----------------------------------------------------------------------------------------------
  Y_reg[6]/clk   -       -      R     (arrival)            8    -     0     0       0    (-,-) 
  Y_reg[6]/q     (u)     clk->q R     unmapped_d_flop      5 27.4     0   784     784    (-,-) 
  Y[6]           -       -      R     (port)               -    -     -     0     784    (-,-) 
#----------------------------------------------------------------------------------------------

(u) : Net has unmapped pin(s).



Path 11: MET (9238 ps) Late External Delay Assertion at pin Y[0]
          Group: C2O
     Startpoint: (R) Y_reg[0]/clk
          Clock: (R) SYS_CLOCK
       Endpoint: (R) Y[0]
          Clock: (R) SYS_CLOCK

                     Capture       Launch     
        Clock Edge:+   10000            0     
       Src Latency:+       0            0     
       Net Latency:+       0 (I)        0 (I) 
           Arrival:=   10000            0     
                                              
      Output Delay:-       0                  
     Required Time:=   10000                  
      Launch Clock:-       0                  
         Data Path:-     762                  
             Slack:=    9238                  

Exceptions/Constraints:
  output_delay              0              top.sdc_line_10_14_1 

#----------------------------------------------------------------------------------------------
# Timing Point   Flags    Arc   Edge      Cell        Fanout Load Trans Delay Arrival Instance 
#                                                            (fF)  (ps)  (ps)   (ps)  Location 
#----------------------------------------------------------------------------------------------
  Y_reg[0]/clk   -       -      R     (arrival)            8    -     0     0       0    (-,-) 
  Y_reg[0]/q     (u)     clk->q R     unmapped_d_flop      4 21.0     0   762     762    (-,-) 
  Y[0]           -       -      R     (port)               -    -     -     0     762    (-,-) 
#----------------------------------------------------------------------------------------------

(u) : Net has unmapped pin(s).



Path 12: MET (9260 ps) Late External Delay Assertion at pin Y[1]
          Group: C2O
     Startpoint: (R) Y_reg[1]/clk
          Clock: (R) SYS_CLOCK
       Endpoint: (R) Y[1]
          Clock: (R) SYS_CLOCK

                     Capture       Launch     
        Clock Edge:+   10000            0     
       Src Latency:+       0            0     
       Net Latency:+       0 (I)        0 (I) 
           Arrival:=   10000            0     
                                              
      Output Delay:-       0                  
     Required Time:=   10000                  
      Launch Clock:-       0                  
         Data Path:-     740                  
             Slack:=    9260                  

Exceptions/Constraints:
  output_delay              0              top.sdc_line_10_13_1 

#----------------------------------------------------------------------------------------------
# Timing Point   Flags    Arc   Edge      Cell        Fanout Load Trans Delay Arrival Instance 
#                                                            (fF)  (ps)  (ps)   (ps)  Location 
#----------------------------------------------------------------------------------------------
  Y_reg[1]/clk   -       -      R     (arrival)            8    -     0     0       0    (-,-) 
  Y_reg[1]/q     (u)     clk->q R     unmapped_d_flop      3 14.6     0   740     740    (-,-) 
  Y[1]           -       -      R     (port)               -    -     -     0     740    (-,-) 
#----------------------------------------------------------------------------------------------

(u) : Net has unmapped pin(s).



Path 13: MET (9260 ps) Late External Delay Assertion at pin Y[2]
          Group: C2O
     Startpoint: (R) Y_reg[2]/clk
          Clock: (R) SYS_CLOCK
       Endpoint: (R) Y[2]
          Clock: (R) SYS_CLOCK

                     Capture       Launch     
        Clock Edge:+   10000            0     
       Src Latency:+       0            0     
       Net Latency:+       0 (I)        0 (I) 
           Arrival:=   10000            0     
                                              
      Output Delay:-       0                  
     Required Time:=   10000                  
      Launch Clock:-       0                  
         Data Path:-     740                  
             Slack:=    9260                  

Exceptions/Constraints:
  output_delay              0              top.sdc_line_10_12_1 

#----------------------------------------------------------------------------------------------
# Timing Point   Flags    Arc   Edge      Cell        Fanout Load Trans Delay Arrival Instance 
#                                                            (fF)  (ps)  (ps)   (ps)  Location 
#----------------------------------------------------------------------------------------------
  Y_reg[2]/clk   -       -      R     (arrival)            8    -     0     0       0    (-,-) 
  Y_reg[2]/q     (u)     clk->q R     unmapped_d_flop      3 14.6     0   740     740    (-,-) 
  Y[2]           -       -      R     (port)               -    -     -     0     740    (-,-) 
#----------------------------------------------------------------------------------------------

(u) : Net has unmapped pin(s).



Path 14: MET (9260 ps) Late External Delay Assertion at pin Y[3]
          Group: C2O
     Startpoint: (R) Y_reg[3]/clk
          Clock: (R) SYS_CLOCK
       Endpoint: (R) Y[3]
          Clock: (R) SYS_CLOCK

                     Capture       Launch     
        Clock Edge:+   10000            0     
       Src Latency:+       0            0     
       Net Latency:+       0 (I)        0 (I) 
           Arrival:=   10000            0     
                                              
      Output Delay:-       0                  
     Required Time:=   10000                  
      Launch Clock:-       0                  
         Data Path:-     740                  
             Slack:=    9260                  

Exceptions/Constraints:
  output_delay              0              top.sdc_line_10_11_1 

#----------------------------------------------------------------------------------------------
# Timing Point   Flags    Arc   Edge      Cell        Fanout Load Trans Delay Arrival Instance 
#                                                            (fF)  (ps)  (ps)   (ps)  Location 
#----------------------------------------------------------------------------------------------
  Y_reg[3]/clk   -       -      R     (arrival)            8    -     0     0       0    (-,-) 
  Y_reg[3]/q     (u)     clk->q R     unmapped_d_flop      3 14.6     0   740     740    (-,-) 
  Y[3]           -       -      R     (port)               -    -     -     0     740    (-,-) 
#----------------------------------------------------------------------------------------------

(u) : Net has unmapped pin(s).



Path 15: MET (9260 ps) Late External Delay Assertion at pin Y[4]
          Group: C2O
     Startpoint: (R) Y_reg[4]/clk
          Clock: (R) SYS_CLOCK
       Endpoint: (R) Y[4]
          Clock: (R) SYS_CLOCK

                     Capture       Launch     
        Clock Edge:+   10000            0     
       Src Latency:+       0            0     
       Net Latency:+       0 (I)        0 (I) 
           Arrival:=   10000            0     
                                              
      Output Delay:-       0                  
     Required Time:=   10000                  
      Launch Clock:-       0                  
         Data Path:-     740                  
             Slack:=    9260                  

Exceptions/Constraints:
  output_delay              0              top.sdc_line_10_10_1 

#----------------------------------------------------------------------------------------------
# Timing Point   Flags    Arc   Edge      Cell        Fanout Load Trans Delay Arrival Instance 
#                                                            (fF)  (ps)  (ps)   (ps)  Location 
#----------------------------------------------------------------------------------------------
  Y_reg[4]/clk   -       -      R     (arrival)            8    -     0     0       0    (-,-) 
  Y_reg[4]/q     (u)     clk->q R     unmapped_d_flop      3 14.6     0   740     740    (-,-) 
  Y[4]           -       -      R     (port)               -    -     -     0     740    (-,-) 
#----------------------------------------------------------------------------------------------

(u) : Net has unmapped pin(s).



Path 16: MET (9260 ps) Late External Delay Assertion at pin Y[7]
          Group: C2O
     Startpoint: (R) Y_reg[7]/clk
          Clock: (R) SYS_CLOCK
       Endpoint: (R) Y[7]
          Clock: (R) SYS_CLOCK

                     Capture       Launch     
        Clock Edge:+   10000            0     
       Src Latency:+       0            0     
       Net Latency:+       0 (I)        0 (I) 
           Arrival:=   10000            0     
                                              
      Output Delay:-       0                  
     Required Time:=   10000                  
      Launch Clock:-       0                  
         Data Path:-     740                  
             Slack:=    9260                  

Exceptions/Constraints:
  output_delay              0              top.sdc_line_10 

#----------------------------------------------------------------------------------------------
# Timing Point   Flags    Arc   Edge      Cell        Fanout Load Trans Delay Arrival Instance 
#                                                            (fF)  (ps)  (ps)   (ps)  Location 
#----------------------------------------------------------------------------------------------
  Y_reg[7]/clk   -       -      R     (arrival)            8    -     0     0       0    (-,-) 
  Y_reg[7]/q     (u)     clk->q R     unmapped_d_flop      3 14.6     0   740     740    (-,-) 
  Y[7]           -       -      R     (port)               -    -     -     0     740    (-,-) 
#----------------------------------------------------------------------------------------------

(u) : Net has unmapped pin(s).

Some unconstrained paths have not been displayed.
Use -unconstrained or set the root attribute 'timing_report_unconstrained' to 'true' to see only these unconstrained paths.

