============================================================
  Generated by:           Genus(TM) Synthesis Solution 21.18-s082_1
  Generated on:           May 02 2026  12:19:00 pm
  Module:                 MAC_4BIT
  Operating conditions:   ss_1.62_125 
  Interconnect mode:      global
  Area mode:              physical library
============================================================


Path 1: MET (5996 ps) Setup Check with Pin Y_reg[7]/CK->D
          Group: C2C
     Startpoint: (R) Y_reg[0]/CK
          Clock: (R) SYS_CLOCK
       Endpoint: (R) Y_reg[7]/D
          Clock: (R) SYS_CLOCK

                     Capture       Launch     
        Clock Edge:+   10000            0     
       Src Latency:+       0            0     
       Net Latency:+       0 (I)        0 (I) 
           Arrival:=   10000            0     
                                              
             Setup:-     230                  
     Required Time:=    9770                  
      Launch Clock:-       0                  
         Data Path:-    3775                  
             Slack:=    5996                  

#-----------------------------------------------------------------------------------------------------------------------
#                 Timing Point                  Flags    Arc   Edge   Cell     Fanout Load Trans Delay Arrival Instance 
#                                                                                     (fF)  (ps)  (ps)   (ps)  Location 
#-----------------------------------------------------------------------------------------------------------------------
  Y_reg[0]/CK                                   -       -      R     (arrival)      8    -     0     0       0    (-,-) 
  Y_reg[0]/Q                                    -       CK->Q  F     DFFX1          2  7.5    76   464     464    (-,-) 
  WALLACE_CSA_DUMMY_OP_groupi_g137__2346/CO     -       B->CO  F     ADDHX1         1  6.7    60   183     646    (-,-) 
  WALLACE_CSA_DUMMY_OP_groupi_cdnfadd1__1617/CO -       CI->CO F     ADDFX1         1  6.7   108   372    1019    (-,-) 
  WALLACE_CSA_DUMMY_OP_groupi_cdnfadd2__2802/CO -       CI->CO F     ADDFX1         1  6.7   108   391    1410    (-,-) 
  WALLACE_CSA_DUMMY_OP_groupi_cdnfadd3__1705/CO -       CI->CO F     ADDFX1         1  6.7   108   391    1800    (-,-) 
  WALLACE_CSA_DUMMY_OP_groupi_cdnfadd4__5122/CO -       CI->CO F     ADDFX1         1  6.7   108   391    2191    (-,-) 
  WALLACE_CSA_DUMMY_OP_groupi_cdnfadd5__8246/CO -       CI->CO F     ADDFX1         1  6.7   108   391    2582    (-,-) 
  WALLACE_CSA_DUMMY_OP_groupi_cdnfadd6__7098/CO -       CI->CO F     ADDFX1         1  6.7   108   391    2973    (-,-) 
  WALLACE_CSA_DUMMY_OP_groupi_cdnfadd7__6131/S  -       CI->S  R     ADDFX1         1  4.8    99   607    3580    (-,-) 
  g37/Y                                         -       A->Y   F     CLKINVX1       1  4.9    48    81    3661    (-,-) 
  g24__6260/Y                                   -       B->Y   R     NOR2X1         1  3.6   119   114    3775    (-,-) 
  Y_reg[7]/D                                    -       -      R     DFFX1          1    -     -     0    3775    (-,-) 
#-----------------------------------------------------------------------------------------------------------------------

