============================================================
  Generated by:           Genus(TM) Synthesis Solution 21.18-s082_1
  Generated on:           May 02 2026  12:19:00 pm
  Module:                 MAC_4BIT
  Operating conditions:   ss_1.62_125 
  Interconnect mode:      global
  Area mode:              physical library
============================================================


Path 1: MET (9526 ps) Late External Delay Assertion at pin Y[4]
          Group: C2O
     Startpoint: (R) Y_reg[4]/CK
          Clock: (R) SYS_CLOCK
       Endpoint: (F) Y[4]
          Clock: (R) SYS_CLOCK

                     Capture       Launch     
        Clock Edge:+   10000            0     
       Src Latency:+       0            0     
       Net Latency:+       0 (I)        0 (I) 
           Arrival:=   10000            0     
                                              
      Output Delay:-       0                  
     Required Time:=   10000                  
      Launch Clock:-       0                  
         Data Path:-     474                  
             Slack:=    9526                  

Exceptions/Constraints:
  output_delay              0              top.sdc_line_10_10_1 

#---------------------------------------------------------------------------------------
# Timing Point   Flags   Arc   Edge   Cell     Fanout Load Trans Delay Arrival Instance 
#                                                     (fF)  (ps)  (ps)   (ps)  Location 
#---------------------------------------------------------------------------------------
  Y_reg[4]/CK    -       -     R     (arrival)      8    -     0     0       0    (-,-) 
  Y_reg[4]/Q     -       CK->Q F     DFFX1          2  9.1    85   474     474    (-,-) 
  Y[4]           -       -     F     (port)         -    -     -     0     474    (-,-) 
#---------------------------------------------------------------------------------------

