============================================================
  Generated by:           Genus(TM) Synthesis Solution 21.18-s082_1
  Generated on:           May 02 2026  12:18:58 pm
  Module:                 MAC_4BIT
  Operating conditions:   ss_1.62_125 
  Interconnect mode:      global
  Area mode:              physical library
============================================================


Path 1: MET (5752 ps) Setup Check with Pin Y_reg[7]/CK->D
          Group: I2C
     Startpoint: (R) B[2]
          Clock: (R) SYS_CLOCK
       Endpoint: (R) Y_reg[7]/D
          Clock: (R) SYS_CLOCK

                     Capture       Launch     
        Clock Edge:+   10000            0     
        Drv Adjust:+       0            0     
       Src Latency:+       0            0     
       Net Latency:+       0 (I)        0 (I) 
           Arrival:=   10000            0     
                                              
             Setup:-     230                  
     Required Time:=    9770                  
      Launch Clock:-       0                  
       Input Delay:-       0                  
         Data Path:-    4018                  
             Slack:=    5752                  

Exceptions/Constraints:
  input_delay              0              top.sdc_line_7_6_1 

#---------------------------------------------------------------------------------------------------------------------------
#                   Timing Point                    Flags    Arc   Edge   Cell     Fanout Load Trans Delay Arrival Instance 
#                                                                                         (fF)  (ps)  (ps)   (ps)  Location 
#---------------------------------------------------------------------------------------------------------------------------
  B[2]                                              -       -      R     (arrival)      4 13.6     0     0       0    (-,-) 
  WALLACE_CSA_DUMMY_OP_groupi_g150__1617/Y          -       A->Y   F     NAND2X1        2  8.6   111   101     101    (-,-) 
  WALLACE_CSA_DUMMY_OP_groupi_g142__2398/Y          -       A->Y   R     NOR2X1         2 10.9   269   264     365    (-,-) 
  WALLACE_CSA_DUMMY_OP_groupi_cdnfadd_003_0__5115/S -       CI->S  R     ADDFX1         1  8.1   129   698    1063    (-,-) 
  WALLACE_CSA_DUMMY_OP_groupi_cdnfadd_003_1__7482/S -       B->S   F     ADDFX1         1  8.2   115   559    1622    (-,-) 
  WALLACE_CSA_DUMMY_OP_groupi_cdnfadd3__1705/CO     -       A->CO  F     ADDFX1         1  6.7   108   423    2044    (-,-) 
  WALLACE_CSA_DUMMY_OP_groupi_cdnfadd4__5122/CO     -       CI->CO F     ADDFX1         1  6.7   108   391    2435    (-,-) 
  WALLACE_CSA_DUMMY_OP_groupi_cdnfadd5__8246/CO     -       CI->CO F     ADDFX1         1  6.7   108   391    2826    (-,-) 
  WALLACE_CSA_DUMMY_OP_groupi_cdnfadd6__7098/CO     -       CI->CO F     ADDFX1         1  6.7   108   391    3217    (-,-) 
  WALLACE_CSA_DUMMY_OP_groupi_cdnfadd7__6131/S      -       CI->S  R     ADDFX1         1  4.8    99   607    3824    (-,-) 
  g37/Y                                             -       A->Y   F     CLKINVX1       1  4.9    48    81    3905    (-,-) 
  g24__6260/Y                                       -       B->Y   R     NOR2X1         1  3.6   119   114    4018    (-,-) 
  Y_reg[7]/D                                        -       -      R     DFFX1          1    -     -     0    4018    (-,-) 
#---------------------------------------------------------------------------------------------------------------------------

