============================================================
  Generated by:           Genus(TM) Synthesis Solution 21.18-s082_1
  Generated on:           May 02 2026  12:18:42 pm
  Module:                 MAC_4BIT
  Operating conditions:   ss_1.62_125 
  Interconnect mode:      global
  Area mode:              physical library
============================================================

Some unconstrained paths have not been displayed.
Use -unconstrained or set the root attribute 'timing_report_unconstrained' to 'true' to see only these unconstrained paths.

============================================================
  Generated by:           Genus(TM) Synthesis Solution 21.18-s082_1
  Generated on:           May 02 2026  12:18:42 pm
  Module:                 MAC_4BIT
  Operating conditions:   ss_1.62_125 
  Interconnect mode:      global
  Area mode:              physical library
============================================================

No paths found

============================================================
  Generated by:           Genus(TM) Synthesis Solution 21.18-s082_1
  Generated on:           May 02 2026  12:18:42 pm
  Module:                 MAC_4BIT
  Operating conditions:   ss_1.62_125 
  Interconnect mode:      global
  Area mode:              physical library
============================================================


Path 1: MET (7445 ps) Setup Check with Pin Y_reg[7]/clk->d
          Group: I2C
     Startpoint: (R) B[1]
          Clock: (R) SYS_CLOCK
       Endpoint: (R) Y_reg[7]/d
          Clock: (R) SYS_CLOCK

                     Capture       Launch     
        Clock Edge:+   10000            0     
        Drv Adjust:+       0            0     
       Src Latency:+       0            0     
       Net Latency:+       0 (I)        0 (I) 
           Arrival:=   10000            0     
                                              
             Setup:-     273                  
     Required Time:=    9727                  
      Launch Clock:-       0                  
       Input Delay:-       0                  
         Data Path:-    2282                  
             Slack:=    7445                  

Exceptions/Constraints:
  input_delay              0              top.sdc_line_7_7_1 

#------------------------------------------------------------------------------------------------
#  Timing Point   Flags    Arc    Edge      Cell        Fanout Load Trans Delay Arrival Instance 
#                                                              (fF)  (ps)  (ps)   (ps)  Location 
#------------------------------------------------------------------------------------------------
  B[1]            (u)     -       R     (arrival)            4 25.6     0     0       0    (-,-) 
  mul_15_19/g7/z  (u)     in_1->z R     unmapped_and2        2 12.8     0   112     112    (-,-) 
  mul_15_19/g25/z (u)     in_1->z R     unmapped_xor2        3 19.2     0   269     381    (-,-) 
  mul_15_19/g28/z (u)     in_1->z R     unmapped_xor2        2 12.8     0   246     627    (-,-) 
  mul_15_19/g51/z (u)     in_1->z F     unmapped_nor2        3 18.9     0   135     762    (-,-) 
  mul_15_19/g61/z (u)     in_1->z R     unmapped_nor2        1  6.4     0    82     844    (-,-) 
  mul_15_19/g69/z (u)     in_0->z F     unmapped_nand2       1  6.3     0    82     926    (-,-) 
  mul_15_19/g70/z (u)     in_1->z R     unmapped_nand2       4 25.6     0   156    1082    (-,-) 
  mul_15_19/g77/z (u)     in_0->z F     unmapped_nand2       1  6.3     0    82    1164    (-,-) 
  mul_15_19/g78/z (u)     in_1->z R     unmapped_nand2       1  6.4     0    82    1246    (-,-) 
  mul_15_19/g94/z (u)     in_0->z R     unmapped_xnor2       2 12.8     0   246    1492    (-,-) 
  add_15_16/g14/z (u)     in_1->z F     unmapped_nor2        3 18.9     0   135    1627    (-,-) 
  add_15_16/g27/z (u)     in_1->z R     unmapped_nor2        1  6.4     0    82    1709    (-,-) 
  add_15_16/g29/z (u)     in_0->z F     unmapped_nor2        2 12.6     0   112    1821    (-,-) 
  add_15_16/g40/z (u)     in_1->z R     unmapped_nor2        1  6.4     0    82    1903    (-,-) 
  add_15_16/g42/z (u)     in_0->z F     unmapped_nor2        1  6.3     0    82    1985    (-,-) 
  add_15_16/g57/z (u)     in_0->z R     unmapped_nand2       1  6.4     0    82    2066    (-,-) 
  add_15_16/g77/z (u)     in_0->z R     unmapped_xnor2       1  6.4     0   216    2282    (-,-) 
  Y_reg[7]/d      -       -       R     unmapped_d_flop      1    -     -     0    2282    (-,-) 
#------------------------------------------------------------------------------------------------

(u) : Net has unmapped pin(s).

============================================================
  Generated by:           Genus(TM) Synthesis Solution 21.18-s082_1
  Generated on:           May 02 2026  12:18:43 pm
  Module:                 MAC_4BIT
  Operating conditions:   ss_1.62_125 
  Interconnect mode:      global
  Area mode:              physical library
============================================================


Path 1: MET (9260 ps) Late External Delay Assertion at pin Y[0]
          Group: C2O
     Startpoint: (R) Y_reg[0]/clk
          Clock: (R) SYS_CLOCK
       Endpoint: (R) Y[0]
          Clock: (R) SYS_CLOCK

                     Capture       Launch     
        Clock Edge:+   10000            0     
       Src Latency:+       0            0     
       Net Latency:+       0 (I)        0 (I) 
           Arrival:=   10000            0     
                                              
      Output Delay:-       0                  
     Required Time:=   10000                  
      Launch Clock:-       0                  
         Data Path:-     740                  
             Slack:=    9260                  

Exceptions/Constraints:
  output_delay              0              top.sdc_line_10_14_1 

#----------------------------------------------------------------------------------------------
# Timing Point   Flags    Arc   Edge      Cell        Fanout Load Trans Delay Arrival Instance 
#                                                            (fF)  (ps)  (ps)   (ps)  Location 
#----------------------------------------------------------------------------------------------
  Y_reg[0]/clk   -       -      R     (arrival)            8    -     0     0       0    (-,-) 
  Y_reg[0]/q     (u)     clk->q R     unmapped_d_flop      3 14.6     0   740     740    (-,-) 
  Y[0]           -       -      R     (port)               -    -     -     0     740    (-,-) 
#----------------------------------------------------------------------------------------------

(u) : Net has unmapped pin(s).

============================================================
  Generated by:           Genus(TM) Synthesis Solution 21.18-s082_1
  Generated on:           May 02 2026  12:18:43 pm
  Module:                 MAC_4BIT
  Operating conditions:   ss_1.62_125 
  Interconnect mode:      global
  Area mode:              physical library
============================================================


Path 1: MET (7980 ps) Setup Check with Pin Y_reg[7]/clk->d
          Group: C2C
     Startpoint: (R) Y_reg[1]/clk
          Clock: (R) SYS_CLOCK
       Endpoint: (R) Y_reg[7]/d
          Clock: (R) SYS_CLOCK

                     Capture       Launch     
        Clock Edge:+   10000            0     
       Src Latency:+       0            0     
       Net Latency:+       0 (I)        0 (I) 
           Arrival:=   10000            0     
                                              
             Setup:-     273                  
     Required Time:=    9727                  
      Launch Clock:-       0                  
         Data Path:-    1747                  
             Slack:=    7980                  

#------------------------------------------------------------------------------------------------
#  Timing Point   Flags    Arc    Edge      Cell        Fanout Load Trans Delay Arrival Instance 
#                                                              (fF)  (ps)  (ps)   (ps)  Location 
#------------------------------------------------------------------------------------------------
  Y_reg[1]/clk    -       -       R     (arrival)            8    -     0     0       0    (-,-) 
  Y_reg[1]/q      (u)     clk->q  R     unmapped_d_flop      3 14.6     0   740     740    (-,-) 
  add_15_16/g6/z  (u)     in_0->z F     unmapped_nor2        1  6.3     0    82     822    (-,-) 
  add_15_16/g20/z (u)     in_0->z R     unmapped_not         2 12.8     0    90     912    (-,-) 
  add_15_16/g21/z (u)     in_1->z F     unmapped_nand2       1  6.3     0    82     994    (-,-) 
  add_15_16/g22/z (u)     in_1->z R     unmapped_nand2       3 19.2     0   135    1129    (-,-) 
  add_15_16/g38/z (u)     in_1->z F     unmapped_nand2       1  6.3     0    82    1211    (-,-) 
  add_15_16/g39/z (u)     in_1->z R     unmapped_nand2       4 25.6     0   156    1367    (-,-) 
  add_15_16/g56/z (u)     in_0->z F     unmapped_nand2       1  6.3     0    82    1449    (-,-) 
  add_15_16/g57/z (u)     in_1->z R     unmapped_nand2       1  6.4     0    82    1531    (-,-) 
  add_15_16/g77/z (u)     in_0->z R     unmapped_xnor2       1  6.4     0   216    1747    (-,-) 
  Y_reg[7]/d      -       -       R     unmapped_d_flop      1    -     -     0    1747    (-,-) 
#------------------------------------------------------------------------------------------------

(u) : Net has unmapped pin(s).

============================================================
  Generated by:           Genus(TM) Synthesis Solution 21.18-s082_1
  Generated on:           May 02 2026  12:18:43 pm
  Module:                 MAC_4BIT
  Operating conditions:   ss_1.62_125 
  Interconnect mode:      global
  Area mode:              physical library
============================================================

No paths found

