============================================================
  Generated by:           Genus(TM) Synthesis Solution 21.18-s082_1
  Generated on:           May 02 2026  12:18:57 pm
  Module:                 MAC_4BIT
  Operating conditions:   ss_1.62_125 
  Interconnect mode:      global
  Area mode:              physical library
============================================================

                                Leakage  
  Gate    Instances    Area   Power (nW)        Library        
---------------------------------------------------------------
ADDFX1           15   485.622     36.269    sky130_ss_1.62_125 
ADDHX1            1    20.948      2.598    sky130_ss_1.62_125 
AND2X1            8    76.176     10.070    sky130_ss_1.62_125 
AOI21X1           4    38.088      1.176    sky130_ss_1.62_125 
CLKINVX1          8    45.706      1.713    sky130_ss_1.62_125 
DFFX1             8   274.234     53.298    sky130_ss_1.62_125 
NAND2X1           8    60.941      1.959    sky130_ss_1.62_125 
NOR2X1           12    91.411      2.291    sky130_ss_1.62_125 
---------------------------------------------------------------
total            64  1093.126    109.375                       


                                           Leakage  Leakage 
     Type      Instances   Area   Area % Power (nW) Power % 
------------------------------------------------------------
sequential             8  274.234   25.1     53.298    48.7 
inverter               8   45.706    4.2      1.713     1.6 
logic                 48  773.186   70.7     54.364    49.7 
physical_cells         0    0.000    0.0      0.000     0.0 
------------------------------------------------------------
total                 64 1093.126  100.0    109.375   100.0 

