Command: report datapath > reports_Jul11-16:39:26/generic/RISC_V3_datapath.rpt
============================================================
  Generated by:           Genus(TM) Synthesis Solution 21.18-s082_1
  Generated on:           Jul 11 2026  04:41:15 pm
  Module:                 RISC_V3
  Operating conditions:   ss_1.62_125 
  Interconnect mode:      global
  Area mode:              physical library
============================================================


Inferred components

               Operator Signedness Inputs Outputs CellArea 
===========================================================
RISC_V3
 PC1
  add_174_42
   
   module:add_unsigned_2_1
    very_fast      +    unsigned   32x32  32       3523.22 
===========================================================
RISC_V3
 PC1
  sub_126_48
   
   module:sub_unsigned_1
    very_fast      -    unsigned   32x32  32       3582.34 
===========================================================
RISC_V3
 PC1
  sub_150_48_Y_sub_128_48_Y_add_149_48_Y_add_127_48
   
   module:addsub_unsigned_1440
    very_fast     +,-   unsigned   32x8x1 32       3854.27 
   equation:
   assign Z = AS ? A-B : A+B;
-----------------------------------------------------------
    sub_150_48     -    unsigned   32x32  32               
    sub_128_48     -    unsigned   32x1   32               
    add_149_48     +    unsigned   32x32  32               
    add_127_48     +    unsigned   32x1   32               
===========================================================

      Type        CellArea Percentage 
--------------------------------------
datapath modules  10959.83      10.72 
external muxes        0.00       0.00 
others            91249.14      89.28 
--------------------------------------
total            102208.97     100.00 

