============================================================
  Generated by:           Genus(TM) Synthesis Solution 21.18-s082_1
  Generated on:           Jul 11 2026  04:43:59 pm
  Module:                 RISC_V3
  Operating conditions:   ss_1.62_125 
  Interconnect mode:      global
  Area mode:              physical library
============================================================

Timing
--------

  Clock    Period 
------------------
SYS_CLOCK 10000.0 


   Cost     Critical         Violating 
  Group    Path Slack  TNS     Paths   
---------------------------------------
C2C               3.5   0.0          0 
C2O            5721.0   0.0          0 
default      No paths   0.0            
I2C            8604.5   0.0          0 
I2O          No paths   0.0            
SYS_CLOCK    No paths   0.0            
---------------------------------------
Total                   0.0          0 

Instance Count
--------------
Leaf Instance Count             3927 
Physical Instance count            0 
Sequential Instance Count        587 
Combinational Instance Count    3340 
Hierarchical Instance Count        1 

Area
----
Cell Area                          53909.755
Physical Cell Area                 0.000
Total Cell Area (Cell+Physical)    53909.755
Net Area                           94739.065
Total Area (Cell+Physical+Net)     148648.820

Runtime                            0.0 seconds
Elapsed Runtime                    290 seconds
Genus peak memory usage            1724.93 
Innovus peak memory usage          no_value 
Hostname                           cadence
