============================================================
  Generated by:           Genus(TM) Synthesis Solution 21.18-s082_1
  Generated on:           Jul 11 2026  04:41:17 pm
  Module:                 RISC_V3
  Operating conditions:   ss_1.62_125 
  Interconnect mode:      global
  Area mode:              physical library
============================================================

Timing
--------

  Clock    Period 
------------------
SYS_CLOCK 10000.0 


   Cost     Critical         Violating 
  Group    Path Slack  TNS     Paths   
---------------------------------------
C2C            2735.7   0.0          0 
C2O            7230.2   0.0          0 
default      No paths   0.0            
I2C            9347.5   0.0          0 
I2O          No paths   0.0            
SYS_CLOCK    No paths   0.0            
---------------------------------------
Total                   0.0          0 

Instance Count
--------------
Leaf Instance Count             7194 
Physical Instance count            0 
Sequential Instance Count        587 
Combinational Instance Count    6607 
Hierarchical Instance Count        4 

Area
----
Cell Area                          102208.970
Physical Cell Area                 0.000
Total Cell Area (Cell+Physical)    102208.970
Net Area                           1409.830
Total Area (Cell+Physical+Net)     103618.800

Runtime                            0.0 seconds
Elapsed Runtime                    128 seconds
Genus peak memory usage            1698.11 
Innovus peak memory usage          no_value 
Hostname                           cadence
