============================================================
  Generated by:           Genus(TM) Synthesis Solution 21.18-s082_1
  Generated on:           Jul 11 2026  04:43:30 pm
  Module:                 RISC_V3
  Operating conditions:   ss_1.62_125 
  Interconnect mode:      global
  Area mode:              physical library
============================================================


Path 1: MET (613 ps) Setup Check with Pin PC1/RF_reg[15][30]/CK->D
          Group: C2C
     Startpoint: (R) PC1/IR_reg[30]/CK
          Clock: (R) SYS_CLOCK
       Endpoint: (F) PC1/RF_reg[15][30]/D
          Clock: (R) SYS_CLOCK

                     Capture       Launch     
        Clock Edge:+   10000            0     
       Src Latency:+       0            0     
       Net Latency:+       0 (I)        0 (I) 
           Arrival:=   10000            0     
                                              
             Setup:-     177                  
     Required Time:=    9823                  
      Launch Clock:-       0                  
         Data Path:-    9210                  
             Slack:=     613                  

#-------------------------------------------------------------------------------------------------
#      Timing Point       Flags    Arc   Edge   Cell     Fanout Load Trans Delay Arrival Instance 
#                                                               (fF)  (ps)  (ps)   (ps)  Location 
#-------------------------------------------------------------------------------------------------
  PC1/IR_reg[30]/CK       -       -      R     (arrival)    587    -     0     0       0    (-,-) 
  PC1/IR_reg[30]/Q        -       CK->Q  F     DFFX1          3 12.3   102   491     491    (-,-) 
  PC1/g43941__4733/Y      -       A->Y   R     NOR2X2         2  8.3   130   160     651    (-,-) 
  PC1/g43922__8428/Y      -       B->Y   R     CLKAND2X2      2 16.7   106   224     875    (-,-) 
  PC1/g43628__2883/Y      -       A->Y   F     NAND2X4        7 37.0   132   157    1032    (-,-) 
  PC1/g43363__5115/Y      -       A1->Y  R     OAI21X2        2 14.1   225   235    1267    (-,-) 
  PC1/g43355/Y            -       A->Y   F     INVX2          3 26.4   116   177    1444    (-,-) 
  PC1/g43341__6417/Y      -       A->Y   R     NOR2X4         4 15.7   130   164    1608    (-,-) 
  PC1/g43308/Y            -       A->Y   F     CLKINVX1       1 12.9    92   136    1745    (-,-) 
  PC1/g43266__1881/Y      -       A->Y   R     NOR2X4        10 41.6   262   255    2000    (-,-) 
  PC1/g42958__2883/Y      -       B1->Y  F     AOI22X1        1  4.8   135   177    2177    (-,-) 
  PC1/g42702__4733/Y      -       A->Y   R     NAND2X1        1  7.6   115   150    2327    (-,-) 
  PC1/g42692__1617/Y      -       B->Y   F     NOR2X2         1 12.6    63    99    2426    (-,-) 
  PC1/g42616__5115/Y      -       A->Y   R     NAND2X4        6 25.4    91   106    2532    (-,-) 
  PC1/sub_126_48_g1462/Y  -       B->Y   F     NAND2X1        2 10.8   142   155    2687    (-,-) 
  PC1/sub_126_48_g1335/CO -       CI->CO F     ADDFX1         2 10.3   132   436    3123    (-,-) 
  PC1/sub_126_48_g1334/Y  -       B->Y   R     NAND2X1        1  5.0   101   118    3242    (-,-) 
  PC1/sub_126_48_g1329/Y  -       B->Y   F     NAND2X1        2  7.8   113   135    3377    (-,-) 
  PC1/sub_126_48_g1327/Y  -       B->Y   R     NAND2X1        1  7.8   124   131    3508    (-,-) 
  PC1/sub_126_48_g1326/Y  -       B->Y   F     NAND2X2        3 11.7    93   130    3638    (-,-) 
  PC1/sub_126_48_g1324/Y  -       B->Y   R     NAND2X1        1  5.0    79   101    3739    (-,-) 
  PC1/sub_126_48_g1323/Y  -       B->Y   F     NAND2X1        1  6.7   101   116    3856    (-,-) 
  PC1/sub_126_48_g1318/CO -       CI->CO F     ADDFX1         2  7.8   115   398    4254    (-,-) 
  PC1/sub_126_48_g1317/Y  -       B->Y   R     NAND2X1        1  7.8   121   132    4386    (-,-) 
  PC1/sub_126_48_g1316/Y  -       B->Y   F     NAND2X2        3 11.7    93   129    4515    (-,-) 
  PC1/sub_126_48_g1314/Y  -       C->Y   R     NAND3X1        2  9.0   157   134    4649    (-,-) 
  PC1/sub_126_48_g1310/Y  -       B->Y   F     NOR2X1         1  4.7    98   105    4754    (-,-) 
  PC1/sub_126_48_g1307/Y  -       A0->Y  R     AOI21X1        4 17.2   431   392    5145    (-,-) 
  PC1/sub_126_48_g1301/Y  -       B->Y   F     NOR2X1         2  8.7   137   212    5357    (-,-) 
  PC1/sub_126_48_g1294/Y  -       A0->Y  R     AOI21X1        3 15.8   402   385    5742    (-,-) 
  PC1/sub_126_48_g1289/Y  -       B->Y   F     NOR2X2         3 12.9   115   179    5921    (-,-) 
  PC1/sub_126_48_g1286/Y  -       B->Y   R     NAND2X1        1  7.8   107   132    6053    (-,-) 
  PC1/sub_126_48_g1283/Y  -       B->Y   F     NAND2X2        4 18.3   133   150    6203    (-,-) 
  PC1/sub_126_48_g1274/Y  -       C->Y   R     NAND3X2        1  7.8   121   111    6314    (-,-) 
  PC1/sub_126_48_g1270/Y  -       B->Y   F     NAND2X2        4 17.0   127   152    6466    (-,-) 
  PC1/sub_126_48_g1264/Y  -       B->Y   R     NAND2X1        1  7.8   109   138    6604    (-,-) 
  PC1/sub_126_48_g1263/Y  -       B->Y   F     NAND2X2        2  9.0    86   111    6715    (-,-) 
  PC1/sub_126_48_g1255/Y  -       B->Y   R     NAND2X1        1  7.8   123   119    6834    (-,-) 
  PC1/sub_126_48_g1254/Y  -       B->Y   F     NAND2X2        3 15.9   114   148    6982    (-,-) 
  PC1/sub_126_48_g1251/Y  -       B->Y   R     NAND2X2        1  7.8    99    98    7080    (-,-) 
  PC1/sub_126_48_g1249/Y  -       B->Y   F     NAND2X2        3 15.9   115   136    7217    (-,-) 
  PC1/sub_126_48_g1246/Y  -       B->Y   R     NAND2X2        1  7.8   101    99    7316    (-,-) 
  PC1/sub_126_48_g1245/Y  -       B->Y   F     NAND2X2        3 15.9   115   138    7453    (-,-) 
  PC1/sub_126_48_g1242/Y  -       B->Y   R     NAND2X2        1 13.1   122   121    7574    (-,-) 
  PC1/sub_126_48_g1241/Y  -       B->Y   F     NAND2X4        3 18.7    90   121    7695    (-,-) 
  PC1/sub_126_48_g1239/Y  -       B->Y   R     NAND2X2        1  5.0    76    76    7771    (-,-) 
  PC1/sub_126_48_g1236/Y  -       B0->Y  F     OAI21X1        1  5.0   100   123    7894    (-,-) 
  PC1/g46013/Y            -       B->Y   R     NAND2X1        1  5.0   104   104    7998    (-,-) 
  PC1/g45578__6161/Y      -       B->Y   F     NAND2X1        1  5.0   101   114    8112    (-,-) 
  PC1/g45550__9315/Y      -       B->Y   R     NAND2X1        1  5.0   112   105    8217    (-,-) 
  PC1/g45531__5107/Y      -       C->Y   F     NAND3X1        2  8.8   188   192    8409    (-,-) 
  PC1/g26603/Y            -       A->Y   R     CLKINVX1       1  3.6    89   112    8522    (-,-) 
  PC1/g39894/Y            -       B->Y   R     AND2X2        16 63.2   351   482    9004    (-,-) 
  PC1/g38623/Y            -       A0->Y  F     OAI21X1        1  3.6   108   206    9210    (-,-) 
  PC1/RF_reg[15][30]/D    -       -      F     DFFRX1         1    -     -     0    9210    (-,-) 
#-------------------------------------------------------------------------------------------------

