============================================================
  Generated by:           Genus(TM) Synthesis Solution 21.18-s082_1
  Generated on:           Jul 11 2026  04:43:30 pm
  Module:                 RISC_V3
  Operating conditions:   ss_1.62_125 
  Interconnect mode:      global
  Area mode:              physical library
============================================================


Path 1: MET (8888 ps) Setup Check with Pin PC1/RF_reg[10][1]/CK->D
          Group: I2C
     Startpoint: (F) DM_OUT[1]
          Clock: (R) SYS_CLOCK
       Endpoint: (F) PC1/RF_reg[10][1]/D
          Clock: (R) SYS_CLOCK

                     Capture       Launch     
        Clock Edge:+   10000            0     
        Drv Adjust:+       0            0     
       Src Latency:+       0            0     
       Net Latency:+       0 (I)        0 (I) 
           Arrival:=   10000            0     
                                              
             Setup:-     242                  
     Required Time:=    9758                  
      Launch Clock:-       0                  
       Input Delay:-       0                  
         Data Path:-     870                  
             Slack:=    8888                  

Exceptions/Constraints:
  input_delay              0              top.sdc_line_6_62_1 

#--------------------------------------------------------------------------------------------
#    Timing Point     Flags   Arc   Edge   Cell     Fanout Load Trans Delay Arrival Instance 
#                                                          (fF)  (ps)  (ps)   (ps)  Location 
#--------------------------------------------------------------------------------------------
  DM_OUT[1]           -       -     F     (arrival)      1  4.8     0     0       0    (-,-) 
  PC1/g39446/Y        -       A->Y  R     NAND2X1        1  3.8   129    58      58    (-,-) 
  PC1/g39398/Y        -       A->Y  R     AND2X2        16 64.0   356   506     565    (-,-) 
  PC1/g38032/Y        -       A0->Y F     OAI221X1       1  3.6   210   305     870    (-,-) 
  PC1/RF_reg[10][1]/D -       -     F     DFFX1          1    -     -     0     870    (-,-) 
#--------------------------------------------------------------------------------------------

