============================================================
  Generated by:           Genus(TM) Synthesis Solution 21.18-s082_1
  Generated on:           Jul 11 2026  04:43:30 pm
  Module:                 RISC_V3
  Operating conditions:   ss_1.62_125 
  Interconnect mode:      global
  Area mode:              physical library
============================================================


Path 1: MET (5976 ps) Late External Delay Assertion at pin DM_IN[19]
          Group: C2O
     Startpoint: (R) PC1/IR_reg[30]/CK
          Clock: (R) SYS_CLOCK
       Endpoint: (R) DM_IN[19]
          Clock: (R) SYS_CLOCK

                     Capture       Launch     
        Clock Edge:+   10000            0     
       Src Latency:+       0            0     
       Net Latency:+       0 (I)        0 (I) 
           Arrival:=   10000            0     
                                              
      Output Delay:-       0                  
     Required Time:=   10000                  
      Launch Clock:-       0                  
         Data Path:-    4024                  
             Slack:=    5976                  

Exceptions/Constraints:
  output_delay              0              top.sdc_line_7_74_1 

#-------------------------------------------------------------------------------------------
#   Timing Point     Flags   Arc   Edge   Cell     Fanout Load Trans Delay Arrival Instance 
#                                                         (fF)  (ps)  (ps)   (ps)  Location 
#-------------------------------------------------------------------------------------------
  PC1/IR_reg[30]/CK  -       -     R     (arrival)    587    -     0     0       0    (-,-) 
  PC1/IR_reg[30]/Q   -       CK->Q F     DFFX1          3 12.3   102   491     491    (-,-) 
  PC1/g43941__4733/Y -       A->Y  R     NOR2X2         2  8.3   130   160     651    (-,-) 
  PC1/g43922__8428/Y -       B->Y  R     CLKAND2X2      2 16.7   106   224     875    (-,-) 
  PC1/g43628__2883/Y -       A->Y  F     NAND2X4        7 37.0   132   157    1032    (-,-) 
  PC1/g43623__4733/Y -       B->Y  R     NAND2X1        1 12.8   158   176    1208    (-,-) 
  PC1/g43362__1881/Y -       A->Y  F     NAND2X4        3 23.1    92   145    1353    (-,-) 
  PC1/g43354/Y       -       A->Y  R     CLKINVX2       2 19.7   119   132    1484    (-,-) 
  PC1/g43342__5477/Y -       A->Y  F     NAND2X2        3 20.8   135   168    1652    (-,-) 
  PC1/g43309/Y       -       A->Y  R     CLKINVX2       2  9.1    82   108    1760    (-,-) 
  PC1/g43268__7482/Y -       B->Y  F     NAND2X1        1  7.6   115   125    1885    (-,-) 
  PC1/g43210/Y       -       A->Y  R     CLKINVX2       4 22.1   133   151    2036    (-,-) 
  PC1/g43209/Y       -       A->Y  R     CLKBUFX4       7 28.8    93   224    2260    (-,-) 
  PC1/g43208/Y       -       A->Y  F     CLKINVX1       1  7.6    60    93    2353    (-,-) 
  PC1/g43203/Y       -       A->Y  R     CLKINVX2      23 92.7   491   373    2726    (-,-) 
  PC1/g42745__5526/Y -       A1->Y F     AOI22X1        1  5.0   194   301    3027    (-,-) 
  PC1/g42649__9945/Y -       D->Y  R     NAND4X1        1  3.7   115   133    3161    (-,-) 
  PC1/g42601__5107/Y -       A->Y  R     OR2X1          9 35.8   382   414    3575    (-,-) 
  PC1/g46252/Y       -       A->Y  F     INVX1          4 16.8   169   257    3832    (-,-) 
  PC1/g46179/Y       -       B->Y  R     NOR2X1         2  5.8   178   193    4024    (-,-) 
  DM_IN[19]          -       -     R     (port)         -    -     -     0    4024    (-,-) 
#-------------------------------------------------------------------------------------------

