============================================================
  Generated by:           Genus(TM) Synthesis Solution 21.18-s082_1
  Generated on:           Jul 11 2026  04:39:29 pm
  Module:                 RISC_V3
  Operating conditions:   ss_1.62_125 
  Interconnect mode:      global
  Area mode:              physical library
============================================================

Some unconstrained paths have not been displayed.
Use -unconstrained or set the root attribute 'timing_report_unconstrained' to 'true' to see only these unconstrained paths.

============================================================
  Generated by:           Genus(TM) Synthesis Solution 21.18-s082_1
  Generated on:           Jul 11 2026  04:39:29 pm
  Module:                 RISC_V3
  Operating conditions:   ss_1.62_125 
  Interconnect mode:      global
  Area mode:              physical library
============================================================

No paths found

============================================================
  Generated by:           Genus(TM) Synthesis Solution 21.18-s082_1
  Generated on:           Jul 11 2026  04:39:29 pm
  Module:                 RISC_V3
  Operating conditions:   ss_1.62_125 
  Interconnect mode:      global
  Area mode:              physical library
============================================================


Path 1: MET (9208 ps) Setup Check with Pin PC1/RF_reg[15][31]/clk->d
          Group: I2C
     Startpoint: (R) DM_OUT[31]
          Clock: (R) SYS_CLOCK
       Endpoint: (R) PC1/RF_reg[15][31]/d
          Clock: (R) SYS_CLOCK

                     Capture       Launch     
        Clock Edge:+   10000            0     
        Drv Adjust:+       0            0     
       Src Latency:+       0            0     
       Net Latency:+       0 (I)        0 (I) 
           Arrival:=   10000            0     
                                              
             Setup:-     463                  
     Required Time:=    9537                  
      Launch Clock:-       0                  
       Input Delay:-       0                  
         Data Path:-     330                  
             Slack:=    9208                  

Exceptions/Constraints:
  input_delay              0              top.sdc_line_6_32_1 

#-----------------------------------------------------------------------------------------------------------
#       Timing Point        Flags     Arc    Edge      Cell        Fanout Load Trans Delay Arrival Instance 
#                                                                         (fF)  (ps)  (ps)   (ps)  Location 
#-----------------------------------------------------------------------------------------------------------
  DM_OUT[31]                (u)     -        R     (arrival)            1  6.4     0     0       0    (-,-) 
  PC1/mux_RF_IN_107_11/g1/z (u)     data1->z R     unmapped_mux6       16 25.6     0   330     330    (-,-) 
  PC1/RF_reg[15][31]/d      -       -        R     unmapped_d_flop     16    -     -     0     330    (-,-) 
#-----------------------------------------------------------------------------------------------------------

(u) : Net has unmapped pin(s).

============================================================
  Generated by:           Genus(TM) Synthesis Solution 21.18-s082_1
  Generated on:           Jul 11 2026  04:39:29 pm
  Module:                 RISC_V3
  Operating conditions:   ss_1.62_125 
  Interconnect mode:      global
  Area mode:              physical library
============================================================


Path 1: MET (7149 ps) Late External Delay Assertion at pin DM_IN[0]
          Group: C2O
     Startpoint: (R) PC1/PSTATE_reg[2]/clk
          Clock: (R) SYS_CLOCK
       Endpoint: (R) DM_IN[0]
          Clock: (R) SYS_CLOCK

                     Capture       Launch     
        Clock Edge:+   10000            0     
       Src Latency:+       0            0     
       Net Latency:+       0 (I)        0 (I) 
           Arrival:=   10000            0     
                                              
      Output Delay:-       0                  
     Required Time:=   10000                  
      Launch Clock:-       0                  
         Data Path:-    2851                  
             Slack:=    7149                  

Exceptions/Constraints:
  output_delay              0              top.sdc_line_7_93_1 

#----------------------------------------------------------------------------------------------------------------------
#            Timing Point             Flags     Arc    Edge      Cell        Fanout  Load Trans Delay Arrival Instance 
#                                                                                    (fF)  (ps)  (ps)   (ps)  Location 
#----------------------------------------------------------------------------------------------------------------------
  PC1/PSTATE_reg[2]/clk               -       -        R     (arrival)          587     -     0     0       0    (-,-) 
  PC1/PSTATE_reg[2]/q                 (u)     clk->q   R     unmapped_d_flop     12  72.2     0   878     878    (-,-) 
  PC1/g1283/z                         (u)     in_0->z  R     unmapped_and2        1   6.4     0    82     960    (-,-) 
  PC1/g1284/z                         (u)     in_3->z  R     unmapped_and4        4  25.6     0   267    1227    (-,-) 
  PC1/mux_65_23/g4/z                  (u)     sel0->z  R     unmapped_bmux3      32 204.8     0   498    1724    (-,-) 
  PC1/mux_RF[RF_RD_ADDR2]_72_16/g32/z (u)     sel0->z  R     unmapped_bmux20     19 121.6     0  1014    2738    (-,-) 
  PC1/mux_DM_IN_107_11/g32/z          (u)     data0->z R     unmapped_mux4        1   1.8     0   113    2851    (-,-) 
  DM_IN[0]                            -       -        R     (port)               -     -     -     0    2851    (-,-) 
#----------------------------------------------------------------------------------------------------------------------

(u) : Net has unmapped pin(s).

============================================================
  Generated by:           Genus(TM) Synthesis Solution 21.18-s082_1
  Generated on:           Jul 11 2026  04:39:30 pm
  Module:                 RISC_V3
  Operating conditions:   ss_1.62_125 
  Interconnect mode:      global
  Area mode:              physical library
============================================================


Path 1: MET (3730 ps) Setup Check with Pin PC1/RF_reg[15][31]/clk->d
          Group: C2C
     Startpoint: (R) PC1/PSTATE_reg[2]/clk
          Clock: (R) SYS_CLOCK
       Endpoint: (R) PC1/RF_reg[15][31]/d
          Clock: (R) SYS_CLOCK

                     Capture       Launch     
        Clock Edge:+   10000            0     
       Src Latency:+       0            0     
       Net Latency:+       0 (I)        0 (I) 
           Arrival:=   10000            0     
                                              
             Setup:-     463                  
     Required Time:=    9537                  
      Launch Clock:-       0                  
         Data Path:-    5808                  
             Slack:=    3730                  

#----------------------------------------------------------------------------------------------------------------------
#            Timing Point             Flags     Arc    Edge      Cell        Fanout  Load Trans Delay Arrival Instance 
#                                                                                    (fF)  (ps)  (ps)   (ps)  Location 
#----------------------------------------------------------------------------------------------------------------------
  PC1/PSTATE_reg[2]/clk               -       -        R     (arrival)          587     -     0     0       0    (-,-) 
  PC1/PSTATE_reg[2]/q                 (u)     clk->q   R     unmapped_d_flop     12  72.2     0   878     878    (-,-) 
  PC1/g1283/z                         (u)     in_0->z  R     unmapped_and2        1   6.4     0    82     960    (-,-) 
  PC1/g1284/z                         (u)     in_3->z  R     unmapped_and4        4  25.6     0   267    1227    (-,-) 
  PC1/mux_65_23/g4/z                  (u)     sel0->z  R     unmapped_bmux3      32 204.8     0   498    1724    (-,-) 
  PC1/mux_RF[RF_RD_ADDR2]_72_16/g31/z (u)     sel0->z  F     unmapped_bmux20     18 113.4     0  1010    2734    (-,-) 
  PC1/sub_126_48/g32/z                (u)     in_0->z  R     unmapped_not         2  12.8     0    90    2824    (-,-) 
  PC1/sub_126_48/g36/z                (u)     in_1->z  F     unmapped_nor2        1   6.3     0    82    2906    (-,-) 
  PC1/sub_126_48/g98/z                (u)     in_0->z  R     unmapped_not         2  12.8     0    90    2997    (-,-) 
  PC1/sub_126_48/g99/z                (u)     in_1->z  F     unmapped_nand2       1   6.3     0    82    3079    (-,-) 
  PC1/sub_126_48/g100/z               (u)     in_1->z  R     unmapped_nand2       3  19.2     0   135    3214    (-,-) 
  PC1/sub_126_48/g164/z               (u)     in_1->z  F     unmapped_nand2       1   6.3     0    82    3296    (-,-) 
  PC1/sub_126_48/g165/z               (u)     in_1->z  R     unmapped_nand2       5  32.0     0   180    3475    (-,-) 
  PC1/sub_126_48/g245/z               (u)     in_0->z  F     unmapped_nand2       1   6.3     0    82    3557    (-,-) 
  PC1/sub_126_48/g246/z               (u)     in_1->z  R     unmapped_nand2       9  57.6     0   232    3789    (-,-) 
  PC1/sub_126_48/g315/z               (u)     in_1->z  F     unmapped_nand2       1   6.3     0    82    3871    (-,-) 
  PC1/sub_126_48/g316/z               (u)     in_1->z  R     unmapped_nand2      16  25.6     0   224    4094    (-,-) 
  PC1/sub_126_48/g395/z               (u)     in_0->z  F     unmapped_nand2       1   6.3     0    82    4176    (-,-) 
  PC1/sub_126_48/g396/z               (u)     in_1->z  R     unmapped_nand2       1   6.4     0    82    4258    (-,-) 
  PC1/sub_126_48/g479/z               (u)     in_0->z  R     unmapped_xnor2       1   6.4     0   216    4474    (-,-) 
  PC1/mux_ALU_OUT_124_27/g1/z         (u)     data1->z R     unmapped_bmux20      2  12.8     0   816    5290    (-,-) 
  PC1/mux_RF_IN_121_19/g1/z           (u)     data0->z R     unmapped_mux6        1   6.4     0   188    5478    (-,-) 
  PC1/mux_RF_IN_107_11/g1/z           (u)     data0->z R     unmapped_mux6       16  25.6     0   330    5808    (-,-) 
  PC1/RF_reg[15][31]/d                -       -        R     unmapped_d_flop     16     -     -     0    5808    (-,-) 
#----------------------------------------------------------------------------------------------------------------------

(u) : Net has unmapped pin(s).

============================================================
  Generated by:           Genus(TM) Synthesis Solution 21.18-s082_1
  Generated on:           Jul 11 2026  04:39:30 pm
  Module:                 RISC_V3
  Operating conditions:   ss_1.62_125 
  Interconnect mode:      global
  Area mode:              physical library
============================================================

No paths found

