xrun(64): 23.03-s011: (c) Copyright 1995-2024 Cadence Design Systems, Inc.
TOOL:	xrun(64)	23.03-s011: Started on Jul 20, 2026 at 21:15:45 +06
xrun
	-uvm
	-timescale 1ns/1ps
	+access+rwc
	+incdir+rtl
	+incdir+tb
	/home/B2_Robiul/UDIF/aiub_vlsi_impl_demo/projects/Project_3C/rtl/DATA_MEM.sv
	/home/B2_Robiul/UDIF/aiub_vlsi_impl_demo/projects/Project_3C/rtl/PROCESSOR_V3.sv
	/home/B2_Robiul/UDIF/aiub_vlsi_impl_demo/projects/Project_3C/rtl/PROG_MEM.sv
	/home/B2_Robiul/UDIF/aiub_vlsi_impl_demo/projects/Project_3C/rtl/RISC_V3.sv
	/home/B2_Robiul/UDIF/aiub_vlsi_impl_demo/projects/Project_3C/tb/RISC_V3_tb_C.sv
	-top RISC_V3_tb_C
	-elaborate
	-log elaborate.log
	-sv
	-gui
	-coverage all
	-input waves.tcl
TOOL:	xrun(64)	23.03-s011: Exiting on Jul 20, 2026 at 21:15:45 +06  (total: 00:00:00)
