Command: report datapath > reports_Jun13-07:47:51/generic/TOP_datapath.rpt
============================================================
  Generated by:           Genus(TM) Synthesis Solution 21.18-s082_1
  Generated on:           Jun 13 2026  07:48:16 am
  Module:                 TOP
  Operating conditions:   PVT_0P9V_125C 
  Interconnect mode:      global
  Area mode:              physical library
============================================================


Inferred components

                Operator   Signedness Inputs Outputs CellArea 
==============================================================
TOP
 D2_WALLACE_CSA_DUMMY_OP_groupi
  
  module:WALLACE_CSA_DUMMY_OP_group_178
   very_fast csa_and_adder            2x14x4 14       1006.86 
  equation:
  assign out_0 = ((in_1 * in_2) + in_0);
  ppgen_0  in_1 * in_2  nonbooth

--------------------------------------------------------------
==============================================================

      Type       CellArea Percentage 
-------------------------------------
datapath modules  1006.86      70.67 
external muxes       0.00       0.00 
others             417.97      29.33 
-------------------------------------
total             1424.83     100.00 

