============================================================
  Generated by:           Genus(TM) Synthesis Solution 21.18-s082_1
  Generated on:           Jul 12 2026  04:43:45 pm
  Module:                 RISC_V3
  Operating conditions:   ss_1.62_125 
  Interconnect mode:      global
  Area mode:              physical library
============================================================

                                  Leakage  
   Gate    Instances    Area    Power (nW)        Library        
-----------------------------------------------------------------
ADDFX1             3     97.124      9.311    sky130_ss_1.62_125 
ADDHX1             1     20.948      1.537    sky130_ss_1.62_125 
AND2X1            51    485.622     66.290    sky130_ss_1.62_125 
AND2X2            21    199.962     46.366    sky130_ss_1.62_125 
AND3X1             1     13.331      5.067    sky130_ss_1.62_125 
AND3X2             1     11.426      1.116    sky130_ss_1.62_125 
AND4X1             2     26.662     14.075    sky130_ss_1.62_125 
AND4X2             1     13.331      6.953    sky130_ss_1.62_125 
AOI211X1          50    571.320      1.534    sky130_ss_1.62_125 
AOI21X1          118   1123.596     15.662    sky130_ss_1.62_125 
AOI21X2            1     15.235      0.170    sky130_ss_1.62_125 
AOI221X1          49    653.209      2.073    sky130_ss_1.62_125 
AOI221X2           2     49.514      0.313    sky130_ss_1.62_125 
AOI222X1           1     17.140      0.029    sky130_ss_1.62_125 
AOI22X1          592   6764.429     23.740    sky130_ss_1.62_125 
CLKAND2X2          1      9.522      1.232    sky130_ss_1.62_125 
CLKBUFX4          13    148.543     20.516    sky130_ss_1.62_125 
CLKINVX1         176   1005.523     40.267    sky130_ss_1.62_125 
CLKINVX2          22    125.690     14.759    sky130_ss_1.62_125 
CLKINVX4          19    180.918     30.318    sky130_ss_1.62_125 
DFFRX1           192   7312.896   1422.843    sky130_ss_1.62_125 
DFFSX1            16    609.408    125.664    sky130_ss_1.62_125 
DFFX1            379  12991.817   2502.501    sky130_ss_1.62_125 
INVX1            119    679.871     18.200    sky130_ss_1.62_125 
INVX2              2     11.426      0.046    sky130_ss_1.62_125 
INVX4              2     19.044      2.938    sky130_ss_1.62_125 
MX2X1             46    700.819     63.419    sky130_ss_1.62_125 
NAND2X1          558   4250.621    140.710    sky130_ss_1.62_125 
NAND2X2           42    399.924     43.317    sky130_ss_1.62_125 
NAND2X4           22    377.071      9.119    sky130_ss_1.62_125 
NAND3X1           19    180.918     20.142    sky130_ss_1.62_125 
NAND3X2            4     60.941      5.353    sky130_ss_1.62_125 
NAND4X1          118   1348.315    191.885    sky130_ss_1.62_125 
NAND4X2            2     38.088      5.175    sky130_ss_1.62_125 
NAND4X4            1     34.279      5.180    sky130_ss_1.62_125 
NOR2X1           275   2094.840     50.775    sky130_ss_1.62_125 
NOR2X2            20    228.528      5.841    sky130_ss_1.62_125 
NOR2X4            37    634.165     12.865    sky130_ss_1.62_125 
NOR3X1            21    199.962      2.440    sky130_ss_1.62_125 
NOR3X2             1     15.235      0.575    sky130_ss_1.62_125 
NOR4X1             2     22.853      0.103    sky130_ss_1.62_125 
OAI211X1          28    319.939     28.709    sky130_ss_1.62_125 
OAI211X2           2     38.088      3.910    sky130_ss_1.62_125 
OAI21X1          333   3170.826    142.622    sky130_ss_1.62_125 
OAI21X2            1     15.235      0.855    sky130_ss_1.62_125 
OAI221X1          74    986.479     49.411    sky130_ss_1.62_125 
OAI222X1          15    228.528      5.367    sky130_ss_1.62_125 
OAI22X1          357   4079.225     84.171    sky130_ss_1.62_125 
OR2X1             92    876.024     71.372    sky130_ss_1.62_125 
OR3X1              3     34.279      1.278    sky130_ss_1.62_125 
OR4X1              1     13.331      0.664    sky130_ss_1.62_125 
XNOR2X1            1     15.235      3.626    sky130_ss_1.62_125 
XNOR2X4            2     45.706      6.546    sky130_ss_1.62_125 
XOR2X4            15    342.792     57.294    sky130_ss_1.62_125 
-----------------------------------------------------------------
total           3927  53909.755   5386.246                       


                                            Leakage  Leakage 
     Type      Instances    Area   Area % Power (nW) Power % 
-------------------------------------------------------------
sequential           587 20914.121   38.8   4051.008    75.2 
inverter             340  2022.473    3.8    106.527     2.0 
buffer                13   148.543    0.3     20.516     0.4 
logic               2987 30824.618   57.2   1208.195    22.4 
physical_cells         0     0.000    0.0      0.000     0.0 
-------------------------------------------------------------
total               3927 53909.755  100.0   5386.246   100.0 

