============================================================
  Generated by:           Genus(TM) Synthesis Solution 21.18-s082_1
  Generated on:           Jul 12 2026  04:43:10 pm
  Module:                 RISC_V3
  Operating conditions:   ss_1.62_125 
  Interconnect mode:      global
  Area mode:              physical library
============================================================

                                  Leakage  
   Gate    Instances    Area    Power (nW)        Library        
-----------------------------------------------------------------
ADDFX1             3     97.124      9.311    sky130_ss_1.62_125 
ADDHX1             1     20.948      1.537    sky130_ss_1.62_125 
AND2X1            55    523.710     80.155    sky130_ss_1.62_125 
AND2X2            24    228.528     54.334    sky130_ss_1.62_125 
AND3X1             2     26.662     10.361    sky130_ss_1.62_125 
AND3X2             1     11.426      1.116    sky130_ss_1.62_125 
AND4X1             2     26.662     14.075    sky130_ss_1.62_125 
AOI211X1          48    548.467      1.480    sky130_ss_1.62_125 
AOI21X1          121   1152.162     15.554    sky130_ss_1.62_125 
AOI221X1          43    573.224      1.758    sky130_ss_1.62_125 
AOI221X2           6    148.543      0.825    sky130_ss_1.62_125 
AOI222X1           1     17.140      0.029    sky130_ss_1.62_125 
AOI22X1          588   6718.723     23.504    sky130_ss_1.62_125 
AOI22X2            2     38.088      0.131    sky130_ss_1.62_125 
CLKAND2X2          2     19.044      2.243    sky130_ss_1.62_125 
CLKBUFX4          32    365.645     53.709    sky130_ss_1.62_125 
CLKINVX1         232   1325.462     46.945    sky130_ss_1.62_125 
CLKINVX2          44    251.381     28.990    sky130_ss_1.62_125 
CLKINVX4          11    104.742     15.432    sky130_ss_1.62_125 
CLKXOR2X1          1     13.331      4.956    sky130_ss_1.62_125 
DFFRX1           192   7312.896   1422.843    sky130_ss_1.62_125 
DFFSX1            16    609.408    125.664    sky130_ss_1.62_125 
DFFX1            370  12683.304   2442.928    sky130_ss_1.62_125 
DFFX4              9    411.350     64.216    sky130_ss_1.62_125 
INVX1            124    708.437     18.848    sky130_ss_1.62_125 
INVX2              5     28.566      0.667    sky130_ss_1.62_125 
INVX4              1      9.522      1.276    sky130_ss_1.62_125 
INVX8              1     17.140      3.323    sky130_ss_1.62_125 
MX2X1             46    700.819     63.419    sky130_ss_1.62_125 
NAND2X1          562   4281.091    141.860    sky130_ss_1.62_125 
NAND2X2           55    523.710     52.479    sky130_ss_1.62_125 
NAND2X4           29    497.048     29.262    sky130_ss_1.62_125 
NAND3X1           16    152.352     16.028    sky130_ss_1.62_125 
NAND3X2            2     30.470      3.160    sky130_ss_1.62_125 
NAND4X1          117   1336.889    191.419    sky130_ss_1.62_125 
NAND4X4            3    102.838     15.531    sky130_ss_1.62_125 
NOR2X1           272   2071.987     49.646    sky130_ss_1.62_125 
NOR2X2            22    251.381      6.787    sky130_ss_1.62_125 
NOR2X4            39    668.444     15.240    sky130_ss_1.62_125 
NOR3X1            22    209.484      2.580    sky130_ss_1.62_125 
NOR3X2             1     15.235      0.575    sky130_ss_1.62_125 
NOR4X1             2     22.853      0.103    sky130_ss_1.62_125 
OAI211X1          28    319.939     28.709    sky130_ss_1.62_125 
OAI21X1          336   3199.392    145.115    sky130_ss_1.62_125 
OAI21X2            3     45.706      2.839    sky130_ss_1.62_125 
OAI221X1          74    986.479     49.411    sky130_ss_1.62_125 
OAI222X1          15    228.528      5.367    sky130_ss_1.62_125 
OAI22X1          357   4079.225     84.171    sky130_ss_1.62_125 
OR2X1             88    837.936     68.490    sky130_ss_1.62_125 
OR2X2              2     19.044      1.477    sky130_ss_1.62_125 
OR3X1              2     22.853      0.648    sky130_ss_1.62_125 
OR4X1              1     13.331      0.664    sky130_ss_1.62_125 
XNOR2X1            1     15.235      3.626    sky130_ss_1.62_125 
XNOR2X4            2     45.706      6.546    sky130_ss_1.62_125 
XOR2X4            14    319.939     53.205    sky130_ss_1.62_125 
-----------------------------------------------------------------
total           4048  54989.550   5484.568                       


                                            Leakage  Leakage 
     Type      Instances    Area   Area % Power (nW) Power % 
-------------------------------------------------------------
sequential           587 21016.958   38.2   4055.651    73.9 
inverter             418  2445.250    4.4    115.481     2.1 
buffer                32   365.645    0.7     53.709     1.0 
logic               3011 31161.697   56.7   1259.727    23.0 
physical_cells         0     0.000    0.0      0.000     0.0 
-------------------------------------------------------------
total               4048 54989.550  100.0   5484.568   100.0 

