============================================================
  Generated by:           Genus(TM) Synthesis Solution 21.18-s082_1
  Generated on:           Jul 12 2026  04:43:09 pm
  Module:                 RISC_V3
  Operating conditions:   ss_1.62_125 
  Interconnect mode:      global
  Area mode:              physical library
============================================================

Timing
--------

  Clock    Period 
------------------
SYS_CLOCK 10000.0 


   Cost     Critical         Violating 
  Group    Path Slack  TNS     Paths   
---------------------------------------
C2C             613.2   0.0          0 
C2O            5975.6   0.0          0 
default      No paths   0.0            
I2C            8888.4   0.0          0 
I2O          No paths   0.0            
SYS_CLOCK    No paths   0.0            
---------------------------------------
Total                   0.0          0 

Instance Count
--------------
Leaf Instance Count             4048 
Physical Instance count            0 
Sequential Instance Count        587 
Combinational Instance Count    3461 
Hierarchical Instance Count        1 

Area
----
Cell Area                          54989.550
Physical Cell Area                 0.000
Total Cell Area (Cell+Physical)    54989.550
Net Area                           96318.596
Total Area (Cell+Physical+Net)     151308.146

Runtime                            0.0 seconds
Elapsed Runtime                    280 seconds
Genus peak memory usage            1705.77 
Innovus peak memory usage          no_value 
Hostname                           cadence
