============================================================
  Generated by:           Genus(TM) Synthesis Solution 21.18-s082_1
  Generated on:           Jul 12 2026  04:43:43 pm
  Module:                 RISC_V3
  Operating conditions:   ss_1.62_125 
  Interconnect mode:      global
  Area mode:              physical library
============================================================

                                  Leakage    Internal   
   Gate    Instances    Area    Power (nW)  Power (nW)         Library        
------------------------------------------------------------------------------
ADDFX1             3     97.124      9.311     5155.303    sky130_ss_1.62_125 
ADDHX1             1     20.948      1.537      288.554    sky130_ss_1.62_125 
AND2X1            51    485.622     66.290     8539.077    sky130_ss_1.62_125 
AND2X2            21    199.962     46.366     5274.633    sky130_ss_1.62_125 
AND3X1             1     13.331      5.067      200.328    sky130_ss_1.62_125 
AND3X2             1     11.426      1.116      118.935    sky130_ss_1.62_125 
AND4X1             2     26.662     14.075      146.974    sky130_ss_1.62_125 
AND4X2             1     13.331      6.953       97.444    sky130_ss_1.62_125 
AOI211X1          50    571.320      1.534     2635.122    sky130_ss_1.62_125 
AOI21X1          118   1123.596     15.662    16692.980    sky130_ss_1.62_125 
AOI21X2            1     15.235      0.170      465.820    sky130_ss_1.62_125 
AOI221X1          49    653.209      2.073     6060.280    sky130_ss_1.62_125 
AOI221X2           2     49.514      0.313      470.514    sky130_ss_1.62_125 
AOI222X1           1     17.140      0.029       47.730    sky130_ss_1.62_125 
AOI22X1          592   6764.429     23.740    41902.032    sky130_ss_1.62_125 
CLKAND2X2          1      9.522      1.232      248.293    sky130_ss_1.62_125 
CLKBUFX4          13    148.543     20.516     2332.053    sky130_ss_1.62_125 
CLKINVX1         176   1005.523     40.267    11725.925    sky130_ss_1.62_125 
CLKINVX2          22    125.690     14.759     1141.588    sky130_ss_1.62_125 
CLKINVX4          19    180.918     30.318     1206.958    sky130_ss_1.62_125 
DFFRX1           192   7312.896   1422.843   816524.996    sky130_ss_1.62_125 
DFFSX1            16    609.408    125.664    66279.022    sky130_ss_1.62_125 
DFFX1            379  12991.817   2502.501  1468003.500    sky130_ss_1.62_125 
INVX1            119    679.871     18.200     8979.405    sky130_ss_1.62_125 
INVX2              2     11.426      0.046       22.628    sky130_ss_1.62_125 
INVX4              2     19.044      2.938      378.639    sky130_ss_1.62_125 
MX2X1             46    700.819     63.419    23684.767    sky130_ss_1.62_125 
NAND2X1          558   4250.621    140.710    64059.614    sky130_ss_1.62_125 
NAND2X2           42    399.924     43.317    12009.176    sky130_ss_1.62_125 
NAND2X4           22    377.071      9.119     2098.674    sky130_ss_1.62_125 
NAND3X1           19    180.918     20.142     1486.666    sky130_ss_1.62_125 
NAND3X2            4     60.941      5.353     2722.233    sky130_ss_1.62_125 
NAND4X1          118   1348.315    191.885    18045.226    sky130_ss_1.62_125 
NAND4X2            2     38.088      5.175     1203.877    sky130_ss_1.62_125 
NAND4X4            1     34.279      5.180     1277.466    sky130_ss_1.62_125 
NOR2X1           275   2094.840     50.775    30752.135    sky130_ss_1.62_125 
NOR2X2            20    228.528      5.841     2412.691    sky130_ss_1.62_125 
NOR2X4            37    634.165     12.865     5138.844    sky130_ss_1.62_125 
NOR3X1            21    199.962      2.440     2546.187    sky130_ss_1.62_125 
NOR3X2             1     15.235      0.575      244.823    sky130_ss_1.62_125 
NOR4X1             2     22.853      0.103      144.950    sky130_ss_1.62_125 
OAI211X1          28    319.939     28.709     2097.548    sky130_ss_1.62_125 
OAI211X2           2     38.088      3.910     1077.223    sky130_ss_1.62_125 
OAI21X1          333   3170.826    142.622    63167.712    sky130_ss_1.62_125 
OAI21X2            1     15.235      0.855      907.859    sky130_ss_1.62_125 
OAI221X1          74    986.479     49.411     7962.591    sky130_ss_1.62_125 
OAI222X1          15    228.528      5.367      111.388    sky130_ss_1.62_125 
OAI22X1          357   4079.225     84.171    96556.990    sky130_ss_1.62_125 
OR2X1             92    876.024     71.372    40459.296    sky130_ss_1.62_125 
OR3X1              3     34.279      1.278      707.485    sky130_ss_1.62_125 
OR4X1              1     13.331      0.664      425.687    sky130_ss_1.62_125 
XNOR2X1            1     15.235      3.626     1169.321    sky130_ss_1.62_125 
XNOR2X4            2     45.706      6.546     5485.904    sky130_ss_1.62_125 
XOR2X4            15    342.792     57.294    46419.561    sky130_ss_1.62_125 
------------------------------------------------------------------------------
total           3927  53909.755   5386.246  2899314.625                       


                                            Leakage  Leakage   Internal  Internal 
     Type      Instances    Area   Area % Power (nW) Power %  Power (nW)  Power % 
----------------------------------------------------------------------------------
sequential           587 20914.121   38.8   4051.008    75.2 2350807.518     81.1 
inverter             340  2022.473    3.8    106.527     2.0   23455.142      0.8 
buffer                13   148.543    0.3     20.516     0.4    2332.053      0.1 
logic               2987 30824.618   57.2   1208.195    22.4  522719.912     18.0 
physical_cells         0     0.000    0.0      0.000     0.0       0.000      0.0 
----------------------------------------------------------------------------------
total               3927 53909.755  100.0   5386.246   100.0 2899314.625    100.0 

