============================================================
  Generated by:           Genus(TM) Synthesis Solution 21.18-s082_1
  Generated on:           Jul 12 2026  04:43:41 pm
  Module:                 RISC_V3
  Operating conditions:   ss_1.62_125 
  Interconnect mode:      global
  Area mode:              physical library
============================================================


Path 1: MET (5721 ps) Late External Delay Assertion at pin DM_IN[19]
          Group: C2O
     Startpoint: (R) PC1/IR_reg[30]/CK
          Clock: (R) SYS_CLOCK
       Endpoint: (R) DM_IN[19]
          Clock: (R) SYS_CLOCK

                     Capture       Launch     
        Clock Edge:+   10000            0     
       Src Latency:+       0            0     
       Net Latency:+       0 (I)        0 (I) 
           Arrival:=   10000            0     
                                              
      Output Delay:-       0                  
     Required Time:=   10000                  
      Launch Clock:-       0                  
         Data Path:-    4279                  
             Slack:=    5721                  

Exceptions/Constraints:
  output_delay              0              top.sdc_line_7_74_1 

#-------------------------------------------------------------------------------------------
#   Timing Point     Flags   Arc   Edge   Cell     Fanout Load Trans Delay Arrival Instance 
#                                                         (fF)  (ps)  (ps)   (ps)  Location 
#-------------------------------------------------------------------------------------------
  PC1/IR_reg[30]/CK  -       -     R     (arrival)    587    -     0     0       0    (-,-) 
  PC1/IR_reg[30]/Q   -       CK->Q F     DFFX1          3 12.3   102   491     491    (-,-) 
  PC1/g43941__4733/Y -       A->Y  R     NOR2X2         2  8.3   130   160     651    (-,-) 
  PC1/g43922__8428/Y -       B->Y  R     CLKAND2X2      2 16.7   106   224     875    (-,-) 
  PC1/g43628__2883/Y -       A->Y  F     NAND2X4        7 29.1   112   140    1015    (-,-) 
  PC1/g43627/Y       -       A->Y  R     INVX1          2  9.1   114   137    1152    (-,-) 
  PC1/g46330/Y       -       B1->Y F     AOI22X1        1  4.8   128   124    1275    (-,-) 
  PC1/g46329/Y       -       A->Y  R     CLKINVX1       3 16.8   187   198    1473    (-,-) 
  PC1/g43344__5107/Y -       A->Y  R     AND2X1         4 15.7   184   346    1820    (-,-) 
  PC1/g43311/Y       -       A->Y  F     CLKINVX1       1  7.5    79   127    1947    (-,-) 
  PC1/g43264__7098/Y -       A->Y  R     NOR2X2        10 40.7   465   395    2342    (-,-) 
  PC1/g43144/Y       -       A->Y  F     CLKINVX1       1  7.6   134   201    2543    (-,-) 
  PC1/g43140/Y       -       A->Y  R     CLKINVX2      23 92.7   491   410    2953    (-,-) 
  PC1/g42789__9945/Y -       A1->Y F     AOI22X1        1  4.8   192   298    3251    (-,-) 
  PC1/g42649__9945/Y -       A->Y  R     NAND4X1        1  3.7   115   164    3415    (-,-) 
  PC1/g42601__5107/Y -       A->Y  R     OR2X1          9 35.8   382   414    3829    (-,-) 
  PC1/g46252/Y       -       A->Y  F     INVX1          4 16.8   169   257    4086    (-,-) 
  PC1/g46179/Y       -       B->Y  R     NOR2X1         2  5.8   178   193    4279    (-,-) 
  DM_IN[19]          -       -     R     (port)         -    -     -     0    4279    (-,-) 
#-------------------------------------------------------------------------------------------

