============================================================
  Generated by:           Genus(TM) Synthesis Solution 21.18-s082_1
  Generated on:           Jul 12 2026  04:43:41 pm
  Module:                 RISC_V3
  Operating conditions:   ss_1.62_125 
  Interconnect mode:      global
  Area mode:              physical library
============================================================


Path 1: MET (4 ps) Setup Check with Pin PC1/RF_reg[13][30]/CK->D
          Group: C2C
     Startpoint: (R) PC1/IR_reg[30]/CK
          Clock: (R) SYS_CLOCK
       Endpoint: (R) PC1/RF_reg[13][30]/D
          Clock: (R) SYS_CLOCK

                     Capture       Launch     
        Clock Edge:+   10000            0     
       Src Latency:+       0            0     
       Net Latency:+       0 (I)        0 (I) 
           Arrival:=   10000            0     
                                              
             Setup:-     256                  
     Required Time:=    9744                  
      Launch Clock:-       0                  
         Data Path:-    9741                  
             Slack:=       4                  

#------------------------------------------------------------------------------------------------
#     Timing Point       Flags   Arc   Edge   Cell     Fanout  Load Trans Delay Arrival Instance 
#                                                              (fF)  (ps)  (ps)   (ps)  Location 
#------------------------------------------------------------------------------------------------
  PC1/IR_reg[30]/CK      -       -     R     (arrival)    587     -     0     0       0    (-,-) 
  PC1/IR_reg[30]/Q       -       CK->Q F     DFFX1          3  12.3   102   491     491    (-,-) 
  PC1/g43941__4733/Y     -       A->Y  R     NOR2X2         2   8.3   130   160     651    (-,-) 
  PC1/g43922__8428/Y     -       B->Y  R     CLKAND2X2      2  16.7   106   224     875    (-,-) 
  PC1/g43628__2883/Y     -       A->Y  F     NAND2X4        7  29.1   112   140    1015    (-,-) 
  PC1/g43624__6161/Y     -       B->Y  R     NAND2X1        1   5.0    83   110    1125    (-,-) 
  PC1/g43363__5115/Y     -       B0->Y F     OAI21X1        2   8.8   136   159    1283    (-,-) 
  PC1/g43355/Y           -       A->Y  R     INVX1          3  12.9   153   175    1458    (-,-) 
  PC1/g43343__2398/Y     -       B->Y  F     NAND2X1        3  26.3   298   307    1765    (-,-) 
  PC1/g43310/Y           -       A->Y  R     CLKINVX2       2   9.1   123   147    1912    (-,-) 
  PC1/g43267__5115/Y     -       B->Y  F     NAND2X1        1  12.8   162   186    2099    (-,-) 
  PC1/g43193/Y           -       A->Y  R     CLKINVX4      32 128.6   347   324    2423    (-,-) 
  PC1/g42949__7098/Y     -       A1->Y F     AOI22X1        1   5.0   164   256    2678    (-,-) 
  PC1/g42706__2883/Y     -       B->Y  R     NAND2X1        1   7.4   125   148    2827    (-,-) 
  PC1/g42695__5122/Y     -       A->Y  F     NOR2X2         1  13.1    67   115    2942    (-,-) 
  PC1/g42616__5115/Y     -       B->Y  R     NAND2X4        9  37.3   122   120    3061    (-,-) 
  PC1/add_174_42_g1369/Y -       B->Y  F     NAND2X1        3  14.2   188   196    3258    (-,-) 
  PC1/add_174_42_g1237/Y -       A->Y  R     CLKINVX1       1   4.9   100   128    3385    (-,-) 
  PC1/add_174_42_g1236/Y -       A->Y  F     NAND2X1        1   5.0    84   115    3500    (-,-) 
  PC1/add_174_42_g1233/Y -       B->Y  R     NAND2X1        3  13.2   164   156    3656    (-,-) 
  PC1/add_174_42_g1226/Y -       B->Y  F     NAND2X1        1   7.8   117   163    3819    (-,-) 
  PC1/add_174_42_g1221/Y -       B->Y  R     NAND2X2        3  16.0   133   133    3952    (-,-) 
  PC1/add_174_42_g1219/Y -       B->Y  F     NAND2X2        1   7.8    75   116    4068    (-,-) 
  PC1/add_174_42_g1217/Y -       B->Y  R     NAND2X2        4  19.5   147   125    4193    (-,-) 
  PC1/g46347/Y           -       A1->Y F     AOI21X2        1   4.8    84   137    4330    (-,-) 
  PC1/g46346/Y           -       A->Y  R     CLKINVX1       3  13.2   150   152    4482    (-,-) 
  PC1/add_174_42_g1209/Y -       B->Y  F     NAND2X1        1   5.0    88   133    4615    (-,-) 
  PC1/add_174_42_g1206/Y -       B->Y  R     NAND2X1        3  16.0   198   178    4792    (-,-) 
  PC1/add_174_42_g1202/Y -       B->Y  F     NAND2X2        1   7.8    88   135    4928    (-,-) 
  PC1/add_174_42_g1201/Y -       B->Y  R     NAND2X2        5  21.0   153   137    5065    (-,-) 
  PC1/add_174_42_g1197/Y -       B->Y  F     NAND2X1        1   7.8   123   158    5223    (-,-) 
  PC1/add_174_42_g1196/Y -       B->Y  R     NAND2X2        4  17.1   122   140    5364    (-,-) 
  PC1/add_174_42_g1191/Y -       B->Y  F     NAND2X1        2   8.9   118   154    5518    (-,-) 
  PC1/add_174_42_g1190/Y -       A->Y  R     CLKINVX1       1   5.0    82   108    5625    (-,-) 
  PC1/add_174_42_g1186/Y -       B->Y  F     NAND2X1        1   5.0    96   104    5729    (-,-) 
  PC1/add_174_42_g1181/Y -       B->Y  R     NAND2X1        3  13.2   161   162    5891    (-,-) 
  PC1/add_174_42_g1177/Y -       B->Y  F     NAND2X1        2   9.0   127   172    6063    (-,-) 
  PC1/add_174_42_g1176/Y -       A->Y  R     INVX1          2   8.9   115   142    6205    (-,-) 
  PC1/add_174_42_g1170/Y -       B->Y  F     NAND2X1        1   7.7   122   141    6347    (-,-) 
  PC1/add_174_42_g1167/Y -       C->Y  R     NAND3X2        4  17.1   149   144    6490    (-,-) 
  PC1/add_174_42_g1162/Y -       B->Y  F     NAND2X1        2   9.0   124   167    6657    (-,-) 
  PC1/g46352/Y           -       A1->Y R     OAI21X1        4  17.1   421   374    7031    (-,-) 
  PC1/add_174_42_g1146/Y -       B->Y  F     NAND2X1        1   7.6   169   244    7275    (-,-) 
  PC1/g46345/Y           -       C0->Y R     OAI211X2       3  13.2   237   148    7424    (-,-) 
  PC1/add_174_42_g1137/Y -       B->Y  F     NAND2X1        1   7.8   133   192    7616    (-,-) 
  PC1/add_174_42_g1132/Y -       B->Y  R     NAND2X2        3  13.2   120   130    7746    (-,-) 
  PC1/add_174_42_g1131/Y -       B->Y  F     NAND2X1        1   7.8   108   144    7890    (-,-) 
  PC1/add_174_42_g1129/Y -       B->Y  R     NAND2X2        3  16.0   132   129    8019    (-,-) 
  PC1/add_174_42_g1126/Y -       B->Y  F     NAND2X2        1   5.0    62   100    8119    (-,-) 
  PC1/add_174_42_g1125/Y -       B->Y  R     NAND2X1        2   9.7   142   120    8239    (-,-) 
  PC1/add_174_42_g1123/Y -       B->Y  F     NAND2X1        1   7.8   112   154    8393    (-,-) 
  PC1/add_174_42_g1122/Y -       B->Y  R     NAND2X2        3  16.0   132   131    8524    (-,-) 
  PC1/add_174_42_g1120/Y -       B->Y  F     NAND2X1        1   5.0    84   126    8651    (-,-) 
  PC1/add_174_42_g1117/Y -       B0->Y R     OAI21X1        2   8.9   252   128    8779    (-,-) 
  PC1/g45797/Y           -       B->Y  F     NAND2X1        1   4.9   111   166    8945    (-,-) 
  PC1/g45531__5107/Y     -       B->Y  R     NAND3X1        2   8.8   136   151    9096    (-,-) 
  PC1/g26603/Y           -       A->Y  F     CLKINVX1       1   3.6    50    86    9182    (-,-) 
  PC1/g39894/Y           -       B->Y  F     AND2X2        16  63.2   205   342    9524    (-,-) 
  PC1/g38583/Y           -       A0->Y R     OAI21X1        1   3.6   214   217    9741    (-,-) 
  PC1/RF_reg[13][30]/D   -       -     R     DFFRX1         1     -     -     0    9741    (-,-) 
#------------------------------------------------------------------------------------------------

