============================================================
  Generated by:           Genus(TM) Synthesis Solution 21.18-s082_1
  Generated on:           Jun 27 2026  02:35:49 am
  Module:                 RISC_V3_PIPELINED_TOP
  Operating conditions:   ss_1.62_125 
  Interconnect mode:      global
  Area mode:              physical library
============================================================

Timing
--------

Clock Period 
-------------
CLK   5000.0 


  Cost    Critical         Violating 
 Group   Path Slack  TNS     Paths   
-------------------------------------
C2C          3317.5   0.0          0 
C2O        No paths   0.0            
CLK        No paths   0.0            
default    No paths   0.0            
I2C        No paths   0.0            
I2O        No paths   0.0            
-------------------------------------
Total                 0.0          0 

Instance Count
--------------
Leaf Instance Count             19 
Physical Instance count          0 
Sequential Instance Count        6 
Combinational Instance Count    13 
Hierarchical Instance Count      0 

Area
----
Cell Area                          346.601
Physical Cell Area                 0.000
Total Cell Area (Cell+Physical)    346.601
Net Area                           389.276
Total Area (Cell+Physical+Net)     735.877

Runtime                            0.0 seconds
Elapsed Runtime                    316 seconds
Genus peak memory usage            1723.50 
Innovus peak memory usage          no_value 
Hostname                           cadence
