============================================================
  Generated by:           Genus(TM) Synthesis Solution 21.18-s082_1
  Generated on:           Jun 27 2026  02:35:49 am
  Module:                 RISC_V3_PIPELINED_TOP
  Operating conditions:   ss_1.62_125 
  Interconnect mode:      global
  Area mode:              physical library
============================================================

                               Leakage  
  Gate    Instances   Area   Power (nW)        Library        
--------------------------------------------------------------
ADDHX1            2   41.897      3.438    sky130_ss_1.62_125 
AOI21X1           1    9.522      0.258    sky130_ss_1.62_125 
CLKINVX1          2   11.426      0.193    sky130_ss_1.62_125 
DFFX1             6  205.675     39.719    sky130_ss_1.62_125 
NOR2X1            6   45.706      1.148    sky130_ss_1.62_125 
OR2X1             1    9.522      0.889    sky130_ss_1.62_125 
XNOR2X4           1   22.853      0.998    sky130_ss_1.62_125 
--------------------------------------------------------------
total            19  346.601     46.643                       


                                          Leakage  Leakage 
     Type      Instances   Area  Area % Power (nW) Power % 
-----------------------------------------------------------
sequential             6 205.675   59.3     39.719    85.2 
inverter               2  11.426    3.3      0.193     0.4 
logic                 11 129.499   37.4      6.731    14.4 
physical_cells         0   0.000    0.0      0.000     0.0 
-----------------------------------------------------------
total                 19 346.601  100.0     46.643   100.0 

