============================================================
  Generated by:           Genus(TM) Synthesis Solution 21.18-s082_1
  Generated on:           Jun 27 2026  02:35:41 am
  Module:                 RISC_V3_PIPELINED_TOP
  Operating conditions:   ss_1.62_125 
  Interconnect mode:      global
  Area mode:              physical library
============================================================


Path 1: MET (3540 ps) Setup Check with Pin CPU_PC_reg[3]/clk->d
          Group: C2C
     Startpoint: (R) CPU_PC_reg[0]/clk
          Clock: (R) CLK
       Endpoint: (R) CPU_PC_reg[3]/d
          Clock: (R) CLK

                     Capture       Launch     
        Clock Edge:+    5000            0     
       Src Latency:+       0            0     
       Net Latency:+       0 (I)        0 (I) 
           Arrival:=    5000            0     
                                              
             Setup:-     183                  
     Required Time:=    4817                  
      Launch Clock:-       0                  
         Data Path:-    1277                  
             Slack:=    3540                  

#----------------------------------------------------------------------------------------------------
#   Timing Point    Flags    Arc    Edge       Cell         Fanout Load Trans Delay Arrival Instance 
#                                                                  (fF)  (ps)  (ps)   (ps)  Location 
#----------------------------------------------------------------------------------------------------
  CPU_PC_reg[0]/clk -       -       R     (arrival)              6    -     0     0       0    (-,-) 
  CPU_PC_reg[0]/q   (u)     clk->q  R     unmapped_d_flop        5 27.4     0   784     784    (-,-) 
  g19918/z          (u)     in_1->z F     unmapped_nand2         3 18.9     0   135     919    (-,-) 
  g19914/z          (u)     in_1->z F     unmapped_complex2      2 12.6     0   112    1031    (-,-) 
  g19905/z          (u)     in_0->z F     unmapped_or2           1  6.3     0    82    1113    (-,-) 
  g19906/z          (u)     in_1->z R     unmapped_nand2         1  6.4     0    82    1195    (-,-) 
  g19925/z          (u)     in_0->z R     unmapped_complex2      1  6.4     0    82    1277    (-,-) 
  CPU_PC_reg[3]/d   -       -       R     unmapped_d_flop        1    -     -     0    1277    (-,-) 
#----------------------------------------------------------------------------------------------------

(u) : Net has unmapped pin(s).



Path 2: MET (3652 ps) Setup Check with Pin CPU_PC_reg[2]/clk->d
          Group: C2C
     Startpoint: (R) CPU_PC_reg[0]/clk
          Clock: (R) CLK
       Endpoint: (R) CPU_PC_reg[2]/d
          Clock: (R) CLK

                     Capture       Launch     
        Clock Edge:+    5000            0     
       Src Latency:+       0            0     
       Net Latency:+       0 (I)        0 (I) 
           Arrival:=    5000            0     
                                              
             Setup:-     183                  
     Required Time:=    4817                  
      Launch Clock:-       0                  
         Data Path:-    1165                  
             Slack:=    3652                  

#----------------------------------------------------------------------------------------------------
#   Timing Point    Flags    Arc    Edge       Cell         Fanout Load Trans Delay Arrival Instance 
#                                                                  (fF)  (ps)  (ps)   (ps)  Location 
#----------------------------------------------------------------------------------------------------
  CPU_PC_reg[0]/clk -       -       R     (arrival)              6    -     0     0       0    (-,-) 
  CPU_PC_reg[0]/q   (u)     clk->q  R     unmapped_d_flop        5 27.4     0   784     784    (-,-) 
  g19918/z          (u)     in_1->z F     unmapped_nand2         3 18.9     0   135     919    (-,-) 
  g19916/z          (u)     in_1->z F     unmapped_or2           1  6.3     0    82    1001    (-,-) 
  g19917/z          (u)     in_1->z R     unmapped_nand2         1  6.4     0    82    1083    (-,-) 
  g19924/z          (u)     in_1->z R     unmapped_complex2      1  6.4     0    82    1165    (-,-) 
  CPU_PC_reg[2]/d   -       -       R     unmapped_d_flop        1    -     -     0    1165    (-,-) 
#----------------------------------------------------------------------------------------------------

(u) : Net has unmapped pin(s).



Path 3: MET (3727 ps) Setup Check with Pin CPU_PC_reg[1]/clk->d
          Group: C2C
     Startpoint: (R) CPU_PSTATE_reg[0]/clk
          Clock: (R) CLK
       Endpoint: (R) CPU_PC_reg[1]/d
          Clock: (R) CLK

                     Capture       Launch     
        Clock Edge:+    5000            0     
       Src Latency:+       0            0     
       Net Latency:+       0 (I)        0 (I) 
           Arrival:=    5000            0     
                                              
             Setup:-     183                  
     Required Time:=    4817                  
      Launch Clock:-       0                  
         Data Path:-    1090                  
             Slack:=    3727                  

#--------------------------------------------------------------------------------------------------------
#     Timing Point      Flags    Arc    Edge       Cell         Fanout Load Trans Delay Arrival Instance 
#                                                                      (fF)  (ps)  (ps)   (ps)  Location 
#--------------------------------------------------------------------------------------------------------
  CPU_PSTATE_reg[0]/clk -       -       R     (arrival)              6    -     0     0       0    (-,-) 
  CPU_PSTATE_reg[0]/q   (u)     clk->q  R     unmapped_d_flop        3 14.6     0   740     740    (-,-) 
  g19885/z              (u)     in_1->z R     unmapped_or2           2 12.8     0   112     852    (-,-) 
  g19913/z              (u)     in_0->z F     unmapped_complex2      4 25.2     0   156    1008    (-,-) 
  g19923/z              (u)     in_0->z R     unmapped_complex2      1  6.4     0    82    1090    (-,-) 
  CPU_PC_reg[1]/d       -       -       R     unmapped_d_flop        1    -     -     0    1090    (-,-) 
#--------------------------------------------------------------------------------------------------------

(u) : Net has unmapped pin(s).



Path 4: MET (3727 ps) Setup Check with Pin CPU_PC_reg[0]/clk->d
          Group: C2C
     Startpoint: (R) CPU_PSTATE_reg[0]/clk
          Clock: (R) CLK
       Endpoint: (R) CPU_PC_reg[0]/d
          Clock: (R) CLK

                     Capture       Launch     
        Clock Edge:+    5000            0     
       Src Latency:+       0            0     
       Net Latency:+       0 (I)        0 (I) 
           Arrival:=    5000            0     
                                              
             Setup:-     183                  
     Required Time:=    4817                  
      Launch Clock:-       0                  
         Data Path:-    1090                  
             Slack:=    3727                  

#--------------------------------------------------------------------------------------------------------
#     Timing Point      Flags    Arc    Edge       Cell         Fanout Load Trans Delay Arrival Instance 
#                                                                      (fF)  (ps)  (ps)   (ps)  Location 
#--------------------------------------------------------------------------------------------------------
  CPU_PSTATE_reg[0]/clk -       -       R     (arrival)              6    -     0     0       0    (-,-) 
  CPU_PSTATE_reg[0]/q   (u)     clk->q  R     unmapped_d_flop        3 14.6     0   740     740    (-,-) 
  g19885/z              (u)     in_1->z R     unmapped_or2           2 12.8     0   112     852    (-,-) 
  g19913/z              (u)     in_0->z F     unmapped_complex2      4 25.2     0   156    1008    (-,-) 
  g19922/z              (u)     in_1->z R     unmapped_nor2          1  6.4     0    82    1090    (-,-) 
  CPU_PC_reg[0]/d       -       -       R     unmapped_d_flop        1    -     -     0    1090    (-,-) 
#--------------------------------------------------------------------------------------------------------

(u) : Net has unmapped pin(s).



Path 5: MET (3875 ps) Setup Check with Pin CPU_PSTATE_reg[1]/clk->d
          Group: C2C
     Startpoint: (R) CPU_PSTATE_reg[0]/clk
          Clock: (R) CLK
       Endpoint: (R) CPU_PSTATE_reg[1]/d
          Clock: (R) CLK

                     Capture       Launch     
        Clock Edge:+    5000            0     
       Src Latency:+       0            0     
       Net Latency:+       0 (I)        0 (I) 
           Arrival:=    5000            0     
                                              
             Setup:-     273                  
     Required Time:=    4727                  
      Launch Clock:-       0                  
         Data Path:-     852                  
             Slack:=    3875                  

#------------------------------------------------------------------------------------------------------
#     Timing Point      Flags    Arc    Edge      Cell        Fanout Load Trans Delay Arrival Instance 
#                                                                    (fF)  (ps)  (ps)   (ps)  Location 
#------------------------------------------------------------------------------------------------------
  CPU_PSTATE_reg[0]/clk -       -       R     (arrival)            6    -     0     0       0    (-,-) 
  CPU_PSTATE_reg[0]/q   (u)     clk->q  R     unmapped_d_flop      3 14.6     0   740     740    (-,-) 
  g19885/z              (u)     in_1->z R     unmapped_or2         2 12.8     0   112     852    (-,-) 
  CPU_PSTATE_reg[1]/d   -       -       R     unmapped_d_flop      2    -     -     0     852    (-,-) 
#------------------------------------------------------------------------------------------------------

(u) : Net has unmapped pin(s).



Path 6: MET (3906 ps) Setup Check with Pin CPU_PSTATE_reg[0]/clk->d
          Group: C2C
     Startpoint: (R) CPU_PSTATE_reg[1]/clk
          Clock: (R) CLK
       Endpoint: (R) CPU_PSTATE_reg[0]/d
          Clock: (R) CLK

                     Capture       Launch     
        Clock Edge:+    5000            0     
       Src Latency:+       0            0     
       Net Latency:+       0 (I)        0 (I) 
           Arrival:=    5000            0     
                                              
             Setup:-     273                  
     Required Time:=    4727                  
      Launch Clock:-       0                  
         Data Path:-     822                  
             Slack:=    3906                  

#--------------------------------------------------------------------------------------------------------
#     Timing Point      Flags    Arc    Edge       Cell         Fanout Load Trans Delay Arrival Instance 
#                                                                      (fF)  (ps)  (ps)   (ps)  Location 
#--------------------------------------------------------------------------------------------------------
  CPU_PSTATE_reg[1]/clk -       -       R     (arrival)              6    -     0     0       0    (-,-) 
  CPU_PSTATE_reg[1]/q   (u)     clk->q  R     unmapped_d_flop        3 14.6     0   740     740    (-,-) 
  g19865/z              (u)     in_1->z R     unmapped_complex2      1  6.4     0    82     822    (-,-) 
  CPU_PSTATE_reg[0]/d   -       -       R     unmapped_d_flop        1    -     -     0     822    (-,-) 
#--------------------------------------------------------------------------------------------------------

(u) : Net has unmapped pin(s).

Some unconstrained paths have not been displayed.
Use -unconstrained or set the root attribute 'timing_report_unconstrained' to 'true' to see only these unconstrained paths.

