============================================================
  Generated by:           Genus(TM) Synthesis Solution 21.18-s082_1
  Generated on:           Jun 27 2026  02:35:42 am
  Module:                 RISC_V3_PIPELINED_TOP
  Operating conditions:   ss_1.62_125 
  Interconnect mode:      global
  Area mode:              physical library
============================================================

Timing
--------

Clock Period 
-------------
CLK   5000.0 


  Cost    Critical         Violating 
 Group   Path Slack  TNS     Paths   
-------------------------------------
C2C          3540.2   0.0          0 
C2O        No paths   0.0            
CLK        No paths   0.0            
default    No paths   0.0            
I2C        No paths   0.0            
I2O        No paths   0.0            
-------------------------------------
Total                 0.0          0 

Instance Count
--------------
Leaf Instance Count             24 
Physical Instance count          0 
Sequential Instance Count        6 
Combinational Instance Count    18 
Hierarchical Instance Count      0 

Area
----
Cell Area                          461.093
Physical Cell Area                 0.000
Total Cell Area (Cell+Physical)    461.093
Net Area                           78.324
Total Area (Cell+Physical+Net)     539.417

Runtime                            0.0 seconds
Elapsed Runtime                    309 seconds
Genus peak memory usage            1712.41 
Innovus peak memory usage          no_value 
Hostname                           cadence
