============================================================
  Generated by:           Genus(TM) Synthesis Solution 21.18-s082_1
  Generated on:           Jun 27 2026  02:35:47 am
  Module:                 RISC_V3_PIPELINED_TOP
  Operating conditions:   ss_1.62_125 
  Interconnect mode:      global
  Area mode:              physical library
============================================================

                               Leakage  
  Gate    Instances   Area   Power (nW)        Library        
--------------------------------------------------------------
ADDHX1            2   41.897      3.438    sky130_ss_1.62_125 
AOI21X1           1    9.522      0.258    sky130_ss_1.62_125 
CLKINVX1          3   17.140      0.344    sky130_ss_1.62_125 
DFFX1             6  205.675     39.719    sky130_ss_1.62_125 
NOR2X1            6   45.706      1.148    sky130_ss_1.62_125 
OR2X1             1    9.522      0.889    sky130_ss_1.62_125 
XNOR2X1           1   15.235      3.001    sky130_ss_1.62_125 
--------------------------------------------------------------
total            20  344.696     48.797                       


                                          Leakage  Leakage 
     Type      Instances   Area  Area % Power (nW) Power % 
-----------------------------------------------------------
sequential             6 205.675   59.7     39.719    81.4 
inverter               3  17.140    5.0      0.344     0.7 
logic                 11 121.882   35.4      8.734    17.9 
physical_cells         0   0.000    0.0      0.000     0.0 
-----------------------------------------------------------
total                 20 344.696  100.0     48.797   100.0 

