============================================================
  Generated by:           Genus(TM) Synthesis Solution 21.18-s082_1
  Generated on:           Jun 27 2026  02:35:49 am
  Module:                 RISC_V3_PIPELINED_TOP
  Operating conditions:   ss_1.62_125 
  Interconnect mode:      global
  Area mode:              physical library
============================================================

                               Leakage   Internal  
  Gate    Instances   Area   Power (nW) Power (nW)        Library        
-------------------------------------------------------------------------
ADDHX1            2   41.897      3.438   1400.437    sky130_ss_1.62_125 
AOI21X1           1    9.522      0.258    313.763    sky130_ss_1.62_125 
CLKINVX1          2   11.426      0.193    218.442    sky130_ss_1.62_125 
DFFX1             6  205.675     39.719  42803.032    sky130_ss_1.62_125 
NOR2X1            6   45.706      1.148    956.996    sky130_ss_1.62_125 
OR2X1             1    9.522      0.889    525.941    sky130_ss_1.62_125 
XNOR2X4           1   22.853      0.998    811.266    sky130_ss_1.62_125 
-------------------------------------------------------------------------
total            19  346.601     46.643  47029.877                       


                                          Leakage  Leakage  Internal  Internal 
     Type      Instances   Area  Area % Power (nW) Power % Power (nW)  Power % 
-------------------------------------------------------------------------------
sequential             6 205.675   59.3     39.719    85.2  42803.032     91.0 
inverter               2  11.426    3.3      0.193     0.4    218.442      0.5 
logic                 11 129.499   37.4      6.731    14.4   4008.403      8.5 
physical_cells         0   0.000    0.0      0.000     0.0      0.000      0.0 
-------------------------------------------------------------------------------
total                 19 346.601  100.0     46.643   100.0  47029.877    100.0 

