============================================================
  Generated by:           Genus(TM) Synthesis Solution 21.18-s082_1
  Generated on:           Jun 27 2026  02:30:55 am
  Module:                 RISC_V3_PIPELINED_TOP
  Operating conditions:   ss_1.62_125 
  Interconnect mode:      global
  Area mode:              physical library
============================================================

Some unconstrained paths have not been displayed.
Use -unconstrained or set the root attribute 'timing_report_unconstrained' to 'true' to see only these unconstrained paths.

============================================================
  Generated by:           Genus(TM) Synthesis Solution 21.18-s082_1
  Generated on:           Jun 27 2026  02:30:55 am
  Module:                 RISC_V3_PIPELINED_TOP
  Operating conditions:   ss_1.62_125 
  Interconnect mode:      global
  Area mode:              physical library
============================================================

No paths found

============================================================
  Generated by:           Genus(TM) Synthesis Solution 21.18-s082_1
  Generated on:           Jun 27 2026  02:30:55 am
  Module:                 RISC_V3_PIPELINED_TOP
  Operating conditions:   ss_1.62_125 
  Interconnect mode:      global
  Area mode:              physical library
============================================================

No paths found

============================================================
  Generated by:           Genus(TM) Synthesis Solution 21.18-s082_1
  Generated on:           Jun 27 2026  02:30:55 am
  Module:                 RISC_V3_PIPELINED_TOP
  Operating conditions:   ss_1.62_125 
  Interconnect mode:      global
  Area mode:              physical library
============================================================

No paths found

============================================================
  Generated by:           Genus(TM) Synthesis Solution 21.18-s082_1
  Generated on:           Jun 27 2026  02:30:55 am
  Module:                 RISC_V3_PIPELINED_TOP
  Operating conditions:   ss_1.62_125 
  Interconnect mode:      global
  Area mode:              physical library
============================================================


Path 1: VIOLATED (-714 ps) Setup Check with Pin CPU/ACCUM_R_reg[31]/clk->d
          Group: C2C
     Startpoint: (R) CPU/IR1_reg[12]/clk
          Clock: (R) CLK
       Endpoint: (R) CPU/ACCUM_R_reg[31]/d
          Clock: (R) CLK

                     Capture       Launch     
        Clock Edge:+    5000            0     
       Src Latency:+       0            0     
       Net Latency:+       0 (I)        0 (I) 
           Arrival:=    5000            0     
                                              
             Setup:-     273                  
     Required Time:=    4727                  
      Launch Clock:-       0                  
         Data Path:-    5441                  
             Slack:=    -714                  

#-------------------------------------------------------------------------------------------------------------------
#          Timing Point            Flags     Arc    Edge      Cell        Fanout  Load Trans Delay Arrival Instance 
#                                                                                 (fF)  (ps)  (ps)   (ps)  Location 
#-------------------------------------------------------------------------------------------------------------------
  CPU/IR1_reg[12]/clk              -       -        R     (arrival)         1131     -     0     0       0    (-,-) 
  CPU/IR1_reg[12]/q                (u)     clk->q   R     unmapped_d_flop     40 251.4     0  1008    1008    (-,-) 
  CPU/mux_RF[IR1_RS2]_49_36/g31/z  (u)     sel0->z  F     unmapped_bmux20      1   6.3     0   786    1794    (-,-) 
  CPU/mux_49_16/g31/z              (u)     data0->z F     unmapped_bmux3      43 270.9     0   523    2317    (-,-) 
  CPU/sub_117_51/g32/z             (u)     in_0->z  R     unmapped_not         2  12.8     0    90    2407    (-,-) 
  CPU/sub_117_51/g36/z             (u)     in_1->z  F     unmapped_nor2        1   6.3     0    82    2489    (-,-) 
  CPU/sub_117_51/g98/z             (u)     in_0->z  R     unmapped_not         2  12.8     0    90    2580    (-,-) 
  CPU/sub_117_51/g99/z             (u)     in_1->z  F     unmapped_nand2       1   6.3     0    82    2662    (-,-) 
  CPU/sub_117_51/g100/z            (u)     in_1->z  R     unmapped_nand2       3  19.2     0   135    2797    (-,-) 
  CPU/sub_117_51/g164/z            (u)     in_1->z  F     unmapped_nand2       1   6.3     0    82    2878    (-,-) 
  CPU/sub_117_51/g165/z            (u)     in_1->z  R     unmapped_nand2       5  32.0     0   180    3058    (-,-) 
  CPU/sub_117_51/g245/z            (u)     in_0->z  F     unmapped_nand2       1   6.3     0    82    3140    (-,-) 
  CPU/sub_117_51/g246/z            (u)     in_1->z  R     unmapped_nand2       9  57.6     0   232    3372    (-,-) 
  CPU/sub_117_51/g315/z            (u)     in_1->z  F     unmapped_nand2       1   6.3     0    82    3454    (-,-) 
  CPU/sub_117_51/g316/z            (u)     in_1->z  R     unmapped_nand2      16  25.6     0   224    3677    (-,-) 
  CPU/sub_117_51/g395/z            (u)     in_0->z  F     unmapped_nand2       1   6.3     0    82    3759    (-,-) 
  CPU/sub_117_51/g396/z            (u)     in_1->z  R     unmapped_nand2       1   6.4     0    82    3841    (-,-) 
  CPU/sub_117_51/g479/z            (u)     in_0->z  R     unmapped_xnor2       4  25.6     0   290    4131    (-,-) 
  CPU/mux_ALU_OUT_322_33/g1/z      (u)     data1->z R     unmapped_bmux20      1   6.4     0   786    4917    (-,-) 
  CPU/mux_next_ACCUM_R_320_22/g1/z (u)     data0->z R     unmapped_mux6        1   6.4     0   188    5105    (-,-) 
  CPU/mux_next_ACCUM_R_94_11/g1/z  (u)     data3->z R     unmapped_mux10       1   6.4     0   336    5441    (-,-) 
  CPU/ACCUM_R_reg[31]/d            -       -        R     unmapped_d_flop      1     -     -     0    5441    (-,-) 
#-------------------------------------------------------------------------------------------------------------------

(u) : Net has unmapped pin(s).

============================================================
  Generated by:           Genus(TM) Synthesis Solution 21.18-s082_1
  Generated on:           Jun 27 2026  02:30:56 am
  Module:                 RISC_V3_PIPELINED_TOP
  Operating conditions:   ss_1.62_125 
  Interconnect mode:      global
  Area mode:              physical library
============================================================

No paths found

