Command: report datapath > reports_May02-12:26:38/generic/top_datapath.rpt
============================================================
  Generated by:           Genus(TM) Synthesis Solution 21.18-s082_1
  Generated on:           May 02 2026  12:26:53 pm
  Module:                 top
  Operating conditions:   PVT_0P9V_125C 
  Interconnect mode:      global
  Area mode:              physical library
============================================================


Inferred components

                Operator   Signedness   Inputs   Outputs CellArea 
==================================================================
top
 WALLACE_CSA_DUMMY_OP_groupi
  
  module:WALLACE_CSA_DUMMY_OP_group_2
   very_fast csa_and_adder            4x4x4x4x4x 10       1650.51 
                                      4x4x4                       
  equation:
  assign out_0 = ((((in_4 * in_5) + (in_6 * in_7)) + (in_2 * in_3)) + (in_0 * in_1));
  ppgen_0  in_0 * in_1  nonbooth
  ppgen_1  in_2 * in_3  nonbooth
  ppgen_2  in_4 * in_5  nonbooth
  ppgen_3  in_6 * in_7  nonbooth

------------------------------------------------------------------
==================================================================

      Type       CellArea Percentage 
-------------------------------------
datapath modules  1650.51      94.64 
external muxes       0.00       0.00 
others              93.48       5.36 
-------------------------------------
total             1743.99     100.00 

