============================================================
  Generated by:           Genus(TM) Synthesis Solution 21.18-s082_1
  Generated on:           May 02 2026  11:06:07 am
  Module:                 top
  Operating conditions:   PVT_0P9V_125C 
  Interconnect mode:      global
  Area mode:              physical library
============================================================

Timing
--------

Clock Period 
-------------
CLK   5000.0 


  Cost    Critical         Violating 
 Group   Path Slack  TNS     Paths   
-------------------------------------
C2C        No paths   0.0            
C2O          4807.9   0.0          0 
CLK        No paths   0.0            
default    No paths   0.0            
I2C          3296.9   0.0          0 
I2O        No paths   0.0            
-------------------------------------
Total                 0.0          0 

Instance Count
--------------
Leaf Instance Count             629 
Physical Instance count           0 
Sequential Instance Count        10 
Combinational Instance Count    619 
Hierarchical Instance Count       1 

Area
----
Cell Area                          1746.656
Physical Cell Area                 0.000
Total Cell Area (Cell+Physical)    1746.656
Net Area                           7.412
Total Area (Cell+Physical+Net)     1754.068

Runtime                            0.0 seconds
Elapsed Runtime                    33 seconds
Genus peak memory usage            1598.97 
Innovus peak memory usage          no_value 
Hostname                           cadence
