============================================================
  Generated by:           Genus(TM) Synthesis Solution 21.18-s082_1
  Generated on:           May 02 2026  11:06:26 am
  Module:                 top
  Operating conditions:   PVT_0P9V_125C 
  Interconnect mode:      global
  Area mode:              physical library
============================================================


Path 1: MET (2312 ps) Setup Check with Pin Y_reg[8]/CK->D
          Group: I2C
     Startpoint: (R) X2[0]
          Clock: (R) CLK
       Endpoint: (R) Y_reg[8]/D
          Clock: (R) CLK

                     Capture       Launch     
        Clock Edge:+    5000            0     
        Drv Adjust:+       0            0     
       Src Latency:+       0            0     
       Net Latency:+       0 (I)        0 (I) 
           Arrival:=    5000            0     
                                              
             Setup:-     114                  
     Required Time:=    4886                  
      Launch Clock:-       0                  
       Input Delay:-       0                  
         Data Path:-    2574                  
             Slack:=    2312                  

Exceptions/Constraints:
  input_delay              0              top.sdc_line_8_12_1 

#---------------------------------------------------------------------------------------------------------------------
#               Timing Point                 Flags    Arc   Edge    Cell     Fanout Load Trans Delay Arrival Instance 
#                                                                                   (fF)  (ps)  (ps)   (ps)  Location 
#---------------------------------------------------------------------------------------------------------------------
  X2[0]                                      -       -      R     (arrival)       4 10.3     0     0       0    (-,-) 
  WALLACE_CSA_DUMMY_OP_groupi_g3244__9945/Y  -       A->Y   R     AND2XLLVT       1  4.8   128   124     124    (-,-) 
  WALLACE_CSA_DUMMY_OP_groupi_g3164__7410/CO -       A->CO  R     ADDFXLLVT       1  4.8   132   217     341    (-,-) 
  WALLACE_CSA_DUMMY_OP_groupi_g3150__5122/CO -       A->CO  R     ADDFXLLVT       1  4.5   124   215     556    (-,-) 
  WALLACE_CSA_DUMMY_OP_groupi_g3144__5526/S  -       CI->S  F     ADDFXLLVT       1  4.7   152   256     812    (-,-) 
  WALLACE_CSA_DUMMY_OP_groupi_g3135__1666/S  -       A->S   R     ADDFXLLVT       1  4.5   126   258    1070    (-,-) 
  WALLACE_CSA_DUMMY_OP_groupi_g3130__6161/S  -       CI->S  F     ADDFXLLVT       1  4.7   152   256    1326    (-,-) 
  WALLACE_CSA_DUMMY_OP_groupi_g3125__6131/CO -       A->CO  F     ADDFXLLVT       1  4.5   144   215    1541    (-,-) 
  WALLACE_CSA_DUMMY_OP_groupi_g3124__7098/CO -       CI->CO F     ADDFXLLVT       1  4.5   144   210    1751    (-,-) 
  WALLACE_CSA_DUMMY_OP_groupi_g3123__8246/CO -       CI->CO F     ADDFXLLVT       1  4.5   144   210    1960    (-,-) 
  WALLACE_CSA_DUMMY_OP_groupi_g3122__5122/CO -       CI->CO F     ADDFXLLVT       1  4.5   144   210    2170    (-,-) 
  WALLACE_CSA_DUMMY_OP_groupi_g3121__1705/S  -       CI->S  R     ADDFXLLVT       1  4.1   116   251    2421    (-,-) 
  g39__6260/Y                                -       AN->Y  R     NOR2BX1LVT      1  4.1   133   153    2574    (-,-) 
  Y_reg[8]/D                                 -       -      R     DFFQXLLVT       1    -     -     0    2574    (-,-) 
#---------------------------------------------------------------------------------------------------------------------



Path 2: MET (2376 ps) Setup Check with Pin Y_reg[9]/CK->D
          Group: I2C
     Startpoint: (R) X3[0]
          Clock: (R) CLK
       Endpoint: (R) Y_reg[9]/D
          Clock: (R) CLK

                     Capture       Launch     
        Clock Edge:+    5000            0     
        Drv Adjust:+       0            0     
       Src Latency:+       0            0     
       Net Latency:+       0 (I)        0 (I) 
           Arrival:=    5000            0     
                                              
             Setup:-     114                  
     Required Time:=    4886                  
      Launch Clock:-       0                  
       Input Delay:-       0                  
         Data Path:-    2511                  
             Slack:=    2376                  

Exceptions/Constraints:
  input_delay              0              top.sdc_line_8_16_1 

#---------------------------------------------------------------------------------------------------------------------
#               Timing Point                 Flags    Arc   Edge    Cell     Fanout Load Trans Delay Arrival Instance 
#                                                                                   (fF)  (ps)  (ps)   (ps)  Location 
#---------------------------------------------------------------------------------------------------------------------
  X3[0]                                      -       -      R     (arrival)       4 10.3     0     0       0    (-,-) 
  WALLACE_CSA_DUMMY_OP_groupi_g3219__1666/Y  -       A->Y   R     AND2XLLVT       1  4.4   118   118     118    (-,-) 
  WALLACE_CSA_DUMMY_OP_groupi_g3176__2802/S  -       A->S   F     ADDHXLLVT       1  4.5   143   208     326    (-,-) 
  WALLACE_CSA_DUMMY_OP_groupi_g3163__1666/CO -       CI->CO F     ADDFXLLVT       1  4.7   150   212     538    (-,-) 
  WALLACE_CSA_DUMMY_OP_groupi_g3144__5526/S  -       B->S   R     ADDFXLLVT       1  4.8   134   267     806    (-,-) 
  WALLACE_CSA_DUMMY_OP_groupi_g3135__1666/S  -       A->S   F     ADDFXLLVT       1  4.5   147   276    1082    (-,-) 
  WALLACE_CSA_DUMMY_OP_groupi_g3130__6161/S  -       CI->S  R     ADDFXLLVT       1  4.8   134   262    1343    (-,-) 
  WALLACE_CSA_DUMMY_OP_groupi_g3125__6131/CO -       A->CO  R     ADDFXLLVT       1  4.5   124   216    1559    (-,-) 
  WALLACE_CSA_DUMMY_OP_groupi_g3124__7098/CO -       CI->CO R     ADDFXLLVT       1  4.5   124   201    1760    (-,-) 
  WALLACE_CSA_DUMMY_OP_groupi_g3123__8246/CO -       CI->CO R     ADDFXLLVT       1  4.5   124   201    1961    (-,-) 
  WALLACE_CSA_DUMMY_OP_groupi_g3122__5122/CO -       CI->CO R     ADDFXLLVT       1  4.5   124   201    2163    (-,-) 
  WALLACE_CSA_DUMMY_OP_groupi_g3121__1705/CO -       CI->CO R     ADDFXLLVT       1  4.1   114   196    2358    (-,-) 
  g38__5107/Y                                -       AN->Y  R     NOR2BX1LVT      1  4.1   133   152    2511    (-,-) 
  Y_reg[9]/D                                 -       -      R     DFFQXLLVT       1    -     -     0    2511    (-,-) 
#---------------------------------------------------------------------------------------------------------------------



Path 3: MET (2522 ps) Setup Check with Pin Y_reg[7]/CK->D
          Group: I2C
     Startpoint: (R) X2[0]
          Clock: (R) CLK
       Endpoint: (R) Y_reg[7]/D
          Clock: (R) CLK

                     Capture       Launch     
        Clock Edge:+    5000            0     
        Drv Adjust:+       0            0     
       Src Latency:+       0            0     
       Net Latency:+       0 (I)        0 (I) 
           Arrival:=    5000            0     
                                              
             Setup:-     114                  
     Required Time:=    4886                  
      Launch Clock:-       0                  
       Input Delay:-       0                  
         Data Path:-    2364                  
             Slack:=    2522                  

Exceptions/Constraints:
  input_delay              0              top.sdc_line_8_12_1 

#---------------------------------------------------------------------------------------------------------------------
#               Timing Point                 Flags    Arc   Edge    Cell     Fanout Load Trans Delay Arrival Instance 
#                                                                                   (fF)  (ps)  (ps)   (ps)  Location 
#---------------------------------------------------------------------------------------------------------------------
  X2[0]                                      -       -      R     (arrival)       4 10.3     0     0       0    (-,-) 
  WALLACE_CSA_DUMMY_OP_groupi_g3244__9945/Y  -       A->Y   R     AND2XLLVT       1  4.8   128   124     124    (-,-) 
  WALLACE_CSA_DUMMY_OP_groupi_g3164__7410/CO -       A->CO  R     ADDFXLLVT       1  4.8   132   217     341    (-,-) 
  WALLACE_CSA_DUMMY_OP_groupi_g3150__5122/CO -       A->CO  R     ADDFXLLVT       1  4.5   124   215     556    (-,-) 
  WALLACE_CSA_DUMMY_OP_groupi_g3144__5526/S  -       CI->S  F     ADDFXLLVT       1  4.7   152   256     812    (-,-) 
  WALLACE_CSA_DUMMY_OP_groupi_g3135__1666/S  -       A->S   R     ADDFXLLVT       1  4.5   126   258    1070    (-,-) 
  WALLACE_CSA_DUMMY_OP_groupi_g3130__6161/S  -       CI->S  F     ADDFXLLVT       1  4.7   152   256    1326    (-,-) 
  WALLACE_CSA_DUMMY_OP_groupi_g3125__6131/CO -       A->CO  F     ADDFXLLVT       1  4.5   144   215    1541    (-,-) 
  WALLACE_CSA_DUMMY_OP_groupi_g3124__7098/CO -       CI->CO F     ADDFXLLVT       1  4.5   144   210    1751    (-,-) 
  WALLACE_CSA_DUMMY_OP_groupi_g3123__8246/CO -       CI->CO F     ADDFXLLVT       1  4.5   144   210    1960    (-,-) 
  WALLACE_CSA_DUMMY_OP_groupi_g3122__5122/S  -       CI->S  R     ADDFXLLVT       1  4.1   116   251    2211    (-,-) 
  g37__2398/Y                                -       AN->Y  R     NOR2BX1LVT      1  4.1   133   153    2364    (-,-) 
  Y_reg[7]/D                                 -       -      R     DFFQXLLVT       1    -     -     0    2364    (-,-) 
#---------------------------------------------------------------------------------------------------------------------



Path 4: MET (2731 ps) Setup Check with Pin Y_reg[6]/CK->D
          Group: I2C
     Startpoint: (R) X2[0]
          Clock: (R) CLK
       Endpoint: (R) Y_reg[6]/D
          Clock: (R) CLK

                     Capture       Launch     
        Clock Edge:+    5000            0     
        Drv Adjust:+       0            0     
       Src Latency:+       0            0     
       Net Latency:+       0 (I)        0 (I) 
           Arrival:=    5000            0     
                                              
             Setup:-     114                  
     Required Time:=    4886                  
      Launch Clock:-       0                  
       Input Delay:-       0                  
         Data Path:-    2155                  
             Slack:=    2731                  

Exceptions/Constraints:
  input_delay              0              top.sdc_line_8_12_1 

#---------------------------------------------------------------------------------------------------------------------
#               Timing Point                 Flags    Arc   Edge    Cell     Fanout Load Trans Delay Arrival Instance 
#                                                                                   (fF)  (ps)  (ps)   (ps)  Location 
#---------------------------------------------------------------------------------------------------------------------
  X2[0]                                      -       -      R     (arrival)       4 10.3     0     0       0    (-,-) 
  WALLACE_CSA_DUMMY_OP_groupi_g3244__9945/Y  -       A->Y   R     AND2XLLVT       1  4.8   128   124     124    (-,-) 
  WALLACE_CSA_DUMMY_OP_groupi_g3164__7410/CO -       A->CO  R     ADDFXLLVT       1  4.8   132   217     341    (-,-) 
  WALLACE_CSA_DUMMY_OP_groupi_g3150__5122/CO -       A->CO  R     ADDFXLLVT       1  4.5   124   215     556    (-,-) 
  WALLACE_CSA_DUMMY_OP_groupi_g3144__5526/S  -       CI->S  F     ADDFXLLVT       1  4.7   152   256     812    (-,-) 
  WALLACE_CSA_DUMMY_OP_groupi_g3135__1666/S  -       A->S   R     ADDFXLLVT       1  4.5   126   258    1070    (-,-) 
  WALLACE_CSA_DUMMY_OP_groupi_g3130__6161/S  -       CI->S  F     ADDFXLLVT       1  4.7   152   256    1326    (-,-) 
  WALLACE_CSA_DUMMY_OP_groupi_g3125__6131/CO -       A->CO  F     ADDFXLLVT       1  4.5   144   215    1541    (-,-) 
  WALLACE_CSA_DUMMY_OP_groupi_g3124__7098/CO -       CI->CO F     ADDFXLLVT       1  4.5   144   210    1751    (-,-) 
  WALLACE_CSA_DUMMY_OP_groupi_g3123__8246/S  -       CI->S  R     ADDFXLLVT       1  4.1   116   251    2002    (-,-) 
  g40__4319/Y                                -       AN->Y  R     NOR2BX1LVT      1  4.1   133   153    2155    (-,-) 
  Y_reg[6]/D                                 -       -      R     DFFQXLLVT       1    -     -     0    2155    (-,-) 
#---------------------------------------------------------------------------------------------------------------------



Path 5: MET (2941 ps) Setup Check with Pin Y_reg[5]/CK->D
          Group: I2C
     Startpoint: (R) X2[0]
          Clock: (R) CLK
       Endpoint: (R) Y_reg[5]/D
          Clock: (R) CLK

                     Capture       Launch     
        Clock Edge:+    5000            0     
        Drv Adjust:+       0            0     
       Src Latency:+       0            0     
       Net Latency:+       0 (I)        0 (I) 
           Arrival:=    5000            0     
                                              
             Setup:-     114                  
     Required Time:=    4886                  
      Launch Clock:-       0                  
       Input Delay:-       0                  
         Data Path:-    1945                  
             Slack:=    2941                  

Exceptions/Constraints:
  input_delay              0              top.sdc_line_8_12_1 

#--------------------------------------------------------------------------------------------------------------------
#               Timing Point                 Flags   Arc   Edge    Cell     Fanout Load Trans Delay Arrival Instance 
#                                                                                  (fF)  (ps)  (ps)   (ps)  Location 
#--------------------------------------------------------------------------------------------------------------------
  X2[0]                                      -       -     R     (arrival)       4 10.3     0     0       0    (-,-) 
  WALLACE_CSA_DUMMY_OP_groupi_g3244__9945/Y  -       A->Y  R     AND2XLLVT       1  4.8   128   124     124    (-,-) 
  WALLACE_CSA_DUMMY_OP_groupi_g3164__7410/CO -       A->CO R     ADDFXLLVT       1  4.8   132   217     341    (-,-) 
  WALLACE_CSA_DUMMY_OP_groupi_g3150__5122/CO -       A->CO R     ADDFXLLVT       1  4.5   124   215     556    (-,-) 
  WALLACE_CSA_DUMMY_OP_groupi_g3144__5526/S  -       CI->S F     ADDFXLLVT       1  4.7   152   256     812    (-,-) 
  WALLACE_CSA_DUMMY_OP_groupi_g3135__1666/S  -       A->S  R     ADDFXLLVT       1  4.5   126   258    1070    (-,-) 
  WALLACE_CSA_DUMMY_OP_groupi_g3130__6161/S  -       CI->S F     ADDFXLLVT       1  4.7   152   256    1326    (-,-) 
  WALLACE_CSA_DUMMY_OP_groupi_g3125__6131/CO -       A->CO F     ADDFXLLVT       1  4.5   144   215    1541    (-,-) 
  WALLACE_CSA_DUMMY_OP_groupi_g3124__7098/S  -       CI->S R     ADDFXLLVT       1  4.1   116   251    1792    (-,-) 
  g41__8428/Y                                -       AN->Y R     NOR2BX1LVT      1  4.1   133   153    1945    (-,-) 
  Y_reg[5]/D                                 -       -     R     DFFQXLLVT       1    -     -     0    1945    (-,-) 
#--------------------------------------------------------------------------------------------------------------------



Path 6: MET (3146 ps) Setup Check with Pin Y_reg[4]/CK->D
          Group: I2C
     Startpoint: (R) X3[0]
          Clock: (R) CLK
       Endpoint: (R) Y_reg[4]/D
          Clock: (R) CLK

                     Capture       Launch     
        Clock Edge:+    5000            0     
        Drv Adjust:+       0            0     
       Src Latency:+       0            0     
       Net Latency:+       0 (I)        0 (I) 
           Arrival:=    5000            0     
                                              
             Setup:-     114                  
     Required Time:=    4886                  
      Launch Clock:-       0                  
       Input Delay:-       0                  
         Data Path:-    1740                  
             Slack:=    3146                  

Exceptions/Constraints:
  input_delay              0              top.sdc_line_8_16_1 

#---------------------------------------------------------------------------------------------------------------------
#               Timing Point                 Flags    Arc   Edge    Cell     Fanout Load Trans Delay Arrival Instance 
#                                                                                   (fF)  (ps)  (ps)   (ps)  Location 
#---------------------------------------------------------------------------------------------------------------------
  X3[0]                                      -       -      R     (arrival)       4 10.3     0     0       0    (-,-) 
  WALLACE_CSA_DUMMY_OP_groupi_g3219__1666/Y  -       A->Y   R     AND2XLLVT       1  4.4   118   118     118    (-,-) 
  WALLACE_CSA_DUMMY_OP_groupi_g3176__2802/S  -       A->S   F     ADDHXLLVT       1  4.5   143   208     326    (-,-) 
  WALLACE_CSA_DUMMY_OP_groupi_g3163__1666/CO -       CI->CO F     ADDFXLLVT       1  4.7   150   212     538    (-,-) 
  WALLACE_CSA_DUMMY_OP_groupi_g3144__5526/S  -       B->S   R     ADDFXLLVT       1  4.8   134   267     806    (-,-) 
  WALLACE_CSA_DUMMY_OP_groupi_g3135__1666/S  -       A->S   F     ADDFXLLVT       1  4.5   147   276    1082    (-,-) 
  WALLACE_CSA_DUMMY_OP_groupi_g3130__6161/S  -       CI->S  R     ADDFXLLVT       1  4.8   134   262    1343    (-,-) 
  WALLACE_CSA_DUMMY_OP_groupi_g3125__6131/S  -       A->S   R     ADDFXLLVT       1  4.1   116   244    1587    (-,-) 
  g44__3680/Y                                -       AN->Y  R     NOR2BX1LVT      1  4.1   133   153    1740    (-,-) 
  Y_reg[4]/D                                 -       -      R     DFFQXLLVT       1    -     -     0    1740    (-,-) 
#---------------------------------------------------------------------------------------------------------------------



Path 7: MET (3378 ps) Setup Check with Pin Y_reg[3]/CK->D
          Group: I2C
     Startpoint: (R) X3[0]
          Clock: (R) CLK
       Endpoint: (R) Y_reg[3]/D
          Clock: (R) CLK

                     Capture       Launch     
        Clock Edge:+    5000            0     
        Drv Adjust:+       0            0     
       Src Latency:+       0            0     
       Net Latency:+       0 (I)        0 (I) 
           Arrival:=    5000            0     
                                              
             Setup:-     114                  
     Required Time:=    4886                  
      Launch Clock:-       0                  
       Input Delay:-       0                  
         Data Path:-    1508                  
             Slack:=    3378                  

Exceptions/Constraints:
  input_delay              0              top.sdc_line_8_16_1 

#-------------------------------------------------------------------------------------------------------------------
#               Timing Point                Flags   Arc   Edge    Cell     Fanout Load Trans Delay Arrival Instance 
#                                                                                 (fF)  (ps)  (ps)   (ps)  Location 
#-------------------------------------------------------------------------------------------------------------------
  X3[0]                                     -       -     R     (arrival)       4 10.3     0     0       0    (-,-) 
  WALLACE_CSA_DUMMY_OP_groupi_g3219__1666/Y -       A->Y  R     AND2XLLVT       1  4.4   118   118     118    (-,-) 
  WALLACE_CSA_DUMMY_OP_groupi_g3176__2802/S -       A->S  F     ADDHXLLVT       1  4.5   143   208     326    (-,-) 
  WALLACE_CSA_DUMMY_OP_groupi_g3163__1666/S -       CI->S R     ADDFXLLVT       1  4.5   126   256     582    (-,-) 
  WALLACE_CSA_DUMMY_OP_groupi_g3148__2802/S -       CI->S R     ADDFXLLVT       1  4.8   134   241     823    (-,-) 
  WALLACE_CSA_DUMMY_OP_groupi_g3134__2346/S -       A->S  F     ADDFXLLVT       1  4.7   152   280    1102    (-,-) 
  WALLACE_CSA_DUMMY_OP_groupi_g3127__5115/S -       A->S  R     ADDFXLLVT       1  4.1   116   253    1355    (-,-) 
  g43__6783/Y                               -       AN->Y R     NOR2BX1LVT      1  4.1   133   153    1508    (-,-) 
  Y_reg[3]/D                                -       -     R     DFFQXLLVT       1    -     -     0    1508    (-,-) 
#-------------------------------------------------------------------------------------------------------------------



Path 8: MET (3611 ps) Setup Check with Pin Y_reg[2]/CK->D
          Group: I2C
     Startpoint: (R) X1[0]
          Clock: (R) CLK
       Endpoint: (R) Y_reg[2]/D
          Clock: (R) CLK

                     Capture       Launch     
        Clock Edge:+    5000            0     
        Drv Adjust:+       0            0     
       Src Latency:+       0            0     
       Net Latency:+       0 (I)        0 (I) 
           Arrival:=    5000            0     
                                              
             Setup:-     114                  
     Required Time:=    4886                  
      Launch Clock:-       0                  
       Input Delay:-       0                  
         Data Path:-    1276                  
             Slack:=    3611                  

Exceptions/Constraints:
  input_delay              0              top.sdc_line_8_8_1 

#--------------------------------------------------------------------------------------------------------------------
#               Timing Point                 Flags   Arc   Edge    Cell     Fanout Load Trans Delay Arrival Instance 
#                                                                                  (fF)  (ps)  (ps)   (ps)  Location 
#--------------------------------------------------------------------------------------------------------------------
  X1[0]                                      -       -     R     (arrival)       4 10.3     0     0       0    (-,-) 
  WALLACE_CSA_DUMMY_OP_groupi_g3239__5115/Y  -       A->Y  R     AND2XLLVT       1  4.8   128   124     124    (-,-) 
  WALLACE_CSA_DUMMY_OP_groupi_g3166__5477/CO -       A->CO R     ADDFXLLVT       1  4.8   132   217     341    (-,-) 
  WALLACE_CSA_DUMMY_OP_groupi_g3151__8246/S  -       A->S  R     ADDFXLLVT       1  4.8   134   253     594    (-,-) 
  WALLACE_CSA_DUMMY_OP_groupi_g3138__5477/S  -       A->S  F     ADDFXLLVT       1  4.5   147   276     871    (-,-) 
  WALLACE_CSA_DUMMY_OP_groupi_g3131__9315/S  -       CI->S R     ADDFXLLVT       1  4.1   116   252    1122    (-,-) 
  g42__5526/Y                                -       AN->Y R     NOR2BX1LVT      1  4.1   133   153    1276    (-,-) 
  Y_reg[2]/D                                 -       -     R     DFFQXLLVT       1    -     -     0    1276    (-,-) 
#--------------------------------------------------------------------------------------------------------------------



Path 9: MET (3847 ps) Setup Check with Pin Y_reg[1]/CK->D
          Group: I2C
     Startpoint: (R) X0[0]
          Clock: (R) CLK
       Endpoint: (R) Y_reg[1]/D
          Clock: (R) CLK

                     Capture       Launch     
        Clock Edge:+    5000            0     
        Drv Adjust:+       0            0     
       Src Latency:+       0            0     
       Net Latency:+       0 (I)        0 (I) 
           Arrival:=    5000            0     
                                              
             Setup:-     114                  
     Required Time:=    4886                  
      Launch Clock:-       0                  
       Input Delay:-       0                  
         Data Path:-    1040                  
             Slack:=    3847                  

Exceptions/Constraints:
  input_delay              0              top.sdc_line_8_4_1 

#-------------------------------------------------------------------------------------------------------------------
#               Timing Point                Flags   Arc   Edge    Cell     Fanout Load Trans Delay Arrival Instance 
#                                                                                 (fF)  (ps)  (ps)   (ps)  Location 
#-------------------------------------------------------------------------------------------------------------------
  X0[0]                                     -       -     R     (arrival)       4 10.3     0     0       0    (-,-) 
  WALLACE_CSA_DUMMY_OP_groupi_g3228__5526/Y -       A->Y  R     AND2XLLVT       1  4.8   128   124     124    (-,-) 
  WALLACE_CSA_DUMMY_OP_groupi_g3158__6161/S -       A->S  F     ADDFXLLVT       1  4.5   147   274     398    (-,-) 
  WALLACE_CSA_DUMMY_OP_groupi_g3149__1705/S -       CI->S R     ADDFXLLVT       1  4.5   126   257     656    (-,-) 
  WALLACE_CSA_DUMMY_OP_groupi_g3139__2398/S -       CI->S R     ADDFXLLVT       1  4.1   116   231     886    (-,-) 
  g45__1617/Y                               -       AN->Y R     NOR2BX1LVT      1  4.1   133   153    1040    (-,-) 
  Y_reg[1]/D                                -       -     R     DFFQXLLVT       1    -     -     0    1040    (-,-) 
#-------------------------------------------------------------------------------------------------------------------



Path 10: MET (4176 ps) Setup Check with Pin Y_reg[0]/CK->D
          Group: I2C
     Startpoint: (R) X1[0]
          Clock: (R) CLK
       Endpoint: (R) Y_reg[0]/D
          Clock: (R) CLK

                     Capture       Launch     
        Clock Edge:+    5000            0     
        Drv Adjust:+       0            0     
       Src Latency:+       0            0     
       Net Latency:+       0 (I)        0 (I) 
           Arrival:=    5000            0     
                                              
             Setup:-     114                  
     Required Time:=    4886                  
      Launch Clock:-       0                  
       Input Delay:-       0                  
         Data Path:-     710                  
             Slack:=    4176                  

Exceptions/Constraints:
  input_delay              0              top.sdc_line_8_8_1 

#-------------------------------------------------------------------------------------------------------------------
#               Timing Point                Flags   Arc   Edge    Cell     Fanout Load Trans Delay Arrival Instance 
#                                                                                 (fF)  (ps)  (ps)   (ps)  Location 
#-------------------------------------------------------------------------------------------------------------------
  X1[0]                                     -       -     R     (arrival)       4 10.3     0     0       0    (-,-) 
  WALLACE_CSA_DUMMY_OP_groupi_g3226__4319/Y -       A->Y  R     AND2XLLVT       1  4.8   128   124     124    (-,-) 
  WALLACE_CSA_DUMMY_OP_groupi_g3160__9945/S -       A->S  F     ADDFXLLVT       1  4.5   147   274     398    (-,-) 
  WALLACE_CSA_DUMMY_OP_groupi_g3155__5115/S -       B->S  R     ADDHXLLVT       1  4.1   112   160     558    (-,-) 
  g46__2802/Y                               -       AN->Y R     NOR2BX1LVT      1  4.1   133   152     710    (-,-) 
  Y_reg[0]/D                                -       -     R     DFFQXLLVT       1    -     -     0     710    (-,-) 
#-------------------------------------------------------------------------------------------------------------------



Path 11: MET (4824 ps) Late External Delay Assertion at pin Y[0]
          Group: C2O
     Startpoint: (R) Y_reg[0]/CK
          Clock: (R) CLK
       Endpoint: (F) Y[0]
          Clock: (R) CLK

                     Capture       Launch     
        Clock Edge:+    5000            0     
       Src Latency:+       0            0     
       Net Latency:+       0 (I)        0 (I) 
           Arrival:=    5000            0     
                                              
      Output Delay:-       0                  
     Required Time:=    5000                  
      Launch Clock:-       0                  
         Data Path:-     176                  
             Slack:=    4824                  

Exceptions/Constraints:
  output_delay              0              top.sdc_line_11_40_1 

#---------------------------------------------------------------------------------------
# Timing Point   Flags   Arc   Edge   Cell     Fanout Load Trans Delay Arrival Instance 
#                                                     (fF)  (ps)  (ps)   (ps)  Location 
#---------------------------------------------------------------------------------------
  Y_reg[0]/CK    -       -     R     (arrival)     10    -     0     0       0    (-,-) 
  Y_reg[0]/Q     -       CK->Q F     DFFQXLLVT      1  3.9   123   176     176    (-,-) 
  Y[0]           -       -     F     (port)         -    -     -     0     176    (-,-) 
#---------------------------------------------------------------------------------------



Path 12: MET (4824 ps) Late External Delay Assertion at pin Y[1]
          Group: C2O
     Startpoint: (R) Y_reg[1]/CK
          Clock: (R) CLK
       Endpoint: (F) Y[1]
          Clock: (R) CLK

                     Capture       Launch     
        Clock Edge:+    5000            0     
       Src Latency:+       0            0     
       Net Latency:+       0 (I)        0 (I) 
           Arrival:=    5000            0     
                                              
      Output Delay:-       0                  
     Required Time:=    5000                  
      Launch Clock:-       0                  
         Data Path:-     176                  
             Slack:=    4824                  

Exceptions/Constraints:
  output_delay              0              top.sdc_line_11_39_1 

#---------------------------------------------------------------------------------------
# Timing Point   Flags   Arc   Edge   Cell     Fanout Load Trans Delay Arrival Instance 
#                                                     (fF)  (ps)  (ps)   (ps)  Location 
#---------------------------------------------------------------------------------------
  Y_reg[1]/CK    -       -     R     (arrival)     10    -     0     0       0    (-,-) 
  Y_reg[1]/Q     -       CK->Q F     DFFQXLLVT      1  3.9   123   176     176    (-,-) 
  Y[1]           -       -     F     (port)         -    -     -     0     176    (-,-) 
#---------------------------------------------------------------------------------------



Path 13: MET (4824 ps) Late External Delay Assertion at pin Y[2]
          Group: C2O
     Startpoint: (R) Y_reg[2]/CK
          Clock: (R) CLK
       Endpoint: (F) Y[2]
          Clock: (R) CLK

                     Capture       Launch     
        Clock Edge:+    5000            0     
       Src Latency:+       0            0     
       Net Latency:+       0 (I)        0 (I) 
           Arrival:=    5000            0     
                                              
      Output Delay:-       0                  
     Required Time:=    5000                  
      Launch Clock:-       0                  
         Data Path:-     176                  
             Slack:=    4824                  

Exceptions/Constraints:
  output_delay              0              top.sdc_line_11_38_1 

#---------------------------------------------------------------------------------------
# Timing Point   Flags   Arc   Edge   Cell     Fanout Load Trans Delay Arrival Instance 
#                                                     (fF)  (ps)  (ps)   (ps)  Location 
#---------------------------------------------------------------------------------------
  Y_reg[2]/CK    -       -     R     (arrival)     10    -     0     0       0    (-,-) 
  Y_reg[2]/Q     -       CK->Q F     DFFQXLLVT      1  3.9   123   176     176    (-,-) 
  Y[2]           -       -     F     (port)         -    -     -     0     176    (-,-) 
#---------------------------------------------------------------------------------------



Path 14: MET (4824 ps) Late External Delay Assertion at pin Y[3]
          Group: C2O
     Startpoint: (R) Y_reg[3]/CK
          Clock: (R) CLK
       Endpoint: (F) Y[3]
          Clock: (R) CLK

                     Capture       Launch     
        Clock Edge:+    5000            0     
       Src Latency:+       0            0     
       Net Latency:+       0 (I)        0 (I) 
           Arrival:=    5000            0     
                                              
      Output Delay:-       0                  
     Required Time:=    5000                  
      Launch Clock:-       0                  
         Data Path:-     176                  
             Slack:=    4824                  

Exceptions/Constraints:
  output_delay              0              top.sdc_line_11_37_1 

#---------------------------------------------------------------------------------------
# Timing Point   Flags   Arc   Edge   Cell     Fanout Load Trans Delay Arrival Instance 
#                                                     (fF)  (ps)  (ps)   (ps)  Location 
#---------------------------------------------------------------------------------------
  Y_reg[3]/CK    -       -     R     (arrival)     10    -     0     0       0    (-,-) 
  Y_reg[3]/Q     -       CK->Q F     DFFQXLLVT      1  3.9   123   176     176    (-,-) 
  Y[3]           -       -     F     (port)         -    -     -     0     176    (-,-) 
#---------------------------------------------------------------------------------------



Path 15: MET (4824 ps) Late External Delay Assertion at pin Y[4]
          Group: C2O
     Startpoint: (R) Y_reg[4]/CK
          Clock: (R) CLK
       Endpoint: (F) Y[4]
          Clock: (R) CLK

                     Capture       Launch     
        Clock Edge:+    5000            0     
       Src Latency:+       0            0     
       Net Latency:+       0 (I)        0 (I) 
           Arrival:=    5000            0     
                                              
      Output Delay:-       0                  
     Required Time:=    5000                  
      Launch Clock:-       0                  
         Data Path:-     176                  
             Slack:=    4824                  

Exceptions/Constraints:
  output_delay              0              top.sdc_line_11_36_1 

#---------------------------------------------------------------------------------------
# Timing Point   Flags   Arc   Edge   Cell     Fanout Load Trans Delay Arrival Instance 
#                                                     (fF)  (ps)  (ps)   (ps)  Location 
#---------------------------------------------------------------------------------------
  Y_reg[4]/CK    -       -     R     (arrival)     10    -     0     0       0    (-,-) 
  Y_reg[4]/Q     -       CK->Q F     DFFQXLLVT      1  3.9   123   176     176    (-,-) 
  Y[4]           -       -     F     (port)         -    -     -     0     176    (-,-) 
#---------------------------------------------------------------------------------------



Path 16: MET (4824 ps) Late External Delay Assertion at pin Y[5]
          Group: C2O
     Startpoint: (R) Y_reg[5]/CK
          Clock: (R) CLK
       Endpoint: (F) Y[5]
          Clock: (R) CLK

                     Capture       Launch     
        Clock Edge:+    5000            0     
       Src Latency:+       0            0     
       Net Latency:+       0 (I)        0 (I) 
           Arrival:=    5000            0     
                                              
      Output Delay:-       0                  
     Required Time:=    5000                  
      Launch Clock:-       0                  
         Data Path:-     176                  
             Slack:=    4824                  

Exceptions/Constraints:
  output_delay              0              top.sdc_line_11_35_1 

#---------------------------------------------------------------------------------------
# Timing Point   Flags   Arc   Edge   Cell     Fanout Load Trans Delay Arrival Instance 
#                                                     (fF)  (ps)  (ps)   (ps)  Location 
#---------------------------------------------------------------------------------------
  Y_reg[5]/CK    -       -     R     (arrival)     10    -     0     0       0    (-,-) 
  Y_reg[5]/Q     -       CK->Q F     DFFQXLLVT      1  3.9   123   176     176    (-,-) 
  Y[5]           -       -     F     (port)         -    -     -     0     176    (-,-) 
#---------------------------------------------------------------------------------------



Path 17: MET (4824 ps) Late External Delay Assertion at pin Y[6]
          Group: C2O
     Startpoint: (R) Y_reg[6]/CK
          Clock: (R) CLK
       Endpoint: (F) Y[6]
          Clock: (R) CLK

                     Capture       Launch     
        Clock Edge:+    5000            0     
       Src Latency:+       0            0     
       Net Latency:+       0 (I)        0 (I) 
           Arrival:=    5000            0     
                                              
      Output Delay:-       0                  
     Required Time:=    5000                  
      Launch Clock:-       0                  
         Data Path:-     176                  
             Slack:=    4824                  

Exceptions/Constraints:
  output_delay              0              top.sdc_line_11_34_1 

#---------------------------------------------------------------------------------------
# Timing Point   Flags   Arc   Edge   Cell     Fanout Load Trans Delay Arrival Instance 
#                                                     (fF)  (ps)  (ps)   (ps)  Location 
#---------------------------------------------------------------------------------------
  Y_reg[6]/CK    -       -     R     (arrival)     10    -     0     0       0    (-,-) 
  Y_reg[6]/Q     -       CK->Q F     DFFQXLLVT      1  3.9   123   176     176    (-,-) 
  Y[6]           -       -     F     (port)         -    -     -     0     176    (-,-) 
#---------------------------------------------------------------------------------------



Path 18: MET (4824 ps) Late External Delay Assertion at pin Y[7]
          Group: C2O
     Startpoint: (R) Y_reg[7]/CK
          Clock: (R) CLK
       Endpoint: (F) Y[7]
          Clock: (R) CLK

                     Capture       Launch     
        Clock Edge:+    5000            0     
       Src Latency:+       0            0     
       Net Latency:+       0 (I)        0 (I) 
           Arrival:=    5000            0     
                                              
      Output Delay:-       0                  
     Required Time:=    5000                  
      Launch Clock:-       0                  
         Data Path:-     176                  
             Slack:=    4824                  

Exceptions/Constraints:
  output_delay              0              top.sdc_line_11_33_1 

#---------------------------------------------------------------------------------------
# Timing Point   Flags   Arc   Edge   Cell     Fanout Load Trans Delay Arrival Instance 
#                                                     (fF)  (ps)  (ps)   (ps)  Location 
#---------------------------------------------------------------------------------------
  Y_reg[7]/CK    -       -     R     (arrival)     10    -     0     0       0    (-,-) 
  Y_reg[7]/Q     -       CK->Q F     DFFQXLLVT      1  3.9   123   176     176    (-,-) 
  Y[7]           -       -     F     (port)         -    -     -     0     176    (-,-) 
#---------------------------------------------------------------------------------------



Path 19: MET (4824 ps) Late External Delay Assertion at pin Y[8]
          Group: C2O
     Startpoint: (R) Y_reg[8]/CK
          Clock: (R) CLK
       Endpoint: (F) Y[8]
          Clock: (R) CLK

                     Capture       Launch     
        Clock Edge:+    5000            0     
       Src Latency:+       0            0     
       Net Latency:+       0 (I)        0 (I) 
           Arrival:=    5000            0     
                                              
      Output Delay:-       0                  
     Required Time:=    5000                  
      Launch Clock:-       0                  
         Data Path:-     176                  
             Slack:=    4824                  

Exceptions/Constraints:
  output_delay              0              top.sdc_line_11_32_1 

#---------------------------------------------------------------------------------------
# Timing Point   Flags   Arc   Edge   Cell     Fanout Load Trans Delay Arrival Instance 
#                                                     (fF)  (ps)  (ps)   (ps)  Location 
#---------------------------------------------------------------------------------------
  Y_reg[8]/CK    -       -     R     (arrival)     10    -     0     0       0    (-,-) 
  Y_reg[8]/Q     -       CK->Q F     DFFQXLLVT      1  3.9   123   176     176    (-,-) 
  Y[8]           -       -     F     (port)         -    -     -     0     176    (-,-) 
#---------------------------------------------------------------------------------------



Path 20: MET (4824 ps) Late External Delay Assertion at pin Y[9]
          Group: C2O
     Startpoint: (R) Y_reg[9]/CK
          Clock: (R) CLK
       Endpoint: (F) Y[9]
          Clock: (R) CLK

                     Capture       Launch     
        Clock Edge:+    5000            0     
       Src Latency:+       0            0     
       Net Latency:+       0 (I)        0 (I) 
           Arrival:=    5000            0     
                                              
      Output Delay:-       0                  
     Required Time:=    5000                  
      Launch Clock:-       0                  
         Data Path:-     176                  
             Slack:=    4824                  

Exceptions/Constraints:
  output_delay              0              top.sdc_line_11 

#---------------------------------------------------------------------------------------
# Timing Point   Flags   Arc   Edge   Cell     Fanout Load Trans Delay Arrival Instance 
#                                                     (fF)  (ps)  (ps)   (ps)  Location 
#---------------------------------------------------------------------------------------
  Y_reg[9]/CK    -       -     R     (arrival)     10    -     0     0       0    (-,-) 
  Y_reg[9]/Q     -       CK->Q F     DFFQXLLVT      1  3.9   123   176     176    (-,-) 
  Y[9]           -       -     F     (port)         -    -     -     0     176    (-,-) 
#---------------------------------------------------------------------------------------

Some unconstrained paths have not been displayed.
Use -unconstrained or set the root attribute 'timing_report_unconstrained' to 'true' to see only these unconstrained paths.

