============================================================
  Generated by:           Genus(TM) Synthesis Solution 21.18-s082_1
  Generated on:           May 02 2026  11:06:29 am
  Module:                 top
  Operating conditions:   PVT_0P9V_125C 
  Interconnect mode:      global
  Area mode:              physical library
============================================================


Path 1: MET (2236 ps) Setup Check with Pin Y_reg[8]/CK->D
          Group: I2C
     Startpoint: (R) X2[0]
          Clock: (R) CLK
       Endpoint: (R) Y_reg[8]/D
          Clock: (R) CLK

                     Capture       Launch     
        Clock Edge:+    5000            0     
        Drv Adjust:+       0            0     
       Src Latency:+       0            0     
       Net Latency:+       0 (I)        0 (I) 
           Arrival:=    5000            0     
                                              
             Setup:-     149                  
     Required Time:=    4851                  
      Launch Clock:-       0                  
       Input Delay:-       0                  
         Data Path:-    2615                  
             Slack:=    2236                  

Exceptions/Constraints:
  input_delay              0              top.sdc_line_8_12_1 

#---------------------------------------------------------------------------------------------------------------------
#               Timing Point                 Flags    Arc   Edge    Cell     Fanout Load Trans Delay Arrival Instance 
#                                                                                   (fF)  (ps)  (ps)   (ps)  Location 
#---------------------------------------------------------------------------------------------------------------------
  X2[0]                                      -       -      R     (arrival)       4 10.3     0     0       0    (-,-) 
  WALLACE_CSA_DUMMY_OP_groupi_g3244__9945/Y  -       A->Y   R     AND2XLLVT       1  4.8   128   124     124    (-,-) 
  WALLACE_CSA_DUMMY_OP_groupi_g3164__7410/CO -       A->CO  R     ADDFXLLVT       1  4.8   132   217     341    (-,-) 
  WALLACE_CSA_DUMMY_OP_groupi_g3150__5122/CO -       A->CO  R     ADDFXLLVT       1  4.5   124   215     556    (-,-) 
  WALLACE_CSA_DUMMY_OP_groupi_g3144__5526/S  -       CI->S  F     ADDFXLLVT       1  4.7   152   256     812    (-,-) 
  WALLACE_CSA_DUMMY_OP_groupi_g3135__1666/S  -       A->S   R     ADDFXLLVT       1  4.5   126   258    1070    (-,-) 
  WALLACE_CSA_DUMMY_OP_groupi_g3130__6161/S  -       CI->S  F     ADDFXLLVT       1  4.7   152   256    1326    (-,-) 
  WALLACE_CSA_DUMMY_OP_groupi_g3125__6131/CO -       A->CO  F     ADDFXLLVT       1  4.5   144   215    1541    (-,-) 
  WALLACE_CSA_DUMMY_OP_groupi_g3124__7098/CO -       CI->CO F     ADDFXLLVT       1  4.5   144   210    1751    (-,-) 
  WALLACE_CSA_DUMMY_OP_groupi_g3123__8246/CO -       CI->CO F     ADDFXLLVT       1  4.5   144   210    1960    (-,-) 
  WALLACE_CSA_DUMMY_OP_groupi_g3122__5122/CO -       CI->CO F     ADDFXLLVT       1  4.5   144   210    2170    (-,-) 
  WALLACE_CSA_DUMMY_OP_groupi_g3121__1705/S  -       CI->S  R     ADDFXLLVT       1  4.1   116   251    2421    (-,-) 
  g39__6260/Y                                -       AN->Y  R     NOR2BXLLVT      1  4.1   222   194    2615    (-,-) 
  Y_reg[8]/D                                 -       -      R     DFFQXLLVT       1    -     -     0    2615    (-,-) 
#---------------------------------------------------------------------------------------------------------------------

