============================================================
  Generated by:           Genus(TM) Synthesis Solution 21.18-s082_1
  Generated on:           Jun 22 2026  07:48:59 pm
  Module:                 RISC_V3
  Operating conditions:   ss_1.62_125 
  Interconnect mode:      global
  Area mode:              physical library
============================================================

                               Leakage  
  Gate    Instances   Area   Power (nW)        Library        
--------------------------------------------------------------
AOI22X1           3   34.279      0.378    sky130_ss_1.62_125 
CLKINVX1          8   45.706      2.754    sky130_ss_1.62_125 
DFFX1             5  171.396     33.312    sky130_ss_1.62_125 
NAND2X1           3   22.853      0.410    sky130_ss_1.62_125 
NOR2X1            6   45.706      1.487    sky130_ss_1.62_125 
OAI21X1           3   28.566      0.799    sky130_ss_1.62_125 
SDFFX1            1   43.801      8.273    sky130_ss_1.62_125 
--------------------------------------------------------------
total            29  392.306     47.412                       


                                          Leakage  Leakage 
     Type      Instances   Area  Area % Power (nW) Power % 
-----------------------------------------------------------
sequential             6 215.197   54.9     41.585    87.7 
inverter               8  45.706   11.7      2.754     5.8 
logic                 15 131.404   33.5      3.073     6.5 
physical_cells         0   0.000    0.0      0.000     0.0 
-----------------------------------------------------------
total                 29 392.306  100.0     47.412   100.0 

