============================================================
  Generated by:           Genus(TM) Synthesis Solution 21.18-s082_1
  Generated on:           Jun 22 2026  07:48:59 pm
  Module:                 RISC_V3
  Operating conditions:   ss_1.62_125 
  Interconnect mode:      global
  Area mode:              physical library
============================================================


Path 1: MET (3228 ps) Setup Check with Pin PC1_PC_reg[3]/CK->D
          Group: C2C
     Startpoint: (R) PC1_PC_reg[0]/CK
          Clock: (R) CLK
       Endpoint: (F) PC1_PC_reg[3]/D
          Clock: (R) CLK

                     Capture       Launch     
        Clock Edge:+    5000            0     
       Src Latency:+       0            0     
       Net Latency:+       0 (I)        0 (I) 
           Arrival:=    5000            0     
                                              
             Setup:-     191                  
     Required Time:=    4809                  
      Launch Clock:-       0                  
         Data Path:-    1581                  
             Slack:=    3228                  

#-----------------------------------------------------------------------------------------
#  Timing Point    Flags   Arc   Edge   Cell     Fanout Load Trans Delay Arrival Instance 
#                                                       (fF)  (ps)  (ps)   (ps)  Location 
#-----------------------------------------------------------------------------------------
  PC1_PC_reg[0]/CK -       -     R     (arrival)      6    -     0     0       0    (-,-) 
  PC1_PC_reg[0]/Q  -       CK->Q R     SDFFX1         5 18.1   206   513     513    (-,-) 
  g13974__6131/Y   -       B->Y  F     NAND2X1        2  8.8   135   189     702    (-,-) 
  g13972/Y         -       A->Y  R     CLKINVX1       2  8.9   117   145     848    (-,-) 
  g13971__1705/Y   -       B->Y  F     NAND2X1        2  8.8   121   151     999    (-,-) 
  g13968/Y         -       A->Y  R     CLKINVX1       1  5.0    82   108    1107    (-,-) 
  g13960__4319/Y   -       A1->Y F     OAI21X1        1  4.8   149   114    1221    (-,-) 
  g13952__2398/Y   -       A0->Y R     AOI22X1        1  4.8   196   259    1480    (-,-) 
  g13951/Y         -       A->Y  F     CLKINVX1       1  3.6    62   101    1581    (-,-) 
  PC1_PC_reg[3]/D  -       -     F     DFFX1          1    -     -     0    1581    (-,-) 
#-----------------------------------------------------------------------------------------



Path 2: MET (3301 ps) Setup Check with Pin PC1_PC_reg[2]/CK->D
          Group: C2C
     Startpoint: (R) PC1_PSTATE_reg[1]/CK
          Clock: (R) CLK
       Endpoint: (R) PC1_PC_reg[2]/D
          Clock: (R) CLK

                     Capture       Launch     
        Clock Edge:+    5000            0     
       Src Latency:+       0            0     
       Net Latency:+       0 (I)        0 (I) 
           Arrival:=    5000            0     
                                              
             Setup:-     212                  
     Required Time:=    4788                  
      Launch Clock:-       0                  
         Data Path:-    1487                  
             Slack:=    3301                  

#----------------------------------------------------------------------------------------------
#    Timing Point      Flags    Arc   Edge   Cell     Fanout Load Trans Delay Arrival Instance 
#                                                            (fF)  (ps)  (ps)   (ps)  Location 
#----------------------------------------------------------------------------------------------
  PC1_PSTATE_reg[1]/CK -       -      R     (arrival)      6    -     0     0       0    (-,-) 
  PC1_PSTATE_reg[1]/QN -       CK->QN R     DFFX1          1  5.0    70   542     542    (-,-) 
  g13975__7098/Y       -       B->Y   F     NAND2X1        5 20.7   238   223     766    (-,-) 
  g13966__13987/Y      -       B->Y   R     NOR2X1         5 18.4   428   408    1174    (-,-) 
  g13958__6260/Y       -       B0->Y  F     AOI22X1        1  4.8   140   212    1386    (-,-) 
  g13957/Y             -       A->Y   R     CLKINVX1       1  3.6    77   101    1487    (-,-) 
  PC1_PC_reg[2]/D      -       -      R     DFFX1          1    -     -     0    1487    (-,-) 
#----------------------------------------------------------------------------------------------



Path 3: MET (3301 ps) Setup Check with Pin PC1_PC_reg[1]/CK->D
          Group: C2C
     Startpoint: (R) PC1_PSTATE_reg[1]/CK
          Clock: (R) CLK
       Endpoint: (R) PC1_PC_reg[1]/D
          Clock: (R) CLK

                     Capture       Launch     
        Clock Edge:+    5000            0     
       Src Latency:+       0            0     
       Net Latency:+       0 (I)        0 (I) 
           Arrival:=    5000            0     
                                              
             Setup:-     212                  
     Required Time:=    4788                  
      Launch Clock:-       0                  
         Data Path:-    1487                  
             Slack:=    3301                  

#----------------------------------------------------------------------------------------------
#    Timing Point      Flags    Arc   Edge   Cell     Fanout Load Trans Delay Arrival Instance 
#                                                            (fF)  (ps)  (ps)   (ps)  Location 
#----------------------------------------------------------------------------------------------
  PC1_PSTATE_reg[1]/CK -       -      R     (arrival)      6    -     0     0       0    (-,-) 
  PC1_PSTATE_reg[1]/QN -       CK->QN R     DFFX1          1  5.0    70   542     542    (-,-) 
  g13975__7098/Y       -       B->Y   F     NAND2X1        5 20.7   238   223     766    (-,-) 
  g13966__13987/Y      -       B->Y   R     NOR2X1         5 18.4   428   408    1174    (-,-) 
  g13956__5107/Y       -       B0->Y  F     AOI22X1        1  4.8   140   212    1386    (-,-) 
  g13955/Y             -       A->Y   R     CLKINVX1       1  3.6    77   101    1487    (-,-) 
  PC1_PC_reg[1]/D      -       -      R     DFFX1          1    -     -     0    1487    (-,-) 
#----------------------------------------------------------------------------------------------



Path 4: MET (3340 ps) Setup Check with Pin PC1_PC_reg[0]/CK->D
          Group: C2C
     Startpoint: (R) PC1_PSTATE_reg[1]/CK
          Clock: (R) CLK
       Endpoint: (R) PC1_PC_reg[0]/D
          Clock: (R) CLK

                     Capture       Launch     
        Clock Edge:+    5000            0     
       Src Latency:+       0            0     
       Net Latency:+       0 (I)        0 (I) 
           Arrival:=    5000            0     
                                              
             Setup:-     486                  
     Required Time:=    4514                  
      Launch Clock:-       0                  
         Data Path:-    1174                  
             Slack:=    3340                  

#----------------------------------------------------------------------------------------------
#    Timing Point      Flags    Arc   Edge   Cell     Fanout Load Trans Delay Arrival Instance 
#                                                            (fF)  (ps)  (ps)   (ps)  Location 
#----------------------------------------------------------------------------------------------
  PC1_PSTATE_reg[1]/CK -       -      R     (arrival)      6    -     0     0       0    (-,-) 
  PC1_PSTATE_reg[1]/QN -       CK->QN R     DFFX1          1  5.0    70   542     542    (-,-) 
  g13975__7098/Y       -       B->Y   F     NAND2X1        5 20.7   238   223     766    (-,-) 
  g13966__13987/Y      -       B->Y   R     NOR2X1         5 18.4   428   408    1174    (-,-) 
  PC1_PC_reg[0]/D      -       -      R     SDFFX1         5    -     -     0    1174    (-,-) 
#----------------------------------------------------------------------------------------------



Path 5: MET (3483 ps) Setup Check with Pin PC1_PSTATE_reg[1]/CK->D
          Group: C2C
     Startpoint: (R) PC1_PSTATE_reg[1]/CK
          Clock: (R) CLK
       Endpoint: (R) PC1_PSTATE_reg[1]/D
          Clock: (R) CLK

                     Capture       Launch     
        Clock Edge:+    5000            0     
       Src Latency:+       0            0     
       Net Latency:+       0 (I)        0 (I) 
           Arrival:=    5000            0     
                                              
             Setup:-     343                  
     Required Time:=    4657                  
      Launch Clock:-       0                  
         Data Path:-    1174                  
             Slack:=    3483                  

#----------------------------------------------------------------------------------------------
#    Timing Point      Flags    Arc   Edge   Cell     Fanout Load Trans Delay Arrival Instance 
#                                                            (fF)  (ps)  (ps)   (ps)  Location 
#----------------------------------------------------------------------------------------------
  PC1_PSTATE_reg[1]/CK -       -      R     (arrival)      6    -     0     0       0    (-,-) 
  PC1_PSTATE_reg[1]/QN -       CK->QN R     DFFX1          1  5.0    70   542     542    (-,-) 
  g13975__7098/Y       -       B->Y   F     NAND2X1        5 20.7   238   223     766    (-,-) 
  g13966__13987/Y      -       B->Y   R     NOR2X1         5 18.4   428   408    1174    (-,-) 
  PC1_PSTATE_reg[1]/D  -       -      R     DFFX1          5    -     -     0    1174    (-,-) 
#----------------------------------------------------------------------------------------------



Path 6: MET (3684 ps) Setup Check with Pin PC1_PC_reg[0]/CK->SI
          Group: C2C
     Startpoint: (R) PC1_PSTATE_reg[1]/CK
          Clock: (R) CLK
       Endpoint: (F) PC1_PC_reg[0]/SI
          Clock: (R) CLK

                     Capture       Launch     
        Clock Edge:+    5000            0     
       Src Latency:+       0            0     
       Net Latency:+       0 (I)        0 (I) 
           Arrival:=    5000            0     
                                              
             Setup:-     401                  
     Required Time:=    4599                  
      Launch Clock:-       0                  
         Data Path:-     915                  
             Slack:=    3684                  

#---------------------------------------------------------------------------------------------
#    Timing Point      Flags   Arc   Edge   Cell     Fanout Load Trans Delay Arrival Instance 
#                                                           (fF)  (ps)  (ps)   (ps)  Location 
#---------------------------------------------------------------------------------------------
  PC1_PSTATE_reg[1]/CK -       -     R     (arrival)      6    -     0     0       0    (-,-) 
  PC1_PSTATE_reg[1]/Q  -       CK->Q F     DFFX1          2  5.8    67   454     454    (-,-) 
  g13978__1881/Y       -       B->Y  R     NOR2X1         4 17.1   396   320     774    (-,-) 
  g13976/Y             -       A->Y  F     CLKINVX1       1  3.6    93   141     915    (-,-) 
  PC1_PC_reg[0]/SI     -       -     F     SDFFX1         1    -     -     0     915    (-,-) 
#---------------------------------------------------------------------------------------------



Path 7: MET (3824 ps) Setup Check with Pin PC1_PSTATE_reg[0]/CK->D
          Group: C2C
     Startpoint: (R) PC1_PSTATE_reg[1]/CK
          Clock: (R) CLK
       Endpoint: (F) PC1_PSTATE_reg[0]/D
          Clock: (R) CLK

                     Capture       Launch     
        Clock Edge:+    5000            0     
       Src Latency:+       0            0     
       Net Latency:+       0 (I)        0 (I) 
           Arrival:=    5000            0     
                                              
             Setup:-     186                  
     Required Time:=    4814                  
      Launch Clock:-       0                  
         Data Path:-     990                  
             Slack:=    3824                  

#----------------------------------------------------------------------------------------------
#    Timing Point      Flags    Arc   Edge   Cell     Fanout Load Trans Delay Arrival Instance 
#                                                            (fF)  (ps)  (ps)   (ps)  Location 
#----------------------------------------------------------------------------------------------
  PC1_PSTATE_reg[1]/CK -       -      R     (arrival)      6    -     0     0       0    (-,-) 
  PC1_PSTATE_reg[1]/QN -       CK->QN R     DFFX1          1  5.0    70   542     542    (-,-) 
  g13975__7098/Y       -       B->Y   F     NAND2X1        5 20.7   238   223     766    (-,-) 
  g13973/Y             -       A->Y   R     CLKINVX1       1  4.9   114   141     907    (-,-) 
  g13969__5526/Y       -       B->Y   F     NOR2X1         1  3.6    47    84     990    (-,-) 
  PC1_PSTATE_reg[0]/D  -       -      F     DFFX1          1    -     -     0     990    (-,-) 
#----------------------------------------------------------------------------------------------



Path 8: MET (4016 ps) Setup Check with Pin PC1_PC_reg[0]/CK->SE
          Group: C2C
     Startpoint: (R) PC1_PC_reg[0]/CK
          Clock: (R) CLK
       Endpoint: (R) PC1_PC_reg[0]/SE
          Clock: (R) CLK

                     Capture       Launch     
        Clock Edge:+    5000            0     
       Src Latency:+       0            0     
       Net Latency:+       0 (I)        0 (I) 
           Arrival:=    5000            0     
                                              
             Setup:-     471                  
     Required Time:=    4529                  
      Launch Clock:-       0                  
         Data Path:-     513                  
             Slack:=    4016                  

#-----------------------------------------------------------------------------------------
#  Timing Point    Flags   Arc   Edge   Cell     Fanout Load Trans Delay Arrival Instance 
#                                                       (fF)  (ps)  (ps)   (ps)  Location 
#-----------------------------------------------------------------------------------------
  PC1_PC_reg[0]/CK -       -     R     (arrival)      6    -     0     0       0    (-,-) 
  PC1_PC_reg[0]/Q  -       CK->Q R     SDFFX1         5 18.1   206   513     513    (-,-) 
  PC1_PC_reg[0]/SE -       -     R     SDFFX1         5    -     -     0     513    (-,-) 
#-----------------------------------------------------------------------------------------



Path 9: MET (4461 ps) Late External Delay Assertion at pin PC[0]
          Group: C2O
     Startpoint: (R) PC1_PC_reg[0]/CK
          Clock: (R) CLK
       Endpoint: (F) PC[0]
          Clock: (R) CLK

                     Capture       Launch     
        Clock Edge:+    5000            0     
       Src Latency:+       0            0     
       Net Latency:+       0 (I)        0 (I) 
           Arrival:=    5000            0     
                                              
      Output Delay:-       0                  
     Required Time:=    5000                  
      Launch Clock:-       0                  
         Data Path:-     539                  
             Slack:=    4461                  

Exceptions/Constraints:
  output_delay              0              top.sdc_line_6_35_1 

#-----------------------------------------------------------------------------------------
#  Timing Point    Flags   Arc   Edge   Cell     Fanout Load Trans Delay Arrival Instance 
#                                                       (fF)  (ps)  (ps)   (ps)  Location 
#-----------------------------------------------------------------------------------------
  PC1_PC_reg[0]/CK -       -     R     (arrival)      6    -     0     0       0    (-,-) 
  PC1_PC_reg[0]/Q  -       CK->Q F     SDFFX1         5 18.1   133   539     539    (-,-) 
  PC[0]            -       -     F     (port)         -    -     -     0     539    (-,-) 
#-----------------------------------------------------------------------------------------



Path 10: MET (4502 ps) Late External Delay Assertion at pin PC[1]
          Group: C2O
     Startpoint: (R) PC1_PC_reg[1]/CK
          Clock: (R) CLK
       Endpoint: (F) PC[1]
          Clock: (R) CLK

                     Capture       Launch     
        Clock Edge:+    5000            0     
       Src Latency:+       0            0     
       Net Latency:+       0 (I)        0 (I) 
           Arrival:=    5000            0     
                                              
      Output Delay:-       0                  
     Required Time:=    5000                  
      Launch Clock:-       0                  
         Data Path:-     498                  
             Slack:=    4502                  

Exceptions/Constraints:
  output_delay              0              top.sdc_line_6_34_1 

#-----------------------------------------------------------------------------------------
#  Timing Point    Flags   Arc   Edge   Cell     Fanout Load Trans Delay Arrival Instance 
#                                                       (fF)  (ps)  (ps)   (ps)  Location 
#-----------------------------------------------------------------------------------------
  PC1_PC_reg[1]/CK -       -     R     (arrival)      6    -     0     0       0    (-,-) 
  PC1_PC_reg[1]/Q  -       CK->Q F     DFFX1          4 13.6   108   498     498    (-,-) 
  PC[1]            -       -     F     (port)         -    -     -     0     498    (-,-) 
#-----------------------------------------------------------------------------------------



Path 11: MET (4502 ps) Late External Delay Assertion at pin PC[2]
          Group: C2O
     Startpoint: (R) PC1_PC_reg[2]/CK
          Clock: (R) CLK
       Endpoint: (F) PC[2]
          Clock: (R) CLK

                     Capture       Launch     
        Clock Edge:+    5000            0     
       Src Latency:+       0            0     
       Net Latency:+       0 (I)        0 (I) 
           Arrival:=    5000            0     
                                              
      Output Delay:-       0                  
     Required Time:=    5000                  
      Launch Clock:-       0                  
         Data Path:-     498                  
             Slack:=    4502                  

Exceptions/Constraints:
  output_delay              0              top.sdc_line_6_33_1 

#-----------------------------------------------------------------------------------------
#  Timing Point    Flags   Arc   Edge   Cell     Fanout Load Trans Delay Arrival Instance 
#                                                       (fF)  (ps)  (ps)   (ps)  Location 
#-----------------------------------------------------------------------------------------
  PC1_PC_reg[2]/CK -       -     R     (arrival)      6    -     0     0       0    (-,-) 
  PC1_PC_reg[2]/Q  -       CK->Q F     DFFX1          4 13.6   108   498     498    (-,-) 
  PC[2]            -       -     F     (port)         -    -     -     0     498    (-,-) 
#-----------------------------------------------------------------------------------------



Path 12: MET (4523 ps) Late External Delay Assertion at pin PC[3]
          Group: C2O
     Startpoint: (R) PC1_PC_reg[3]/CK
          Clock: (R) CLK
       Endpoint: (F) PC[3]
          Clock: (R) CLK

                     Capture       Launch     
        Clock Edge:+    5000            0     
       Src Latency:+       0            0     
       Net Latency:+       0 (I)        0 (I) 
           Arrival:=    5000            0     
                                              
      Output Delay:-       0                  
     Required Time:=    5000                  
      Launch Clock:-       0                  
         Data Path:-     477                  
             Slack:=    4523                  

Exceptions/Constraints:
  output_delay              0              top.sdc_line_6_32_1 

#-----------------------------------------------------------------------------------------
#  Timing Point    Flags   Arc   Edge   Cell     Fanout Load Trans Delay Arrival Instance 
#                                                       (fF)  (ps)  (ps)   (ps)  Location 
#-----------------------------------------------------------------------------------------
  PC1_PC_reg[3]/CK -       -     R     (arrival)      6    -     0     0       0    (-,-) 
  PC1_PC_reg[3]/Q  -       CK->Q F     DFFX1          3  9.7    88   477     477    (-,-) 
  PC[3]            -       -     F     (port)         -    -     -     0     477    (-,-) 
#-----------------------------------------------------------------------------------------



Path 13: MET (4546 ps) Late External Delay Assertion at pin PSTATE[1]
          Group: C2O
     Startpoint: (R) PC1_PSTATE_reg[1]/CK
          Clock: (R) CLK
       Endpoint: (F) PSTATE[1]
          Clock: (R) CLK

                     Capture       Launch     
        Clock Edge:+    5000            0     
       Src Latency:+       0            0     
       Net Latency:+       0 (I)        0 (I) 
           Arrival:=    5000            0     
                                              
      Output Delay:-       0                  
     Required Time:=    5000                  
      Launch Clock:-       0                  
         Data Path:-     454                  
             Slack:=    4546                  

Exceptions/Constraints:
  output_delay              0              top.sdc_line_6_106_1 

#---------------------------------------------------------------------------------------------
#    Timing Point      Flags   Arc   Edge   Cell     Fanout Load Trans Delay Arrival Instance 
#                                                           (fF)  (ps)  (ps)   (ps)  Location 
#---------------------------------------------------------------------------------------------
  PC1_PSTATE_reg[1]/CK -       -     R     (arrival)      6    -     0     0       0    (-,-) 
  PC1_PSTATE_reg[1]/Q  -       CK->Q F     DFFX1          2  5.8    67   454     454    (-,-) 
  PSTATE[1]            -       -     F     (port)         -    -     -     0     454    (-,-) 
#---------------------------------------------------------------------------------------------



Path 14: MET (4547 ps) Late External Delay Assertion at pin PSTATE[0]
          Group: C2O
     Startpoint: (R) PC1_PSTATE_reg[0]/CK
          Clock: (R) CLK
       Endpoint: (F) PSTATE[0]
          Clock: (R) CLK

                     Capture       Launch     
        Clock Edge:+    5000            0     
       Src Latency:+       0            0     
       Net Latency:+       0 (I)        0 (I) 
           Arrival:=    5000            0     
                                              
      Output Delay:-       0                  
     Required Time:=    5000                  
      Launch Clock:-       0                  
         Data Path:-     453                  
             Slack:=    4547                  

Exceptions/Constraints:
  output_delay              0              top.sdc_line_6_107_1 

#---------------------------------------------------------------------------------------------
#    Timing Point      Flags   Arc   Edge   Cell     Fanout Load Trans Delay Arrival Instance 
#                                                           (fF)  (ps)  (ps)   (ps)  Location 
#---------------------------------------------------------------------------------------------
  PC1_PSTATE_reg[0]/CK -       -     R     (arrival)      6    -     0     0       0    (-,-) 
  PC1_PSTATE_reg[0]/Q  -       CK->Q F     DFFX1          2  5.7    66   453     453    (-,-) 
  PSTATE[0]            -       -     F     (port)         -    -     -     0     453    (-,-) 
#---------------------------------------------------------------------------------------------

Some unconstrained paths have not been displayed.
Use -unconstrained or set the root attribute 'timing_report_unconstrained' to 'true' to see only these unconstrained paths.

