============================================================
  Generated by:           Genus(TM) Synthesis Solution 21.18-s082_1
  Generated on:           Jun 22 2026  07:48:49 pm
  Module:                 RISC_V3
  Operating conditions:   ss_1.62_125 
  Interconnect mode:      global
  Area mode:              physical library
============================================================

Timing
--------

Clock Period 
-------------
CLK   5000.0 


  Cost    Critical         Violating 
 Group   Path Slack  TNS     Paths   
-------------------------------------
C2C          3458.3   0.0          0 
C2O          4216.0   0.0          0 
CLK        No paths   0.0            
default    No paths   0.0            
I2C          4414.9   0.0          0 
I2O        No paths   0.0            
-------------------------------------
Total                 0.0          0 

Instance Count
--------------
Leaf Instance Count             33 
Physical Instance count          0 
Sequential Instance Count        6 
Combinational Instance Count    27 
Hierarchical Instance Count      0 

Area
----
Cell Area                          561.588
Physical Cell Area                 0.000
Total Cell Area (Cell+Physical)    561.588
Net Area                           78.324
Total Area (Cell+Physical+Net)     639.912

Runtime                            0.0 seconds
Elapsed Runtime                    294 seconds
Genus peak memory usage            1717.11 
Innovus peak memory usage          no_value 
Hostname                           cadence
