============================================================
  Generated by:           Genus(TM) Synthesis Solution 21.18-s082_1
  Generated on:           Jun 22 2026  07:48:49 pm
  Module:                 RISC_V3
  Operating conditions:   ss_1.62_125 
  Interconnect mode:      global
  Area mode:              physical library
============================================================


Path 1: MET (3458 ps) Setup Check with Pin PC1_PC_reg[3]/clk->d
          Group: C2C
     Startpoint: (R) PC1_PC_reg[0]/clk
          Clock: (R) CLK
       Endpoint: (R) PC1_PC_reg[3]/d
          Clock: (R) CLK

                     Capture       Launch     
        Clock Edge:+    5000            0     
       Src Latency:+       0            0     
       Net Latency:+       0 (I)        0 (I) 
           Arrival:=    5000            0     
                                              
             Setup:-     183                  
     Required Time:=    4817                  
      Launch Clock:-       0                  
         Data Path:-    1359                  
             Slack:=    3458                  

#----------------------------------------------------------------------------------------------------
#   Timing Point    Flags    Arc    Edge       Cell         Fanout Load Trans Delay Arrival Instance 
#                                                                  (fF)  (ps)  (ps)   (ps)  Location 
#----------------------------------------------------------------------------------------------------
  PC1_PC_reg[0]/clk -       -       R     (arrival)              6    -     0     0       0    (-,-) 
  PC1_PC_reg[0]/q   (u)     clk->q  F     unmapped_d_flop        5 27.0     0   784     784    (-,-) 
  g13791/z          (u)     in_1->z R     unmapped_nand2         3 19.2     0   135     919    (-,-) 
  g13789/z          (u)     in_1->z R     unmapped_complex2      2 12.8     0   112    1031    (-,-) 
  g13781/z          (u)     in_1->z F     unmapped_complex2      1  6.3     0    82    1113    (-,-) 
  g13775/z          (u)     in_1->z R     unmapped_complex2      1  6.4     0    82    1195    (-,-) 
  g13770/z          (u)     in_0->z F     unmapped_nand2         1  6.3     0    82    1277    (-,-) 
  g13769/z          (u)     in_1->z R     unmapped_nand2         1  6.4     0    82    1359    (-,-) 
  PC1_PC_reg[3]/d   -       -       R     unmapped_d_flop        1    -     -     0    1359    (-,-) 
#----------------------------------------------------------------------------------------------------

(u) : Net has unmapped pin(s).



Path 2: MET (3524 ps) Setup Check with Pin PC1_PC_reg[1]/clk->d
          Group: C2C
     Startpoint: (R) PC1_PSTATE_reg[1]/clk
          Clock: (R) CLK
       Endpoint: (R) PC1_PC_reg[1]/d
          Clock: (R) CLK

                     Capture       Launch     
        Clock Edge:+    5000            0     
       Src Latency:+       0            0     
       Net Latency:+       0 (I)        0 (I) 
           Arrival:=    5000            0     
                                              
             Setup:-     183                  
     Required Time:=    4817                  
      Launch Clock:-       0                  
         Data Path:-    1293                  
             Slack:=    3524                  

#--------------------------------------------------------------------------------------------------------
#     Timing Point      Flags    Arc    Edge       Cell         Fanout Load Trans Delay Arrival Instance 
#                                                                      (fF)  (ps)  (ps)   (ps)  Location 
#--------------------------------------------------------------------------------------------------------
  PC1_PSTATE_reg[1]/clk -       -       R     (arrival)              6    -     0     0       0    (-,-) 
  PC1_PSTATE_reg[1]/q   (u)     clk->q  F     unmapped_d_flop        3 14.4     0   740     740    (-,-) 
  g13627/z              (u)     in_1->z F     unmapped_complex2      6 37.8     0   195     935    (-,-) 
  g13790/z              (u)     in_1->z F     unmapped_or2           2 12.6     0   112    1047    (-,-) 
  g13784/z              (u)     in_1->z R     unmapped_complex2      1  6.4     0    82    1129    (-,-) 
  g13777/z              (u)     in_0->z F     unmapped_nand2         1  6.3     0    82    1211    (-,-) 
  g13772/z              (u)     in_1->z R     unmapped_nand2         1  6.4     0    82    1293    (-,-) 
  PC1_PC_reg[1]/d       -       -       R     unmapped_d_flop        1    -     -     0    1293    (-,-) 
#--------------------------------------------------------------------------------------------------------

(u) : Net has unmapped pin(s).



Path 3: MET (3554 ps) Setup Check with Pin PC1_PC_reg[2]/clk->d
          Group: C2C
     Startpoint: (R) PC1_PSTATE_reg[1]/clk
          Clock: (R) CLK
       Endpoint: (R) PC1_PC_reg[2]/d
          Clock: (R) CLK

                     Capture       Launch     
        Clock Edge:+    5000            0     
       Src Latency:+       0            0     
       Net Latency:+       0 (I)        0 (I) 
           Arrival:=    5000            0     
                                              
             Setup:-     183                  
     Required Time:=    4817                  
      Launch Clock:-       0                  
         Data Path:-    1262                  
             Slack:=    3554                  

#--------------------------------------------------------------------------------------------------------
#     Timing Point      Flags    Arc    Edge       Cell         Fanout Load Trans Delay Arrival Instance 
#                                                                      (fF)  (ps)  (ps)   (ps)  Location 
#--------------------------------------------------------------------------------------------------------
  PC1_PSTATE_reg[1]/clk -       -       R     (arrival)              6    -     0     0       0    (-,-) 
  PC1_PSTATE_reg[1]/q   (u)     clk->q  F     unmapped_d_flop        3 14.4     0   740     740    (-,-) 
  g13627/z              (u)     in_1->z F     unmapped_complex2      6 37.8     0   195     935    (-,-) 
  g13788/z              (u)     in_0->z F     unmapped_complex2      1  6.3     0    82    1017    (-,-) 
  g13782/z              (u)     in_1->z R     unmapped_complex2      1  6.4     0    82    1099    (-,-) 
  g13773/z              (u)     in_0->z F     unmapped_nand2         1  6.3     0    82    1181    (-,-) 
  g13771/z              (u)     in_1->z R     unmapped_nand2         1  6.4     0    82    1262    (-,-) 
  PC1_PC_reg[2]/d       -       -       R     unmapped_d_flop        1    -     -     0    1262    (-,-) 
#--------------------------------------------------------------------------------------------------------

(u) : Net has unmapped pin(s).



Path 4: MET (3606 ps) Setup Check with Pin PC1_PC_reg[0]/clk->d
          Group: C2C
     Startpoint: (R) PC1_PSTATE_reg[1]/clk
          Clock: (R) CLK
       Endpoint: (R) PC1_PC_reg[0]/d
          Clock: (R) CLK

                     Capture       Launch     
        Clock Edge:+    5000            0     
       Src Latency:+       0            0     
       Net Latency:+       0 (I)        0 (I) 
           Arrival:=    5000            0     
                                              
             Setup:-     183                  
     Required Time:=    4817                  
      Launch Clock:-       0                  
         Data Path:-    1211                  
             Slack:=    3606                  

#--------------------------------------------------------------------------------------------------------
#     Timing Point      Flags    Arc    Edge       Cell         Fanout Load Trans Delay Arrival Instance 
#                                                                      (fF)  (ps)  (ps)   (ps)  Location 
#--------------------------------------------------------------------------------------------------------
  PC1_PSTATE_reg[1]/clk -       -       R     (arrival)              6    -     0     0       0    (-,-) 
  PC1_PSTATE_reg[1]/q   (u)     clk->q  F     unmapped_d_flop        3 14.4     0   740     740    (-,-) 
  g13627/z              (u)     in_1->z F     unmapped_complex2      6 37.8     0   195     935    (-,-) 
  g13790/z              (u)     in_1->z F     unmapped_or2           2 12.6     0   112    1047    (-,-) 
  g13779/z              (u)     in_0->z F     unmapped_or2           1  6.3     0    82    1129    (-,-) 
  g13774/z              (u)     in_0->z R     unmapped_nand2         1  6.4     0    82    1211    (-,-) 
  PC1_PC_reg[0]/d       -       -       R     unmapped_d_flop        1    -     -     0    1211    (-,-) 
#--------------------------------------------------------------------------------------------------------

(u) : Net has unmapped pin(s).



Path 5: MET (3732 ps) Setup Check with Pin PC1_PSTATE_reg[1]/clk->d
          Group: C2C
     Startpoint: (R) PC1_PSTATE_reg[1]/clk
          Clock: (R) CLK
       Endpoint: (R) PC1_PSTATE_reg[1]/d
          Clock: (R) CLK

                     Capture       Launch     
        Clock Edge:+    5000            0     
       Src Latency:+       0            0     
       Net Latency:+       0 (I)        0 (I) 
           Arrival:=    5000            0     
                                              
             Setup:-     273                  
     Required Time:=    4727                  
      Launch Clock:-       0                  
         Data Path:-     995                  
             Slack:=    3732                  

#--------------------------------------------------------------------------------------------------------
#     Timing Point      Flags    Arc    Edge       Cell         Fanout Load Trans Delay Arrival Instance 
#                                                                      (fF)  (ps)  (ps)   (ps)  Location 
#--------------------------------------------------------------------------------------------------------
  PC1_PSTATE_reg[1]/clk -       -       R     (arrival)              6    -     0     0       0    (-,-) 
  PC1_PSTATE_reg[1]/q   (u)     clk->q  F     unmapped_d_flop        3 14.4     0   740     740    (-,-) 
  g13627/z              (u)     in_1->z F     unmapped_complex2      6 37.8     0   195     935    (-,-) 
  PC1_g10631/z          (u)     in_0->z R     unmapped_not           1  6.4     0    60     995    (-,-) 
  PC1_PSTATE_reg[1]/d   -       -       R     unmapped_d_flop        1    -     -     0     995    (-,-) 
#--------------------------------------------------------------------------------------------------------

(u) : Net has unmapped pin(s).



Path 6: MET (3792 ps) Setup Check with Pin PC1_PSTATE_reg[0]/clk->d
          Group: C2C
     Startpoint: (R) PC1_PSTATE_reg[1]/clk
          Clock: (R) CLK
       Endpoint: (R) PC1_PSTATE_reg[0]/d
          Clock: (R) CLK

                     Capture       Launch     
        Clock Edge:+    5000            0     
       Src Latency:+       0            0     
       Net Latency:+       0 (I)        0 (I) 
           Arrival:=    5000            0     
                                              
             Setup:-     273                  
     Required Time:=    4727                  
      Launch Clock:-       0                  
         Data Path:-     935                  
             Slack:=    3792                  

#--------------------------------------------------------------------------------------------------------
#     Timing Point      Flags    Arc    Edge       Cell         Fanout Load Trans Delay Arrival Instance 
#                                                                      (fF)  (ps)  (ps)   (ps)  Location 
#--------------------------------------------------------------------------------------------------------
  PC1_PSTATE_reg[1]/clk -       -       R     (arrival)              6    -     0     0       0    (-,-) 
  PC1_PSTATE_reg[1]/q   (u)     clk->q  R     unmapped_d_flop        3 14.6     0   740     740    (-,-) 
  g13627/z              (u)     in_1->z R     unmapped_complex2      6 38.4     0   195     935    (-,-) 
  PC1_PSTATE_reg[0]/d   -       -       R     unmapped_d_flop        6    -     -     0     935    (-,-) 
#--------------------------------------------------------------------------------------------------------

(u) : Net has unmapped pin(s).



Path 7: MET (4216 ps) Late External Delay Assertion at pin PC[0]
          Group: C2O
     Startpoint: (R) PC1_PC_reg[0]/clk
          Clock: (R) CLK
       Endpoint: (R) PC[0]
          Clock: (R) CLK

                     Capture       Launch     
        Clock Edge:+    5000            0     
       Src Latency:+       0            0     
       Net Latency:+       0 (I)        0 (I) 
           Arrival:=    5000            0     
                                              
      Output Delay:-       0                  
     Required Time:=    5000                  
      Launch Clock:-       0                  
         Data Path:-     784                  
             Slack:=    4216                  

Exceptions/Constraints:
  output_delay              0              top.sdc_line_6_35_1 

#-------------------------------------------------------------------------------------------------
#   Timing Point    Flags    Arc   Edge      Cell        Fanout Load Trans Delay Arrival Instance 
#                                                               (fF)  (ps)  (ps)   (ps)  Location 
#-------------------------------------------------------------------------------------------------
  PC1_PC_reg[0]/clk -       -      R     (arrival)            6    -     0     0       0    (-,-) 
  PC1_PC_reg[0]/q   (u)     clk->q R     unmapped_d_flop      5 27.4     0   784     784    (-,-) 
  PC[0]             -       -      R     (port)               -    -     -     0     784    (-,-) 
#-------------------------------------------------------------------------------------------------

(u) : Net has unmapped pin(s).



Path 8: MET (4238 ps) Late External Delay Assertion at pin PC[1]
          Group: C2O
     Startpoint: (R) PC1_PC_reg[1]/clk
          Clock: (R) CLK
       Endpoint: (R) PC[1]
          Clock: (R) CLK

                     Capture       Launch     
        Clock Edge:+    5000            0     
       Src Latency:+       0            0     
       Net Latency:+       0 (I)        0 (I) 
           Arrival:=    5000            0     
                                              
      Output Delay:-       0                  
     Required Time:=    5000                  
      Launch Clock:-       0                  
         Data Path:-     762                  
             Slack:=    4238                  

Exceptions/Constraints:
  output_delay              0              top.sdc_line_6_34_1 

#-------------------------------------------------------------------------------------------------
#   Timing Point    Flags    Arc   Edge      Cell        Fanout Load Trans Delay Arrival Instance 
#                                                               (fF)  (ps)  (ps)   (ps)  Location 
#-------------------------------------------------------------------------------------------------
  PC1_PC_reg[1]/clk -       -      R     (arrival)            6    -     0     0       0    (-,-) 
  PC1_PC_reg[1]/q   (u)     clk->q R     unmapped_d_flop      4 21.0     0   762     762    (-,-) 
  PC[1]             -       -      R     (port)               -    -     -     0     762    (-,-) 
#-------------------------------------------------------------------------------------------------

(u) : Net has unmapped pin(s).



Path 9: MET (4238 ps) Late External Delay Assertion at pin PC[2]
          Group: C2O
     Startpoint: (R) PC1_PC_reg[2]/clk
          Clock: (R) CLK
       Endpoint: (R) PC[2]
          Clock: (R) CLK

                     Capture       Launch     
        Clock Edge:+    5000            0     
       Src Latency:+       0            0     
       Net Latency:+       0 (I)        0 (I) 
           Arrival:=    5000            0     
                                              
      Output Delay:-       0                  
     Required Time:=    5000                  
      Launch Clock:-       0                  
         Data Path:-     762                  
             Slack:=    4238                  

Exceptions/Constraints:
  output_delay              0              top.sdc_line_6_33_1 

#-------------------------------------------------------------------------------------------------
#   Timing Point    Flags    Arc   Edge      Cell        Fanout Load Trans Delay Arrival Instance 
#                                                               (fF)  (ps)  (ps)   (ps)  Location 
#-------------------------------------------------------------------------------------------------
  PC1_PC_reg[2]/clk -       -      R     (arrival)            6    -     0     0       0    (-,-) 
  PC1_PC_reg[2]/q   (u)     clk->q R     unmapped_d_flop      4 21.0     0   762     762    (-,-) 
  PC[2]             -       -      R     (port)               -    -     -     0     762    (-,-) 
#-------------------------------------------------------------------------------------------------

(u) : Net has unmapped pin(s).



Path 10: MET (4260 ps) Late External Delay Assertion at pin PSTATE[1]
          Group: C2O
     Startpoint: (R) PC1_PSTATE_reg[1]/clk
          Clock: (R) CLK
       Endpoint: (R) PSTATE[1]
          Clock: (R) CLK

                     Capture       Launch     
        Clock Edge:+    5000            0     
       Src Latency:+       0            0     
       Net Latency:+       0 (I)        0 (I) 
           Arrival:=    5000            0     
                                              
      Output Delay:-       0                  
     Required Time:=    5000                  
      Launch Clock:-       0                  
         Data Path:-     740                  
             Slack:=    4260                  

Exceptions/Constraints:
  output_delay              0              top.sdc_line_6_106_1 

#-----------------------------------------------------------------------------------------------------
#     Timing Point      Flags    Arc   Edge      Cell        Fanout Load Trans Delay Arrival Instance 
#                                                                   (fF)  (ps)  (ps)   (ps)  Location 
#-----------------------------------------------------------------------------------------------------
  PC1_PSTATE_reg[1]/clk -       -      R     (arrival)            6    -     0     0       0    (-,-) 
  PC1_PSTATE_reg[1]/q   (u)     clk->q R     unmapped_d_flop      3 14.6     0   740     740    (-,-) 
  PSTATE[1]             -       -      R     (port)               -    -     -     0     740    (-,-) 
#-----------------------------------------------------------------------------------------------------

(u) : Net has unmapped pin(s).



Path 11: MET (4260 ps) Late External Delay Assertion at pin PC[3]
          Group: C2O
     Startpoint: (R) PC1_PC_reg[3]/clk
          Clock: (R) CLK
       Endpoint: (R) PC[3]
          Clock: (R) CLK

                     Capture       Launch     
        Clock Edge:+    5000            0     
       Src Latency:+       0            0     
       Net Latency:+       0 (I)        0 (I) 
           Arrival:=    5000            0     
                                              
      Output Delay:-       0                  
     Required Time:=    5000                  
      Launch Clock:-       0                  
         Data Path:-     740                  
             Slack:=    4260                  

Exceptions/Constraints:
  output_delay              0              top.sdc_line_6_32_1 

#-------------------------------------------------------------------------------------------------
#   Timing Point    Flags    Arc   Edge      Cell        Fanout Load Trans Delay Arrival Instance 
#                                                               (fF)  (ps)  (ps)   (ps)  Location 
#-------------------------------------------------------------------------------------------------
  PC1_PC_reg[3]/clk -       -      R     (arrival)            6    -     0     0       0    (-,-) 
  PC1_PC_reg[3]/q   (u)     clk->q R     unmapped_d_flop      3 14.6     0   740     740    (-,-) 
  PC[3]             -       -      R     (port)               -    -     -     0     740    (-,-) 
#-------------------------------------------------------------------------------------------------

(u) : Net has unmapped pin(s).



Path 12: MET (4290 ps) Late External Delay Assertion at pin PSTATE[0]
          Group: C2O
     Startpoint: (R) PC1_PSTATE_reg[0]/clk
          Clock: (R) CLK
       Endpoint: (R) PSTATE[0]
          Clock: (R) CLK

                     Capture       Launch     
        Clock Edge:+    5000            0     
       Src Latency:+       0            0     
       Net Latency:+       0 (I)        0 (I) 
           Arrival:=    5000            0     
                                              
      Output Delay:-       0                  
     Required Time:=    5000                  
      Launch Clock:-       0                  
         Data Path:-     710                  
             Slack:=    4290                  

Exceptions/Constraints:
  output_delay              0              top.sdc_line_6_107_1 

#-----------------------------------------------------------------------------------------------------
#     Timing Point      Flags    Arc   Edge      Cell        Fanout Load Trans Delay Arrival Instance 
#                                                                   (fF)  (ps)  (ps)   (ps)  Location 
#-----------------------------------------------------------------------------------------------------
  PC1_PSTATE_reg[0]/clk -       -      R     (arrival)            6    -     0     0       0    (-,-) 
  PC1_PSTATE_reg[0]/q   (u)     clk->q R     unmapped_d_flop      2  8.2     0   710     710    (-,-) 
  PSTATE[0]             -       -      R     (port)               -    -     -     0     710    (-,-) 
#-----------------------------------------------------------------------------------------------------

(u) : Net has unmapped pin(s).



Path 13: MET (4727 ps) Setup Check with Pin PC1_PSTATE_reg[1]/clk->srl
          Group: I2C
     Startpoint: (R) RST
          Clock: (R) CLK
       Endpoint: (R) PC1_PSTATE_reg[1]/srl
          Clock: (R) CLK

                     Capture       Launch     
        Clock Edge:+    5000            0     
        Drv Adjust:+       0            0     
       Src Latency:+       0            0     
       Net Latency:+       0 (I)        0 (I) 
           Arrival:=    5000            0     
                                              
             Setup:-     273                  
     Required Time:=    4727                  
      Launch Clock:-       0                  
       Input Delay:-       0                  
         Data Path:-       0                  
             Slack:=    4727                  

Exceptions/Constraints:
  input_delay              0              top.sdc_line_5 

#----------------------------------------------------------------------------------------------------
#     Timing Point      Flags   Arc   Edge      Cell        Fanout Load Trans Delay Arrival Instance 
#                                                                  (fF)  (ps)  (ps)   (ps)  Location 
#----------------------------------------------------------------------------------------------------
  RST                   (u)     -     R     (arrival)            5 44.8     0     0       0    (-,-) 
  PC1_PSTATE_reg[1]/srl -       -     R     unmapped_d_flop      5    -     -     0       0    (-,-) 
#----------------------------------------------------------------------------------------------------

(u) : Net has unmapped pin(s).



Path 14: MET (4727 ps) Setup Check with Pin PC1_PSTATE_reg[0]/clk->srl
          Group: I2C
     Startpoint: (R) RST
          Clock: (R) CLK
       Endpoint: (R) PC1_PSTATE_reg[0]/srl
          Clock: (R) CLK

                     Capture       Launch     
        Clock Edge:+    5000            0     
        Drv Adjust:+       0            0     
       Src Latency:+       0            0     
       Net Latency:+       0 (I)        0 (I) 
           Arrival:=    5000            0     
                                              
             Setup:-     273                  
     Required Time:=    4727                  
      Launch Clock:-       0                  
       Input Delay:-       0                  
         Data Path:-       0                  
             Slack:=    4727                  

Exceptions/Constraints:
  input_delay              0              top.sdc_line_5 

#----------------------------------------------------------------------------------------------------
#     Timing Point      Flags   Arc   Edge      Cell        Fanout Load Trans Delay Arrival Instance 
#                                                                  (fF)  (ps)  (ps)   (ps)  Location 
#----------------------------------------------------------------------------------------------------
  RST                   (u)     -     R     (arrival)            5 44.8     0     0       0    (-,-) 
  PC1_PSTATE_reg[0]/srl -       -     R     unmapped_d_flop      5    -     -     0       0    (-,-) 
#----------------------------------------------------------------------------------------------------

(u) : Net has unmapped pin(s).

Some unconstrained paths have not been displayed.
Use -unconstrained or set the root attribute 'timing_report_unconstrained' to 'true' to see only these unconstrained paths.

