============================================================
  Generated by:           Genus(TM) Synthesis Solution 21.18-s082_1
  Generated on:           Jun 22 2026  07:48:55 pm
  Module:                 RISC_V3
  Operating conditions:   ss_1.62_125 
  Interconnect mode:      global
  Area mode:              physical library
============================================================


Path 1: MET (3228 ps) Setup Check with Pin PC1_PC_reg[3]/CK->D
          Group: C2C
     Startpoint: (R) PC1_PC_reg[0]/CK
          Clock: (R) CLK
       Endpoint: (F) PC1_PC_reg[3]/D
          Clock: (R) CLK

                     Capture       Launch     
        Clock Edge:+    5000            0     
       Src Latency:+       0            0     
       Net Latency:+       0 (I)        0 (I) 
           Arrival:=    5000            0     
                                              
             Setup:-     191                  
     Required Time:=    4809                  
      Launch Clock:-       0                  
         Data Path:-    1581                  
             Slack:=    3228                  

#-----------------------------------------------------------------------------------------
#  Timing Point    Flags   Arc   Edge   Cell     Fanout Load Trans Delay Arrival Instance 
#                                                       (fF)  (ps)  (ps)   (ps)  Location 
#-----------------------------------------------------------------------------------------
  PC1_PC_reg[0]/CK -       -     R     (arrival)      6    -     0     0       0    (-,-) 
  PC1_PC_reg[0]/Q  -       CK->Q R     SDFFX1         5 18.1   206   513     513    (-,-) 
  g13974__6131/Y   -       B->Y  F     NAND2X1        2  8.8   135   189     702    (-,-) 
  g13972/Y         -       A->Y  R     CLKINVX1       2  8.9   117   145     848    (-,-) 
  g13971__1705/Y   -       B->Y  F     NAND2X1        2  8.8   121   151     999    (-,-) 
  g13968/Y         -       A->Y  R     CLKINVX1       1  5.0    82   108    1107    (-,-) 
  g13960__4319/Y   -       A1->Y F     OAI21X1        1  4.8   149   114    1221    (-,-) 
  g13952__2398/Y   -       A0->Y R     AOI22X1        1  4.8   196   259    1480    (-,-) 
  g13951/Y         -       A->Y  F     CLKINVX1       1  3.6    61   101    1581    (-,-) 
  PC1_PC_reg[3]/D  -       -     F     DFFX1          1    -     -     0    1581    (-,-) 
#-----------------------------------------------------------------------------------------



Path 2: MET (3276 ps) Setup Check with Pin PC1_PC_reg[2]/CK->D
          Group: C2C
     Startpoint: (R) PC1_PSTATE_reg[1]/CK
          Clock: (R) CLK
       Endpoint: (R) PC1_PC_reg[2]/D
          Clock: (R) CLK

                     Capture       Launch     
        Clock Edge:+    5000            0     
       Src Latency:+       0            0     
       Net Latency:+       0 (I)        0 (I) 
           Arrival:=    5000            0     
                                              
             Setup:-     211                  
     Required Time:=    4789                  
      Launch Clock:-       0                  
         Data Path:-    1513                  
             Slack:=    3276                  

#---------------------------------------------------------------------------------------------
#    Timing Point      Flags   Arc   Edge   Cell     Fanout Load Trans Delay Arrival Instance 
#                                                           (fF)  (ps)  (ps)   (ps)  Location 
#---------------------------------------------------------------------------------------------
  PC1_PSTATE_reg[1]/CK -       -     R     (arrival)      6    -     0     0       0    (-,-) 
  PC1_PSTATE_reg[1]/Q  -       CK->Q F     DFFX1          3  9.7    88   477     477    (-,-) 
  g13979/Y             -       A->Y  R     CLKINVX1       1  5.0    74    94     571    (-,-) 
  g13975__7098/Y       -       B->Y  F     NAND2X1        6 24.7   280   256     828    (-,-) 
  g13967__1617/Y       -       B->Y  R     NOR2X1         4 15.7   377   386    1213    (-,-) 
  g13958__6260/Y       -       B0->Y F     AOI22X1        1  4.8   133   200    1414    (-,-) 
  g13957/Y             -       A->Y  R     CLKINVX1       1  3.6    75   100    1513    (-,-) 
  PC1_PC_reg[2]/D      -       -     R     DFFX1          1    -     -     0    1513    (-,-) 
#---------------------------------------------------------------------------------------------



Path 3: MET (3276 ps) Setup Check with Pin PC1_PC_reg[1]/CK->D
          Group: C2C
     Startpoint: (R) PC1_PSTATE_reg[1]/CK
          Clock: (R) CLK
       Endpoint: (R) PC1_PC_reg[1]/D
          Clock: (R) CLK

                     Capture       Launch     
        Clock Edge:+    5000            0     
       Src Latency:+       0            0     
       Net Latency:+       0 (I)        0 (I) 
           Arrival:=    5000            0     
                                              
             Setup:-     211                  
     Required Time:=    4789                  
      Launch Clock:-       0                  
         Data Path:-    1513                  
             Slack:=    3276                  

#---------------------------------------------------------------------------------------------
#    Timing Point      Flags   Arc   Edge   Cell     Fanout Load Trans Delay Arrival Instance 
#                                                           (fF)  (ps)  (ps)   (ps)  Location 
#---------------------------------------------------------------------------------------------
  PC1_PSTATE_reg[1]/CK -       -     R     (arrival)      6    -     0     0       0    (-,-) 
  PC1_PSTATE_reg[1]/Q  -       CK->Q F     DFFX1          3  9.7    88   477     477    (-,-) 
  g13979/Y             -       A->Y  R     CLKINVX1       1  5.0    74    94     571    (-,-) 
  g13975__7098/Y       -       B->Y  F     NAND2X1        6 24.7   280   256     828    (-,-) 
  g13967__1617/Y       -       B->Y  R     NOR2X1         4 15.7   377   386    1213    (-,-) 
  g13956__5107/Y       -       B0->Y F     AOI22X1        1  4.8   133   200    1414    (-,-) 
  g13955/Y             -       A->Y  R     CLKINVX1       1  3.6    75   100    1513    (-,-) 
  PC1_PC_reg[1]/D      -       -     R     DFFX1          1    -     -     0    1513    (-,-) 
#---------------------------------------------------------------------------------------------



Path 4: MET (3321 ps) Setup Check with Pin PC1_PC_reg[0]/CK->D
          Group: C2C
     Startpoint: (R) PC1_PSTATE_reg[1]/CK
          Clock: (R) CLK
       Endpoint: (R) PC1_PC_reg[0]/D
          Clock: (R) CLK

                     Capture       Launch     
        Clock Edge:+    5000            0     
       Src Latency:+       0            0     
       Net Latency:+       0 (I)        0 (I) 
           Arrival:=    5000            0     
                                              
             Setup:-     466                  
     Required Time:=    4534                  
      Launch Clock:-       0                  
         Data Path:-    1213                  
             Slack:=    3321                  

#---------------------------------------------------------------------------------------------
#    Timing Point      Flags   Arc   Edge   Cell     Fanout Load Trans Delay Arrival Instance 
#                                                           (fF)  (ps)  (ps)   (ps)  Location 
#---------------------------------------------------------------------------------------------
  PC1_PSTATE_reg[1]/CK -       -     R     (arrival)      6    -     0     0       0    (-,-) 
  PC1_PSTATE_reg[1]/Q  -       CK->Q F     DFFX1          3  9.7    88   477     477    (-,-) 
  g13979/Y             -       A->Y  R     CLKINVX1       1  5.0    74    94     571    (-,-) 
  g13975__7098/Y       -       B->Y  F     NAND2X1        6 24.7   280   256     828    (-,-) 
  g13967__1617/Y       -       B->Y  R     NOR2X1         4 15.7   377   386    1213    (-,-) 
  PC1_PC_reg[0]/D      -       -     R     SDFFX1         4    -     -     0    1213    (-,-) 
#---------------------------------------------------------------------------------------------



Path 5: MET (3652 ps) Setup Check with Pin PC1_PC_reg[0]/CK->SI
          Group: C2C
     Startpoint: (R) PC1_PSTATE_reg[1]/CK
          Clock: (R) CLK
       Endpoint: (F) PC1_PC_reg[0]/SI
          Clock: (R) CLK

                     Capture       Launch     
        Clock Edge:+    5000            0     
       Src Latency:+       0            0     
       Net Latency:+       0 (I)        0 (I) 
           Arrival:=    5000            0     
                                              
             Setup:-     401                  
     Required Time:=    4599                  
      Launch Clock:-       0                  
         Data Path:-     947                  
             Slack:=    3652                  

#---------------------------------------------------------------------------------------------
#    Timing Point      Flags   Arc   Edge   Cell     Fanout Load Trans Delay Arrival Instance 
#                                                           (fF)  (ps)  (ps)   (ps)  Location 
#---------------------------------------------------------------------------------------------
  PC1_PSTATE_reg[1]/CK -       -     R     (arrival)      6    -     0     0       0    (-,-) 
  PC1_PSTATE_reg[1]/Q  -       CK->Q F     DFFX1          3  9.7    88   477     477    (-,-) 
  g13978__1881/Y       -       B->Y  R     NOR2X1         4 17.1   396   329     806    (-,-) 
  g13976/Y             -       A->Y  F     CLKINVX1       1  3.6    93   141     947    (-,-) 
  PC1_PC_reg[0]/SI     -       -     F     SDFFX1         1    -     -     0     947    (-,-) 
#---------------------------------------------------------------------------------------------



Path 6: MET (3730 ps) Setup Check with Pin PC1_PSTATE_reg[1]/CK->D
          Group: C2C
     Startpoint: (R) PC1_PSTATE_reg[1]/CK
          Clock: (R) CLK
       Endpoint: (R) PC1_PSTATE_reg[1]/D
          Clock: (R) CLK

                     Capture       Launch     
        Clock Edge:+    5000            0     
       Src Latency:+       0            0     
       Net Latency:+       0 (I)        0 (I) 
           Arrival:=    5000            0     
                                              
             Setup:-     251                  
     Required Time:=    4749                  
      Launch Clock:-       0                  
         Data Path:-    1020                  
             Slack:=    3730                  

#---------------------------------------------------------------------------------------------
#    Timing Point      Flags   Arc   Edge   Cell     Fanout Load Trans Delay Arrival Instance 
#                                                           (fF)  (ps)  (ps)   (ps)  Location 
#---------------------------------------------------------------------------------------------
  PC1_PSTATE_reg[1]/CK -       -     R     (arrival)      6    -     0     0       0    (-,-) 
  PC1_PSTATE_reg[1]/Q  -       CK->Q F     DFFX1          3  9.7    88   477     477    (-,-) 
  g13979/Y             -       A->Y  R     CLKINVX1       1  5.0    74    94     571    (-,-) 
  g13975__7098/Y       -       B->Y  F     NAND2X1        6 24.7   280   256     828    (-,-) 
  g13966__2802/Y       -       B->Y  R     NOR2X1         1  3.6   168   192    1020    (-,-) 
  PC1_PSTATE_reg[1]/D  -       -     R     DFFX1          1    -     -     0    1020    (-,-) 
#---------------------------------------------------------------------------------------------



Path 7: MET (3745 ps) Setup Check with Pin PC1_PSTATE_reg[0]/CK->D
          Group: C2C
     Startpoint: (R) PC1_PSTATE_reg[1]/CK
          Clock: (R) CLK
       Endpoint: (F) PC1_PSTATE_reg[0]/D
          Clock: (R) CLK

                     Capture       Launch     
        Clock Edge:+    5000            0     
       Src Latency:+       0            0     
       Net Latency:+       0 (I)        0 (I) 
           Arrival:=    5000            0     
                                              
             Setup:-     186                  
     Required Time:=    4814                  
      Launch Clock:-       0                  
         Data Path:-    1069                  
             Slack:=    3745                  

#---------------------------------------------------------------------------------------------
#    Timing Point      Flags   Arc   Edge   Cell     Fanout Load Trans Delay Arrival Instance 
#                                                           (fF)  (ps)  (ps)   (ps)  Location 
#---------------------------------------------------------------------------------------------
  PC1_PSTATE_reg[1]/CK -       -     R     (arrival)      6    -     0     0       0    (-,-) 
  PC1_PSTATE_reg[1]/Q  -       CK->Q F     DFFX1          3  9.7    88   477     477    (-,-) 
  g13979/Y             -       A->Y  R     CLKINVX1       1  5.0    74    94     571    (-,-) 
  g13975__7098/Y       -       B->Y  F     NAND2X1        6 24.7   280   256     828    (-,-) 
  g13973/Y             -       A->Y  R     CLKINVX1       1  4.9   126   153     980    (-,-) 
  g13969__5526/Y       -       B->Y  F     NOR2X1         1  3.6    50    88    1069    (-,-) 
  PC1_PSTATE_reg[0]/D  -       -     F     DFFX1          1    -     -     0    1069    (-,-) 
#---------------------------------------------------------------------------------------------



Path 8: MET (4016 ps) Setup Check with Pin PC1_PC_reg[0]/CK->SE
          Group: C2C
     Startpoint: (R) PC1_PC_reg[0]/CK
          Clock: (R) CLK
       Endpoint: (R) PC1_PC_reg[0]/SE
          Clock: (R) CLK

                     Capture       Launch     
        Clock Edge:+    5000            0     
       Src Latency:+       0            0     
       Net Latency:+       0 (I)        0 (I) 
           Arrival:=    5000            0     
                                              
             Setup:-     471                  
     Required Time:=    4529                  
      Launch Clock:-       0                  
         Data Path:-     513                  
             Slack:=    4016                  

#-----------------------------------------------------------------------------------------
#  Timing Point    Flags   Arc   Edge   Cell     Fanout Load Trans Delay Arrival Instance 
#                                                       (fF)  (ps)  (ps)   (ps)  Location 
#-----------------------------------------------------------------------------------------
  PC1_PC_reg[0]/CK -       -     R     (arrival)      6    -     0     0       0    (-,-) 
  PC1_PC_reg[0]/Q  -       CK->Q R     SDFFX1         5 18.1   206   513     513    (-,-) 
  PC1_PC_reg[0]/SE -       -     R     SDFFX1         5    -     -     0     513    (-,-) 
#-----------------------------------------------------------------------------------------



Path 9: MET (4461 ps) Late External Delay Assertion at pin PC[0]
          Group: C2O
     Startpoint: (R) PC1_PC_reg[0]/CK
          Clock: (R) CLK
       Endpoint: (F) PC[0]
          Clock: (R) CLK

                     Capture       Launch     
        Clock Edge:+    5000            0     
       Src Latency:+       0            0     
       Net Latency:+       0 (I)        0 (I) 
           Arrival:=    5000            0     
                                              
      Output Delay:-       0                  
     Required Time:=    5000                  
      Launch Clock:-       0                  
         Data Path:-     539                  
             Slack:=    4461                  

Exceptions/Constraints:
  output_delay              0              top.sdc_line_6_35_1 

#-----------------------------------------------------------------------------------------
#  Timing Point    Flags   Arc   Edge   Cell     Fanout Load Trans Delay Arrival Instance 
#                                                       (fF)  (ps)  (ps)   (ps)  Location 
#-----------------------------------------------------------------------------------------
  PC1_PC_reg[0]/CK -       -     R     (arrival)      6    -     0     0       0    (-,-) 
  PC1_PC_reg[0]/Q  -       CK->Q F     SDFFX1         5 18.1   133   539     539    (-,-) 
  PC[0]            -       -     F     (port)         -    -     -     0     539    (-,-) 
#-----------------------------------------------------------------------------------------



Path 10: MET (4502 ps) Late External Delay Assertion at pin PC[1]
          Group: C2O
     Startpoint: (R) PC1_PC_reg[1]/CK
          Clock: (R) CLK
       Endpoint: (F) PC[1]
          Clock: (R) CLK

                     Capture       Launch     
        Clock Edge:+    5000            0     
       Src Latency:+       0            0     
       Net Latency:+       0 (I)        0 (I) 
           Arrival:=    5000            0     
                                              
      Output Delay:-       0                  
     Required Time:=    5000                  
      Launch Clock:-       0                  
         Data Path:-     498                  
             Slack:=    4502                  

Exceptions/Constraints:
  output_delay              0              top.sdc_line_6_34_1 

#-----------------------------------------------------------------------------------------
#  Timing Point    Flags   Arc   Edge   Cell     Fanout Load Trans Delay Arrival Instance 
#                                                       (fF)  (ps)  (ps)   (ps)  Location 
#-----------------------------------------------------------------------------------------
  PC1_PC_reg[1]/CK -       -     R     (arrival)      6    -     0     0       0    (-,-) 
  PC1_PC_reg[1]/Q  -       CK->Q F     DFFX1          4 13.6   108   498     498    (-,-) 
  PC[1]            -       -     F     (port)         -    -     -     0     498    (-,-) 
#-----------------------------------------------------------------------------------------



Path 11: MET (4502 ps) Late External Delay Assertion at pin PC[2]
          Group: C2O
     Startpoint: (R) PC1_PC_reg[2]/CK
          Clock: (R) CLK
       Endpoint: (F) PC[2]
          Clock: (R) CLK

                     Capture       Launch     
        Clock Edge:+    5000            0     
       Src Latency:+       0            0     
       Net Latency:+       0 (I)        0 (I) 
           Arrival:=    5000            0     
                                              
      Output Delay:-       0                  
     Required Time:=    5000                  
      Launch Clock:-       0                  
         Data Path:-     498                  
             Slack:=    4502                  

Exceptions/Constraints:
  output_delay              0              top.sdc_line_6_33_1 

#-----------------------------------------------------------------------------------------
#  Timing Point    Flags   Arc   Edge   Cell     Fanout Load Trans Delay Arrival Instance 
#                                                       (fF)  (ps)  (ps)   (ps)  Location 
#-----------------------------------------------------------------------------------------
  PC1_PC_reg[2]/CK -       -     R     (arrival)      6    -     0     0       0    (-,-) 
  PC1_PC_reg[2]/Q  -       CK->Q F     DFFX1          4 13.6   108   498     498    (-,-) 
  PC[2]            -       -     F     (port)         -    -     -     0     498    (-,-) 
#-----------------------------------------------------------------------------------------



Path 12: MET (4523 ps) Late External Delay Assertion at pin PSTATE[1]
          Group: C2O
     Startpoint: (R) PC1_PSTATE_reg[1]/CK
          Clock: (R) CLK
       Endpoint: (F) PSTATE[1]
          Clock: (R) CLK

                     Capture       Launch     
        Clock Edge:+    5000            0     
       Src Latency:+       0            0     
       Net Latency:+       0 (I)        0 (I) 
           Arrival:=    5000            0     
                                              
      Output Delay:-       0                  
     Required Time:=    5000                  
      Launch Clock:-       0                  
         Data Path:-     477                  
             Slack:=    4523                  

Exceptions/Constraints:
  output_delay              0              top.sdc_line_6_106_1 

#---------------------------------------------------------------------------------------------
#    Timing Point      Flags   Arc   Edge   Cell     Fanout Load Trans Delay Arrival Instance 
#                                                           (fF)  (ps)  (ps)   (ps)  Location 
#---------------------------------------------------------------------------------------------
  PC1_PSTATE_reg[1]/CK -       -     R     (arrival)      6    -     0     0       0    (-,-) 
  PC1_PSTATE_reg[1]/Q  -       CK->Q F     DFFX1          3  9.7    88   477     477    (-,-) 
  PSTATE[1]            -       -     F     (port)         -    -     -     0     477    (-,-) 
#---------------------------------------------------------------------------------------------



Path 13: MET (4523 ps) Late External Delay Assertion at pin PC[3]
          Group: C2O
     Startpoint: (R) PC1_PC_reg[3]/CK
          Clock: (R) CLK
       Endpoint: (F) PC[3]
          Clock: (R) CLK

                     Capture       Launch     
        Clock Edge:+    5000            0     
       Src Latency:+       0            0     
       Net Latency:+       0 (I)        0 (I) 
           Arrival:=    5000            0     
                                              
      Output Delay:-       0                  
     Required Time:=    5000                  
      Launch Clock:-       0                  
         Data Path:-     477                  
             Slack:=    4523                  

Exceptions/Constraints:
  output_delay              0              top.sdc_line_6_32_1 

#-----------------------------------------------------------------------------------------
#  Timing Point    Flags   Arc   Edge   Cell     Fanout Load Trans Delay Arrival Instance 
#                                                       (fF)  (ps)  (ps)   (ps)  Location 
#-----------------------------------------------------------------------------------------
  PC1_PC_reg[3]/CK -       -     R     (arrival)      6    -     0     0       0    (-,-) 
  PC1_PC_reg[3]/Q  -       CK->Q F     DFFX1          3  9.7    88   477     477    (-,-) 
  PC[3]            -       -     F     (port)         -    -     -     0     477    (-,-) 
#-----------------------------------------------------------------------------------------



Path 14: MET (4547 ps) Late External Delay Assertion at pin PSTATE[0]
          Group: C2O
     Startpoint: (R) PC1_PSTATE_reg[0]/CK
          Clock: (R) CLK
       Endpoint: (F) PSTATE[0]
          Clock: (R) CLK

                     Capture       Launch     
        Clock Edge:+    5000            0     
       Src Latency:+       0            0     
       Net Latency:+       0 (I)        0 (I) 
           Arrival:=    5000            0     
                                              
      Output Delay:-       0                  
     Required Time:=    5000                  
      Launch Clock:-       0                  
         Data Path:-     453                  
             Slack:=    4547                  

Exceptions/Constraints:
  output_delay              0              top.sdc_line_6_107_1 

#---------------------------------------------------------------------------------------------
#    Timing Point      Flags   Arc   Edge   Cell     Fanout Load Trans Delay Arrival Instance 
#                                                           (fF)  (ps)  (ps)   (ps)  Location 
#---------------------------------------------------------------------------------------------
  PC1_PSTATE_reg[0]/CK -       -     R     (arrival)      6    -     0     0       0    (-,-) 
  PC1_PSTATE_reg[0]/Q  -       CK->Q F     DFFX1          2  5.7    66   453     453    (-,-) 
  PSTATE[0]            -       -     F     (port)         -    -     -     0     453    (-,-) 
#---------------------------------------------------------------------------------------------

Some unconstrained paths have not been displayed.
Use -unconstrained or set the root attribute 'timing_report_unconstrained' to 'true' to see only these unconstrained paths.

