============================================================
  Generated by:           Genus(TM) Synthesis Solution 21.18-s082_1
  Generated on:           Jun 22 2026  07:48:56 pm
  Module:                 RISC_V3
  Operating conditions:   ss_1.62_125 
  Interconnect mode:      global
  Area mode:              physical library
============================================================

                               Leakage  
  Gate    Instances   Area   Power (nW)        Library        
--------------------------------------------------------------
AOI22X1           3   34.279      0.378    sky130_ss_1.62_125 
CLKINVX1          9   51.419      2.838    sky130_ss_1.62_125 
DFFX1             5  171.396     33.312    sky130_ss_1.62_125 
NAND2X1           3   22.853      0.410    sky130_ss_1.62_125 
NOR2X1            7   53.323      1.711    sky130_ss_1.62_125 
OAI21X1           3   28.566      0.799    sky130_ss_1.62_125 
SDFFX1            1   43.801      8.273    sky130_ss_1.62_125 
--------------------------------------------------------------
total            31  405.637     47.721                       


                                          Leakage  Leakage 
     Type      Instances   Area  Area % Power (nW) Power % 
-----------------------------------------------------------
sequential             6 215.197   53.1     41.585    87.1 
inverter               9  51.419   12.7      2.838     5.9 
logic                 16 139.021   34.3      3.297     6.9 
physical_cells         0   0.000    0.0      0.000     0.0 
-----------------------------------------------------------
total                 31 405.637  100.0     47.721   100.0 

