============================================================
  Generated by:           Genus(TM) Synthesis Solution 21.18-s082_1
  Generated on:           Jun 22 2026  07:48:56 pm
  Module:                 RISC_V3
  Operating conditions:   ss_1.62_125 
  Interconnect mode:      global
  Area mode:              physical library
============================================================


Path 1: MET (3901 ps) Setup Check with Pin PC1_PC_reg[2]/CK->D
          Group: I2C
     Startpoint: (F) RST
          Clock: (R) CLK
       Endpoint: (F) PC1_PC_reg[2]/D
          Clock: (R) CLK

                     Capture       Launch     
        Clock Edge:+    5000            0     
        Drv Adjust:+       0            0     
       Src Latency:+       0            0     
       Net Latency:+       0 (I)        0 (I) 
           Arrival:=    5000            0     
                                              
             Setup:-     191                  
     Required Time:=    4809                  
      Launch Clock:-       0                  
       Input Delay:-       0                  
         Data Path:-     909                  
             Slack:=    3901                  

Exceptions/Constraints:
  input_delay              0              top.sdc_line_5 

#----------------------------------------------------------------------------------------
#  Timing Point   Flags   Arc   Edge   Cell     Fanout Load Trans Delay Arrival Instance 
#                                                      (fF)  (ps)  (ps)   (ps)  Location 
#----------------------------------------------------------------------------------------
  RST             -       -     F     (arrival)      4 16.5     0     0       0    (-,-) 
  g13978__1881/Y  -       A->Y  R     NOR2X1         4 17.1   396   311     311    (-,-) 
  g13962__3680/Y  -       B0->Y F     OAI21X1        1  4.8   149   238     549    (-,-) 
  g13958__6260/Y  -       A0->Y R     AOI22X1        1  4.8   196   259     808    (-,-) 
  g13957/Y        -       A->Y  F     CLKINVX1       1  3.6    61   101     909    (-,-) 
  PC1_PC_reg[2]/D -       -     F     DFFX1          1    -     -     0     909    (-,-) 
#----------------------------------------------------------------------------------------

