============================================================
  Generated by:           Genus(TM) Synthesis Solution 21.18-s082_1
  Generated on:           Jun 22 2026  07:48:56 pm
  Module:                 RISC_V3
  Operating conditions:   ss_1.62_125 
  Interconnect mode:      global
  Area mode:              physical library
============================================================


Path 1: MET (3228 ps) Setup Check with Pin PC1_PC_reg[3]/CK->D
          Group: C2C
     Startpoint: (R) PC1_PC_reg[0]/CK
          Clock: (R) CLK
       Endpoint: (F) PC1_PC_reg[3]/D
          Clock: (R) CLK

                     Capture       Launch     
        Clock Edge:+    5000            0     
       Src Latency:+       0            0     
       Net Latency:+       0 (I)        0 (I) 
           Arrival:=    5000            0     
                                              
             Setup:-     191                  
     Required Time:=    4809                  
      Launch Clock:-       0                  
         Data Path:-    1581                  
             Slack:=    3228                  

#-----------------------------------------------------------------------------------------
#  Timing Point    Flags   Arc   Edge   Cell     Fanout Load Trans Delay Arrival Instance 
#                                                       (fF)  (ps)  (ps)   (ps)  Location 
#-----------------------------------------------------------------------------------------
  PC1_PC_reg[0]/CK -       -     R     (arrival)      6    -     0     0       0    (-,-) 
  PC1_PC_reg[0]/Q  -       CK->Q R     SDFFX1         5 18.1   206   513     513    (-,-) 
  g13974__6131/Y   -       B->Y  F     NAND2X1        2  8.8   135   189     702    (-,-) 
  g13972/Y         -       A->Y  R     CLKINVX1       2  8.9   117   145     848    (-,-) 
  g13971__1705/Y   -       B->Y  F     NAND2X1        2  8.8   121   151     999    (-,-) 
  g13968/Y         -       A->Y  R     CLKINVX1       1  5.0    82   108    1107    (-,-) 
  g13960__4319/Y   -       A1->Y F     OAI21X1        1  4.8   149   114    1221    (-,-) 
  g13952__2398/Y   -       A0->Y R     AOI22X1        1  4.8   196   259    1480    (-,-) 
  g13951/Y         -       A->Y  F     CLKINVX1       1  3.6    61   101    1581    (-,-) 
  PC1_PC_reg[3]/D  -       -     F     DFFX1          1    -     -     0    1581    (-,-) 
#-----------------------------------------------------------------------------------------

