============================================================
  Generated by:           Genus(TM) Synthesis Solution 21.18-s082_1
  Generated on:           Jun 22 2026  07:48:56 pm
  Module:                 RISC_V3
  Operating conditions:   ss_1.62_125 
  Interconnect mode:      global
  Area mode:              physical library
============================================================


Path 1: MET (4461 ps) Late External Delay Assertion at pin PC[0]
          Group: C2O
     Startpoint: (R) PC1_PC_reg[0]/CK
          Clock: (R) CLK
       Endpoint: (F) PC[0]
          Clock: (R) CLK

                     Capture       Launch     
        Clock Edge:+    5000            0     
       Src Latency:+       0            0     
       Net Latency:+       0 (I)        0 (I) 
           Arrival:=    5000            0     
                                              
      Output Delay:-       0                  
     Required Time:=    5000                  
      Launch Clock:-       0                  
         Data Path:-     539                  
             Slack:=    4461                  

Exceptions/Constraints:
  output_delay              0              top.sdc_line_6_35_1 

#-----------------------------------------------------------------------------------------
#  Timing Point    Flags   Arc   Edge   Cell     Fanout Load Trans Delay Arrival Instance 
#                                                       (fF)  (ps)  (ps)   (ps)  Location 
#-----------------------------------------------------------------------------------------
  PC1_PC_reg[0]/CK -       -     R     (arrival)      6    -     0     0       0    (-,-) 
  PC1_PC_reg[0]/Q  -       CK->Q F     SDFFX1         5 18.1   133   539     539    (-,-) 
  PC[0]            -       -     F     (port)         -    -     -     0     539    (-,-) 
#-----------------------------------------------------------------------------------------

