============================================================
  Generated by:           Genus(TM) Synthesis Solution 21.18-s082_1
  Generated on:           Jun 22 2026  07:48:59 pm
  Module:                 RISC_V3
  Operating conditions:   ss_1.62_125 
  Interconnect mode:      global
  Area mode:              physical library
============================================================

                               Leakage   Internal  
  Gate    Instances   Area   Power (nW) Power (nW)        Library        
-------------------------------------------------------------------------
AOI22X1           3   34.279      0.378   1491.447    sky130_ss_1.62_125 
CLKINVX1          8   45.706      2.754    922.375    sky130_ss_1.62_125 
DFFX1             5  171.396     33.312  38930.077    sky130_ss_1.62_125 
NAND2X1           3   22.853      0.410    430.331    sky130_ss_1.62_125 
NOR2X1            6   45.706      1.487   1069.366    sky130_ss_1.62_125 
OAI21X1           3   28.566      0.799    859.348    sky130_ss_1.62_125 
SDFFX1            1   43.801      8.273   9064.742    sky130_ss_1.62_125 
-------------------------------------------------------------------------
total            29  392.306     47.412  52767.685                       


                                          Leakage  Leakage  Internal  Internal 
     Type      Instances   Area  Area % Power (nW) Power % Power (nW)  Power % 
-------------------------------------------------------------------------------
sequential             6 215.197   54.9     41.585    87.7  47994.819     91.0 
inverter               8  45.706   11.7      2.754     5.8    922.375      1.7 
logic                 15 131.404   33.5      3.073     6.5   3850.491      7.3 
physical_cells         0   0.000    0.0      0.000     0.0      0.000      0.0 
-------------------------------------------------------------------------------
total                 29 392.306  100.0     47.412   100.0  52767.685    100.0 

