============================================================
  Generated by:           Genus(TM) Synthesis Solution 21.18-s082_1
  Generated on:           Jun 22 2026  07:48:58 pm
  Module:                 RISC_V3
  Operating conditions:   ss_1.62_125 
  Interconnect mode:      global
  Area mode:              physical library
============================================================

Timing
--------

Clock Period 
-------------
CLK   5000.0 


  Cost    Critical         Violating 
 Group   Path Slack  TNS     Paths   
-------------------------------------
C2C          3228.4   0.0          0 
C2O          4461.3   0.0          0 
CLK        No paths   0.0            
default    No paths   0.0            
I2C          3900.6   0.0          0 
I2O        No paths   0.0            
-------------------------------------
Total                 0.0          0 

Instance Count
--------------
Leaf Instance Count             29 
Physical Instance count          0 
Sequential Instance Count        6 
Combinational Instance Count    23 
Hierarchical Instance Count      0 

Area
----
Cell Area                          392.306
Physical Cell Area                 0.000
Total Cell Area (Cell+Physical)    392.306
Net Area                           595.463
Total Area (Cell+Physical+Net)     987.769

Runtime                            0.0 seconds
Elapsed Runtime                    303 seconds
Genus peak memory usage            1688.38 
Innovus peak memory usage          no_value 
Hostname                           cadence
