###############################################################
#  Generated by:      Cadence Innovus 21.18-s099_1
#  OS:                Linux x86_64(Host ID cadence)
#  Generated on:      Sun Jul 12 16:56:53 2026
#  Design:            RISC_V3
#  Command:           checkDesign -all
###############################################################
Design: RISC_V3

------ Design Summary:
Total Standard Cell Number   (cells) : 4359
Total Block Cell Number      (cells) : 0
Total I/O Pad Cell Number    (cells) : 0
Total Standard Cell Area     ( um^2) : 57200.56
Total Block Cell Area        ( um^2) : 0.00
Total I/O Pad Cell Area      ( um^2) : 0.00

------ Design Statistics:

Number of Instances            : 4359
Number of Non-uniquified Insts : 4347
Number of Nets                 : 4586
Average number of Pins per Net : 3.38
Maximum number of Pins in Net  : 588

------ I/O Port summary

Number of Primary I/O Ports    : 174
Number of Input Ports          : 66
Number of Output Ports         : 108
Number of Bidirectional Ports  : 0
Number of Power/Ground Ports   : 0



------------------------------------------------------------
Detail report:


------ I/O Pad/Port Checking


