

Working Directory = /home/B2_Robiul/UDIF/aiub_vlsi_impl_demo/projects/new_Project2A/synth_rvt
QoS Summary for top
==========================================================================================
Metric                          generic         map             syn_opt         final          
==========================================================================================
Slack (ps):                     2,258             950             616             616
  R2R (ps):                  no_value        no_value        no_value        no_value
  I2R (ps):                     2,258             950             616             616
  R2O (ps):                     4,702           4,724           4,724           4,724
  I2O (ps):                  no_value        no_value        no_value        no_value
  CG  (ps):                  no_value        no_value        no_value        no_value
TNS (ps):                           0               0               0               0
  R2R (ps):                  no_value        no_value        no_value        no_value
  I2R (ps):                         0               0               0               0
  R2O (ps):                         0               0               0               0
  I2O (ps):                  no_value        no_value        no_value        no_value
  CG  (ps):                  no_value        no_value        no_value        no_value
Failing Paths:                      0               0               0               0
Leakage Power (nW):                12               8               8               8
Cell Area:                      1,751             539             554             554
Total Cell Area:                1,751             539             554             554
Leaf Instances:                   628             144             144             144
Total Instances:                  628             144             144             144
Utilization (%):                 0.00            0.00            0.00            0.00
Tot. Net Length (um):        no_value        no_value        no_value        no_value
Avg. Net Length (um):        no_value        no_value        no_value        no_value
Route Overflow H (%):        no_value        no_value        no_value        no_value
Route Overflow V (%):        no_value        no_value        no_value        no_value
MBCI(%) (bits/gate) :            0.00            0.00            0.00            0.00
Norm Cong Hotspot Area:
  Max Cong:                  no_value        no_value        no_value        no_value
  Tot Cong:                  no_value        no_value        no_value        no_value
==========================================================================================
CPU  Runtime (h:m:s):        00:00:22        00:00:27        00:00:01        00:00:01
Real Runtime (h:m:s):        00:00:21        00:00:18        00:00:02        00:00:01
CPU  Elapsed (h:m:s):        00:00:32        00:00:58        00:01:00        00:01:00
Real Elapsed (h:m:s):        00:00:25        00:00:42        00:00:44        00:00:45
Memory (MB):                  1601.88         1570.14         1571.97         1615.98
==========================================================================================
==========================================================================================
Flow Settings:
==========================================================================================
Total Runtime (h:m:s): 00:00:43
Total Memory (MB):     1615.98
Executable Version:    21.18-s082_1
==========================================================================================
Total Cell Area =  Cell Area + Physical Cell Area
Total Instances =  Leaf Instances + Physical Instances


