============================================================
  Generated by:           Genus(TM) Synthesis Solution 21.18-s082_1
  Generated on:           May 02 2026  10:45:57 am
  Module:                 top
  Operating conditions:   PVT_0P9V_125C 
  Interconnect mode:      global
  Area mode:              physical library
============================================================


Path 1: MET (950 ps) Setup Check with Pin Y_reg[8]/CK->D
          Group: I2C
     Startpoint: (R) C3[1]
          Clock: (R) CLK
       Endpoint: (R) Y_reg[8]/D
          Clock: (R) CLK

                     Capture       Launch     
        Clock Edge:+    5000            0     
        Drv Adjust:+       0            0     
       Src Latency:+       0            0     
       Net Latency:+       0 (I)        0 (I) 
           Arrival:=    5000            0     
                                              
             Setup:-     210                  
     Required Time:=    4790                  
      Launch Clock:-       0                  
       Input Delay:-       0                  
         Data Path:-    3841                  
             Slack:=     950                  

Exceptions/Constraints:
  input_delay              0              top.sdc_line_8_31_1 

#--------------------------------------------------------------------------------------------------------------------
#               Timing Point                 Flags    Arc   Edge   Cell     Fanout Load Trans Delay Arrival Instance 
#                                                                                  (fF)  (ps)  (ps)   (ps)  Location 
#--------------------------------------------------------------------------------------------------------------------
  C3[1]                                      -       -      R     (arrival)      4 10.3     0     0       0    (-,-) 
  WALLACE_CSA_DUMMY_OP_groupi_g3181__5107/Y  -       A->Y   R     AND2XL         1  4.7   182   187     187    (-,-) 
  WALLACE_CSA_DUMMY_OP_groupi_g3156__8428/CO -       A->CO  R     ADDFXL         1  4.7   188   347     534    (-,-) 
  WALLACE_CSA_DUMMY_OP_groupi_g3132__1617/CO -       A->CO  R     ADDFXL         1  4.5   180   346     880    (-,-) 
  WALLACE_CSA_DUMMY_OP_groupi_g3128__8428/S  -       CI->S  F     ADDFXL         1  4.4   225   408    1288    (-,-) 
  WALLACE_CSA_DUMMY_OP_groupi_g3119__2346/S  -       CI->S  R     ADDFXL         1  4.5   184   420    1708    (-,-) 
  WALLACE_CSA_DUMMY_OP_groupi_g3115__6161/S  -       CI->S  F     ADDFXL         1  4.6   234   415    2123    (-,-) 
  WALLACE_CSA_DUMMY_OP_groupi_g3110__6131/CO -       B->CO  F     ADDFX1         1  4.4   136   315    2438    (-,-) 
  WALLACE_CSA_DUMMY_OP_groupi_g3109__7098/CO -       CI->CO F     ADDFX1         1  4.4   136   268    2706    (-,-) 
  WALLACE_CSA_DUMMY_OP_groupi_g3108__8246/CO -       CI->CO F     ADDFX1         1  4.4   136   268    2974    (-,-) 
  WALLACE_CSA_DUMMY_OP_groupi_g3107__5122/CO -       CI->CO F     ADDFX1         1  4.4   136   268    3242    (-,-) 
  WALLACE_CSA_DUMMY_OP_groupi_g3106__1705/S  -       CI->S  R     ADDFX1         1  4.1   114   373    3614    (-,-) 
  g39__6260/Y                                -       AN->Y  R     NOR2BX1        1  4.1   203   226    3841    (-,-) 
  Y_reg[8]/D                                 -       -      R     DFFQXL         1    -     -     0    3841    (-,-) 
#--------------------------------------------------------------------------------------------------------------------



Path 2: MET (1029 ps) Setup Check with Pin Y_reg[9]/CK->D
          Group: I2C
     Startpoint: (R) X3[0]
          Clock: (R) CLK
       Endpoint: (R) Y_reg[9]/D
          Clock: (R) CLK

                     Capture       Launch     
        Clock Edge:+    5000            0     
        Drv Adjust:+       0            0     
       Src Latency:+       0            0     
       Net Latency:+       0 (I)        0 (I) 
           Arrival:=    5000            0     
                                              
             Setup:-     210                  
     Required Time:=    4790                  
      Launch Clock:-       0                  
       Input Delay:-       0                  
         Data Path:-    3762                  
             Slack:=    1029                  

Exceptions/Constraints:
  input_delay              0              top.sdc_line_8_16_1 

#--------------------------------------------------------------------------------------------------------------------
#               Timing Point                 Flags    Arc   Edge   Cell     Fanout Load Trans Delay Arrival Instance 
#                                                                                  (fF)  (ps)  (ps)   (ps)  Location 
#--------------------------------------------------------------------------------------------------------------------
  X3[0]                                      -       -      R     (arrival)      4 10.3     0     0       0    (-,-) 
  WALLACE_CSA_DUMMY_OP_groupi_g3206__6417/Y  -       A->Y   R     AND2XL         1  4.3   168   179     179    (-,-) 
  WALLACE_CSA_DUMMY_OP_groupi_g3165__7098/S  -       A->S   F     ADDHXL         1  4.4   219   337     516    (-,-) 
  WALLACE_CSA_DUMMY_OP_groupi_g3143__6161/S  -       CI->S  R     ADDFXL         1  4.5   184   417     932    (-,-) 
  WALLACE_CSA_DUMMY_OP_groupi_g3139__1881/CO -       CI->CO R     ADDFXL         1  4.7   188   327    1260    (-,-) 
  WALLACE_CSA_DUMMY_OP_groupi_g3119__2346/S  -       A->S   F     ADDFXL         1  4.4   225   451    1710    (-,-) 
  WALLACE_CSA_DUMMY_OP_groupi_g3115__6161/S  -       CI->S  R     ADDFXL         1  4.7   191   424    2134    (-,-) 
  WALLACE_CSA_DUMMY_OP_groupi_g3110__6131/CO -       B->CO  R     ADDFX1         1  4.5   119   321    2455    (-,-) 
  WALLACE_CSA_DUMMY_OP_groupi_g3109__7098/CO -       CI->CO R     ADDFX1         1  4.5   119   272    2727    (-,-) 
  WALLACE_CSA_DUMMY_OP_groupi_g3108__8246/CO -       CI->CO R     ADDFX1         1  4.5   119   272    2998    (-,-) 
  WALLACE_CSA_DUMMY_OP_groupi_g3107__5122/CO -       CI->CO R     ADDFX1         1  4.5   119   272    3270    (-,-) 
  WALLACE_CSA_DUMMY_OP_groupi_g3106__1705/CO -       CI->CO R     ADDFX1         1  4.1   111   267    3537    (-,-) 
  g38__5107/Y                                -       AN->Y  R     NOR2BX1        1  4.1   203   225    3762    (-,-) 
  Y_reg[9]/D                                 -       -      R     DFFQXL         1    -     -     0    3762    (-,-) 
#--------------------------------------------------------------------------------------------------------------------



Path 3: MET (1218 ps) Setup Check with Pin Y_reg[7]/CK->D
          Group: I2C
     Startpoint: (R) C3[1]
          Clock: (R) CLK
       Endpoint: (R) Y_reg[7]/D
          Clock: (R) CLK

                     Capture       Launch     
        Clock Edge:+    5000            0     
        Drv Adjust:+       0            0     
       Src Latency:+       0            0     
       Net Latency:+       0 (I)        0 (I) 
           Arrival:=    5000            0     
                                              
             Setup:-     210                  
     Required Time:=    4790                  
      Launch Clock:-       0                  
       Input Delay:-       0                  
         Data Path:-    3573                  
             Slack:=    1218                  

Exceptions/Constraints:
  input_delay              0              top.sdc_line_8_31_1 

#--------------------------------------------------------------------------------------------------------------------
#               Timing Point                 Flags    Arc   Edge   Cell     Fanout Load Trans Delay Arrival Instance 
#                                                                                  (fF)  (ps)  (ps)   (ps)  Location 
#--------------------------------------------------------------------------------------------------------------------
  C3[1]                                      -       -      R     (arrival)      4 10.3     0     0       0    (-,-) 
  WALLACE_CSA_DUMMY_OP_groupi_g3181__5107/Y  -       A->Y   R     AND2XL         1  4.7   182   187     187    (-,-) 
  WALLACE_CSA_DUMMY_OP_groupi_g3156__8428/CO -       A->CO  R     ADDFXL         1  4.7   188   347     534    (-,-) 
  WALLACE_CSA_DUMMY_OP_groupi_g3132__1617/CO -       A->CO  R     ADDFXL         1  4.5   180   346     880    (-,-) 
  WALLACE_CSA_DUMMY_OP_groupi_g3128__8428/S  -       CI->S  F     ADDFXL         1  4.4   225   408    1288    (-,-) 
  WALLACE_CSA_DUMMY_OP_groupi_g3119__2346/S  -       CI->S  R     ADDFXL         1  4.5   184   420    1708    (-,-) 
  WALLACE_CSA_DUMMY_OP_groupi_g3115__6161/S  -       CI->S  F     ADDFXL         1  4.6   234   415    2123    (-,-) 
  WALLACE_CSA_DUMMY_OP_groupi_g3110__6131/CO -       B->CO  F     ADDFX1         1  4.4   136   315    2438    (-,-) 
  WALLACE_CSA_DUMMY_OP_groupi_g3109__7098/CO -       CI->CO F     ADDFX1         1  4.4   136   268    2706    (-,-) 
  WALLACE_CSA_DUMMY_OP_groupi_g3108__8246/CO -       CI->CO F     ADDFX1         1  4.4   136   268    2974    (-,-) 
  WALLACE_CSA_DUMMY_OP_groupi_g3107__5122/S  -       CI->S  R     ADDFX1         1  4.1   114   373    3346    (-,-) 
  g37__2398/Y                                -       AN->Y  R     NOR2BX1        1  4.1   203   226    3573    (-,-) 
  Y_reg[7]/D                                 -       -      R     DFFQXL         1    -     -     0    3573    (-,-) 
#--------------------------------------------------------------------------------------------------------------------



Path 4: MET (1486 ps) Setup Check with Pin Y_reg[6]/CK->D
          Group: I2C
     Startpoint: (R) C3[1]
          Clock: (R) CLK
       Endpoint: (R) Y_reg[6]/D
          Clock: (R) CLK

                     Capture       Launch     
        Clock Edge:+    5000            0     
        Drv Adjust:+       0            0     
       Src Latency:+       0            0     
       Net Latency:+       0 (I)        0 (I) 
           Arrival:=    5000            0     
                                              
             Setup:-     210                  
     Required Time:=    4790                  
      Launch Clock:-       0                  
       Input Delay:-       0                  
         Data Path:-    3305                  
             Slack:=    1486                  

Exceptions/Constraints:
  input_delay              0              top.sdc_line_8_31_1 

#--------------------------------------------------------------------------------------------------------------------
#               Timing Point                 Flags    Arc   Edge   Cell     Fanout Load Trans Delay Arrival Instance 
#                                                                                  (fF)  (ps)  (ps)   (ps)  Location 
#--------------------------------------------------------------------------------------------------------------------
  C3[1]                                      -       -      R     (arrival)      4 10.3     0     0       0    (-,-) 
  WALLACE_CSA_DUMMY_OP_groupi_g3181__5107/Y  -       A->Y   R     AND2XL         1  4.7   182   187     187    (-,-) 
  WALLACE_CSA_DUMMY_OP_groupi_g3156__8428/CO -       A->CO  R     ADDFXL         1  4.7   188   347     534    (-,-) 
  WALLACE_CSA_DUMMY_OP_groupi_g3132__1617/CO -       A->CO  R     ADDFXL         1  4.5   180   346     880    (-,-) 
  WALLACE_CSA_DUMMY_OP_groupi_g3128__8428/S  -       CI->S  F     ADDFXL         1  4.4   225   408    1288    (-,-) 
  WALLACE_CSA_DUMMY_OP_groupi_g3119__2346/S  -       CI->S  R     ADDFXL         1  4.5   184   420    1708    (-,-) 
  WALLACE_CSA_DUMMY_OP_groupi_g3115__6161/S  -       CI->S  F     ADDFXL         1  4.6   234   415    2123    (-,-) 
  WALLACE_CSA_DUMMY_OP_groupi_g3110__6131/CO -       B->CO  F     ADDFX1         1  4.4   136   315    2438    (-,-) 
  WALLACE_CSA_DUMMY_OP_groupi_g3109__7098/CO -       CI->CO F     ADDFX1         1  4.4   136   268    2706    (-,-) 
  WALLACE_CSA_DUMMY_OP_groupi_g3108__8246/S  -       CI->S  R     ADDFX1         1  4.1   114   373    3079    (-,-) 
  g40__4319/Y                                -       AN->Y  R     NOR2BX1        1  4.1   203   226    3305    (-,-) 
  Y_reg[6]/D                                 -       -      R     DFFQXL         1    -     -     0    3305    (-,-) 
#--------------------------------------------------------------------------------------------------------------------



Path 5: MET (1753 ps) Setup Check with Pin Y_reg[5]/CK->D
          Group: I2C
     Startpoint: (R) C3[1]
          Clock: (R) CLK
       Endpoint: (R) Y_reg[5]/D
          Clock: (R) CLK

                     Capture       Launch     
        Clock Edge:+    5000            0     
        Drv Adjust:+       0            0     
       Src Latency:+       0            0     
       Net Latency:+       0 (I)        0 (I) 
           Arrival:=    5000            0     
                                              
             Setup:-     210                  
     Required Time:=    4790                  
      Launch Clock:-       0                  
       Input Delay:-       0                  
         Data Path:-    3037                  
             Slack:=    1753                  

Exceptions/Constraints:
  input_delay              0              top.sdc_line_8_31_1 

#-------------------------------------------------------------------------------------------------------------------
#               Timing Point                 Flags   Arc   Edge   Cell     Fanout Load Trans Delay Arrival Instance 
#                                                                                 (fF)  (ps)  (ps)   (ps)  Location 
#-------------------------------------------------------------------------------------------------------------------
  C3[1]                                      -       -     R     (arrival)      4 10.3     0     0       0    (-,-) 
  WALLACE_CSA_DUMMY_OP_groupi_g3181__5107/Y  -       A->Y  R     AND2XL         1  4.7   182   187     187    (-,-) 
  WALLACE_CSA_DUMMY_OP_groupi_g3156__8428/CO -       A->CO R     ADDFXL         1  4.7   188   347     534    (-,-) 
  WALLACE_CSA_DUMMY_OP_groupi_g3132__1617/CO -       A->CO R     ADDFXL         1  4.5   180   346     880    (-,-) 
  WALLACE_CSA_DUMMY_OP_groupi_g3128__8428/S  -       CI->S F     ADDFXL         1  4.4   225   408    1288    (-,-) 
  WALLACE_CSA_DUMMY_OP_groupi_g3119__2346/S  -       CI->S R     ADDFXL         1  4.5   184   420    1708    (-,-) 
  WALLACE_CSA_DUMMY_OP_groupi_g3115__6161/S  -       CI->S F     ADDFXL         1  4.6   234   415    2123    (-,-) 
  WALLACE_CSA_DUMMY_OP_groupi_g3110__6131/CO -       B->CO F     ADDFX1         1  4.4   136   315    2438    (-,-) 
  WALLACE_CSA_DUMMY_OP_groupi_g3109__7098/S  -       CI->S R     ADDFX1         1  4.1   114   373    2811    (-,-) 
  g41__8428/Y                                -       AN->Y R     NOR2BX1        1  4.1   203   226    3037    (-,-) 
  Y_reg[5]/D                                 -       -     R     DFFQXL         1    -     -     0    3037    (-,-) 
#-------------------------------------------------------------------------------------------------------------------



Path 6: MET (2016 ps) Setup Check with Pin Y_reg[4]/CK->D
          Group: I2C
     Startpoint: (R) C3[1]
          Clock: (R) CLK
       Endpoint: (R) Y_reg[4]/D
          Clock: (R) CLK

                     Capture       Launch     
        Clock Edge:+    5000            0     
        Drv Adjust:+       0            0     
       Src Latency:+       0            0     
       Net Latency:+       0 (I)        0 (I) 
           Arrival:=    5000            0     
                                              
             Setup:-     210                  
     Required Time:=    4790                  
      Launch Clock:-       0                  
       Input Delay:-       0                  
         Data Path:-    2774                  
             Slack:=    2016                  

Exceptions/Constraints:
  input_delay              0              top.sdc_line_8_31_1 

#-------------------------------------------------------------------------------------------------------------------
#               Timing Point                 Flags   Arc   Edge   Cell     Fanout Load Trans Delay Arrival Instance 
#                                                                                 (fF)  (ps)  (ps)   (ps)  Location 
#-------------------------------------------------------------------------------------------------------------------
  C3[1]                                      -       -     R     (arrival)      4 10.3     0     0       0    (-,-) 
  WALLACE_CSA_DUMMY_OP_groupi_g3181__5107/Y  -       A->Y  R     AND2XL         1  4.7   182   187     187    (-,-) 
  WALLACE_CSA_DUMMY_OP_groupi_g3156__8428/CO -       A->CO R     ADDFXL         1  4.7   188   347     534    (-,-) 
  WALLACE_CSA_DUMMY_OP_groupi_g3132__1617/CO -       A->CO R     ADDFXL         1  4.5   180   346     880    (-,-) 
  WALLACE_CSA_DUMMY_OP_groupi_g3128__8428/S  -       CI->S F     ADDFXL         1  4.4   225   408    1288    (-,-) 
  WALLACE_CSA_DUMMY_OP_groupi_g3119__2346/S  -       CI->S R     ADDFXL         1  4.5   184   420    1708    (-,-) 
  WALLACE_CSA_DUMMY_OP_groupi_g3115__6161/S  -       CI->S F     ADDFXL         1  4.6   234   415    2123    (-,-) 
  WALLACE_CSA_DUMMY_OP_groupi_g3110__6131/S  -       B->S  R     ADDFX1         1  4.1   114   425    2548    (-,-) 
  g44__3680/Y                                -       AN->Y R     NOR2BX1        1  4.1   203   226    2774    (-,-) 
  Y_reg[4]/D                                 -       -     R     DFFQXL         1    -     -     0    2774    (-,-) 
#-------------------------------------------------------------------------------------------------------------------



Path 7: MET (2358 ps) Setup Check with Pin Y_reg[3]/CK->D
          Group: I2C
     Startpoint: (F) X3[0]
          Clock: (R) CLK
       Endpoint: (R) Y_reg[3]/D
          Clock: (R) CLK

                     Capture       Launch     
        Clock Edge:+    5000            0     
        Drv Adjust:+       0            0     
       Src Latency:+       0            0     
       Net Latency:+       0 (I)        0 (I) 
           Arrival:=    5000            0     
                                              
             Setup:-     210                  
     Required Time:=    4790                  
      Launch Clock:-       0                  
       Input Delay:-       0                  
         Data Path:-    2432                  
             Slack:=    2358                  

Exceptions/Constraints:
  input_delay              0              top.sdc_line_8_16_1 

#------------------------------------------------------------------------------------------------------------------
#               Timing Point                Flags   Arc   Edge   Cell     Fanout Load Trans Delay Arrival Instance 
#                                                                                (fF)  (ps)  (ps)   (ps)  Location 
#------------------------------------------------------------------------------------------------------------------
  X3[0]                                     -       -     F     (arrival)      4 10.3     0     0       0    (-,-) 
  WALLACE_CSA_DUMMY_OP_groupi_g3206__6417/Y -       A->Y  F     AND2XL         1  4.3   212   154     154    (-,-) 
  WALLACE_CSA_DUMMY_OP_groupi_g3165__7098/S -       A->S  R     ADDHXL         1  4.5   177   339     493    (-,-) 
  WALLACE_CSA_DUMMY_OP_groupi_g3143__6161/S -       CI->S F     ADDFXL         1  4.4   225   407     900    (-,-) 
  WALLACE_CSA_DUMMY_OP_groupi_g3139__1881/S -       CI->S R     ADDFXL         1  4.7   191   424    1323    (-,-) 
  WALLACE_CSA_DUMMY_OP_groupi_g3120__1666/S -       A->S  F     ADDFXL         1  4.6   234   457    1780    (-,-) 
  WALLACE_CSA_DUMMY_OP_groupi_g3112__5115/S -       B->S  R     ADDFX1         1  4.1   114   425    2206    (-,-) 
  g43__6783/Y                               -       AN->Y R     NOR2BX1        1  4.1   203   226    2432    (-,-) 
  Y_reg[3]/D                                -       -     R     DFFQXL         1    -     -     0    2432    (-,-) 
#------------------------------------------------------------------------------------------------------------------



Path 8: MET (2754 ps) Setup Check with Pin Y_reg[2]/CK->D
          Group: I2C
     Startpoint: (F) C1[0]
          Clock: (R) CLK
       Endpoint: (R) Y_reg[2]/D
          Clock: (R) CLK

                     Capture       Launch     
        Clock Edge:+    5000            0     
        Drv Adjust:+       0            0     
       Src Latency:+       0            0     
       Net Latency:+       0 (I)        0 (I) 
           Arrival:=    5000            0     
                                              
             Setup:-     210                  
     Required Time:=    4790                  
      Launch Clock:-       0                  
       Input Delay:-       0                  
         Data Path:-    2037                  
             Slack:=    2754                  

Exceptions/Constraints:
  input_delay              0              top.sdc_line_8_24_1 

#-------------------------------------------------------------------------------------------------------------------
#               Timing Point                 Flags   Arc   Edge   Cell     Fanout Load Trans Delay Arrival Instance 
#                                                                                 (fF)  (ps)  (ps)   (ps)  Location 
#-------------------------------------------------------------------------------------------------------------------
  C1[0]                                      -       -     F     (arrival)      4 10.3     0     0       0    (-,-) 
  WALLACE_CSA_DUMMY_OP_groupi_g3225__7482/Y  -       A->Y  F     AND2XL         1  4.7   230   164     164    (-,-) 
  WALLACE_CSA_DUMMY_OP_groupi_g3153__5107/CO -       A->CO F     ADDFXL         1  4.6   230   356     520    (-,-) 
  WALLACE_CSA_DUMMY_OP_groupi_g3134__1705/S  -       B->S  R     ADDFXL         1  4.7   191   435     955    (-,-) 
  WALLACE_CSA_DUMMY_OP_groupi_g3122__6417/S  -       B->S  F     ADDFXL         1  4.4   225   442    1397    (-,-) 
  WALLACE_CSA_DUMMY_OP_groupi_g3116__9315/S  -       CI->S R     ADDFX1         1  4.1   114   414    1810    (-,-) 
  g42__5526/Y                                -       AN->Y R     NOR2BX1        1  4.1   203   227    2037    (-,-) 
  Y_reg[2]/D                                 -       -     R     DFFQXL         1    -     -     0    2037    (-,-) 
#-------------------------------------------------------------------------------------------------------------------



Path 9: MET (3143 ps) Setup Check with Pin Y_reg[1]/CK->D
          Group: I2C
     Startpoint: (R) C0[0]
          Clock: (R) CLK
       Endpoint: (R) Y_reg[1]/D
          Clock: (R) CLK

                     Capture       Launch     
        Clock Edge:+    5000            0     
        Drv Adjust:+       0            0     
       Src Latency:+       0            0     
       Net Latency:+       0 (I)        0 (I) 
           Arrival:=    5000            0     
                                              
             Setup:-     210                  
     Required Time:=    4790                  
      Launch Clock:-       0                  
       Input Delay:-       0                  
         Data Path:-    1647                  
             Slack:=    3143                  

Exceptions/Constraints:
  input_delay              0              top.sdc_line_8_20_1 

#------------------------------------------------------------------------------------------------------------------
#               Timing Point                Flags   Arc   Edge   Cell     Fanout Load Trans Delay Arrival Instance 
#                                                                                (fF)  (ps)  (ps)   (ps)  Location 
#------------------------------------------------------------------------------------------------------------------
  C0[0]                                     -       -     R     (arrival)      4 10.3     0     0       0    (-,-) 
  WALLACE_CSA_DUMMY_OP_groupi_g3197__7482/Y -       A->Y  R     AND2XL         1  4.7   182   187     187    (-,-) 
  WALLACE_CSA_DUMMY_OP_groupi_g3145__9945/S -       A->S  F     ADDFXL         1  4.4   225   448     634    (-,-) 
  WALLACE_CSA_DUMMY_OP_groupi_g3137__7098/S -       CI->S R     ADDFXL         1  4.5   184   420    1054    (-,-) 
  WALLACE_CSA_DUMMY_OP_groupi_g3125__5107/S -       CI->S R     ADDFX1         1  4.1   114   367    1421    (-,-) 
  g45__1617/Y                               -       AN->Y R     NOR2BX1        1  4.1   203   227    1647    (-,-) 
  Y_reg[1]/D                                -       -     R     DFFQXL         1    -     -     0    1647    (-,-) 
#------------------------------------------------------------------------------------------------------------------



Path 10: MET (3681 ps) Setup Check with Pin Y_reg[0]/CK->D
          Group: I2C
     Startpoint: (R) C0[0]
          Clock: (R) CLK
       Endpoint: (R) Y_reg[0]/D
          Clock: (R) CLK

                     Capture       Launch     
        Clock Edge:+    5000            0     
        Drv Adjust:+       0            0     
       Src Latency:+       0            0     
       Net Latency:+       0 (I)        0 (I) 
           Arrival:=    5000            0     
                                              
             Setup:-     210                  
     Required Time:=    4790                  
      Launch Clock:-       0                  
       Input Delay:-       0                  
         Data Path:-    1109                  
             Slack:=    3681                  

Exceptions/Constraints:
  input_delay              0              top.sdc_line_8_20_1 

#------------------------------------------------------------------------------------------------------------------
#               Timing Point                Flags   Arc   Edge   Cell     Fanout Load Trans Delay Arrival Instance 
#                                                                                (fF)  (ps)  (ps)   (ps)  Location 
#------------------------------------------------------------------------------------------------------------------
  C0[0]                                     -       -     R     (arrival)      4 10.3     0     0       0    (-,-) 
  WALLACE_CSA_DUMMY_OP_groupi_g3193__7098/Y -       A->Y  R     AND2XL         1  4.7   182   187     187    (-,-) 
  WALLACE_CSA_DUMMY_OP_groupi_g3158__6783/S -       A->S  F     ADDFXL         1  4.4   225   448     634    (-,-) 
  WALLACE_CSA_DUMMY_OP_groupi_g3141__7482/S -       B->S  R     ADDHX1         1  4.1   104   253     888    (-,-) 
  g46__2802/Y                               -       AN->Y R     NOR2BX1        1  4.1   203   222    1109    (-,-) 
  Y_reg[0]/D                                -       -     R     DFFQXL         1    -     -     0    1109    (-,-) 
#------------------------------------------------------------------------------------------------------------------



Path 11: MET (4724 ps) Late External Delay Assertion at pin Y[0]
          Group: C2O
     Startpoint: (R) Y_reg[0]/CK
          Clock: (R) CLK
       Endpoint: (F) Y[0]
          Clock: (R) CLK

                     Capture       Launch     
        Clock Edge:+    5000            0     
       Src Latency:+       0            0     
       Net Latency:+       0 (I)        0 (I) 
           Arrival:=    5000            0     
                                              
      Output Delay:-       0                  
     Required Time:=    5000                  
      Launch Clock:-       0                  
         Data Path:-     276                  
             Slack:=    4724                  

Exceptions/Constraints:
  output_delay              0              top.sdc_line_11_40_1 

#---------------------------------------------------------------------------------------
# Timing Point   Flags   Arc   Edge   Cell     Fanout Load Trans Delay Arrival Instance 
#                                                     (fF)  (ps)  (ps)   (ps)  Location 
#---------------------------------------------------------------------------------------
  Y_reg[0]/CK    -       -     R     (arrival)     10    -     0     0       0    (-,-) 
  Y_reg[0]/Q     -       CK->Q F     DFFQXL         1  3.9   193   276     276    (-,-) 
  Y[0]           -       -     F     (port)         -    -     -     0     276    (-,-) 
#---------------------------------------------------------------------------------------



Path 12: MET (4724 ps) Late External Delay Assertion at pin Y[1]
          Group: C2O
     Startpoint: (R) Y_reg[1]/CK
          Clock: (R) CLK
       Endpoint: (F) Y[1]
          Clock: (R) CLK

                     Capture       Launch     
        Clock Edge:+    5000            0     
       Src Latency:+       0            0     
       Net Latency:+       0 (I)        0 (I) 
           Arrival:=    5000            0     
                                              
      Output Delay:-       0                  
     Required Time:=    5000                  
      Launch Clock:-       0                  
         Data Path:-     276                  
             Slack:=    4724                  

Exceptions/Constraints:
  output_delay              0              top.sdc_line_11_39_1 

#---------------------------------------------------------------------------------------
# Timing Point   Flags   Arc   Edge   Cell     Fanout Load Trans Delay Arrival Instance 
#                                                     (fF)  (ps)  (ps)   (ps)  Location 
#---------------------------------------------------------------------------------------
  Y_reg[1]/CK    -       -     R     (arrival)     10    -     0     0       0    (-,-) 
  Y_reg[1]/Q     -       CK->Q F     DFFQXL         1  3.9   193   276     276    (-,-) 
  Y[1]           -       -     F     (port)         -    -     -     0     276    (-,-) 
#---------------------------------------------------------------------------------------



Path 13: MET (4724 ps) Late External Delay Assertion at pin Y[2]
          Group: C2O
     Startpoint: (R) Y_reg[2]/CK
          Clock: (R) CLK
       Endpoint: (F) Y[2]
          Clock: (R) CLK

                     Capture       Launch     
        Clock Edge:+    5000            0     
       Src Latency:+       0            0     
       Net Latency:+       0 (I)        0 (I) 
           Arrival:=    5000            0     
                                              
      Output Delay:-       0                  
     Required Time:=    5000                  
      Launch Clock:-       0                  
         Data Path:-     276                  
             Slack:=    4724                  

Exceptions/Constraints:
  output_delay              0              top.sdc_line_11_38_1 

#---------------------------------------------------------------------------------------
# Timing Point   Flags   Arc   Edge   Cell     Fanout Load Trans Delay Arrival Instance 
#                                                     (fF)  (ps)  (ps)   (ps)  Location 
#---------------------------------------------------------------------------------------
  Y_reg[2]/CK    -       -     R     (arrival)     10    -     0     0       0    (-,-) 
  Y_reg[2]/Q     -       CK->Q F     DFFQXL         1  3.9   193   276     276    (-,-) 
  Y[2]           -       -     F     (port)         -    -     -     0     276    (-,-) 
#---------------------------------------------------------------------------------------



Path 14: MET (4724 ps) Late External Delay Assertion at pin Y[3]
          Group: C2O
     Startpoint: (R) Y_reg[3]/CK
          Clock: (R) CLK
       Endpoint: (F) Y[3]
          Clock: (R) CLK

                     Capture       Launch     
        Clock Edge:+    5000            0     
       Src Latency:+       0            0     
       Net Latency:+       0 (I)        0 (I) 
           Arrival:=    5000            0     
                                              
      Output Delay:-       0                  
     Required Time:=    5000                  
      Launch Clock:-       0                  
         Data Path:-     276                  
             Slack:=    4724                  

Exceptions/Constraints:
  output_delay              0              top.sdc_line_11_37_1 

#---------------------------------------------------------------------------------------
# Timing Point   Flags   Arc   Edge   Cell     Fanout Load Trans Delay Arrival Instance 
#                                                     (fF)  (ps)  (ps)   (ps)  Location 
#---------------------------------------------------------------------------------------
  Y_reg[3]/CK    -       -     R     (arrival)     10    -     0     0       0    (-,-) 
  Y_reg[3]/Q     -       CK->Q F     DFFQXL         1  3.9   193   276     276    (-,-) 
  Y[3]           -       -     F     (port)         -    -     -     0     276    (-,-) 
#---------------------------------------------------------------------------------------



Path 15: MET (4724 ps) Late External Delay Assertion at pin Y[4]
          Group: C2O
     Startpoint: (R) Y_reg[4]/CK
          Clock: (R) CLK
       Endpoint: (F) Y[4]
          Clock: (R) CLK

                     Capture       Launch     
        Clock Edge:+    5000            0     
       Src Latency:+       0            0     
       Net Latency:+       0 (I)        0 (I) 
           Arrival:=    5000            0     
                                              
      Output Delay:-       0                  
     Required Time:=    5000                  
      Launch Clock:-       0                  
         Data Path:-     276                  
             Slack:=    4724                  

Exceptions/Constraints:
  output_delay              0              top.sdc_line_11_36_1 

#---------------------------------------------------------------------------------------
# Timing Point   Flags   Arc   Edge   Cell     Fanout Load Trans Delay Arrival Instance 
#                                                     (fF)  (ps)  (ps)   (ps)  Location 
#---------------------------------------------------------------------------------------
  Y_reg[4]/CK    -       -     R     (arrival)     10    -     0     0       0    (-,-) 
  Y_reg[4]/Q     -       CK->Q F     DFFQXL         1  3.9   193   276     276    (-,-) 
  Y[4]           -       -     F     (port)         -    -     -     0     276    (-,-) 
#---------------------------------------------------------------------------------------



Path 16: MET (4724 ps) Late External Delay Assertion at pin Y[5]
          Group: C2O
     Startpoint: (R) Y_reg[5]/CK
          Clock: (R) CLK
       Endpoint: (F) Y[5]
          Clock: (R) CLK

                     Capture       Launch     
        Clock Edge:+    5000            0     
       Src Latency:+       0            0     
       Net Latency:+       0 (I)        0 (I) 
           Arrival:=    5000            0     
                                              
      Output Delay:-       0                  
     Required Time:=    5000                  
      Launch Clock:-       0                  
         Data Path:-     276                  
             Slack:=    4724                  

Exceptions/Constraints:
  output_delay              0              top.sdc_line_11_35_1 

#---------------------------------------------------------------------------------------
# Timing Point   Flags   Arc   Edge   Cell     Fanout Load Trans Delay Arrival Instance 
#                                                     (fF)  (ps)  (ps)   (ps)  Location 
#---------------------------------------------------------------------------------------
  Y_reg[5]/CK    -       -     R     (arrival)     10    -     0     0       0    (-,-) 
  Y_reg[5]/Q     -       CK->Q F     DFFQXL         1  3.9   193   276     276    (-,-) 
  Y[5]           -       -     F     (port)         -    -     -     0     276    (-,-) 
#---------------------------------------------------------------------------------------



Path 17: MET (4724 ps) Late External Delay Assertion at pin Y[6]
          Group: C2O
     Startpoint: (R) Y_reg[6]/CK
          Clock: (R) CLK
       Endpoint: (F) Y[6]
          Clock: (R) CLK

                     Capture       Launch     
        Clock Edge:+    5000            0     
       Src Latency:+       0            0     
       Net Latency:+       0 (I)        0 (I) 
           Arrival:=    5000            0     
                                              
      Output Delay:-       0                  
     Required Time:=    5000                  
      Launch Clock:-       0                  
         Data Path:-     276                  
             Slack:=    4724                  

Exceptions/Constraints:
  output_delay              0              top.sdc_line_11_34_1 

#---------------------------------------------------------------------------------------
# Timing Point   Flags   Arc   Edge   Cell     Fanout Load Trans Delay Arrival Instance 
#                                                     (fF)  (ps)  (ps)   (ps)  Location 
#---------------------------------------------------------------------------------------
  Y_reg[6]/CK    -       -     R     (arrival)     10    -     0     0       0    (-,-) 
  Y_reg[6]/Q     -       CK->Q F     DFFQXL         1  3.9   193   276     276    (-,-) 
  Y[6]           -       -     F     (port)         -    -     -     0     276    (-,-) 
#---------------------------------------------------------------------------------------



Path 18: MET (4724 ps) Late External Delay Assertion at pin Y[7]
          Group: C2O
     Startpoint: (R) Y_reg[7]/CK
          Clock: (R) CLK
       Endpoint: (F) Y[7]
          Clock: (R) CLK

                     Capture       Launch     
        Clock Edge:+    5000            0     
       Src Latency:+       0            0     
       Net Latency:+       0 (I)        0 (I) 
           Arrival:=    5000            0     
                                              
      Output Delay:-       0                  
     Required Time:=    5000                  
      Launch Clock:-       0                  
         Data Path:-     276                  
             Slack:=    4724                  

Exceptions/Constraints:
  output_delay              0              top.sdc_line_11_33_1 

#---------------------------------------------------------------------------------------
# Timing Point   Flags   Arc   Edge   Cell     Fanout Load Trans Delay Arrival Instance 
#                                                     (fF)  (ps)  (ps)   (ps)  Location 
#---------------------------------------------------------------------------------------
  Y_reg[7]/CK    -       -     R     (arrival)     10    -     0     0       0    (-,-) 
  Y_reg[7]/Q     -       CK->Q F     DFFQXL         1  3.9   193   276     276    (-,-) 
  Y[7]           -       -     F     (port)         -    -     -     0     276    (-,-) 
#---------------------------------------------------------------------------------------



Path 19: MET (4724 ps) Late External Delay Assertion at pin Y[8]
          Group: C2O
     Startpoint: (R) Y_reg[8]/CK
          Clock: (R) CLK
       Endpoint: (F) Y[8]
          Clock: (R) CLK

                     Capture       Launch     
        Clock Edge:+    5000            0     
       Src Latency:+       0            0     
       Net Latency:+       0 (I)        0 (I) 
           Arrival:=    5000            0     
                                              
      Output Delay:-       0                  
     Required Time:=    5000                  
      Launch Clock:-       0                  
         Data Path:-     276                  
             Slack:=    4724                  

Exceptions/Constraints:
  output_delay              0              top.sdc_line_11_32_1 

#---------------------------------------------------------------------------------------
# Timing Point   Flags   Arc   Edge   Cell     Fanout Load Trans Delay Arrival Instance 
#                                                     (fF)  (ps)  (ps)   (ps)  Location 
#---------------------------------------------------------------------------------------
  Y_reg[8]/CK    -       -     R     (arrival)     10    -     0     0       0    (-,-) 
  Y_reg[8]/Q     -       CK->Q F     DFFQXL         1  3.9   193   276     276    (-,-) 
  Y[8]           -       -     F     (port)         -    -     -     0     276    (-,-) 
#---------------------------------------------------------------------------------------



Path 20: MET (4724 ps) Late External Delay Assertion at pin Y[9]
          Group: C2O
     Startpoint: (R) Y_reg[9]/CK
          Clock: (R) CLK
       Endpoint: (F) Y[9]
          Clock: (R) CLK

                     Capture       Launch     
        Clock Edge:+    5000            0     
       Src Latency:+       0            0     
       Net Latency:+       0 (I)        0 (I) 
           Arrival:=    5000            0     
                                              
      Output Delay:-       0                  
     Required Time:=    5000                  
      Launch Clock:-       0                  
         Data Path:-     276                  
             Slack:=    4724                  

Exceptions/Constraints:
  output_delay              0              top.sdc_line_11 

#---------------------------------------------------------------------------------------
# Timing Point   Flags   Arc   Edge   Cell     Fanout Load Trans Delay Arrival Instance 
#                                                     (fF)  (ps)  (ps)   (ps)  Location 
#---------------------------------------------------------------------------------------
  Y_reg[9]/CK    -       -     R     (arrival)     10    -     0     0       0    (-,-) 
  Y_reg[9]/Q     -       CK->Q F     DFFQXL         1  3.9   193   276     276    (-,-) 
  Y[9]           -       -     F     (port)         -    -     -     0     276    (-,-) 
#---------------------------------------------------------------------------------------

Some unconstrained paths have not been displayed.
Use -unconstrained or set the root attribute 'timing_report_unconstrained' to 'true' to see only these unconstrained paths.

