============================================================
  Generated by:           Genus(TM) Synthesis Solution 21.18-s082_1
  Generated on:           May 02 2026  10:45:57 am
  Module:                 top
  Operating conditions:   PVT_0P9V_125C 
  Interconnect mode:      global
  Area mode:              physical library
============================================================

                              Leakage  
  Gate   Instances   Area   Power (nW)     Library    
------------------------------------------------------
ADDFX1           8   41.040      0.820    slow_vdd1v0 
ADDFXL          46  314.640      3.863    slow_vdd1v0 
ADDHX1           1    3.762      0.093    slow_vdd1v0 
ADDHXL           5   23.940      0.350    slow_vdd1v0 
AND2XL          64   87.552      1.535    slow_vdd1v0 
DFFQXL          10   54.720      0.844    slow_vdd1v0 
NOR2BX1         10   13.680      0.350    slow_vdd1v0 
------------------------------------------------------
total          144  539.334      7.855                


                                          Leakage  Leakage 
     Type      Instances   Area  Area % Power (nW) Power % 
-----------------------------------------------------------
sequential            10  54.720   10.1      0.844    10.8 
logic                134 484.614   89.9      7.011    89.2 
physical_cells         0   0.000    0.0      0.000     0.0 
-----------------------------------------------------------
total                144 539.334  100.0      7.855   100.0 

