============================================================
  Generated by:           Genus(TM) Synthesis Solution 21.18-s082_1
  Generated on:           May 02 2026  10:46:00 am
  Module:                 top
  Operating conditions:   PVT_0P9V_125C 
  Interconnect mode:      global
  Area mode:              physical library
============================================================


Path 1: MET (616 ps) Setup Check with Pin Y_reg[8]/CK->D
          Group: I2C
     Startpoint: (F) X3[0]
          Clock: (R) CLK
       Endpoint: (R) Y_reg[8]/D
          Clock: (R) CLK

                     Capture       Launch     
        Clock Edge:+    5000            0     
        Drv Adjust:+       0            0     
       Src Latency:+       0            0     
       Net Latency:+       0 (I)        0 (I) 
           Arrival:=    5000            0     
                                              
             Setup:-     210                  
     Required Time:=    4790                  
      Launch Clock:-       0                  
       Input Delay:-       0                  
         Data Path:-    4174                  
             Slack:=     616                  

Exceptions/Constraints:
  input_delay              0              top.sdc_line_8_16_1 

#--------------------------------------------------------------------------------------------------------------------
#               Timing Point                 Flags    Arc   Edge   Cell     Fanout Load Trans Delay Arrival Instance 
#                                                                                  (fF)  (ps)  (ps)   (ps)  Location 
#--------------------------------------------------------------------------------------------------------------------
  X3[0]                                      -       -      F     (arrival)      4 10.3     0     0       0    (-,-) 
  WALLACE_CSA_DUMMY_OP_groupi_g3206__6417/Y  -       A->Y   F     AND2XL         1  4.3   212   154     154    (-,-) 
  WALLACE_CSA_DUMMY_OP_groupi_g3165__7098/S  -       A->S   R     ADDHXL         1  4.5   177   339     493    (-,-) 
  WALLACE_CSA_DUMMY_OP_groupi_g3143__6161/S  -       CI->S  F     ADDFXL         1  4.4   225   407     900    (-,-) 
  WALLACE_CSA_DUMMY_OP_groupi_g3139__1881/S  -       CI->S  R     ADDFXL         1  4.7   191   424    1323    (-,-) 
  WALLACE_CSA_DUMMY_OP_groupi_g3120__1666/S  -       A->S   F     ADDFXL         1  4.6   234   457    1780    (-,-) 
  WALLACE_CSA_DUMMY_OP_groupi_g3112__5115/CO -       B->CO  F     ADDFXL         1  4.4   221   353    2133    (-,-) 
  WALLACE_CSA_DUMMY_OP_groupi_g3110__6131/CO -       CI->CO F     ADDFXL         1  4.4   221   344    2478    (-,-) 
  WALLACE_CSA_DUMMY_OP_groupi_g3109__7098/CO -       CI->CO F     ADDFXL         1  4.4   221   344    2822    (-,-) 
  WALLACE_CSA_DUMMY_OP_groupi_g3108__8246/CO -       CI->CO F     ADDFXL         1  4.4   221   344    3167    (-,-) 
  WALLACE_CSA_DUMMY_OP_groupi_g3107__5122/CO -       CI->CO F     ADDFXL         1  4.4   221   344    3511    (-,-) 
  WALLACE_CSA_DUMMY_OP_groupi_g3106__1705/S  -       CI->S  R     ADDFXL         1  4.1   169   410    3921    (-,-) 
  g39__6260/Y                                -       AN->Y  R     NOR2BX1        1  4.1   203   253    4174    (-,-) 
  Y_reg[8]/D                                 -       -      R     DFFQXL         1    -     -     0    4174    (-,-) 
#--------------------------------------------------------------------------------------------------------------------

