============================================================
  Generated by:           Genus(TM) Synthesis Solution 21.18-s082_1
  Generated on:           May 02 2026  10:46:00 am
  Module:                 top
  Operating conditions:   PVT_0P9V_125C 
  Interconnect mode:      global
  Area mode:              physical library
============================================================

                              Leakage   Internal  
  Gate   Instances   Area   Power (nW) Power (nW)     Library    
-----------------------------------------------------------------
ADDFXL          54  369.360      4.525   5850.057    slow_vdd1v0 
ADDHXL           6   28.728      0.423    308.969    slow_vdd1v0 
AND2XL          64   87.552      1.535   1187.069    slow_vdd1v0 
DFFQXL          10   54.720      0.844   4225.723    slow_vdd1v0 
NOR2BX1         10   13.680      0.350    935.909    slow_vdd1v0 
-----------------------------------------------------------------
total          144  554.040      7.678  12507.727                


                                          Leakage  Leakage  Internal  Internal 
     Type      Instances   Area  Area % Power (nW) Power % Power (nW)  Power % 
-------------------------------------------------------------------------------
sequential            10  54.720    9.9      0.844    11.0   4225.723     33.8 
logic                134 499.320   90.1      6.833    89.0   8282.004     66.2 
physical_cells         0   0.000    0.0      0.000     0.0      0.000      0.0 
-------------------------------------------------------------------------------
total                144 554.040  100.0      7.678   100.0  12507.727    100.0 

