

Working Directory = /home/B2_Robiul/UDIF/aiub_vlsi_impl_demo/projects/new_Project2A/synth
QoS Summary for top
==========================================================================================
Metric                          generic         map             syn_opt         final          
==========================================================================================
Slack (ps):                     3,297           2,312           2,236           2,236
  R2R (ps):                  no_value        no_value        no_value        no_value
  I2R (ps):                     3,297           2,312           2,236           2,236
  R2O (ps):                     4,808           4,824           4,824           4,824
  I2O (ps):                  no_value        no_value        no_value        no_value
  CG  (ps):                  no_value        no_value        no_value        no_value
TNS (ps):                           0               0               0               0
  R2R (ps):                  no_value        no_value        no_value        no_value
  I2R (ps):                         0               0               0               0
  R2O (ps):                         0               0               0               0
  I2O (ps):                  no_value        no_value        no_value        no_value
  CG  (ps):                  no_value        no_value        no_value        no_value
Failing Paths:                      0               0               0               0
Leakage Power (nW):                41              39              39              39
Cell Area:                      1,754             554             557             557
Total Cell Area:                1,754             554             557             557
Leaf Instances:                   629             144             144             144
Total Instances:                  629             144             144             144
Utilization (%):                 0.00            0.00            0.00            0.00
Tot. Net Length (um):        no_value        no_value        no_value        no_value
Avg. Net Length (um):        no_value        no_value        no_value        no_value
Route Overflow H (%):        no_value        no_value        no_value        no_value
Route Overflow V (%):        no_value        no_value        no_value        no_value
MBCI(%) (bits/gate) :            0.00            0.00            0.00            0.00
Norm Cong Hotspot Area:
  Max Cong:                  no_value        no_value        no_value        no_value
  Tot Cong:                  no_value        no_value        no_value        no_value
==========================================================================================
CPU  Runtime (h:m:s):        00:00:23        00:00:26        00:00:01        00:00:01
Real Runtime (h:m:s):        00:00:22        00:00:18        00:00:02        00:00:01
CPU  Elapsed (h:m:s):        00:00:33        00:00:59        00:01:00        00:01:01
Real Elapsed (h:m:s):        00:00:25        00:00:43        00:00:45        00:00:46
Memory (MB):                  1597.86         1566.12         1567.95         1610.95
==========================================================================================
==========================================================================================
Flow Settings:
==========================================================================================
Total Runtime (h:m:s): 00:00:44
Total Memory (MB):     1610.95
Executable Version:    21.18-s082_1
==========================================================================================
Total Cell Area =  Cell Area + Physical Cell Area
Total Instances =  Leaf Instances + Physical Instances


