============================================================
  Generated by:           Genus(TM) Synthesis Solution 21.18-s082_1
  Generated on:           May 02 2026  10:06:15 am
  Module:                 top
  Operating conditions:   PVT_0P9V_125C 
  Interconnect mode:      global
  Area mode:              physical library
============================================================


Path 1: MET (3297 ps) Setup Check with Pin Y_reg[9]/clk->d
          Group: I2C
     Startpoint: (F) X2[2]
          Clock: (R) CLK
       Endpoint: (R) Y_reg[9]/d
          Clock: (R) CLK

                     Capture       Launch     
        Clock Edge:+    5000            0     
        Drv Adjust:+       0            0     
       Src Latency:+       0            0     
       Net Latency:+       0 (I)        0 (I) 
           Arrival:=    5000            0     
                                              
             Setup:-     112                  
     Required Time:=    4888                  
      Launch Clock:-       0                  
       Input Delay:-       0                  
         Data Path:-    1591                  
             Slack:=    3297                  

Exceptions/Constraints:
  input_delay              0              top.sdc_line_8_10_1 

#----------------------------------------------------------------------------------------------------------------------
#            Timing Point             Flags    Arc    Edge       Cell         Fanout Load Trans Delay Arrival Instance 
#                                                                                    (fF)  (ps)  (ps)   (ps)  Location 
#----------------------------------------------------------------------------------------------------------------------
  X2[2]                               (u)     -       F     (arrival)              4  4.4     0     0       0    (-,-) 
  WALLACE_CSA_DUMMY_OP_groupi/g1733/z (u)     in_1->z R     unmapped_nand2         4  4.4     0    77      77    (-,-) 
  WALLACE_CSA_DUMMY_OP_groupi/g1629/z (u)     in_1->z F     unmapped_complex2      1  1.1     0    54     131    (-,-) 
  WALLACE_CSA_DUMMY_OP_groupi/g1630/z (u)     in_1->z R     unmapped_nand2         2  2.2     0    63     194    (-,-) 
  WALLACE_CSA_DUMMY_OP_groupi/g1513/z (u)     in_0->z R     unmapped_or2           1  1.1     0    54     248    (-,-) 
  WALLACE_CSA_DUMMY_OP_groupi/g1514/z (u)     in_1->z F     unmapped_nand2         4  4.4     0    77     325    (-,-) 
  WALLACE_CSA_DUMMY_OP_groupi/g800/z  (u)     in_0->z F     unmapped_or2           1  1.1     0    54     379    (-,-) 
  WALLACE_CSA_DUMMY_OP_groupi/g1396/z (u)     in_0->z R     unmapped_nand2         1  1.1     0    54     432    (-,-) 
  WALLACE_CSA_DUMMY_OP_groupi/g1371/z (u)     in_0->z F     unmapped_nand2         3  3.3     0    71     504    (-,-) 
  WALLACE_CSA_DUMMY_OP_groupi/g1321/z (u)     in_0->z R     unmapped_complex2      1  1.1     0    54     557    (-,-) 
  WALLACE_CSA_DUMMY_OP_groupi/g1322/z (u)     in_1->z F     unmapped_nand2         2  2.2     0    63     620    (-,-) 
  WALLACE_CSA_DUMMY_OP_groupi/g1293/z (u)     in_0->z F     unmapped_complex2      1  1.1     0    54     674    (-,-) 
  WALLACE_CSA_DUMMY_OP_groupi/g1294/z (u)     in_1->z R     unmapped_nand2         4  4.4     0    77     751    (-,-) 
  WALLACE_CSA_DUMMY_OP_groupi/g1244/z (u)     in_1->z R     unmapped_complex2      1  1.1     0    54     805    (-,-) 
  WALLACE_CSA_DUMMY_OP_groupi/g1245/z (u)     in_1->z F     unmapped_nand2         2  2.2     0    63     868    (-,-) 
  WALLACE_CSA_DUMMY_OP_groupi/g1236/z (u)     in_1->z F     unmapped_complex2      1  1.1     0    54     922    (-,-) 
  WALLACE_CSA_DUMMY_OP_groupi/g1237/z (u)     in_1->z R     unmapped_nand2         2  2.2     0    63     985    (-,-) 
  WALLACE_CSA_DUMMY_OP_groupi/g1210/z (u)     in_1->z R     unmapped_or2           3  3.3     0    71    1056    (-,-) 
  WALLACE_CSA_DUMMY_OP_groupi/g1204/z (u)     in_1->z F     unmapped_complex2      1  1.1     0    54    1109    (-,-) 
  WALLACE_CSA_DUMMY_OP_groupi/g1199/z (u)     in_0->z R     unmapped_nand2         1  1.1     0    54    1163    (-,-) 
  WALLACE_CSA_DUMMY_OP_groupi/g1188/z (u)     in_1->z R     unmapped_complex2      3  3.3     0    71    1234    (-,-) 
  WALLACE_CSA_DUMMY_OP_groupi/g1181/z (u)     in_1->z F     unmapped_nand2         1  1.1     0    54    1288    (-,-) 
  WALLACE_CSA_DUMMY_OP_groupi/g1177/z (u)     in_1->z R     unmapped_nand2         3  3.3     0    71    1359    (-,-) 
  WALLACE_CSA_DUMMY_OP_groupi/g1176/z (u)     in_0->z F     unmapped_nand2         1  1.1     0    54    1413    (-,-) 
  WALLACE_CSA_DUMMY_OP_groupi/g1172/z (u)     in_0->z R     unmapped_nand2         3  3.3     0    71    1484    (-,-) 
  WALLACE_CSA_DUMMY_OP_groupi/g1168/z (u)     in_1->z F     unmapped_nand2         1  1.1     0    54    1538    (-,-) 
  WALLACE_CSA_DUMMY_OP_groupi/g1167/z (u)     in_0->z R     unmapped_nand2         1  1.1     0    54    1591    (-,-) 
  Y_reg[9]/d                          -       -       R     unmapped_d_flop        1    -     -     0    1591    (-,-) 
#----------------------------------------------------------------------------------------------------------------------

(u) : Net has unmapped pin(s).



Path 2: MET (3297 ps) Setup Check with Pin Y_reg[8]/clk->d
          Group: I2C
     Startpoint: (R) X2[2]
          Clock: (R) CLK
       Endpoint: (R) Y_reg[8]/d
          Clock: (R) CLK

                     Capture       Launch     
        Clock Edge:+    5000            0     
        Drv Adjust:+       0            0     
       Src Latency:+       0            0     
       Net Latency:+       0 (I)        0 (I) 
           Arrival:=    5000            0     
                                              
             Setup:-     112                  
     Required Time:=    4888                  
      Launch Clock:-       0                  
       Input Delay:-       0                  
         Data Path:-    1591                  
             Slack:=    3297                  

Exceptions/Constraints:
  input_delay              0              top.sdc_line_8_10_1 

#----------------------------------------------------------------------------------------------------------------------
#            Timing Point             Flags    Arc    Edge       Cell         Fanout Load Trans Delay Arrival Instance 
#                                                                                    (fF)  (ps)  (ps)   (ps)  Location 
#----------------------------------------------------------------------------------------------------------------------
  X2[2]                               (u)     -       R     (arrival)              4  4.4     0     0       0    (-,-) 
  WALLACE_CSA_DUMMY_OP_groupi/g1733/z (u)     in_1->z F     unmapped_nand2         4  4.4     0    77      77    (-,-) 
  WALLACE_CSA_DUMMY_OP_groupi/g1629/z (u)     in_1->z R     unmapped_complex2      1  1.1     0    54     131    (-,-) 
  WALLACE_CSA_DUMMY_OP_groupi/g1630/z (u)     in_1->z F     unmapped_nand2         2  2.2     0    63     194    (-,-) 
  WALLACE_CSA_DUMMY_OP_groupi/g1513/z (u)     in_0->z F     unmapped_or2           1  1.1     0    54     248    (-,-) 
  WALLACE_CSA_DUMMY_OP_groupi/g1514/z (u)     in_1->z R     unmapped_nand2         4  4.4     0    77     325    (-,-) 
  WALLACE_CSA_DUMMY_OP_groupi/g800/z  (u)     in_0->z R     unmapped_or2           1  1.1     0    54     379    (-,-) 
  WALLACE_CSA_DUMMY_OP_groupi/g1396/z (u)     in_0->z F     unmapped_nand2         1  1.1     0    54     432    (-,-) 
  WALLACE_CSA_DUMMY_OP_groupi/g1371/z (u)     in_0->z R     unmapped_nand2         3  3.3     0    71     504    (-,-) 
  WALLACE_CSA_DUMMY_OP_groupi/g1321/z (u)     in_0->z F     unmapped_complex2      1  1.1     0    54     557    (-,-) 
  WALLACE_CSA_DUMMY_OP_groupi/g1322/z (u)     in_1->z R     unmapped_nand2         2  2.2     0    63     620    (-,-) 
  WALLACE_CSA_DUMMY_OP_groupi/g1293/z (u)     in_0->z R     unmapped_complex2      1  1.1     0    54     674    (-,-) 
  WALLACE_CSA_DUMMY_OP_groupi/g1294/z (u)     in_1->z F     unmapped_nand2         4  4.4     0    77     751    (-,-) 
  WALLACE_CSA_DUMMY_OP_groupi/g1244/z (u)     in_1->z F     unmapped_complex2      1  1.1     0    54     805    (-,-) 
  WALLACE_CSA_DUMMY_OP_groupi/g1245/z (u)     in_1->z R     unmapped_nand2         2  2.2     0    63     868    (-,-) 
  WALLACE_CSA_DUMMY_OP_groupi/g1236/z (u)     in_1->z R     unmapped_complex2      1  1.1     0    54     922    (-,-) 
  WALLACE_CSA_DUMMY_OP_groupi/g1237/z (u)     in_1->z F     unmapped_nand2         2  2.2     0    63     985    (-,-) 
  WALLACE_CSA_DUMMY_OP_groupi/g1210/z (u)     in_1->z F     unmapped_or2           3  3.3     0    71    1056    (-,-) 
  WALLACE_CSA_DUMMY_OP_groupi/g1204/z (u)     in_1->z R     unmapped_complex2      1  1.1     0    54    1109    (-,-) 
  WALLACE_CSA_DUMMY_OP_groupi/g1199/z (u)     in_0->z F     unmapped_nand2         1  1.1     0    54    1163    (-,-) 
  WALLACE_CSA_DUMMY_OP_groupi/g1188/z (u)     in_1->z F     unmapped_complex2      3  3.3     0    71    1234    (-,-) 
  WALLACE_CSA_DUMMY_OP_groupi/g1181/z (u)     in_1->z R     unmapped_nand2         1  1.1     0    54    1288    (-,-) 
  WALLACE_CSA_DUMMY_OP_groupi/g1177/z (u)     in_1->z F     unmapped_nand2         3  3.3     0    71    1359    (-,-) 
  WALLACE_CSA_DUMMY_OP_groupi/g1176/z (u)     in_0->z R     unmapped_nand2         1  1.1     0    54    1413    (-,-) 
  WALLACE_CSA_DUMMY_OP_groupi/g1172/z (u)     in_0->z F     unmapped_nand2         3  3.3     0    71    1484    (-,-) 
  WALLACE_CSA_DUMMY_OP_groupi/g1170/z (u)     in_0->z F     unmapped_or2           1  1.1     0    54    1538    (-,-) 
  WALLACE_CSA_DUMMY_OP_groupi/g1171/z (u)     in_1->z R     unmapped_nand2         1  1.1     0    54    1591    (-,-) 
  Y_reg[8]/d                          -       -       R     unmapped_d_flop        1    -     -     0    1591    (-,-) 
#----------------------------------------------------------------------------------------------------------------------

(u) : Net has unmapped pin(s).



Path 3: MET (3422 ps) Setup Check with Pin Y_reg[7]/clk->d
          Group: I2C
     Startpoint: (R) X2[2]
          Clock: (R) CLK
       Endpoint: (R) Y_reg[7]/d
          Clock: (R) CLK

                     Capture       Launch     
        Clock Edge:+    5000            0     
        Drv Adjust:+       0            0     
       Src Latency:+       0            0     
       Net Latency:+       0 (I)        0 (I) 
           Arrival:=    5000            0     
                                              
             Setup:-     112                  
     Required Time:=    4888                  
      Launch Clock:-       0                  
       Input Delay:-       0                  
         Data Path:-    1467                  
             Slack:=    3422                  

Exceptions/Constraints:
  input_delay              0              top.sdc_line_8_10_1 

#----------------------------------------------------------------------------------------------------------------------
#            Timing Point             Flags    Arc    Edge       Cell         Fanout Load Trans Delay Arrival Instance 
#                                                                                    (fF)  (ps)  (ps)   (ps)  Location 
#----------------------------------------------------------------------------------------------------------------------
  X2[2]                               (u)     -       R     (arrival)              4  4.4     0     0       0    (-,-) 
  WALLACE_CSA_DUMMY_OP_groupi/g1733/z (u)     in_1->z F     unmapped_nand2         4  4.4     0    77      77    (-,-) 
  WALLACE_CSA_DUMMY_OP_groupi/g1629/z (u)     in_1->z R     unmapped_complex2      1  1.1     0    54     131    (-,-) 
  WALLACE_CSA_DUMMY_OP_groupi/g1630/z (u)     in_1->z F     unmapped_nand2         2  2.2     0    63     194    (-,-) 
  WALLACE_CSA_DUMMY_OP_groupi/g1513/z (u)     in_0->z F     unmapped_or2           1  1.1     0    54     248    (-,-) 
  WALLACE_CSA_DUMMY_OP_groupi/g1514/z (u)     in_1->z R     unmapped_nand2         4  4.4     0    77     325    (-,-) 
  WALLACE_CSA_DUMMY_OP_groupi/g800/z  (u)     in_0->z R     unmapped_or2           1  1.1     0    54     379    (-,-) 
  WALLACE_CSA_DUMMY_OP_groupi/g1396/z (u)     in_0->z F     unmapped_nand2         1  1.1     0    54     432    (-,-) 
  WALLACE_CSA_DUMMY_OP_groupi/g1371/z (u)     in_0->z R     unmapped_nand2         3  3.3     0    71     504    (-,-) 
  WALLACE_CSA_DUMMY_OP_groupi/g1321/z (u)     in_0->z F     unmapped_complex2      1  1.1     0    54     557    (-,-) 
  WALLACE_CSA_DUMMY_OP_groupi/g1322/z (u)     in_1->z R     unmapped_nand2         2  2.2     0    63     620    (-,-) 
  WALLACE_CSA_DUMMY_OP_groupi/g1293/z (u)     in_0->z R     unmapped_complex2      1  1.1     0    54     674    (-,-) 
  WALLACE_CSA_DUMMY_OP_groupi/g1294/z (u)     in_1->z F     unmapped_nand2         4  4.4     0    77     751    (-,-) 
  WALLACE_CSA_DUMMY_OP_groupi/g1244/z (u)     in_1->z F     unmapped_complex2      1  1.1     0    54     805    (-,-) 
  WALLACE_CSA_DUMMY_OP_groupi/g1245/z (u)     in_1->z R     unmapped_nand2         2  2.2     0    63     868    (-,-) 
  WALLACE_CSA_DUMMY_OP_groupi/g1236/z (u)     in_1->z R     unmapped_complex2      1  1.1     0    54     922    (-,-) 
  WALLACE_CSA_DUMMY_OP_groupi/g1237/z (u)     in_1->z F     unmapped_nand2         2  2.2     0    63     985    (-,-) 
  WALLACE_CSA_DUMMY_OP_groupi/g1210/z (u)     in_1->z F     unmapped_or2           3  3.3     0    71    1056    (-,-) 
  WALLACE_CSA_DUMMY_OP_groupi/g1204/z (u)     in_1->z R     unmapped_complex2      1  1.1     0    54    1109    (-,-) 
  WALLACE_CSA_DUMMY_OP_groupi/g1199/z (u)     in_0->z F     unmapped_nand2         1  1.1     0    54    1163    (-,-) 
  WALLACE_CSA_DUMMY_OP_groupi/g1188/z (u)     in_1->z F     unmapped_complex2      3  3.3     0    71    1234    (-,-) 
  WALLACE_CSA_DUMMY_OP_groupi/g1181/z (u)     in_1->z R     unmapped_nand2         1  1.1     0    54    1288    (-,-) 
  WALLACE_CSA_DUMMY_OP_groupi/g1177/z (u)     in_1->z F     unmapped_nand2         3  3.3     0    71    1359    (-,-) 
  WALLACE_CSA_DUMMY_OP_groupi/g1174/z (u)     in_0->z F     unmapped_or2           1  1.1     0    54    1413    (-,-) 
  WALLACE_CSA_DUMMY_OP_groupi/g1175/z (u)     in_1->z R     unmapped_nand2         1  1.1     0    54    1467    (-,-) 
  Y_reg[7]/d                          -       -       R     unmapped_d_flop        1    -     -     0    1467    (-,-) 
#----------------------------------------------------------------------------------------------------------------------

(u) : Net has unmapped pin(s).



Path 4: MET (3546 ps) Setup Check with Pin Y_reg[6]/clk->d
          Group: I2C
     Startpoint: (R) X2[2]
          Clock: (R) CLK
       Endpoint: (R) Y_reg[6]/d
          Clock: (R) CLK

                     Capture       Launch     
        Clock Edge:+    5000            0     
        Drv Adjust:+       0            0     
       Src Latency:+       0            0     
       Net Latency:+       0 (I)        0 (I) 
           Arrival:=    5000            0     
                                              
             Setup:-     112                  
     Required Time:=    4888                  
      Launch Clock:-       0                  
       Input Delay:-       0                  
         Data Path:-    1342                  
             Slack:=    3546                  

Exceptions/Constraints:
  input_delay              0              top.sdc_line_8_10_1 

#----------------------------------------------------------------------------------------------------------------------
#            Timing Point             Flags    Arc    Edge       Cell         Fanout Load Trans Delay Arrival Instance 
#                                                                                    (fF)  (ps)  (ps)   (ps)  Location 
#----------------------------------------------------------------------------------------------------------------------
  X2[2]                               (u)     -       R     (arrival)              4  4.4     0     0       0    (-,-) 
  WALLACE_CSA_DUMMY_OP_groupi/g1733/z (u)     in_1->z F     unmapped_nand2         4  4.4     0    77      77    (-,-) 
  WALLACE_CSA_DUMMY_OP_groupi/g1629/z (u)     in_1->z R     unmapped_complex2      1  1.1     0    54     131    (-,-) 
  WALLACE_CSA_DUMMY_OP_groupi/g1630/z (u)     in_1->z F     unmapped_nand2         2  2.2     0    63     194    (-,-) 
  WALLACE_CSA_DUMMY_OP_groupi/g1513/z (u)     in_0->z F     unmapped_or2           1  1.1     0    54     248    (-,-) 
  WALLACE_CSA_DUMMY_OP_groupi/g1514/z (u)     in_1->z R     unmapped_nand2         4  4.4     0    77     325    (-,-) 
  WALLACE_CSA_DUMMY_OP_groupi/g800/z  (u)     in_0->z R     unmapped_or2           1  1.1     0    54     379    (-,-) 
  WALLACE_CSA_DUMMY_OP_groupi/g1396/z (u)     in_0->z F     unmapped_nand2         1  1.1     0    54     432    (-,-) 
  WALLACE_CSA_DUMMY_OP_groupi/g1371/z (u)     in_0->z R     unmapped_nand2         3  3.3     0    71     504    (-,-) 
  WALLACE_CSA_DUMMY_OP_groupi/g1321/z (u)     in_0->z F     unmapped_complex2      1  1.1     0    54     557    (-,-) 
  WALLACE_CSA_DUMMY_OP_groupi/g1322/z (u)     in_1->z R     unmapped_nand2         2  2.2     0    63     620    (-,-) 
  WALLACE_CSA_DUMMY_OP_groupi/g1293/z (u)     in_0->z R     unmapped_complex2      1  1.1     0    54     674    (-,-) 
  WALLACE_CSA_DUMMY_OP_groupi/g1294/z (u)     in_1->z F     unmapped_nand2         4  4.4     0    77     751    (-,-) 
  WALLACE_CSA_DUMMY_OP_groupi/g1244/z (u)     in_1->z F     unmapped_complex2      1  1.1     0    54     805    (-,-) 
  WALLACE_CSA_DUMMY_OP_groupi/g1245/z (u)     in_1->z R     unmapped_nand2         2  2.2     0    63     868    (-,-) 
  WALLACE_CSA_DUMMY_OP_groupi/g1236/z (u)     in_1->z R     unmapped_complex2      1  1.1     0    54     922    (-,-) 
  WALLACE_CSA_DUMMY_OP_groupi/g1237/z (u)     in_1->z F     unmapped_nand2         2  2.2     0    63     985    (-,-) 
  WALLACE_CSA_DUMMY_OP_groupi/g1210/z (u)     in_1->z F     unmapped_or2           3  3.3     0    71    1056    (-,-) 
  WALLACE_CSA_DUMMY_OP_groupi/g1204/z (u)     in_1->z R     unmapped_complex2      1  1.1     0    54    1109    (-,-) 
  WALLACE_CSA_DUMMY_OP_groupi/g1199/z (u)     in_0->z F     unmapped_nand2         1  1.1     0    54    1163    (-,-) 
  WALLACE_CSA_DUMMY_OP_groupi/g1188/z (u)     in_1->z F     unmapped_complex2      3  3.3     0    71    1234    (-,-) 
  WALLACE_CSA_DUMMY_OP_groupi/g1183/z (u)     in_0->z F     unmapped_or2           1  1.1     0    54    1288    (-,-) 
  WALLACE_CSA_DUMMY_OP_groupi/g1184/z (u)     in_1->z R     unmapped_nand2         1  1.1     0    54    1342    (-,-) 
  Y_reg[6]/d                          -       -       R     unmapped_d_flop        1    -     -     0    1342    (-,-) 
#----------------------------------------------------------------------------------------------------------------------

(u) : Net has unmapped pin(s).



Path 5: MET (3608 ps) Setup Check with Pin Y_reg[5]/clk->d
          Group: I2C
     Startpoint: (F) X3[3]
          Clock: (R) CLK
       Endpoint: (R) Y_reg[5]/d
          Clock: (R) CLK

                     Capture       Launch     
        Clock Edge:+    5000            0     
        Drv Adjust:+       0            0     
       Src Latency:+       0            0     
       Net Latency:+       0 (I)        0 (I) 
           Arrival:=    5000            0     
                                              
             Setup:-     112                  
     Required Time:=    4888                  
      Launch Clock:-       0                  
       Input Delay:-       0                  
         Data Path:-    1280                  
             Slack:=    3608                  

Exceptions/Constraints:
  input_delay              0              top.sdc_line_8_13_1 

#----------------------------------------------------------------------------------------------------------------------
#            Timing Point             Flags    Arc    Edge       Cell         Fanout Load Trans Delay Arrival Instance 
#                                                                                    (fF)  (ps)  (ps)   (ps)  Location 
#----------------------------------------------------------------------------------------------------------------------
  X3[3]                               (u)     -       F     (arrival)              4  4.4     0     0       0    (-,-) 
  WALLACE_CSA_DUMMY_OP_groupi/g1747/z (u)     in_1->z R     unmapped_nand2         4  4.4     0    77      77    (-,-) 
  WALLACE_CSA_DUMMY_OP_groupi/g1608/z (u)     in_1->z F     unmapped_complex2      1  1.1     0    54     131    (-,-) 
  WALLACE_CSA_DUMMY_OP_groupi/g1609/z (u)     in_1->z R     unmapped_nand2         2  2.2     0    63     194    (-,-) 
  WALLACE_CSA_DUMMY_OP_groupi/g1540/z (u)     in_0->z R     unmapped_or2           1  1.1     0    54     248    (-,-) 
  WALLACE_CSA_DUMMY_OP_groupi/g1541/z (u)     in_1->z F     unmapped_nand2         4  4.4     0    77     325    (-,-) 
  WALLACE_CSA_DUMMY_OP_groupi/g786/z  (u)     in_0->z F     unmapped_or2           1  1.1     0    54     379    (-,-) 
  WALLACE_CSA_DUMMY_OP_groupi/g1387/z (u)     in_0->z R     unmapped_nand2         1  1.1     0    54     432    (-,-) 
  WALLACE_CSA_DUMMY_OP_groupi/g1366/z (u)     in_0->z F     unmapped_nand2         3  3.3     0    71     504    (-,-) 
  WALLACE_CSA_DUMMY_OP_groupi/g1329/z (u)     in_0->z R     unmapped_complex2      1  1.1     0    54     557    (-,-) 
  WALLACE_CSA_DUMMY_OP_groupi/g1330/z (u)     in_1->z F     unmapped_nand2         2  2.2     0    63     620    (-,-) 
  WALLACE_CSA_DUMMY_OP_groupi/g1301/z (u)     in_0->z F     unmapped_complex2      1  1.1     0    54     674    (-,-) 
  WALLACE_CSA_DUMMY_OP_groupi/g1302/z (u)     in_1->z R     unmapped_nand2         4  4.4     0    77     751    (-,-) 
  WALLACE_CSA_DUMMY_OP_groupi/g1254/z (u)     in_1->z F     unmapped_complex2      1  1.1     0    54     805    (-,-) 
  WALLACE_CSA_DUMMY_OP_groupi/g1255/z (u)     in_1->z R     unmapped_nand2         2  2.2     0    63     868    (-,-) 
  WALLACE_CSA_DUMMY_OP_groupi/g1231/z (u)     in_0->z R     unmapped_complex2      1  1.1     0    54     922    (-,-) 
  WALLACE_CSA_DUMMY_OP_groupi/g1232/z (u)     in_1->z F     unmapped_nand2         2  2.2     0    63     985    (-,-) 
  WALLACE_CSA_DUMMY_OP_groupi/g884/z  (u)     in_0->z F     unmapped_or2           3  3.3     0    71    1056    (-,-) 
  WALLACE_CSA_DUMMY_OP_groupi/g1196/z (u)     in_0->z R     unmapped_nand2         1  1.1     0    54    1109    (-,-) 
  WALLACE_CSA_DUMMY_OP_groupi/g1190/z (u)     in_1->z F     unmapped_nand2         2  2.2     0    63    1172    (-,-) 
  WALLACE_CSA_DUMMY_OP_groupi/g1179/z (u)     in_0->z F     unmapped_or2           1  1.1     0    54    1226    (-,-) 
  WALLACE_CSA_DUMMY_OP_groupi/g1180/z (u)     in_1->z R     unmapped_nand2         1  1.1     0    54    1280    (-,-) 
  Y_reg[5]/d                          -       -       R     unmapped_d_flop        1    -     -     0    1280    (-,-) 
#----------------------------------------------------------------------------------------------------------------------

(u) : Net has unmapped pin(s).



Path 6: MET (3662 ps) Setup Check with Pin Y_reg[4]/clk->d
          Group: I2C
     Startpoint: (R) X3[3]
          Clock: (R) CLK
       Endpoint: (R) Y_reg[4]/d
          Clock: (R) CLK

                     Capture       Launch     
        Clock Edge:+    5000            0     
        Drv Adjust:+       0            0     
       Src Latency:+       0            0     
       Net Latency:+       0 (I)        0 (I) 
           Arrival:=    5000            0     
                                              
             Setup:-     112                  
     Required Time:=    4888                  
      Launch Clock:-       0                  
       Input Delay:-       0                  
         Data Path:-    1226                  
             Slack:=    3662                  

Exceptions/Constraints:
  input_delay              0              top.sdc_line_8_13_1 

#----------------------------------------------------------------------------------------------------------------------
#            Timing Point             Flags    Arc    Edge       Cell         Fanout Load Trans Delay Arrival Instance 
#                                                                                    (fF)  (ps)  (ps)   (ps)  Location 
#----------------------------------------------------------------------------------------------------------------------
  X3[3]                               (u)     -       R     (arrival)              4  4.4     0     0       0    (-,-) 
  WALLACE_CSA_DUMMY_OP_groupi/g1747/z (u)     in_1->z F     unmapped_nand2         4  4.4     0    77      77    (-,-) 
  WALLACE_CSA_DUMMY_OP_groupi/g1608/z (u)     in_1->z R     unmapped_complex2      1  1.1     0    54     131    (-,-) 
  WALLACE_CSA_DUMMY_OP_groupi/g1609/z (u)     in_1->z F     unmapped_nand2         2  2.2     0    63     194    (-,-) 
  WALLACE_CSA_DUMMY_OP_groupi/g1540/z (u)     in_0->z F     unmapped_or2           1  1.1     0    54     248    (-,-) 
  WALLACE_CSA_DUMMY_OP_groupi/g1541/z (u)     in_1->z R     unmapped_nand2         4  4.4     0    77     325    (-,-) 
  WALLACE_CSA_DUMMY_OP_groupi/g786/z  (u)     in_0->z R     unmapped_or2           1  1.1     0    54     379    (-,-) 
  WALLACE_CSA_DUMMY_OP_groupi/g1387/z (u)     in_0->z F     unmapped_nand2         1  1.1     0    54     432    (-,-) 
  WALLACE_CSA_DUMMY_OP_groupi/g1366/z (u)     in_0->z R     unmapped_nand2         3  3.3     0    71     504    (-,-) 
  WALLACE_CSA_DUMMY_OP_groupi/g1329/z (u)     in_0->z F     unmapped_complex2      1  1.1     0    54     557    (-,-) 
  WALLACE_CSA_DUMMY_OP_groupi/g1330/z (u)     in_1->z R     unmapped_nand2         2  2.2     0    63     620    (-,-) 
  WALLACE_CSA_DUMMY_OP_groupi/g1301/z (u)     in_0->z R     unmapped_complex2      1  1.1     0    54     674    (-,-) 
  WALLACE_CSA_DUMMY_OP_groupi/g1302/z (u)     in_1->z F     unmapped_nand2         4  4.4     0    77     751    (-,-) 
  WALLACE_CSA_DUMMY_OP_groupi/g1254/z (u)     in_1->z R     unmapped_complex2      1  1.1     0    54     805    (-,-) 
  WALLACE_CSA_DUMMY_OP_groupi/g1255/z (u)     in_1->z F     unmapped_nand2         2  2.2     0    63     868    (-,-) 
  WALLACE_CSA_DUMMY_OP_groupi/g1231/z (u)     in_0->z F     unmapped_complex2      1  1.1     0    54     922    (-,-) 
  WALLACE_CSA_DUMMY_OP_groupi/g1232/z (u)     in_1->z R     unmapped_nand2         2  2.2     0    63     985    (-,-) 
  WALLACE_CSA_DUMMY_OP_groupi/g884/z  (u)     in_0->z R     unmapped_or2           3  3.3     0    71    1056    (-,-) 
  WALLACE_CSA_DUMMY_OP_groupi/g1051/z (u)     in_1->z F     unmapped_nand2         2  2.2     0    63    1118    (-,-) 
  WALLACE_CSA_DUMMY_OP_groupi/g1192/z (u)     in_1->z F     unmapped_or2           1  1.1     0    54    1172    (-,-) 
  WALLACE_CSA_DUMMY_OP_groupi/g1193/z (u)     in_1->z R     unmapped_nand2         1  1.1     0    54    1226    (-,-) 
  Y_reg[4]/d                          -       -       R     unmapped_d_flop        1    -     -     0    1226    (-,-) 
#----------------------------------------------------------------------------------------------------------------------

(u) : Net has unmapped pin(s).



Path 7: MET (3849 ps) Setup Check with Pin Y_reg[3]/clk->d
          Group: I2C
     Startpoint: (F) X2[0]
          Clock: (R) CLK
       Endpoint: (R) Y_reg[3]/d
          Clock: (R) CLK

                     Capture       Launch     
        Clock Edge:+    5000            0     
        Drv Adjust:+       0            0     
       Src Latency:+       0            0     
       Net Latency:+       0 (I)        0 (I) 
           Arrival:=    5000            0     
                                              
             Setup:-     112                  
     Required Time:=    4888                  
      Launch Clock:-       0                  
       Input Delay:-       0                  
         Data Path:-    1039                  
             Slack:=    3849                  

Exceptions/Constraints:
  input_delay              0              top.sdc_line_8_12_1 

#----------------------------------------------------------------------------------------------------------------------
#            Timing Point             Flags    Arc    Edge       Cell         Fanout Load Trans Delay Arrival Instance 
#                                                                                    (fF)  (ps)  (ps)   (ps)  Location 
#----------------------------------------------------------------------------------------------------------------------
  X2[0]                               (u)     -       F     (arrival)              4  4.4     0     0       0    (-,-) 
  WALLACE_CSA_DUMMY_OP_groupi/g1740/z (u)     in_1->z R     unmapped_nand2         4  4.4     0    77      77    (-,-) 
  WALLACE_CSA_DUMMY_OP_groupi/g1589/z (u)     in_1->z R     unmapped_complex2      1  1.1     0    54     131    (-,-) 
  WALLACE_CSA_DUMMY_OP_groupi/g1590/z (u)     in_1->z F     unmapped_nand2         2  2.2     0    63     194    (-,-) 
  WALLACE_CSA_DUMMY_OP_groupi/g1574/z (u)     in_0->z F     unmapped_or2           1  1.1     0    54     248    (-,-) 
  WALLACE_CSA_DUMMY_OP_groupi/g1575/z (u)     in_1->z R     unmapped_nand2         4  4.4     0    77     325    (-,-) 
  WALLACE_CSA_DUMMY_OP_groupi/g1494/z (u)     in_1->z R     unmapped_complex2      1  1.1     0    54     379    (-,-) 
  WALLACE_CSA_DUMMY_OP_groupi/g1495/z (u)     in_1->z F     unmapped_nand2         2  2.2     0    63     442    (-,-) 
  WALLACE_CSA_DUMMY_OP_groupi/g1420/z (u)     in_0->z F     unmapped_complex2      1  1.1     0    54     495    (-,-) 
  WALLACE_CSA_DUMMY_OP_groupi/g1421/z (u)     in_1->z R     unmapped_nand2         4  4.4     0    77     573    (-,-) 
  WALLACE_CSA_DUMMY_OP_groupi/g1364/z (u)     in_1->z R     unmapped_complex2      1  1.1     0    54     626    (-,-) 
  WALLACE_CSA_DUMMY_OP_groupi/g1365/z (u)     in_1->z F     unmapped_nand2         2  2.2     0    63     689    (-,-) 
  WALLACE_CSA_DUMMY_OP_groupi/g1278/z (u)     in_1->z F     unmapped_complex2      1  1.1     0    54     743    (-,-) 
  WALLACE_CSA_DUMMY_OP_groupi/g1279/z (u)     in_1->z R     unmapped_nand2         2  2.2     0    63     806    (-,-) 
  WALLACE_CSA_DUMMY_OP_groupi/g858/z  (u)     in_1->z R     unmapped_or2           2  2.2     0    63     869    (-,-) 
  WALLACE_CSA_DUMMY_OP_groupi/g1259/z (u)     in_1->z F     unmapped_nand2         2  2.2     0    63     932    (-,-) 
  WALLACE_CSA_DUMMY_OP_groupi/g1212/z (u)     in_1->z F     unmapped_or2           1  1.1     0    54     986    (-,-) 
  WALLACE_CSA_DUMMY_OP_groupi/g1213/z (u)     in_1->z R     unmapped_nand2         1  1.1     0    54    1039    (-,-) 
  Y_reg[3]/d                          -       -       R     unmapped_d_flop        1    -     -     0    1039    (-,-) 
#----------------------------------------------------------------------------------------------------------------------

(u) : Net has unmapped pin(s).



Path 8: MET (3913 ps) Setup Check with Pin Y_reg[2]/clk->d
          Group: I2C
     Startpoint: (R) X1[0]
          Clock: (R) CLK
       Endpoint: (R) Y_reg[2]/d
          Clock: (R) CLK

                     Capture       Launch     
        Clock Edge:+    5000            0     
        Drv Adjust:+       0            0     
       Src Latency:+       0            0     
       Net Latency:+       0 (I)        0 (I) 
           Arrival:=    5000            0     
                                              
             Setup:-     112                  
     Required Time:=    4888                  
      Launch Clock:-       0                  
       Input Delay:-       0                  
         Data Path:-     976                  
             Slack:=    3913                  

Exceptions/Constraints:
  input_delay              0              top.sdc_line_8_8_1 

#----------------------------------------------------------------------------------------------------------------------
#            Timing Point             Flags    Arc    Edge       Cell         Fanout Load Trans Delay Arrival Instance 
#                                                                                    (fF)  (ps)  (ps)   (ps)  Location 
#----------------------------------------------------------------------------------------------------------------------
  X1[0]                               (u)     -       R     (arrival)              4  4.4     0     0       0    (-,-) 
  WALLACE_CSA_DUMMY_OP_groupi/g1710/z (u)     in_1->z F     unmapped_nand2         4  4.4     0    77      77    (-,-) 
  WALLACE_CSA_DUMMY_OP_groupi/g1642/z (u)     in_1->z R     unmapped_nand2         1  1.1     0    54     131    (-,-) 
  WALLACE_CSA_DUMMY_OP_groupi/g1521/z (u)     in_0->z F     unmapped_complex2      1  1.1     0    54     185    (-,-) 
  WALLACE_CSA_DUMMY_OP_groupi/g1473/z (u)     in_0->z R     unmapped_nand2         4  4.4     0    77     262    (-,-) 
  WALLACE_CSA_DUMMY_OP_groupi/g1443/z (u)     in_1->z F     unmapped_nand2         1  1.1     0    54     316    (-,-) 
  WALLACE_CSA_DUMMY_OP_groupi/g1444/z (u)     in_1->z R     unmapped_nand2         2  2.2     0    63     379    (-,-) 
  WALLACE_CSA_DUMMY_OP_groupi/g1377/z (u)     in_0->z R     unmapped_complex2      1  1.1     0    54     432    (-,-) 
  WALLACE_CSA_DUMMY_OP_groupi/g1378/z (u)     in_1->z F     unmapped_nand2         4  4.4     0    77     510    (-,-) 
  WALLACE_CSA_DUMMY_OP_groupi/g1352/z (u)     in_0->z R     unmapped_complex2      1  1.1     0    54     564    (-,-) 
  WALLACE_CSA_DUMMY_OP_groupi/g1353/z (u)     in_1->z F     unmapped_nand2         2  2.2     0    63     626    (-,-) 
  WALLACE_CSA_DUMMY_OP_groupi/g1318/z (u)     in_0->z F     unmapped_complex2      1  1.1     0    54     680    (-,-) 
  WALLACE_CSA_DUMMY_OP_groupi/g1319/z (u)     in_1->z R     unmapped_nand2         3  3.3     0    71     751    (-,-) 
  WALLACE_CSA_DUMMY_OP_groupi/g1296/z (u)     in_1->z R     unmapped_or2           1  1.1     0    54     805    (-,-) 
  WALLACE_CSA_DUMMY_OP_groupi/g1297/z (u)     in_1->z F     unmapped_nand2         2  2.2     0    63     868    (-,-) 
  WALLACE_CSA_DUMMY_OP_groupi/g1281/z (u)     in_1->z F     unmapped_or2           1  1.1     0    54     922    (-,-) 
  WALLACE_CSA_DUMMY_OP_groupi/g1282/z (u)     in_1->z R     unmapped_nand2         1  1.1     0    54     976    (-,-) 
  Y_reg[2]/d                          -       -       R     unmapped_d_flop        1    -     -     0     976    (-,-) 
#----------------------------------------------------------------------------------------------------------------------

(u) : Net has unmapped pin(s).



Path 9: MET (4166 ps) Setup Check with Pin Y_reg[1]/clk->d
          Group: I2C
     Startpoint: (R) X0[0]
          Clock: (R) CLK
       Endpoint: (R) Y_reg[1]/d
          Clock: (R) CLK

                     Capture       Launch     
        Clock Edge:+    5000            0     
        Drv Adjust:+       0            0     
       Src Latency:+       0            0     
       Net Latency:+       0 (I)        0 (I) 
           Arrival:=    5000            0     
                                              
             Setup:-     112                  
     Required Time:=    4888                  
      Launch Clock:-       0                  
       Input Delay:-       0                  
         Data Path:-     723                  
             Slack:=    4166                  

Exceptions/Constraints:
  input_delay              0              top.sdc_line_8_4_1 

#----------------------------------------------------------------------------------------------------------------------
#            Timing Point             Flags    Arc    Edge       Cell         Fanout Load Trans Delay Arrival Instance 
#                                                                                    (fF)  (ps)  (ps)   (ps)  Location 
#----------------------------------------------------------------------------------------------------------------------
  X0[0]                               (u)     -       R     (arrival)              4  4.4     0     0       0    (-,-) 
  WALLACE_CSA_DUMMY_OP_groupi/g1727/z (u)     in_1->z F     unmapped_nand2         4  4.4     0    77      77    (-,-) 
  WALLACE_CSA_DUMMY_OP_groupi/g1687/z (u)     in_1->z R     unmapped_nand2         1  1.1     0    54     131    (-,-) 
  WALLACE_CSA_DUMMY_OP_groupi/g1579/z (u)     in_0->z F     unmapped_complex2      1  1.1     0    54     185    (-,-) 
  WALLACE_CSA_DUMMY_OP_groupi/g1492/z (u)     in_0->z R     unmapped_nand2         3  3.3     0    71     256    (-,-) 
  WALLACE_CSA_DUMMY_OP_groupi/g1426/z (u)     in_0->z F     unmapped_complex2      1  1.1     0    54     310    (-,-) 
  WALLACE_CSA_DUMMY_OP_groupi/g1427/z (u)     in_1->z R     unmapped_nand2         2  2.2     0    63     372    (-,-) 
  WALLACE_CSA_DUMMY_OP_groupi/g1389/z (u)     in_0->z R     unmapped_complex2      1  1.1     0    54     426    (-,-) 
  WALLACE_CSA_DUMMY_OP_groupi/g1390/z (u)     in_1->z F     unmapped_nand2         2  2.2     0    63     489    (-,-) 
  WALLACE_CSA_DUMMY_OP_groupi/g860/z  (u)     in_1->z F     unmapped_or2           2  2.2     0    63     552    (-,-) 
  WALLACE_CSA_DUMMY_OP_groupi/g1359/z (u)     in_1->z R     unmapped_nand2         2  2.2     0    63     615    (-,-) 
  WALLACE_CSA_DUMMY_OP_groupi/g1342/z (u)     in_0->z F     unmapped_complex2      1  1.1     0    54     669    (-,-) 
  WALLACE_CSA_DUMMY_OP_groupi/g1343/z (u)     in_1->z R     unmapped_nand2         1  1.1     0    54     723    (-,-) 
  Y_reg[1]/d                          -       -       R     unmapped_d_flop        1    -     -     0     723    (-,-) 
#----------------------------------------------------------------------------------------------------------------------

(u) : Net has unmapped pin(s).



Path 10: MET (4462 ps) Setup Check with Pin Y_reg[0]/clk->d
          Group: I2C
     Startpoint: (R) X3[0]
          Clock: (R) CLK
       Endpoint: (R) Y_reg[0]/d
          Clock: (R) CLK

                     Capture       Launch     
        Clock Edge:+    5000            0     
        Drv Adjust:+       0            0     
       Src Latency:+       0            0     
       Net Latency:+       0 (I)        0 (I) 
           Arrival:=    5000            0     
                                              
             Setup:-     112                  
     Required Time:=    4888                  
      Launch Clock:-       0                  
       Input Delay:-       0                  
         Data Path:-     426                  
             Slack:=    4462                  

Exceptions/Constraints:
  input_delay              0              top.sdc_line_8_16_1 

#----------------------------------------------------------------------------------------------------------------------
#            Timing Point             Flags    Arc    Edge       Cell         Fanout Load Trans Delay Arrival Instance 
#                                                                                    (fF)  (ps)  (ps)   (ps)  Location 
#----------------------------------------------------------------------------------------------------------------------
  X3[0]                               (u)     -       R     (arrival)              4  4.4     0     0       0    (-,-) 
  WALLACE_CSA_DUMMY_OP_groupi/g1694/z (u)     in_1->z F     unmapped_nand2         4  4.4     0    77      77    (-,-) 
  WALLACE_CSA_DUMMY_OP_groupi/g1673/z (u)     in_0->z R     unmapped_complex2      1  1.1     0    54     131    (-,-) 
  WALLACE_CSA_DUMMY_OP_groupi/g1674/z (u)     in_1->z F     unmapped_nand2         2  2.2     0    63     194    (-,-) 
  WALLACE_CSA_DUMMY_OP_groupi/g1556/z (u)     in_0->z F     unmapped_or2           1  1.1     0    54     248    (-,-) 
  WALLACE_CSA_DUMMY_OP_groupi/g1557/z (u)     in_1->z R     unmapped_nand2         3  3.3     0    71     319    (-,-) 
  WALLACE_CSA_DUMMY_OP_groupi/g1483/z (u)     in_1->z F     unmapped_nand2         1  1.1     0    54     372    (-,-) 
  WALLACE_CSA_DUMMY_OP_groupi/g1484/z (u)     in_1->z R     unmapped_nand2         1  1.1     0    54     426    (-,-) 
  Y_reg[0]/d                          -       -       R     unmapped_d_flop        1    -     -     0     426    (-,-) 
#----------------------------------------------------------------------------------------------------------------------

(u) : Net has unmapped pin(s).



Path 11: MET (4808 ps) Late External Delay Assertion at pin Y[0]
          Group: C2O
     Startpoint: (R) Y_reg[0]/clk
          Clock: (R) CLK
       Endpoint: (R) Y[0]
          Clock: (R) CLK

                     Capture       Launch     
        Clock Edge:+    5000            0     
       Src Latency:+       0            0     
       Net Latency:+       0 (I)        0 (I) 
           Arrival:=    5000            0     
                                              
      Output Delay:-       0                  
     Required Time:=    5000                  
      Launch Clock:-       0                  
         Data Path:-     192                  
             Slack:=    4808                  

Exceptions/Constraints:
  output_delay              0              top.sdc_line_11_40_1 

#----------------------------------------------------------------------------------------------
# Timing Point   Flags    Arc   Edge      Cell        Fanout Load Trans Delay Arrival Instance 
#                                                            (fF)  (ps)  (ps)   (ps)  Location 
#----------------------------------------------------------------------------------------------
  Y_reg[0]/clk   -       -      R     (arrival)           10    -     0     0       0    (-,-) 
  Y_reg[0]/q     (u)     clk->q R     unmapped_d_flop      1  3.9     0   192     192    (-,-) 
  Y[0]           -       -      R     (port)               -    -     -     0     192    (-,-) 
#----------------------------------------------------------------------------------------------

(u) : Net has unmapped pin(s).



Path 12: MET (4808 ps) Late External Delay Assertion at pin Y[1]
          Group: C2O
     Startpoint: (R) Y_reg[1]/clk
          Clock: (R) CLK
       Endpoint: (R) Y[1]
          Clock: (R) CLK

                     Capture       Launch     
        Clock Edge:+    5000            0     
       Src Latency:+       0            0     
       Net Latency:+       0 (I)        0 (I) 
           Arrival:=    5000            0     
                                              
      Output Delay:-       0                  
     Required Time:=    5000                  
      Launch Clock:-       0                  
         Data Path:-     192                  
             Slack:=    4808                  

Exceptions/Constraints:
  output_delay              0              top.sdc_line_11_39_1 

#----------------------------------------------------------------------------------------------
# Timing Point   Flags    Arc   Edge      Cell        Fanout Load Trans Delay Arrival Instance 
#                                                            (fF)  (ps)  (ps)   (ps)  Location 
#----------------------------------------------------------------------------------------------
  Y_reg[1]/clk   -       -      R     (arrival)           10    -     0     0       0    (-,-) 
  Y_reg[1]/q     (u)     clk->q R     unmapped_d_flop      1  3.9     0   192     192    (-,-) 
  Y[1]           -       -      R     (port)               -    -     -     0     192    (-,-) 
#----------------------------------------------------------------------------------------------

(u) : Net has unmapped pin(s).



Path 13: MET (4808 ps) Late External Delay Assertion at pin Y[2]
          Group: C2O
     Startpoint: (R) Y_reg[2]/clk
          Clock: (R) CLK
       Endpoint: (R) Y[2]
          Clock: (R) CLK

                     Capture       Launch     
        Clock Edge:+    5000            0     
       Src Latency:+       0            0     
       Net Latency:+       0 (I)        0 (I) 
           Arrival:=    5000            0     
                                              
      Output Delay:-       0                  
     Required Time:=    5000                  
      Launch Clock:-       0                  
         Data Path:-     192                  
             Slack:=    4808                  

Exceptions/Constraints:
  output_delay              0              top.sdc_line_11_38_1 

#----------------------------------------------------------------------------------------------
# Timing Point   Flags    Arc   Edge      Cell        Fanout Load Trans Delay Arrival Instance 
#                                                            (fF)  (ps)  (ps)   (ps)  Location 
#----------------------------------------------------------------------------------------------
  Y_reg[2]/clk   -       -      R     (arrival)           10    -     0     0       0    (-,-) 
  Y_reg[2]/q     (u)     clk->q R     unmapped_d_flop      1  3.9     0   192     192    (-,-) 
  Y[2]           -       -      R     (port)               -    -     -     0     192    (-,-) 
#----------------------------------------------------------------------------------------------

(u) : Net has unmapped pin(s).



Path 14: MET (4808 ps) Late External Delay Assertion at pin Y[3]
          Group: C2O
     Startpoint: (R) Y_reg[3]/clk
          Clock: (R) CLK
       Endpoint: (R) Y[3]
          Clock: (R) CLK

                     Capture       Launch     
        Clock Edge:+    5000            0     
       Src Latency:+       0            0     
       Net Latency:+       0 (I)        0 (I) 
           Arrival:=    5000            0     
                                              
      Output Delay:-       0                  
     Required Time:=    5000                  
      Launch Clock:-       0                  
         Data Path:-     192                  
             Slack:=    4808                  

Exceptions/Constraints:
  output_delay              0              top.sdc_line_11_37_1 

#----------------------------------------------------------------------------------------------
# Timing Point   Flags    Arc   Edge      Cell        Fanout Load Trans Delay Arrival Instance 
#                                                            (fF)  (ps)  (ps)   (ps)  Location 
#----------------------------------------------------------------------------------------------
  Y_reg[3]/clk   -       -      R     (arrival)           10    -     0     0       0    (-,-) 
  Y_reg[3]/q     (u)     clk->q R     unmapped_d_flop      1  3.9     0   192     192    (-,-) 
  Y[3]           -       -      R     (port)               -    -     -     0     192    (-,-) 
#----------------------------------------------------------------------------------------------

(u) : Net has unmapped pin(s).



Path 15: MET (4808 ps) Late External Delay Assertion at pin Y[4]
          Group: C2O
     Startpoint: (R) Y_reg[4]/clk
          Clock: (R) CLK
       Endpoint: (R) Y[4]
          Clock: (R) CLK

                     Capture       Launch     
        Clock Edge:+    5000            0     
       Src Latency:+       0            0     
       Net Latency:+       0 (I)        0 (I) 
           Arrival:=    5000            0     
                                              
      Output Delay:-       0                  
     Required Time:=    5000                  
      Launch Clock:-       0                  
         Data Path:-     192                  
             Slack:=    4808                  

Exceptions/Constraints:
  output_delay              0              top.sdc_line_11_36_1 

#----------------------------------------------------------------------------------------------
# Timing Point   Flags    Arc   Edge      Cell        Fanout Load Trans Delay Arrival Instance 
#                                                            (fF)  (ps)  (ps)   (ps)  Location 
#----------------------------------------------------------------------------------------------
  Y_reg[4]/clk   -       -      R     (arrival)           10    -     0     0       0    (-,-) 
  Y_reg[4]/q     (u)     clk->q R     unmapped_d_flop      1  3.9     0   192     192    (-,-) 
  Y[4]           -       -      R     (port)               -    -     -     0     192    (-,-) 
#----------------------------------------------------------------------------------------------

(u) : Net has unmapped pin(s).



Path 16: MET (4808 ps) Late External Delay Assertion at pin Y[5]
          Group: C2O
     Startpoint: (R) Y_reg[5]/clk
          Clock: (R) CLK
       Endpoint: (R) Y[5]
          Clock: (R) CLK

                     Capture       Launch     
        Clock Edge:+    5000            0     
       Src Latency:+       0            0     
       Net Latency:+       0 (I)        0 (I) 
           Arrival:=    5000            0     
                                              
      Output Delay:-       0                  
     Required Time:=    5000                  
      Launch Clock:-       0                  
         Data Path:-     192                  
             Slack:=    4808                  

Exceptions/Constraints:
  output_delay              0              top.sdc_line_11_35_1 

#----------------------------------------------------------------------------------------------
# Timing Point   Flags    Arc   Edge      Cell        Fanout Load Trans Delay Arrival Instance 
#                                                            (fF)  (ps)  (ps)   (ps)  Location 
#----------------------------------------------------------------------------------------------
  Y_reg[5]/clk   -       -      R     (arrival)           10    -     0     0       0    (-,-) 
  Y_reg[5]/q     (u)     clk->q R     unmapped_d_flop      1  3.9     0   192     192    (-,-) 
  Y[5]           -       -      R     (port)               -    -     -     0     192    (-,-) 
#----------------------------------------------------------------------------------------------

(u) : Net has unmapped pin(s).



Path 17: MET (4808 ps) Late External Delay Assertion at pin Y[6]
          Group: C2O
     Startpoint: (R) Y_reg[6]/clk
          Clock: (R) CLK
       Endpoint: (R) Y[6]
          Clock: (R) CLK

                     Capture       Launch     
        Clock Edge:+    5000            0     
       Src Latency:+       0            0     
       Net Latency:+       0 (I)        0 (I) 
           Arrival:=    5000            0     
                                              
      Output Delay:-       0                  
     Required Time:=    5000                  
      Launch Clock:-       0                  
         Data Path:-     192                  
             Slack:=    4808                  

Exceptions/Constraints:
  output_delay              0              top.sdc_line_11_34_1 

#----------------------------------------------------------------------------------------------
# Timing Point   Flags    Arc   Edge      Cell        Fanout Load Trans Delay Arrival Instance 
#                                                            (fF)  (ps)  (ps)   (ps)  Location 
#----------------------------------------------------------------------------------------------
  Y_reg[6]/clk   -       -      R     (arrival)           10    -     0     0       0    (-,-) 
  Y_reg[6]/q     (u)     clk->q R     unmapped_d_flop      1  3.9     0   192     192    (-,-) 
  Y[6]           -       -      R     (port)               -    -     -     0     192    (-,-) 
#----------------------------------------------------------------------------------------------

(u) : Net has unmapped pin(s).



Path 18: MET (4808 ps) Late External Delay Assertion at pin Y[7]
          Group: C2O
     Startpoint: (R) Y_reg[7]/clk
          Clock: (R) CLK
       Endpoint: (R) Y[7]
          Clock: (R) CLK

                     Capture       Launch     
        Clock Edge:+    5000            0     
       Src Latency:+       0            0     
       Net Latency:+       0 (I)        0 (I) 
           Arrival:=    5000            0     
                                              
      Output Delay:-       0                  
     Required Time:=    5000                  
      Launch Clock:-       0                  
         Data Path:-     192                  
             Slack:=    4808                  

Exceptions/Constraints:
  output_delay              0              top.sdc_line_11_33_1 

#----------------------------------------------------------------------------------------------
# Timing Point   Flags    Arc   Edge      Cell        Fanout Load Trans Delay Arrival Instance 
#                                                            (fF)  (ps)  (ps)   (ps)  Location 
#----------------------------------------------------------------------------------------------
  Y_reg[7]/clk   -       -      R     (arrival)           10    -     0     0       0    (-,-) 
  Y_reg[7]/q     (u)     clk->q R     unmapped_d_flop      1  3.9     0   192     192    (-,-) 
  Y[7]           -       -      R     (port)               -    -     -     0     192    (-,-) 
#----------------------------------------------------------------------------------------------

(u) : Net has unmapped pin(s).



Path 19: MET (4808 ps) Late External Delay Assertion at pin Y[8]
          Group: C2O
     Startpoint: (R) Y_reg[8]/clk
          Clock: (R) CLK
       Endpoint: (R) Y[8]
          Clock: (R) CLK

                     Capture       Launch     
        Clock Edge:+    5000            0     
       Src Latency:+       0            0     
       Net Latency:+       0 (I)        0 (I) 
           Arrival:=    5000            0     
                                              
      Output Delay:-       0                  
     Required Time:=    5000                  
      Launch Clock:-       0                  
         Data Path:-     192                  
             Slack:=    4808                  

Exceptions/Constraints:
  output_delay              0              top.sdc_line_11_32_1 

#----------------------------------------------------------------------------------------------
# Timing Point   Flags    Arc   Edge      Cell        Fanout Load Trans Delay Arrival Instance 
#                                                            (fF)  (ps)  (ps)   (ps)  Location 
#----------------------------------------------------------------------------------------------
  Y_reg[8]/clk   -       -      R     (arrival)           10    -     0     0       0    (-,-) 
  Y_reg[8]/q     (u)     clk->q R     unmapped_d_flop      1  3.9     0   192     192    (-,-) 
  Y[8]           -       -      R     (port)               -    -     -     0     192    (-,-) 
#----------------------------------------------------------------------------------------------

(u) : Net has unmapped pin(s).



Path 20: MET (4808 ps) Late External Delay Assertion at pin Y[9]
          Group: C2O
     Startpoint: (R) Y_reg[9]/clk
          Clock: (R) CLK
       Endpoint: (R) Y[9]
          Clock: (R) CLK

                     Capture       Launch     
        Clock Edge:+    5000            0     
       Src Latency:+       0            0     
       Net Latency:+       0 (I)        0 (I) 
           Arrival:=    5000            0     
                                              
      Output Delay:-       0                  
     Required Time:=    5000                  
      Launch Clock:-       0                  
         Data Path:-     192                  
             Slack:=    4808                  

Exceptions/Constraints:
  output_delay              0              top.sdc_line_11 

#----------------------------------------------------------------------------------------------
# Timing Point   Flags    Arc   Edge      Cell        Fanout Load Trans Delay Arrival Instance 
#                                                            (fF)  (ps)  (ps)   (ps)  Location 
#----------------------------------------------------------------------------------------------
  Y_reg[9]/clk   -       -      R     (arrival)           10    -     0     0       0    (-,-) 
  Y_reg[9]/q     (u)     clk->q R     unmapped_d_flop      1  3.9     0   192     192    (-,-) 
  Y[9]           -       -      R     (port)               -    -     -     0     192    (-,-) 
#----------------------------------------------------------------------------------------------

(u) : Net has unmapped pin(s).

Some unconstrained paths have not been displayed.
Use -unconstrained or set the root attribute 'timing_report_unconstrained' to 'true' to see only these unconstrained paths.

