============================================================
  Generated by:           Genus(TM) Synthesis Solution 21.18-s082_1
  Generated on:           May 02 2026  10:06:35 am
  Module:                 top
  Operating conditions:   PVT_0P9V_125C 
  Interconnect mode:      global
  Area mode:              physical library
============================================================

                                 Leakage   Internal  
   Gate     Instances   Area   Power (nW) Power (nW)     Library    
--------------------------------------------------------------------
ADDFXLLVT          54  369.360     21.674   5840.410    slow_vdd1v0 
ADDHXLLVT           6   28.728      2.372    307.474    slow_vdd1v0 
AND2XLLVT          64   87.552      8.790   1176.112    slow_vdd1v0 
DFFQXLLVT          10   54.720      4.564   4251.292    slow_vdd1v0 
NOR2BXLLVT         10   17.100      1.293    638.910    slow_vdd1v0 
--------------------------------------------------------------------
total             144  557.460     38.694  12214.197                


                                          Leakage  Leakage  Internal  Internal 
     Type      Instances   Area  Area % Power (nW) Power % Power (nW)  Power % 
-------------------------------------------------------------------------------
sequential            10  54.720    9.8      4.564    11.8   4251.292     34.8 
logic                134 502.740   90.2     34.130    88.2   7962.905     65.2 
physical_cells         0   0.000    0.0      0.000     0.0      0.000      0.0 
-------------------------------------------------------------------------------
total                144 557.460  100.0     38.694   100.0  12214.197    100.0 

