
Cadence Innovus(TM) Implementation System.
Copyright 2021 Cadence Design Systems, Inc. All rights reserved worldwide.

Version:	v21.18-s099_1, built Tue Jul 18 13:03:50 PDT 2023
Options:	-init scripts/init.tcl -log logs/init.log 
Date:		Mon Jun 15 19:29:24 2026
Host:		cadence (x86_64 w/Linux 3.10.0-1160.el7.x86_64) (8cores*32cpus*Intel(R) Xeon(R) CPU E5-2440 v2 @ 1.90GHz 20480KB)
OS:		Red Hat Enterprise Linux Server 7.9 (Maipo)

License:
		[19:29:25.095713] Configured Lic search path (21.01-s002): 5280@cadence

		invs	Innovus Implementation System	21.1	checkout succeeded
		8 CPU jobs allowed with the current license(s). Use setMultiCpuUsage to set your required CPU count.
Change the soft stacksize limit to 0.2%RAM (386 mbytes). Set global soft_stack_size_limit to change the value.

**INFO:  MMMC transition support version v31-84 

<CMD> set_global _enable_mmmc_by_default_flow      $CTE::mmmc_default
<CMD> suppressMessage ENCEXT-2799
<CMD> getVersion
<CMD> define_proc_arguments ViaFillQor -info {This procedure extracts Viafill details from innovus db} -define_args {
		{-window "window coordinates" "" list optional}
		{-window_size "window size in microns" "" string optional}
	
	}
[INFO] Loading Pegasus 22.24 fill procedures
<CMD> define_proc_arguments ProcessFills -info {This procedure processes Fill types} -define_args {
    {-fillInfo "Design Fill data" "" list required}
				{-csvName "File path for Fill Data csv file" "Path of CSV file" string required}
				{-selectFill "type of fill to be selected in session" "list of BRIDGE/EXTENSION/STAMP/FLOATING" list required}
    {-output_data "Boolean Flag to output Fill Data for further processing" "" string required}
}
<CMD> define_proc_arguments FillQor -info {This procedure extracts fill details from innovus db} -define_args {
    {-layers "Fills Cleanup on which all layers" "list of Metal/Routing layers" list optional}
				{-selectFill "type of fill to be selected in session" "list of BRIDGE/EXTENSION/STAMP/FLOATING" list optional}
				{-outData "Boolean Flag to output Fill Data for further processing" "" boolean optional}
    {-outDataFile "File path for Fill Data csv file" "Path of CSV file" string optional}
}
<CMD> define_proc_arguments ProcessFills_fast -info {This procedure processes Fill types} -define_args {
    {-fillInfo "Design Fill data" "" list required}
				{-csvName "File path for Fill Data csv file" "Path of CSV file" string required}
				{-selectFill "type of fill to be selected in session" "list of BRIDGE/EXTENSION/STAMP/FLOATING" list required}
    {-output_data "Boolean Flag to output Fill Data for further processing" "" string required}
}
<CMD> define_proc_arguments FillQor_fast -info {This procedure extracts fill details from innovus db} -define_args {
    {-layers "Fills Cleanup on which all layers" "list of Metal/Routing layers" list optional}
				{-selectFill "type of fill to be selected in session" "list of BRIDGE/EXTENSION/STAMP/FLOATING" list optional}
				{-outData "Boolean Flag to output Fill Data for further processing" "" boolean optional}
    {-outDataFile "File path for Fill Data csv file" "Path of CSV file" string optional}
}
<CMD> define_proc_arguments ProcessFills_fast_stampOnly -info {This procedure processes Fill types} -define_args {
    {-fillInfo "Design Fill data" "" list required}
	
}
<CMD> define_proc_arguments FillQor_fast_stampOnly -info {This procedure extracts fill details from innovus db} -define_args {
    {-layers "Fills Cleanup on which all layers" "list of Metal/Routing layers" list optional}
}
Sourcing file "scripts/init.tcl" ...
### Start verbose source output (echo mode) for '../project_setup.tcl' ...
# set TECH "sky130_cadence" ;
# set MULTIVT "false"
# set MBFF "false"
# source -e -v $::env(REPO_ROOT)/util/tech/${TECH}.tcl 
### Start verbose source output (echo mode) for '/home/B2_Abid/UDIF/aiub_vlsi_impl_demo/util/tech/sky130_cadence.tcl' ...
# set TECH "sky130_cadence" 
# puts "ATSH_VLSI: TECH=$TECH"
# puts "ATSH_VLSI: Starting Setup"
# if { $TECH == "sky130_cadence" } {
	set TECH_DIR "/home/eee/sky130_cadence"
	set STD_LIB_DIR "sky130_scl_9T_0.0.5"
	puts "ATSH_VLSI: $TECH has no multivt or mbff options as of this release."
	#set MULTIVT $::env(MULTIVT)
	#set MBFF $::env(MBFF)

set LEF_FILES ""

# Adding Technology LEF file
append LEF_FILES " " "$TECH_DIR/$STD_LIB_DIR/lef/sky130_scl_9T.tlef"

# Adding RVT Cell LEF
append LEF_FILES " " "$TECH_DIR/$STD_LIB_DIR/lef/sky130_scl_9T.lef"


set LIB_FILES(slow) ""
set LIB_FILES(fast) ""

append LIB_FILES(slow) " " "$TECH_DIR/$STD_LIB_DIR/lib/sky130_ss_1.62_125_nldm.lib"
append LIB_FILES(fast) " " "$TECH_DIR/$STD_LIB_DIR/lib/sky130_ff_1.98_0_nldm.lib"
append LIB_FILES(typical) " " "$TECH_DIR/$STD_LIB_DIR/lib/sky130_tt_1.8_25_nldm.lib"

set LIB_FILES(all) "$LIB_FILES(slow) $LIB_FILES(fast) $LIB_FILES(typical)"

set QRC_TECH_FILE(typical) "$TECH_DIR/sky130_release_0.0.4/quantus/extraction/typical/qrcTechFile"

set PHYSICAL_CELL_LIST " FILL1 FILL2 FILL4 FILL8 FILL16 FILL32 FILL64 "
set CLK_BUFFERS " CLKBUFX4 CLKBUFX8 CLKBUFX2 "
set CLK_INVERTERS " CLKINVX2 CLKINVX8 CLKINVX1 CLKINVX4 "

set GDS_MAP_FILE "$TECH_DIR/$STD_LIB_DIR/gds/sky130_stream.mapFile"
set GDS_MERGE_FILE "$TECH_DIR/$STD_LIB_DIR/gds/sky130_scl_9T.gds"

} ;
### End verbose source output for '/home/B2_Abid/UDIF/aiub_vlsi_impl_demo/util/tech/sky130_cadence.tcl'.
# set DESIGN_DIR "design_data"
# set DESIGN_NAME "$::env(TOP)"
# puts "TOP DESIGN SET TO: $DESIGN_NAME"
# set CLK_PORT "SYS_CLOCK" 
# set CLK_PERIOD "5.0" ;
# set POWER_NET "VDD"
# set GROUND_NET "VSS"
# set SYNTH_EFFORT_GENERIC "medium"
# set SYNTH_EFFORT_OPT "high"
# set SYNTH_INFO_LEVEL 7
# set SYNTH_LOW_POWER "false"
# if { $var(step) == "synth" } {
set RTL_FILES "[glob $DESIGN_DIR/*v]"
set CONSTRAINTS_FILE "[glob $DESIGN_DIR/*sdc]"
#set RTL_FILES "[exec python3 $::env(REPO_ROOT)/util/compile.py $::env(REPO_ROOT)/frontend/$::env(PROJECT)/manifest.json syn]"
#set CONSTRAINTS_FILE "[exec python3 $::env(REPO_ROOT)/util/compile.py $::env(REPO_ROOT)/frontend/$::env(PROJECT)/manifest.json syn_sdc]"
}
# set PNR_INIT_NETLIST "$DESIGN_DIR/${DESIGN_NAME}_gate.v"
# set PNR_SDC "$DESIGN_DIR/${DESIGN_NAME}.sdc"
# set PNR_VIEW_DEF "$DESIGN_DIR/viewDefinition.tcl"
# set PNR_GND_NETS "VSS"
# set PNR_PWR_NETS "VDD"
# set PNR_MAX_ROUTE_LAYER "6"
# set PNR_FP_TCL "../floorplan/fp.tcl"
# set PNR_FP_DEF "../floorplan/fp.def"
# set PNR_FP_PRIORITY "TCL"
### End verbose source output for '../project_setup.tcl'.
### Start verbose source output (echo mode) for 'scripts/always_source.tcl' ...
# setAnalysisMode -analysisType onChipVariation
<CMD> setAnalysisMode -analysisType onChipVariation
### End verbose source output for 'scripts/always_source.tcl'.
<CMD> set init_layout_view {}
<CMD> set init_verilog design_data/RISC_V3_gate.v
<CMD> set init_mmmc_file design_data/viewDefinition.tcl
<CMD> set init_lef_file { /home/eee/sky130_cadence/sky130_scl_9T_0.0.5/lef/sky130_scl_9T.tlef /home/eee/sky130_cadence/sky130_scl_9T_0.0.5/lef/sky130_scl_9T.lef}
<CMD> set init_top_cell RISC_V3
<CMD> set init_gnd_net VSS
<CMD> set init_pwr_net VDD
<CMD> init_design
#% Begin Load MMMC data ... (date=06/15 19:30:06, mem=743.7M)
#% End Load MMMC data ... (date=06/15 19:30:06, total cpu=0:00:00.0, real=0:00:00.0, peak res=744.7M, current mem=744.7M)
rctypical

Loading LEF file /home/eee/sky130_cadence/sky130_scl_9T_0.0.5/lef/sky130_scl_9T.tlef ...

Loading LEF file /home/eee/sky130_cadence/sky130_scl_9T_0.0.5/lef/sky130_scl_9T.lef ...
Set DBUPerIGU to M2 pitch 460.
**WARN: (IMPLF-200):	Pin 'A' in macro 'ANTENNA' has no ANTENNAGATEAREA value defined. The library data is incomplete and some process antenna rules will not be checked correctly.
Type 'man IMPLF-200' for more detail.

##  Check design process and node:  
##  Both design process and tech node are not set.

Loading view definition file from design_data/viewDefinition.tcl
Reading slow_libs timing library '/home/eee/sky130_cadence/sky130_scl_9T_0.0.5/lib/sky130_ss_1.62_125_nldm.lib' ...
Read 109 cells in library 'sky130_ss_1.62_125' 
Reading fast_libs timing library '/home/eee/sky130_cadence/sky130_scl_9T_0.0.5/lib/sky130_ff_1.98_0_nldm.lib' ...
Read 109 cells in library 'sky130_ff_1.98_0' 
*** End library_loading (cpu=0.02min, real=0.02min, mem=17.0M, fe_cpu=0.66min, fe_real=0.72min, fe_mem=1027.5M) ***
#% Begin Load netlist data ... (date=06/15 19:30:07, mem=759.9M)
*** Begin netlist parsing (mem=1027.5M) ***
Created 109 new cells from 2 timing libraries.
Reading netlist ...
Backslashed names will retain backslash and a trailing blank character.
Reading verilog netlist 'design_data/RISC_V3_gate.v'

*** Memory Usage v#1 (Current mem = 1027.453M, initial mem = 478.113M) ***
*** End netlist parsing (cpu=0:00:00.0, real=0:00:00.0, mem=1027.5M) ***
#% End Load netlist data ... (date=06/15 19:30:07, total cpu=0:00:00.0, real=0:00:00.0, peak res=765.3M, current mem=765.3M)
Set top cell to RISC_V3.
Hooked 218 DB cells to tlib cells.
Starting recursive module instantiation check.
No recursion found.
Building hierarchical netlist for Cell RISC_V3 ...
*** Netlist is unique.
** info: there are 227 modules.
** info: there are 25 stdCell insts.

*** Memory Usage v#1 (Current mem = 1081.879M, initial mem = 478.113M) ***
**WARN: (IMPFP-3961):	The techSite 'CornerSite' has no related standard cells in the LEF/OA library. The calculations for this site type cannot be made unless standard cell models of this type exist in the LEF/OA library. Ignore this warning if the SITE is not used by the library. Alternatively, remove the SITE definition for the LEF/OA library to avoid this message.
Type 'man IMPFP-3961' for more detail.
**WARN: (IMPFP-3961):	The techSite 'IOSite' has no related standard cells in the LEF/OA library. The calculations for this site type cannot be made unless standard cell models of this type exist in the LEF/OA library. Ignore this warning if the SITE is not used by the library. Alternatively, remove the SITE definition for the LEF/OA library to avoid this message.
Type 'man IMPFP-3961' for more detail.
Start create_tracks
Generated pitch 3.66 in met5 is different from 3.22 defined in technology file in preferred direction.
Generated pitch 0.615 in met4 is different from 0.69 defined in technology file in preferred direction.
Generated pitch 0.61 in met3 is different from 0.69 defined in technology file in preferred direction.
Extraction setup Started 
Initializing multi-corner RC extraction with 1 active RC Corners ...
Captable file(s) not specified in multi-corner setup. PreRoute extraction will use technology file. For postRoute extraction, default value for effort level would be 'medium' and effort level 'low' would not be allowed.
Generating auto layer map file.
Importing multi-corner technology file(s) for preRoute extraction...
/home/eee/sky130_cadence/sky130_release_0.0.4/quantus/extraction/typical/qrcTechFile
Generating auto layer map file.
Completed (cpu: 0:00:02.9 real: 0:00:03.0)
Set Shrink Factor to 1.00000
Summary of Active RC-Corners : 
 
 Analysis View: func_slow
    RC-Corner Name        : rctypical
    RC-Corner Index       : 0
    RC-Corner Temperature : 25 Celsius
    RC-Corner Cap Table   : ''
    RC-Corner PreRoute Res Factor         : 1
    RC-Corner PreRoute Cap Factor         : 1
    RC-Corner PostRoute Res Factor        : 1 {1 1 1}
    RC-Corner PostRoute Cap Factor        : 1 {1 1 1}
    RC-Corner PostRoute XCap Factor       : 1 {1 1 1}
    RC-Corner PreRoute Clock Res Factor   : 1	[Derived from postRoute_res (effortLevel low)]
    RC-Corner PreRoute Clock Cap Factor   : 1	[Derived from postRoute_cap (effortLevel low)]
    RC-Corner PostRoute Clock Cap Factor  : 1 {1 1 1} 	[Derived from postRoute_cap (effortLevel low)]
    RC-Corner PostRoute Clock Res Factor  : 1 {1 1 1} 	[Derived from postRoute_res (effortLevel low)]
    RC-Corner PostRoute Clock coupling capacitance Factor : 1 {1 1 1} 
    RC-Corner Technology file: '/home/eee/sky130_cadence/sky130_release_0.0.4/quantus/extraction/typical/qrcTechFile'
 
 Analysis View: func_typical
    RC-Corner Name        : rctypical
    RC-Corner Index       : 0
    RC-Corner Temperature : 25 Celsius
    RC-Corner Cap Table   : ''
    RC-Corner PreRoute Res Factor         : 1
    RC-Corner PreRoute Cap Factor         : 1
    RC-Corner PostRoute Res Factor        : 1 {1 1 1}
    RC-Corner PostRoute Cap Factor        : 1 {1 1 1}
    RC-Corner PostRoute XCap Factor       : 1 {1 1 1}
    RC-Corner PreRoute Clock Res Factor   : 1	[Derived from postRoute_res (effortLevel low)]
    RC-Corner PreRoute Clock Cap Factor   : 1	[Derived from postRoute_cap (effortLevel low)]
    RC-Corner PostRoute Clock Cap Factor  : 1 {1 1 1} 	[Derived from postRoute_cap (effortLevel low)]
    RC-Corner PostRoute Clock Res Factor  : 1 {1 1 1} 	[Derived from postRoute_res (effortLevel low)]
    RC-Corner PostRoute Clock coupling capacitance Factor : 1 {1 1 1} 
    RC-Corner Technology file: '/home/eee/sky130_cadence/sky130_release_0.0.4/quantus/extraction/typical/qrcTechFile'
 
 Analysis View: func_fast
    RC-Corner Name        : rctypical
    RC-Corner Index       : 0
    RC-Corner Temperature : 25 Celsius
    RC-Corner Cap Table   : ''
    RC-Corner PreRoute Res Factor         : 1
    RC-Corner PreRoute Cap Factor         : 1
    RC-Corner PostRoute Res Factor        : 1 {1 1 1}
    RC-Corner PostRoute Cap Factor        : 1 {1 1 1}
    RC-Corner PostRoute XCap Factor       : 1 {1 1 1}
    RC-Corner PreRoute Clock Res Factor   : 1	[Derived from postRoute_res (effortLevel low)]
    RC-Corner PreRoute Clock Cap Factor   : 1	[Derived from postRoute_cap (effortLevel low)]
    RC-Corner PostRoute Clock Cap Factor  : 1 {1 1 1} 	[Derived from postRoute_cap (effortLevel low)]
    RC-Corner PostRoute Clock Res Factor  : 1 {1 1 1} 	[Derived from postRoute_res (effortLevel low)]
    RC-Corner PostRoute Clock coupling capacitance Factor : 1 {1 1 1} 
    RC-Corner Technology file: '/home/eee/sky130_cadence/sky130_release_0.0.4/quantus/extraction/typical/qrcTechFile'
Updating RC grid for preRoute extraction ...
Initializing multi-corner resistance tables ...
Default value for postRoute extraction mode's effortLevel (-effortLevel option of setExtractRCMode) changed to 'medium'.
*Info: initialize multi-corner CTS.
Reading typical_libs timing library '/home/eee/sky130_cadence/sky130_scl_9T_0.0.5/lib/sky130_tt_1.8_25_nldm.lib' ...
Read 109 cells in library 'sky130_tt_1.8_25' 
Reading timing constraints file 'design_data/RISC_V3.sdc' ...
Current (total cpu=0:00:44.5, real=0:00:48.0, peak res=1104.0M, current mem=1104.0M)
**WARN: (TCLCMD-1461):	Skipped unsupported command: set_units (File design_data/RISC_V3.sdc, Line 9).

**WARN: (TCLCMD-1461):	Skipped unsupported command: set_units (File design_data/RISC_V3.sdc, Line 10).

RISC_V3
INFO (CTE): Reading of timing constraints file design_data/RISC_V3.sdc completed, with 2 WARNING
Ending "Constraint file reading stats" (total cpu=0:00:00.1, real=0:00:00.0, peak res=1122.8M, current mem=1122.8M)
Current (total cpu=0:00:44.6, real=0:00:48.0, peak res=1122.8M, current mem=1122.8M)
**WARN: (TA-976):	Path groups asserted by the group_path constraint are considered by the software to be global in nature - they cannot be restricted to specific constraint modes. Due to this restriction, the group_path constraint is not supported directly in the constraint files which are configured in mode-specific commands such as create_constraint_mode. The current group_path entry will be ignored. You can enter the group_path constraint interactively or as part of a general command script -  where it will be interpreted as global and will be in effect for all modes.
Total number of combinational cells: 87
Total number of sequential cells: 19
Total number of tristate cells: 3
Total number of level shifter cells: 0
Total number of power gating cells: 0
Total number of isolation cells: 0
Total number of power switch cells: 0
Total number of pulse generator cells: 0
Total number of always on buffers: 0
Total number of retention cells: 0
Total number of physical cells: 0
List of usable buffers: BUFX16 BUFX2 BUFX4 BUFX8 CLKBUFX2 CLKBUFX4 CLKBUFX8
Total number of usable buffers: 7
List of unusable buffers:
Total number of unusable buffers: 0
List of usable inverters: CLKINVX1 INVX1 CLKINVX2 CLKINVX4 CLKINVX8 INVX16 INVX2 INVX4 INVX8
Total number of usable inverters: 9
List of unusable inverters:
Total number of unusable inverters: 0
List of identified usable delay cells: DLY1X1 DLY1X4 DLY2X4 DLY4X4
Total number of identified usable delay cells: 4
List of identified unusable delay cells:
Total number of identified unusable delay cells: 0
#% Begin Load MMMC data post ... (date=06/15 19:30:12, mem=1143.8M)
#% End Load MMMC data post ... (date=06/15 19:30:12, total cpu=0:00:00.0, real=0:00:00.0, peak res=1143.8M, current mem=1143.8M)

*** Summary of all messages that are not suppressed in this session:
Severity  ID               Count  Summary                                  
WARNING   IMPLF-200            1  Pin '%s' in macro '%s' has no ANTENNAGAT...
WARNING   IMPFP-3961           2  The techSite '%s' has no related standar...
WARNING   TA-976               1  Path groups asserted by the group_path c...
WARNING   TCLCMD-1461          2  Skipped unsupported command: %s          
*** Message Summary: 6 warning(s), 0 error(s)

### Start verbose source output (echo mode) for '../floorplan/fp.tcl' ...
# puts "It's time to do floorplan; to do automatic floorplan type \"resume\" without the quotes and press enter"
# puts "If doing custom floorplan set AUTO_FP=\"off\" bofere you do reusme"
# set AUTO_FP "on"
# suspend
**INFO(SUSPEND): The current script is stopped at 'suspend' command. Type 'resume' to continue.
# if { [info exists AUTO_FP] && $AUTO_FP == "on" } {

if { [ info exists FP_BY_DIMENSIONS ]} {
set WIDTH "[expr sqrt([dbGet top.fPlan.area])]"
set HEIGHT "$WIDTH"
set MARGIN "10"

floorPlan -site CoreSite -d $WIDTH $HEIGHT $MARGIN $MARGIN $MARGIN $MARGIN
} else {
set ASPECT_RATIO  1
set INITAL_UTILIZATION 0.6
set MARGIN 10

floorPlan -site CoreSite -r $ASPECT_RATIO $INITAL_UTILIZATION $MARGIN $MARGIN $MARGIN $MARGIN
 }


setAddRingMode -ring_target default -extend_over_row 0 -ignore_rows 0 -avoid_short 0 -skip_crossing_trunks none -stacked_via_top_layer 5 -stacked_via_bottom_layer 1 -via_using_exact_crossover_size 1 -orthogonal_only true -skip_via_on_pin {  standardcell } -skip_via_on_wire_shape {  noshape }
addRing -nets {VDD VSS} -type core_rings -follow core -layer {top 5 bottom 5 left 5 right 5} -width {top 1.8 bottom 1.8 left 1.8 right 1.8} -spacing {top 1.6 bottom 1.6 left 1.6 right 1.6} -offset {top 1.8 bottom 1.8 left 1.8 right 1.8} -center 0 -threshold 0 -jog_distance 0 -snap_wire_center_to_grid None


setAddStripeMode -ignore_block_check false -break_at none -route_over_rows_only false -rows_without_stripes_only false -extend_to_closest_target none -stop_at_last_wire_for_area false -partial_set_thru_domain false -ignore_nondefault_domains false -trim_antenna_back_to_shape none -spacing_type edge_to_edge -spacing_from_block 0 -stripe_min_length stripe_width -stacked_via_top_layer 5 -stacked_via_bottom_layer 1 -via_using_exact_crossover_size false -split_vias false -orthogonal_only true -allow_jog { padcore_ring  block_ring } -skip_via_on_pin {  standardcell } -skip_via_on_wire_shape {  noshape   }
addStripe -nets {VDD VSS} -layer 4 -direction vertical -width 1.8 -spacing 1.8 -number_of_sets 4 -start_from left -switch_layer_over_obs false -max_same_layer_jog_length 2 -padcore_ring_top_layer_limit 5 -padcore_ring_bottom_layer_limit 1 -block_ring_top_layer_limit 5 -block_ring_bottom_layer_limit 1 -use_wire_group 0 -snap_wire_center_to_grid None

sroute -connect { blockPin padPin padRing corePin floatingStripe } -layerChangeRange { 1(1) 5(5) } -blockPinTarget { nearestTarget } -padPinPortConnect { allPort oneGeom } -padPinTarget { nearestTarget } -corePinTarget { firstAfterRowEnd } -floatingStripeTarget { blockring padring ring stripe ringpin blockpin followpin } -allowJogging 0 -crossoverViaLayerRange { 1(1) 5(5) } -nets { VDD VSS } -allowLayerChange 0 -blockPin useLef -targetViaLayerRange { 1(1) 5(5) }

editPowerVia -skip_via_on_pin Standardcell -bottom_layer 1 -add_vias 1 -top_layer 5


addWellTap -cell FILL4 -cellInterval 60 -prefix WELLTAP


setPinAssignMode -pinEditInBatch true

eval "editPin -fixOverlap 1 -unit TRACK -spreadDirection clockwise -side Left -layer 3 -spreadType center -spacing 2 -pin  {[dbGet [dbGet top.terms.direction input -p].name]}"

#editPin -fixOverlap 1 -unit TRACK -spreadDirection clockwise -side Bottom -layer 2 -spreadType center -spacing 5 -pin {clk reset}

eval "editPin -fixOverlap 1 -unit TRACK -spreadDirection clockwise -side Right -layer 3 -spreadType center -spacing 2 -pin {[dbGet [dbGet top.terms.direction output -p].name]}"

setPinAssignMode -pinEditInBatch false
}
<CMD> floorPlan -site CoreSite -r 1 0.6 10 10 10 10
**WARN: (IMPFP-3961):	The techSite 'CornerSite' has no related standard cells in the LEF/OA library. The calculations for this site type cannot be made unless standard cell models of this type exist in the LEF/OA library. Ignore this warning if the SITE is not used by the library. Alternatively, remove the SITE definition for the LEF/OA library to avoid this message.
Type 'man IMPFP-3961' for more detail.
**WARN: (IMPFP-3961):	The techSite 'IOSite' has no related standard cells in the LEF/OA library. The calculations for this site type cannot be made unless standard cell models of this type exist in the LEF/OA library. Ignore this warning if the SITE is not used by the library. Alternatively, remove the SITE definition for the LEF/OA library to avoid this message.
Type 'man IMPFP-3961' for more detail.
Start create_tracks
Generated pitch 3.66 in met5 is different from 3.22 defined in technology file in preferred direction.
Generated pitch 0.615 in met4 is different from 0.69 defined in technology file in preferred direction.
Generated pitch 0.61 in met3 is different from 0.69 defined in technology file in preferred direction.
**WARN: (IMPFP-325):	Floorplan of the design is resized. All current floorplan objects are automatically derived based on specified new floorplan. This may change blocks, fixed standard cells, existing routes and blockages.
<CMD> setAddRingMode -ring_target default -extend_over_row 0 -ignore_rows 0 -avoid_short 0 -skip_crossing_trunks none -stacked_via_top_layer 5 -stacked_via_bottom_layer 1 -via_using_exact_crossover_size 1 -orthogonal_only true -skip_via_on_pin {  standardcell } -skip_via_on_wire_shape {  noshape }
The ring targets are set to core/block ring wires.
addRing command will consider rows while creating rings.
addRing command will disallow rings to go over rows.
addRing command will ignore shorts while creating rings.
<CMD> addRing -nets {VDD VSS} -type core_rings -follow core -layer {top 5 bottom 5 left 5 right 5} -width {top 1.8 bottom 1.8 left 1.8 right 1.8} -spacing {top 1.6 bottom 1.6 left 1.6 right 1.6} -offset {top 1.8 bottom 1.8 left 1.8 right 1.8} -center 0 -threshold 0 -jog_distance 0 -snap_wire_center_to_grid None
#% Begin addRing (date=06/15 19:30:53, mem=1146.5M)


viaInitial starts at Mon Jun 15 19:30:53 2026
viaInitial ends at Mon Jun 15 19:30:53 2026
Loading cell geometries (cpu: 0:00:00.0, real: 0:00:00.0, peak mem: 1443.0M)
Ring generation is complete.
vias are now being generated.
addRing created 8 wires.
ViaGen created 0 via, deleted 0 via to avoid violation.
+--------+----------------+----------------+
|  Layer |     Created    |     Deleted    |
+--------+----------------+----------------+
|  met5  |        8       |       NA       |
+--------+----------------+----------------+
#% End addRing (date=06/15 19:30:53, total cpu=0:00:00.1, real=0:00:00.0, peak res=1147.7M, current mem=1147.7M)
<CMD> setAddStripeMode -ignore_block_check false -break_at none -route_over_rows_only false -rows_without_stripes_only false -extend_to_closest_target none -stop_at_last_wire_for_area false -partial_set_thru_domain false -ignore_nondefault_domains false -trim_antenna_back_to_shape none -spacing_type edge_to_edge -spacing_from_block 0 -stripe_min_length stripe_width -stacked_via_top_layer 5 -stacked_via_bottom_layer 1 -via_using_exact_crossover_size false -split_vias false -orthogonal_only true -allow_jog { padcore_ring  block_ring } -skip_via_on_pin {  standardcell } -skip_via_on_wire_shape {  noshape   }
addStripe will allow jog to connect padcore ring and block ring.

Stripes will stop at the boundary of the specified area.
When breaking rings, the power planner will consider the existence of blocks.
Stripes will not extend to closest target.
The power planner will set stripe antenna targets to none (no trimming allowed).
Stripes will not be created over regions without power planning wires.
The entire stripe set will break at the domain if one of the nets is not in the domain.
addStripe will break automatically at non-default domains when generating global stripes over the core area or default domain.
Offset for stripe breaking is set to 0.
<CMD> addStripe -nets {VDD VSS} -layer 4 -direction vertical -width 1.8 -spacing 1.8 -number_of_sets 4 -start_from left -switch_layer_over_obs false -max_same_layer_jog_length 2 -padcore_ring_top_layer_limit 5 -padcore_ring_bottom_layer_limit 1 -block_ring_top_layer_limit 5 -block_ring_bottom_layer_limit 1 -use_wire_group 0 -snap_wire_center_to_grid None
#% Begin addStripe (date=06/15 19:30:53, mem=1147.7M)

Initialize fgc environment(mem: 1443.0M) ...  fail and won't use fgc to check drc(cpu: 0:00:00.0, real: 0:00:00.0, peak mem: 1443.0M)
Loading cell geometries (cpu: 0:00:00.0, real: 0:00:00.0, peak mem: 1443.0M)
Loading wires (cpu: 0:00:00.0, real: 0:00:00.0, peak mem: 1443.0M)
Loading via instances (cpu: 0:00:00.0, real: 0:00:00.0, peak mem: 1443.0M)
Starting stripe generation ...
Non-Default Mode Option Settings :
  NONE
Stripe generation is complete.
vias are now being generated.
addStripe created 8 wires.
ViaGen created 16 vias, deleted 0 via to avoid violation.
+--------+----------------+----------------+
|  Layer |     Created    |     Deleted    |
+--------+----------------+----------------+
|  met4  |        8       |       NA       |
|  via4  |       16       |        0       |
+--------+----------------+----------------+
#% End addStripe (date=06/15 19:30:53, total cpu=0:00:00.1, real=0:00:00.0, peak res=1149.5M, current mem=1149.5M)
<CMD> sroute -connect { blockPin padPin padRing corePin floatingStripe } -layerChangeRange { 1(1) 5(5) } -blockPinTarget { nearestTarget } -padPinPortConnect { allPort oneGeom } -padPinTarget { nearestTarget } -corePinTarget { firstAfterRowEnd } -floatingStripeTarget { blockring padring ring stripe ringpin blockpin followpin } -allowJogging 0 -crossoverViaLayerRange { 1(1) 5(5) } -nets { VDD VSS } -allowLayerChange 0 -blockPin useLef -targetViaLayerRange { 1(1) 5(5) }
#% Begin sroute (date=06/15 19:30:53, mem=1149.5M)
*** Begin SPECIAL ROUTE on Mon Jun 15 19:30:53 2026 ***
SPECIAL ROUTE ran on directory: /home/B2_Abid/UDIF/aiub_vlsi_impl_demo/projects/Project_3A/pnr_false
SPECIAL ROUTE ran on machine: cadence (Linux 3.10.0-1160.el7.x86_64 Xeon 2.20Ghz)

Begin option processing ...
srouteConnectPowerBump set to false
routeSelectNet set to "VDD VSS"
routeSpecial set to true
srouteBlockPin set to "useLef"
srouteBottomLayerLimit set to 1
srouteBottomTargetLayerLimit set to 1
srouteConnectConverterPin set to false
srouteCrossoverViaBottomLayer set to 1
srouteCrossoverViaTopLayer set to 5
srouteFloatingStripeTarget set to "blockring padring ring stripe ringpin blockpin followpin"
srouteFollowCorePinEnd set to 3
srouteNoLayerChangeRoute set to true
sroutePadPinAllPorts set to true
sroutePreserveExistingRoutes set to true
srouteRoutePowerBarPortOnBothDir set to true
srouteStopBlockPin set to "nearestTarget"
srouteStraightConnections set to "straightWithDrcClean"
srouteTopLayerLimit set to 5
srouteTopTargetLayerLimit set to 5
End option processing: cpu: 0:00:00, real: 0:00:00, peak: 2885.00 megs.

Reading DB technology information...
Finished reading DB technology information.
Reading floorplan and netlist information...
Finished reading floorplan and netlist information.
**WARN: (IMPSR-4302):	Cap-table/qrcTechFile is found in the design, so the same information from the technology file will be ignored.
Read in 11 layers, 5 routing layers, 1 overlap layer
Read in 117 macros, 12 used
Read in 11 components
  11 core components: 11 unplaced, 0 placed, 0 fixed
Read in 110 logical pins
Read in 110 nets
Read in 2 special nets, 2 routed
2 nets selected.

Begin power routing ...
**WARN: (IMPSR-1253):	Unable to find any standard cell pin connected to the VDD net.
 Run the globalNetConnect command or change the CPF file to ensure that the netlist reflects the correct power ground connections. The standard cell pins must be defined as 'USE POWER' or 'USE GROUND' for the connection.
**WARN: (IMPSR-1254):	Unable to connect the specified objects, since block pins of the VDD net were not found in the design. Check netlist or change the parameter value to include block pins in the design.
**WARN: (IMPSR-1256):	Unable to find any CORE class pad pin of the VDD net due to unavailability of the pin or check netlist in the routing area or layer. Change routing area or layer to include the expected pin or check netlist. Alternatively, change port class in the technology file.
Type 'man IMPSR-1256' for more detail.
Cannot find any AREAIO class pad pin of net VDD. Check net list, or change port class in the technology file, or change option to include pin in given range.
**WARN: (IMPSR-1253):	Unable to find any standard cell pin connected to the VSS net.
 Run the globalNetConnect command or change the CPF file to ensure that the netlist reflects the correct power ground connections. The standard cell pins must be defined as 'USE POWER' or 'USE GROUND' for the connection.
**WARN: (IMPSR-1254):	Unable to connect the specified objects, since block pins of the VSS net were not found in the design. Check netlist or change the parameter value to include block pins in the design.
**WARN: (IMPSR-1256):	Unable to find any CORE class pad pin of the VSS net due to unavailability of the pin or check netlist in the routing area or layer. Change routing area or layer to include the expected pin or check netlist. Alternatively, change port class in the technology file.
Type 'man IMPSR-1256' for more detail.
Cannot find any AREAIO class pad pin of net VSS. Check net list, or change port class in the technology file, or change option to include pin in given range.
**WARN: (IMPSR-468):	Cannot find any standard cell pin connected to net VDD.
Use setSrouteMode -corePinReferenceMacro <standard cell> to specify a reference macro for followpin connection, or run globalNetConnect command or change CPF file to make sure that the netlist reflects the correct power ground connections. The standard cell pins must be defined as "USE POWER" or "USE GROUND".
**WARN: (IMPSR-468):	Cannot find any standard cell pin connected to net VDD.
Use setSrouteMode -corePinReferenceMacro <standard cell> to specify a reference macro for followpin connection, or run globalNetConnect command or change CPF file to make sure that the netlist reflects the correct power ground connections. The standard cell pins must be defined as "USE POWER" or "USE GROUND".
**WARN: (IMPSR-468):	Cannot find any standard cell pin connected to net VSS.
Use setSrouteMode -corePinReferenceMacro <standard cell> to specify a reference macro for followpin connection, or run globalNetConnect command or change CPF file to make sure that the netlist reflects the correct power ground connections. The standard cell pins must be defined as "USE POWER" or "USE GROUND".
**WARN: (IMPSR-468):	Cannot find any standard cell pin connected to net VSS.
Use setSrouteMode -corePinReferenceMacro <standard cell> to specify a reference macro for followpin connection, or run globalNetConnect command or change CPF file to make sure that the netlist reflects the correct power ground connections. The standard cell pins must be defined as "USE POWER" or "USE GROUND".
**WARN: (IMPSR-468):	Cannot find any standard cell pin connected to net VDD.
Use setSrouteMode -corePinReferenceMacro <standard cell> to specify a reference macro for followpin connection, or run globalNetConnect command or change CPF file to make sure that the netlist reflects the correct power ground connections. The standard cell pins must be defined as "USE POWER" or "USE GROUND".
**WARN: (IMPSR-468):	Cannot find any standard cell pin connected to net VSS.
Use setSrouteMode -corePinReferenceMacro <standard cell> to specify a reference macro for followpin connection, or run globalNetConnect command or change CPF file to make sure that the netlist reflects the correct power ground connections. The standard cell pins must be defined as "USE POWER" or "USE GROUND".
**WARN: (IMPSR-468):	Cannot find any standard cell pin connected to net VDD.
Use setSrouteMode -corePinReferenceMacro <standard cell> to specify a reference macro for followpin connection, or run globalNetConnect command or change CPF file to make sure that the netlist reflects the correct power ground connections. The standard cell pins must be defined as "USE POWER" or "USE GROUND".
CPU time for VDD FollowPin 0 seconds
**WARN: (IMPSR-468):	Cannot find any standard cell pin connected to net VSS.
Use setSrouteMode -corePinReferenceMacro <standard cell> to specify a reference macro for followpin connection, or run globalNetConnect command or change CPF file to make sure that the netlist reflects the correct power ground connections. The standard cell pins must be defined as "USE POWER" or "USE GROUND".
CPU time for VSS FollowPin 0 seconds
  Number of IO ports routed: 0
  Number of Block ports routed: 0
  Number of Stripe ports routed: 0
  Number of Core ports routed: 14
  Number of Pad ports routed: 0
  Number of Power Bump ports routed: 0
  Number of Followpin connections: 7
End power routing: cpu: 0:00:00, real: 0:00:00, peak: 2887.00 megs.



 Begin updating DB with routing results ...
 Updating DB with 0 via definition ...Extracting standard cell pins and blockage ...... 
Pin and blockage extraction finished

sroute created 21 wires.
ViaGen created 140 vias, deleted 0 via to avoid violation.
+--------+----------------+----------------+
|  Layer |     Created    |     Deleted    |
+--------+----------------+----------------+
|  met1  |       21       |       NA       |
|   via  |       42       |        0       |
|  via2  |       42       |        0       |
|  via3  |       42       |        0       |
|  via4  |       14       |        0       |
+--------+----------------+----------------+
#% End sroute (date=06/15 19:30:53, total cpu=0:00:00.3, real=0:00:00.0, peak res=1162.7M, current mem=1159.7M)
<CMD> editPowerVia -skip_via_on_pin Standardcell -bottom_layer 1 -add_vias 1 -top_layer 5
#% Begin editPowerVia (date=06/15 19:30:53, mem=1159.7M)

ViaGen created 0 via, deleted 0 via to avoid violation.
#% End editPowerVia (date=06/15 19:30:53, total cpu=0:00:00.1, real=0:00:00.0, peak res=1159.9M, current mem=1159.9M)
<CMD> addWellTap -cell FILL4 -cellInterval 60 -prefix WELLTAP
**WARN: (IMPSP-362):	Site 'CoreSite' has one std.Cell height, so ignoring its X-symmetry.
Type 'man IMPSP-362' for more detail.
Estimated cell power/ground rail width = 0.517 um
**WARN: (IMPSP-5134):	Setting cellInterval to 59.800 (microns) as a multiple of cell FILL4's techSite 'CoreSite' width of 0.460 microns
Type 'man IMPSP-5134' for more detail.
For 6 new insts, Inserted 6 well-taps <FILL4> cells (prefix WELLTAP).
<CMD> setPinAssignMode -pinEditInBatch true
<CMD> editPin -fixOverlap 1 -unit TRACK -spreadDirection clockwise -side Left -layer 3 -spreadType center -spacing 2 -pin {SYS_CLOCK RST}
Successfully spread [2] pins.
editPin : finished (cpu = 0:00:00.0 real = 0:00:00.0, mem = 1589.3M).
<CMD> editPin -fixOverlap 1 -unit TRACK -spreadDirection clockwise -side Right -layer 3 -spreadType center -spacing 2 -pin {{DM_IN[31]} {DM_IN[30]} {DM_IN[29]} {DM_IN[28]} {DM_IN[27]} {DM_IN[26]} {DM_IN[25]} {DM_IN[24]} {DM_IN[23]} {DM_IN[22]} {DM_IN[21]} {DM_IN[20]} {DM_IN[19]} {DM_IN[18]} {DM_IN[17]} {DM_IN[16]} {DM_IN[15]} {DM_IN[14]} {DM_IN[13]} {DM_IN[12]} {DM_IN[11]} {DM_IN[10]} {DM_IN[9]} {DM_IN[8]} {DM_IN[7]} {DM_IN[6]} {DM_IN[5]} {DM_IN[4]} {DM_IN[3]} {DM_IN[2]} {DM_IN[1]} {DM_IN[0]} {PC[3]} {PC[2]} {PC[1]} {PC[0]} {DM_ADDR[3]} {DM_ADDR[2]} {DM_ADDR[1]} {DM_ADDR[0]} DM_WR {IR[31]} {IR[30]} {IR[29]} {IR[28]} {IR[27]} {IR[26]} {IR[25]} {IR[24]} {IR[23]} {IR[22]} {IR[21]} {IR[20]} {IR[19]} {IR[18]} {IR[17]} {IR[16]} {IR[15]} {IR[14]} {IR[13]} {IR[12]} {IR[11]} {IR[10]} {IR[9]} {IR[8]} {IR[7]} {IR[6]} {IR[5]} {IR[4]} {IR[3]} {IR[2]} {IR[1]} {IR[0]} {ACCUM_R[31]} {ACCUM_R[30]} {ACCUM_R[29]} {ACCUM_R[28]} {ACCUM_R[27]} {ACCUM_R[26]} {ACCUM_R[25]} {ACCUM_R[24]} {ACCUM_R[23]} {ACCUM_R[22]} {ACCUM_R[21]} {ACCUM_R[20]} {ACCUM_R[19]} {ACCUM_R[18]} {ACCUM_R[17]} {ACCUM_R[16]} {ACCUM_R[15]} {ACCUM_R[14]} {ACCUM_R[13]} {ACCUM_R[12]} {ACCUM_R[11]} {ACCUM_R[10]} {ACCUM_R[9]} {ACCUM_R[8]} {ACCUM_R[7]} {ACCUM_R[6]} {ACCUM_R[5]} {ACCUM_R[4]} {ACCUM_R[3]} {ACCUM_R[2]} {ACCUM_R[1]} {ACCUM_R[0]} {PSTATE[2]} {PSTATE[1]} {PSTATE[0]}}
Selected [108] pin for spreading. Could not spread (71 out of 108) pins, either because space provided for spreading pins are less than required or because of constraints on the selected pins or because of some blockage (pin blockage, routing blockage, power stripes etc.) on the selected region.

Following pins are not spread:
  DM_IN[31]
  DM_IN[30]
  DM_IN[29]
  DM_IN[28]
  DM_IN[27]
  DM_IN[26]
  DM_IN[25]
  DM_IN[24]
  DM_IN[23]
  DM_IN[22]
  DM_IN[21]
  DM_IN[20]
  DM_IN[19]
  DM_IN[18]
  DM_IN[17]
  DM_IN[16]
  DM_IN[15]
  DM_IN[14]
  DM_IN[13]
  DM_IN[12]
  DM_IN[11]
  DM_IN[10]
  DM_IN[9]
  DM_IN[8]
  DM_IN[7]
  DM_IN[6]
  DM_IN[5]
  DM_IN[4]
  DM_IN[3]
  DM_IN[2]
  DM_IN[1]
  DM_IN[0]
  PC[3]
  PC[2]
  PC[1]
  PC[0]
  ACCUM_R[31]
  ACCUM_R[30]
  ACCUM_R[29]
  ACCUM_R[28]
  ACCUM_R[27]
  ACCUM_R[26]
  ACCUM_R[25]
  ACCUM_R[24]
  ACCUM_R[23]
  ACCUM_R[22]
  ACCUM_R[21]
  ACCUM_R[20]
  ACCUM_R[19]
  ACCUM_R[18]
  ACCUM_R[17]
  ACCUM_R[16]
  ACCUM_R[15]
  ACCUM_R[14]
  ACCUM_R[13]
  ACCUM_R[12]
  ACCUM_R[11]
  ACCUM_R[10]
  ACCUM_R[9]
  ACCUM_R[8]
  ACCUM_R[7]
  ACCUM_R[6]
  ACCUM_R[5]
  ACCUM_R[4]
  ACCUM_R[3]
  ACCUM_R[2]
  ACCUM_R[1]
  ACCUM_R[0]
  PSTATE[2]
  PSTATE[1]
  PSTATE[0]
editPin : finished (cpu = 0:00:00.0 real = 0:00:00.0, mem = 1589.3M).
### End verbose source output for '../floorplan/fp.tcl'.
<CMD> globalNetConnect VDD -pin VDD -instanceBasename * -verbose
31 new pwr-pin connections were made to global net 'VDD'.
<CMD> globalNetConnect VSS -pin VSS -instanceBasename * -verbose
31 new gnd-pin connections were made to global net 'VSS'.
<CMD> setDontUse *CLK* true
<CMD> setRouteMode -earlyGlobalMaxRouteLayer 5
**WARN: (IMPPSP-1003):	Found use of 'setRouteMode -earlyGlobalMaxRouteLayer'. This will continue to work in this release; however, it is recommended to use 'setDesignMode -topRoutingLayer' instead.
<CMD> setPinAssignMode -maxLayer 5
**WARN: (IMPPTN-867):	Found use of setPinAssignMode -maxLayer. This will continue to work in this release; however, it is recommended to use setDesignMode -topRoutingLayer instead.
<CMD> setNanoRouteMode -routeTopRoutingLayer 5
#WARNING (NRIF-91) Option setNanoRouteMode -routeTopRoutingLayer is obsolete. It will continue to work for the current release. To ensure compatibility with future releases, use option setDesignMode -topRoutingLayer instead.
<CMD> setDesignMode -topRoutingLayer met5
**WARN: (IMPSYT-21024):	Command "setMaxRouteLayer" has become obsolete. It will be removed in the next release and is replaced by "setDesignMode -topRoutingLayer". The obsolete command still works in this release, but to avoid this warning and to ensure compatibility with future releases, update your scripts.
<CMD> setDesignMode -process 130
##  Process: 130           (User Set)               
##     Node: (not set)                           

##  Check design process and node:  
##  Design tech node is not set.

Applying the recommended capacitance filtering threshold values for 130nm process node: total_c_th=0, relative_c_th=1 and coupling_c_th=0.4.
	These values will be used by all post-route extraction engines, including TQuantus, IQuantus and Quantus QRC extraction.
	Capacitance filtering mode(-capFilterMode option of the setExtractRCMode) is 'relAndCoup' for all engines.
	The accuracy mode for postRoute effortLevel low extraction will be set to 'standard'.
	Default value for EffortLevel(-effortLevel option of the setExtractRCMode) in postRoute extraction mode is 'low'.
<CMD> timeDesign -preplace -prefix init -outDir RPT/init
*** timeDesign #1 [begin] : totSession cpu/real = 0:00:55.2/0:01:27.2 (0.6), mem = 1589.3M
Setting timing_disable_library_data_to_data_checks to 'true'.
Setting timing_disable_user_data_to_data_checks to 'true'.
Set Using Default Delay Limit as 101.
**WARN: (IMPDC-1629):	The default delay limit was set to 101. This is less than the default of 1000 and may result in inaccurate delay calculation for nets with a fanout higher than the setting.  If needed, the default delay limit may be adjusted by running the command 'set delaycal_use_default_delay_limit'.
Setting High Fanout Nets ( > 100 ) as ideal temporarily for -prePlace option
Set Default Net Delay as 0 ps.
Set Default Net Load as 0 pF. 
Set Default Input Pin Transition as 1 ps.
Starting delay calculation for Setup views
AAE_INFO: opIsDesignInPostRouteState() is 0
AAE DB initialization (MEM=1623.69 CPU=0:00:00.0 REAL=0:00:00.0) 
#################################################################################
# Design Stage: PreRoute
# Design Name: RISC_V3
# Design Mode: 130nm
# Analysis Mode: MMMC OCV 
# Parasitics Mode: No SPEF/RCDB 
# Signoff Settings: SI Off 
#################################################################################
Start delay calculation (fullDC) (1 T). (MEM=1713.72)
Total number of fetched objects 33
Total number of fetched objects 33
End delay calculation. (MEM=1865.85 CPU=0:00:00.1 REAL=0:00:00.0)
End delay calculation (fullDC). (MEM=1829.23 CPU=0:00:00.3 REAL=0:00:00.0)
*** Done Building Timing Graph (cpu=0:00:01.6 real=0:00:02.0 totSessionCpu=0:00:57.3 mem=1829.2M)

------------------------------------------------------------------
          timeDesign Summary
------------------------------------------------------------------

Setup views included:
 func_slow func_typical 

+--------------------+---------+---------+---------+
|     Setup mode     |   all   | reg2reg | default |
+--------------------+---------+---------+---------+
|           WNS (ns):|  3.276  |  3.276  |  4.476  |
|           TNS (ns):|  0.000  |  0.000  |  0.000  |
|    Violating Paths:|    0    |    0    |    0    |
|          All Paths:|   20    |   10    |   12    |
+--------------------+---------+---------+---------+

Density: 63.690%
------------------------------------------------------------------
Set Using Default Delay Limit as 1000.
Resetting back High Fanout Nets as non-ideal
Set Default Net Delay as 1000 ps.
Set Default Input Pin Transition as 0.1 ps.
Set Default Net Load as 0.5 pF. 
Reported timing to dir RPT/init
Total CPU time: 2.37 sec
Total Real time: 2.0 sec
Total Memory Usage: 1747.222656 Mbytes
*** timeDesign #1 [finish] : cpu/real = 0:00:02.3/0:00:02.3 (1.0), totSession cpu/real = 0:00:57.5/0:01:29.5 (0.6), mem = 1747.2M
<CMD> checkDesign -all
Creating directory checkDesign.
**WARN: (IMPREPO-207):	There are 1 Cells dimensions not multiple integer of site.
Begin checking placement ... (start mem=1747.2M, init mem=1747.2M)
*info: Recommended don't use cell = 0           
*info: Placed = 6              (Fixed = 6)
*info: Unplaced = 25          
Placement Density:63.69%(408/640)
Placement Density (including fixed std cells):66.11%(453/686)
Finished checkPlace (total: cpu=0:00:00.0, real=0:00:00.0; vio checks: cpu=0:00:00.0, real=0:00:00.0; mem=1747.2M)
Design: RISC_V3

------ Design Summary:
Total Standard Cell Number   (cells) : 31
Total Block Cell Number      (cells) : 0
Total I/O Pad Cell Number    (cells) : 0
Total Standard Cell Area     ( um^2) : 453.25
Total Block Cell Area        ( um^2) : 0.00
Total I/O Pad Cell Area      ( um^2) : 0.00

------ Design Statistics:

Number of Instances            : 31
Number of Non-uniquified Insts : 26
Number of Nets                 : 137
Average number of Pins per Net : 1.50
Maximum number of Pins in Net  : 7

------ I/O Port summary

Number of Primary I/O Ports    : 110
Number of Input Ports          : 2
Number of Output Ports         : 108
Number of Bidirectional Ports  : 0
Number of Power/Ground Ports   : 0
Number of Floating Ports                     *: 102
Number of Ports Connected to Multiple Pads   *: 0
Number of Ports Connected to Core Instances   : 8
**WARN: (IMPREPO-200):	There are 102 Floating Ports in the top design.
**WARN: (IMPREPO-202):	There are 8 Ports connected to core instances.

------ Design Rule Checking:

Number of Output Pins connect to Power/Ground *: 0
Number of Insts with Input Pins tied together ?: 0
Number of TieHi/Lo term nets not connected to instance's PG terms ?: 0
Number of Input/InOut Floating Pins            : 0
Number of Output Floating Pins                 : 0
Number of Output Term Marked TieHi/Lo         *: 0

Number of nets with tri-state drivers          : 0
Number of nets with parallel drivers           : 0
Number of nets with multiple drivers           : 0
Number of nets with no driver (No FanIn)       : 0
Number of Output Floating nets (No FanOut)     : 5
Number of High Fanout nets (>50)               : 0
**WARN: (IMPREPO-231):	Input netlist has a cell 'CLKINVX1' which is marked dont_use in the library. This cell will not be used in timing optimization. Use set_dont_use command to change. Instances of this cell are : <output of dbGet top.insts.cell.name <the cell> -p2

# Number of cells of input netlist marked dont_use = 1.

**WARN: (IMPREPO-212):	There are 102 Floating I/O Pins.
**WARN: (IMPREPO-213):	There are 8 I/O Pins connected to Non-IO Insts.
Checking for any assigns in the netlist...
Assigns in module RISC_V3
  DM_IN[31] DM_IN[30] DM_IN[29] DM_IN[28] DM_IN[27] DM_IN[26] DM_IN[25] DM_IN[24] DM_IN[23] DM_IN[22] DM_IN[21] DM_IN[20] DM_IN[19] DM_IN[18] DM_IN[17] DM_IN[16] DM_IN[15] DM_IN[14] DM_IN[13] DM_IN[12] DM_IN[11] DM_IN[10] DM_IN[9] DM_IN[8] DM_IN[7] DM_IN[6] DM_IN[5] DM_IN[4] DM_IN[3] DM_IN[2] DM_IN[1] DM_IN[0] DM_ADDR[3] DM_ADDR[2] DM_ADDR[1] DM_ADDR[0] DM_WR IR[31] IR[30] IR[29] IR[28] IR[27] IR[26] IR[25] IR[24] IR[23] IR[22] IR[21] IR[20] IR[19] IR[18] IR[17] IR[16] IR[15] IR[14] IR[13] IR[12] IR[11] IR[10] IR[9] IR[8] IR[7] IR[6] IR[5] IR[4] IR[3] IR[2] IR[1] IR[0] ACCUM_R[31] ACCUM_R[30] ACCUM_R[29] ACCUM_R[28] ACCUM_R[27] ACCUM_R[26] ACCUM_R[25] ACCUM_R[24] ACCUM_R[23] ACCUM_R[22] ACCUM_R[21] ACCUM_R[20] ACCUM_R[19] ACCUM_R[18] ACCUM_R[17] ACCUM_R[16] ACCUM_R[15] ACCUM_R[14] ACCUM_R[13] ACCUM_R[12] ACCUM_R[11] ACCUM_R[10] ACCUM_R[9] ACCUM_R[8] ACCUM_R[7] ACCUM_R[6] ACCUM_R[5] ACCUM_R[4] ACCUM_R[3] ACCUM_R[2] ACCUM_R[1] ACCUM_R[0] PSTATE[2] 1b'0
Checking routing tracks.....
Checking other grids.....
Checking routing blockage.....
Checking components.....
Checking constraints (guide/region/fence).....
Checking groups.....
Checking Ptn Core Box.....

Checking Preroutes.....
No. of regular pre-routes not on tracks : 0 
 Design check done.
Report saved in file checkDesign/RISC_V3.main.htm.ascii

*** Summary of all messages that are not suppressed in this session:
Severity  ID               Count  Summary                                  
WARNING   IMPREPO-231          1  Input netlist has a cell '%s' which is m...
WARNING   IMPREPO-200          1  There are %d Floating Ports in the top d...
WARNING   IMPREPO-202          1  There are %d Ports connected to core ins...
WARNING   IMPREPO-207          1  There are %d Cells dimensions not multip...
WARNING   IMPREPO-212          1  There are %d Floating I/O Pins.          
WARNING   IMPREPO-213          1  There are %d I/O Pins connected to Non-I...
*** Message Summary: 6 warning(s), 0 error(s)

<CMD> check_timing
AAE_INFO: opIsDesignInPostRouteState() is 0
#################################################################################
# Design Stage: PreRoute
# Design Name: RISC_V3
# Design Mode: 130nm
# Analysis Mode: MMMC OCV 
# Parasitics Mode: No SPEF/RCDB 
# Signoff Settings: SI Off 
#################################################################################
Start delay calculation (fullDC) (1 T). (MEM=1769.34)
Total number of fetched objects 33
Total number of fetched objects 33
End delay calculation. (MEM=1847.09 CPU=0:00:00.0 REAL=0:00:00.0)
End delay calculation (fullDC). (MEM=1847.09 CPU=0:00:00.1 REAL=0:00:00.0)
     +-----------------------------------------------------------+ 
     |                   TIMING CHECK SUMMARY                    | 
     |-----------------------------------------------------------| 
     |       Warning        |   Warning Description   |  Number  | 
     |                      |                         |    of    | 
     |                      |                         | Warnings | 
     |----------------------+-------------------------+----------| 
     | ideal_clock_waveform | Clock waveform is ideal |        2 | 
     | no_drive             | No drive assertion      |        4 | 
     +-----------------------------------------------------------+ 
<CMD> um::get_metric_definition -name *.drc
<CMD> um::get_metric_definition -name *.drc.layer:*
<CMD> um::get_metric_definition -name *.drc.layer:*.type:*
<CMD> um::get_metric_definition -name *.drc.type:*
<CMD> um::get_metric_definition -name check.drc
<CMD> um::get_metric_definition -name check.drc.antenna
<CMD> um::get_metric_definition -name check.place.*
<CMD> um::get_metric_definition -name clock.area.buffer
<CMD> um::get_metric_definition -name clock.area.clkgate
<CMD> um::get_metric_definition -name clock.area.inverter
<CMD> um::get_metric_definition -name clock.area.logic
<CMD> um::get_metric_definition -name clock.area.nonicg
<CMD> um::get_metric_definition -name clock.area.total
<CMD> um::get_metric_definition -name clock.area_distribution.buffer.base_cell:*
<CMD> um::get_metric_definition -name clock.area_distribution.clkgate.base_cell:*
<CMD> um::get_metric_definition -name clock.area_distribution.inverter.base_cell:*
<CMD> um::get_metric_definition -name clock.area_distribution.logic.base_cell:*
<CMD> um::get_metric_definition -name clock.area_distribution.nonicg.base_cell:*
<CMD> um::get_metric_definition -name clock.buffer_depth_constraint.skew_group:*.*
<CMD> um::get_metric_definition -name clock.capacitance.gate.leaf
<CMD> um::get_metric_definition -name clock.capacitance.gate.top
<CMD> um::get_metric_definition -name clock.capacitance.gate.trunk
<CMD> um::get_metric_definition -name clock.capacitance.sink.*
<CMD> um::get_metric_definition -name clock.capacitance.total.leaf
<CMD> um::get_metric_definition -name clock.capacitance.total.top
<CMD> um::get_metric_definition -name clock.capacitance.total.trunk
<CMD> um::get_metric_definition -name clock.capacitance.wire.leaf
<CMD> um::get_metric_definition -name clock.capacitance.wire.top
<CMD> um::get_metric_definition -name clock.capacitance.wire.trunk
<CMD> um::get_metric_definition -name clock.drv.nets.capacitance.*
<CMD> um::get_metric_definition -name clock.drv.nets.capacitance.count
<CMD> um::get_metric_definition -name clock.drv.nets.capacitance.max
<CMD> um::get_metric_definition -name clock.drv.nets.fanout.*
<CMD> um::get_metric_definition -name clock.drv.nets.fanout.count
<CMD> um::get_metric_definition -name clock.drv.nets.fanout.max
<CMD> um::get_metric_definition -name clock.drv.nets.length.*
<CMD> um::get_metric_definition -name clock.drv.nets.length.count
<CMD> um::get_metric_definition -name clock.drv.nets.length.max
<CMD> um::get_metric_definition -name clock.drv.nets.remaining
<CMD> um::get_metric_definition -name clock.drv.nets.resistance.*
<CMD> um::get_metric_definition -name clock.drv.nets.resistance.count
<CMD> um::get_metric_definition -name clock.drv.nets.resistance.max
<CMD> um::get_metric_definition -name clock.drv.nets.unfixable
<CMD> um::get_metric_definition -name clock.halo.clock_tree:*.count
<CMD> um::get_metric_definition -name clock.halo.clock_tree:*.violations
<CMD> um::get_metric_definition -name clock.instances.buffer
<CMD> um::get_metric_definition -name clock.instances.buffer.creator.*
<CMD> um::get_metric_definition -name clock.instances.clkgate
<CMD> um::get_metric_definition -name clock.instances.inverter
<CMD> um::get_metric_definition -name clock.instances.inverter.creator.*
<CMD> um::get_metric_definition -name clock.instances.logic
<CMD> um::get_metric_definition -name clock.instances.nonicg
<CMD> um::get_metric_definition -name clock.instances.total
<CMD> um::get_metric_definition -name clock.instances_distribution.buffer.base_cell:*
<CMD> um::get_metric_definition -name clock.instances_distribution.clkgate.base_cell:*
<CMD> um::get_metric_definition -name clock.instances_distribution.inverter.base_cell:*
<CMD> um::get_metric_definition -name clock.instances_distribution.logic.base_cell:*
<CMD> um::get_metric_definition -name clock.instances_distribution.nonicg.base_cell:*
<CMD> um::get_metric_definition -name clock.latency.primary_reporting_skew_group.primary_half_corner.*
<CMD> um::get_metric_definition -name clock.latency.skew_group:*.delay_corner:*.early.*
<CMD> um::get_metric_definition -name clock.latency.skew_group:*.delay_corner:*.late.*
<CMD> um::get_metric_definition -name clock.nets.length.leaf
<CMD> um::get_metric_definition -name clock.nets.length.top
<CMD> um::get_metric_definition -name clock.nets.length.total
<CMD> um::get_metric_definition -name clock.nets.length.trunk
<CMD> um::get_metric_definition -name clock.skew.primary_reporting_skew_group.primary_half_corner.*
<CMD> um::get_metric_definition -name clock.skew.primary_reporting_skew_group.primary_half_corner.skew_band.*
<CMD> um::get_metric_definition -name clock.skew.skew_group:*.delay_corner:*.early.gate
<CMD> um::get_metric_definition -name clock.skew.skew_group:*.delay_corner:*.early.skew_band.*
<CMD> um::get_metric_definition -name clock.skew.skew_group:*.delay_corner:*.early.target
<CMD> um::get_metric_definition -name clock.skew.skew_group:*.delay_corner:*.early.target_met
<CMD> um::get_metric_definition -name clock.skew.skew_group:*.delay_corner:*.early.total
<CMD> um::get_metric_definition -name clock.skew.skew_group:*.delay_corner:*.early.wire
<CMD> um::get_metric_definition -name clock.skew.skew_group:*.delay_corner:*.late.gate
<CMD> um::get_metric_definition -name clock.skew.skew_group:*.delay_corner:*.late.skew_band.*
<CMD> um::get_metric_definition -name clock.skew.skew_group:*.delay_corner:*.late.target
<CMD> um::get_metric_definition -name clock.skew.skew_group:*.delay_corner:*.late.target_met
<CMD> um::get_metric_definition -name clock.skew.skew_group:*.delay_corner:*.late.total
<CMD> um::get_metric_definition -name clock.skew.skew_group:*.delay_corner:*.late.wire
<CMD> um::get_metric_definition -name clock.stage_depth_constraint.*
<CMD> um::get_metric_definition -name clock.transition.auto_target.delay_corner:*.early.clock_tree:*
<CMD> um::get_metric_definition -name clock.transition.auto_target.delay_corner:*.late.clock_tree:*
<CMD> um::get_metric_definition -name clock.transition.primary_half_corner.leaf.*.*
<CMD> um::get_metric_definition -name clock.transition.primary_half_corner.leaf.*.max
<CMD> um::get_metric_definition -name clock.transition.primary_half_corner.top.*.*
<CMD> um::get_metric_definition -name clock.transition.primary_half_corner.top.*.max
<CMD> um::get_metric_definition -name clock.transition.primary_half_corner.trunk.*.*
<CMD> um::get_metric_definition -name clock.transition.primary_half_corner.trunk.*.max
<CMD> um::get_metric_definition -name clock.transition.target.delay_corner:*.early.leaf.clock_tree:*
<CMD> um::get_metric_definition -name clock.transition.target.delay_corner:*.early.top.clock_tree:*
<CMD> um::get_metric_definition -name clock.transition.target.delay_corner:*.early.trunk.clock_tree:*
<CMD> um::get_metric_definition -name clock.transition.target.delay_corner:*.late.leaf.clock_tree:*
<CMD> um::get_metric_definition -name clock.transition.target.delay_corner:*.late.top.clock_tree:*
<CMD> um::get_metric_definition -name clock.transition.target.delay_corner:*.late.trunk.clock_tree:*
<CMD> um::get_metric_definition -name clock.transition.target.primary_half_corner.leaf.*
<CMD> um::get_metric_definition -name clock.transition.target.primary_half_corner.top.*
<CMD> um::get_metric_definition -name clock.transition.target.primary_half_corner.trunk.*
<CMD> um::get_metric_definition -name design.area
<CMD> um::get_metric_definition -name design.area.always_on
<CMD> um::get_metric_definition -name design.area.blackbox
<CMD> um::get_metric_definition -name design.area.buffer
<CMD> um::get_metric_definition -name design.area.combinatorial
<CMD> um::get_metric_definition -name design.area.hinst:*
<CMD> um::get_metric_definition -name design.area.icg
<CMD> um::get_metric_definition -name design.area.inverter
<CMD> um::get_metric_definition -name design.area.io
<CMD> um::get_metric_definition -name design.area.isolation
<CMD> um::get_metric_definition -name design.area.latch
<CMD> um::get_metric_definition -name design.area.level_shifter
<CMD> um::get_metric_definition -name design.area.logical
<CMD> um::get_metric_definition -name design.area.macro
<CMD> um::get_metric_definition -name design.area.physical
<CMD> um::get_metric_definition -name design.area.power_switch
<CMD> um::get_metric_definition -name design.area.register
<CMD> um::get_metric_definition -name design.area.std_cell
<CMD> um::get_metric_definition -name design.area.vth:*
<CMD> um::get_metric_definition -name design.area.vth:*.ratio
<CMD> um::get_metric_definition -name design.blockages.place.area
<CMD> um::get_metric_definition -name design.blockages.route.area
<CMD> um::get_metric_definition -name design.blockages.route.area.layer:*
<CMD> um::get_metric_definition -name design.congestion.hotspot.max
<CMD> um::get_metric_definition -name design.congestion.hotspot.total
<CMD> um::get_metric_definition -name design.density
<CMD> um::get_metric_definition -name design.floorplan.image
<CMD> um::get_metric_definition -name design.instances
<CMD> um::get_metric_definition -name design.instances.always_on
<CMD> um::get_metric_definition -name design.instances.blackbox
<CMD> um::get_metric_definition -name design.instances.buffer
<CMD> um::get_metric_definition -name design.instances.combinatorial
<CMD> um::get_metric_definition -name design.instances.hinst:*
<CMD> um::get_metric_definition -name design.instances.icg
<CMD> um::get_metric_definition -name design.instances.inverter
<CMD> um::get_metric_definition -name design.instances.io
<CMD> um::get_metric_definition -name design.instances.isolation
<CMD> um::get_metric_definition -name design.instances.latch
<CMD> um::get_metric_definition -name design.instances.level_shifter
<CMD> um::get_metric_definition -name design.instances.logical
<CMD> um::get_metric_definition -name design.instances.macro
<CMD> um::get_metric_definition -name design.instances.physical
<CMD> um::get_metric_definition -name design.instances.power_switch
<CMD> um::get_metric_definition -name design.instances.register
<CMD> um::get_metric_definition -name design.instances.std_cell
<CMD> um::get_metric_definition -name design.instances.vth:*
<CMD> um::get_metric_definition -name design.instances.vth:*.ratio
<CMD> um::get_metric_definition -name design.multibit.*
<CMD> um::get_metric_definition -name design.name
<CMD> um::get_metric_definition -name design.route.drc.image
<CMD> um::get_metric_definition -name flow.cputime
<CMD> um::get_metric_definition -name flow.cputime.total
<CMD> um::get_metric_definition -name flow.last_child_snapshot
<CMD> um::get_metric_definition -name flow.log
<CMD> um::get_metric_definition -name flow.machine
<CMD> um::get_metric_definition -name flow.machine.cpu.frequency
<CMD> um::get_metric_definition -name flow.machine.cpu.model
<CMD> um::get_metric_definition -name flow.machine.cpu.number
<CMD> um::get_metric_definition -name flow.machine.hostname
<CMD> um::get_metric_definition -name flow.machine.load
<CMD> um::get_metric_definition -name flow.machine.memory.free
<CMD> um::get_metric_definition -name flow.machine.memory.total
<CMD> um::get_metric_definition -name flow.machine.os
<CMD> um::get_metric_definition -name flow.machine.swap.free
<CMD> um::get_metric_definition -name flow.machine.swap.total
<CMD> um::get_metric_definition -name flow.memory
<CMD> um::get_metric_definition -name flow.memory.resident
<CMD> um::get_metric_definition -name flow.memory.resident.peak
<CMD> um::get_metric_definition -name flow.realtime
<CMD> um::get_metric_definition -name flow.realtime.total
<CMD> um::get_metric_definition -name flow.root_config
<CMD> um::get_metric_definition -name flow.run_directory
<CMD> um::get_metric_definition -name flow.run_tag
<CMD> um::get_metric_definition -name flow.step.tcl
<CMD> um::get_metric_definition -name flow.template.feature_enabled
<CMD> um::get_metric_definition -name flow.template.type
<CMD> um::get_metric_definition -name flow.tool_list
<CMD> um::get_metric_definition -name flow.user
<CMD> um::get_metric_definition -name flowtool.status
<CMD> um::get_metric_definition -name messages
<CMD> um::get_metric_definition -name name
<CMD> um::get_metric_definition -name power
<CMD> um::get_metric_definition -name power.clock
<CMD> um::get_metric_definition -name power.hinst:*
<CMD> um::get_metric_definition -name power.internal
<CMD> um::get_metric_definition -name power.internal.hinst:*
<CMD> um::get_metric_definition -name power.internal.type:*
<CMD> um::get_metric_definition -name power.leakage
<CMD> um::get_metric_definition -name power.leakage.hinst:*
<CMD> um::get_metric_definition -name power.leakage.type:*
<CMD> um::get_metric_definition -name power.switching
<CMD> um::get_metric_definition -name power.switching.hinst:*
<CMD> um::get_metric_definition -name power.switching.type:*
<CMD> um::get_metric_definition -name route.drc
<CMD> um::get_metric_definition -name route.drc.antenna
<CMD> um::get_metric_definition -name route.drc.layer:*
<CMD> um::get_metric_definition -name route.map.*
<CMD> um::get_metric_definition -name route.overflow
<CMD> um::get_metric_definition -name route.overflow.horizontal
<CMD> um::get_metric_definition -name route.overflow.layer:*
<CMD> um::get_metric_definition -name route.overflow.vertical
<CMD> um::get_metric_definition -name route.shielding.*
<CMD> um::get_metric_definition -name route.via
<CMD> um::get_metric_definition -name route.via.layer:*
<CMD> um::get_metric_definition -name route.via.multicut
<CMD> um::get_metric_definition -name route.via.multicut.layer:*
<CMD> um::get_metric_definition -name route.via.multicut.percentage
<CMD> um::get_metric_definition -name route.via.singlecut
<CMD> um::get_metric_definition -name route.via.singlecut.layer:*
<CMD> um::get_metric_definition -name route.via.singlecut.percentage
<CMD> um::get_metric_definition -name route.via.total
<CMD> um::get_metric_definition -name route.wirelength
<CMD> um::get_metric_definition -name timing.drv.max_cap.total
<CMD> um::get_metric_definition -name timing.drv.max_cap.worst
<CMD> um::get_metric_definition -name timing.drv.max_fanout.total
<CMD> um::get_metric_definition -name timing.drv.max_fanout.worst
<CMD> um::get_metric_definition -name timing.drv.max_length.total
<CMD> um::get_metric_definition -name timing.drv.max_length.worst
<CMD> um::get_metric_definition -name timing.drv.max_tran.total
<CMD> um::get_metric_definition -name timing.drv.max_tran.worst
<CMD> um::get_metric_definition -name timing.hold.feps
<CMD> um::get_metric_definition -name timing.hold.feps.analysis_view:*
<CMD> um::get_metric_definition -name timing.hold.feps.path_group:*
<CMD> um::get_metric_definition -name timing.hold.feps.path_group:*.analysis_view:*
<CMD> um::get_metric_definition -name timing.hold.feps.path_group:reg2reg
<CMD> um::get_metric_definition -name timing.hold.histogram
<CMD> um::get_metric_definition -name timing.hold.histogram.views
<CMD> um::get_metric_definition -name timing.hold.tns
<CMD> um::get_metric_definition -name timing.hold.tns.analysis_view:*
<CMD> um::get_metric_definition -name timing.hold.tns.path_group:*
<CMD> um::get_metric_definition -name timing.hold.tns.path_group:*.analysis_view:*
<CMD> um::get_metric_definition -name timing.hold.tns.path_group:reg2reg
<CMD> um::get_metric_definition -name timing.hold.type
<CMD> um::get_metric_definition -name timing.hold.wns
<CMD> um::get_metric_definition -name timing.hold.wns.analysis_view:*
<CMD> um::get_metric_definition -name timing.hold.wns.path_group:*
<CMD> um::get_metric_definition -name timing.hold.wns.path_group:*.analysis_view:*
<CMD> um::get_metric_definition -name timing.hold.wns.path_group:reg2reg
<CMD> um::get_metric_definition -name timing.min_pulse_width.clocktree.feps
<CMD> um::get_metric_definition -name timing.min_pulse_width.clocktree.feps.analysis_view:*
<CMD> um::get_metric_definition -name timing.min_pulse_width.clocktree.feps.analysis_view:*.clock:*
<CMD> um::get_metric_definition -name timing.min_pulse_width.clocktree.feps.clock:*
<CMD> um::get_metric_definition -name timing.min_pulse_width.clocktree.tns
<CMD> um::get_metric_definition -name timing.min_pulse_width.clocktree.tns.analysis_view:*
<CMD> um::get_metric_definition -name timing.min_pulse_width.clocktree.tns.analysis_view:*.clock:*
<CMD> um::get_metric_definition -name timing.min_pulse_width.clocktree.tns.clock:*
<CMD> um::get_metric_definition -name timing.min_pulse_width.clocktree.wns
<CMD> um::get_metric_definition -name timing.min_pulse_width.clocktree.wns.analysis_view:*
<CMD> um::get_metric_definition -name timing.min_pulse_width.clocktree.wns.analysis_view:*.clock:*
<CMD> um::get_metric_definition -name timing.min_pulse_width.clocktree.wns.clock:*
<CMD> um::get_metric_definition -name timing.min_pulse_width.endpoints.feps
<CMD> um::get_metric_definition -name timing.min_pulse_width.endpoints.feps.analysis_view:*
<CMD> um::get_metric_definition -name timing.min_pulse_width.endpoints.feps.analysis_view:*.clock:*
<CMD> um::get_metric_definition -name timing.min_pulse_width.endpoints.feps.clock:*
<CMD> um::get_metric_definition -name timing.min_pulse_width.endpoints.tns
<CMD> um::get_metric_definition -name timing.min_pulse_width.endpoints.tns.analysis_view:*
<CMD> um::get_metric_definition -name timing.min_pulse_width.endpoints.tns.analysis_view:*.clock:*
<CMD> um::get_metric_definition -name timing.min_pulse_width.endpoints.tns.clock:*
<CMD> um::get_metric_definition -name timing.min_pulse_width.endpoints.wns
<CMD> um::get_metric_definition -name timing.min_pulse_width.endpoints.wns.analysis_view:%.clock:*
<CMD> um::get_metric_definition -name timing.min_pulse_width.endpoints.wns.analysis_view:*
<CMD> um::get_metric_definition -name timing.min_pulse_width.endpoints.wns.analysis_view:*.clock:*
<CMD> um::get_metric_definition -name timing.min_pulse_width.endpoints.wns.clock:*
<CMD> um::get_metric_definition -name timing.setup.feps
<CMD> um::get_metric_definition -name timing.setup.feps.analysis_view:*
<CMD> um::get_metric_definition -name timing.setup.feps.path_group:*
<CMD> um::get_metric_definition -name timing.setup.feps.path_group:*.analysis_view:*
<CMD> um::get_metric_definition -name timing.setup.feps.path_group:reg2reg
<CMD> um::get_metric_definition -name timing.setup.histogram
<CMD> um::get_metric_definition -name timing.setup.histogram.views
<CMD> um::get_metric_definition -name timing.setup.tns
<CMD> um::get_metric_definition -name timing.setup.tns.analysis_view:*
<CMD> um::get_metric_definition -name timing.setup.tns.path_group:*
<CMD> um::get_metric_definition -name timing.setup.tns.path_group:*.analysis_view:*
<CMD> um::get_metric_definition -name timing.setup.tns.path_group:reg2reg
<CMD> um::get_metric_definition -name timing.setup.type
<CMD> um::get_metric_definition -name timing.setup.wns
<CMD> um::get_metric_definition -name timing.setup.wns.analysis_view:*
<CMD> um::get_metric_definition -name timing.setup.wns.path_group:*
<CMD> um::get_metric_definition -name timing.setup.wns.path_group:*.analysis_view:*
<CMD> um::get_metric_definition -name timing.setup.wns.path_group:reg2reg
<CMD> um::get_metric_definition -name timing.si.double_clocking.analysis_view:*
<CMD> um::get_metric_definition -name timing.si.double_clocking.frequency_violations.analysis_view:*
<CMD> um::get_metric_definition -name timing.si.double_clocking.report_file.analysis_view:*
<CMD> um::get_metric_definition -name timing.si.glitches
<CMD> um::get_metric_definition -name timing.si.noise
<CMD> um::get_metric_definition -name transition.*
<CMD> um::get_metric_definition -name transition.count
<CMD> um::get_metric_definition -name transition.max
<CMD> um::get_metric -id current -uuid 9318447f-09e7-488e-b62a-3d09ba164d05 messages.instant -exclude_inherited
<CMD> saveDesign DBS/init.enc -compress
#% Begin save design ... (date=06/15 19:30:57, mem=1335.6M)
% Begin Save ccopt configuration ... (date=06/15 19:30:57, mem=1335.6M)
% End Save ccopt configuration ... (date=06/15 19:30:57, total cpu=0:00:00.1, real=0:00:00.0, peak res=1336.4M, current mem=1336.4M)
% Begin Save netlist data ... (date=06/15 19:30:57, mem=1336.4M)
Writing Binary DB to DBS/init.enc.dat/RISC_V3.v.bin in single-threaded mode...
% End Save netlist data ... (date=06/15 19:30:57, total cpu=0:00:00.1, real=0:00:00.0, peak res=1336.5M, current mem=1336.5M)
Saving symbol-table file ...
Saving congestion map file DBS/init.enc.dat/RISC_V3.route.congmap.gz ...
% Begin Save AAE data ... (date=06/15 19:31:00, mem=1336.6M)
Saving AAE Data ...
% End Save AAE data ... (date=06/15 19:31:00, total cpu=0:00:00.0, real=0:00:00.0, peak res=1336.6M, current mem=1336.6M)
Saving preference file DBS/init.enc.dat/gui.pref.tcl ...
Saving mode setting ...
Saving global file ...
% Begin Save floorplan data ... (date=06/15 19:31:01, mem=1337.9M)
Saving floorplan file ...
% End Save floorplan data ... (date=06/15 19:31:03, total cpu=0:00:00.1, real=0:00:01.0, peak res=1338.0M, current mem=1338.0M)
Saving PG file DBS/init.enc.dat/RISC_V3.pg.gz, version#2, (Created by Innovus v21.18-s099_1 on Mon Jun 15 19:31:03 2026)
*** Completed savePGFile (cpu=0:00:00.0 real=0:00:01.0 mem=1810.6M) ***
Saving Drc markers ...
... No Drc file written since there is no markers found.
% Begin Save placement data ... (date=06/15 19:31:04, mem=1338.0M)
** Saving stdCellPlacement_binary (version# 2) ...
Save Adaptive View Pruning View Names to Binary file
% End Save placement data ... (date=06/15 19:31:04, total cpu=0:00:00.1, real=0:00:00.0, peak res=1338.1M, current mem=1338.1M)
% Begin Save routing data ... (date=06/15 19:31:04, mem=1338.1M)
Saving route file ...
*** Completed saveRoute (cpu=0:00:00.0 real=0:00:01.0 mem=1810.6M) ***
% End Save routing data ... (date=06/15 19:31:05, total cpu=0:00:00.0, real=0:00:01.0, peak res=1338.2M, current mem=1338.2M)
Saving property file DBS/init.enc.dat/RISC_V3.prop
*** Completed saveProperty (cpu=0:00:00.0 real=0:00:00.0 mem=1813.6M) ***
Saving preRoute extracted patterns in file 'DBS/init.enc.dat/RISC_V3.techData.gz' ...
Saving preRoute extraction data in directory 'DBS/init.enc.dat/extraction/' ...
% Begin Save power constraints data ... (date=06/15 19:31:06, mem=1340.6M)
% End Save power constraints data ... (date=06/15 19:31:06, total cpu=0:00:00.0, real=0:00:00.0, peak res=1340.7M, current mem=1340.7M)
rctypical
rctypical
rctypical
Generated self-contained design init.enc.dat
#% End save design ... (date=06/15 19:31:06, total cpu=0:00:01.5, real=0:00:09.0, peak res=1368.7M, current mem=1342.6M)
*** Message Summary: 0 warning(s), 0 error(s)

<CMD> saveNetlist DBS/LEC/init.v.gz
** NOTE: Created directory path 'DBS/LEC' for file 'DBS/LEC/init.v.gz'.
Writing Netlist "DBS/LEC/init.v.gz" ...

*** Memory Usage v#1 (Current mem = 1873.000M, initial mem = 478.113M) ***
*** Message Summary: 37 warning(s), 0 error(s)

--- Ending "Innovus" (totcpu=0:00:59.9, real=0:01:44, mem=1873.0M) ---
