###############################################################
#  Generated by:      Cadence Innovus 21.18-s099_1
#  OS:                Linux x86_64(Host ID cadence)
#  Generated on:      Mon Jun 15 19:30:56 2026
#  Design:            RISC_V3
#  Command:           checkDesign -all
###############################################################
Design: RISC_V3

------ Design Summary:
Total Standard Cell Number   (cells) : 31
Total Block Cell Number      (cells) : 0
Total I/O Pad Cell Number    (cells) : 0
Total Standard Cell Area     ( um^2) : 453.25
Total Block Cell Area        ( um^2) : 0.00
Total I/O Pad Cell Area      ( um^2) : 0.00

------ Design Statistics:

Number of Instances            : 31
Number of Non-uniquified Insts : 26
Number of Nets                 : 137
Average number of Pins per Net : 1.50
Maximum number of Pins in Net  : 7

------ I/O Port summary

Number of Primary I/O Ports    : 110
Number of Input Ports          : 2
Number of Output Ports         : 108
Number of Bidirectional Ports  : 0
Number of Power/Ground Ports   : 0



------------------------------------------------------------
Detail report:


------ I/O Pad/Port Checking

WARN : Port DM_IN[31] is floating in the top design.
WARN : Port DM_IN[30] is floating in the top design.
WARN : Port DM_IN[29] is floating in the top design.
WARN : Port DM_IN[28] is floating in the top design.
WARN : Port DM_IN[27] is floating in the top design.
WARN : Port DM_IN[26] is floating in the top design.
WARN : Port DM_IN[25] is floating in the top design.
WARN : Port DM_IN[24] is floating in the top design.
WARN : Port DM_IN[23] is floating in the top design.
WARN : Port DM_IN[22] is floating in the top design.
WARN : Port DM_IN[21] is floating in the top design.
WARN : Port DM_IN[20] is floating in the top design.
WARN : Port DM_IN[19] is floating in the top design.
WARN : Port DM_IN[18] is floating in the top design.
WARN : Port DM_IN[17] is floating in the top design.
WARN : Port DM_IN[16] is floating in the top design.
WARN : Port DM_IN[15] is floating in the top design.
WARN : Port DM_IN[14] is floating in the top design.
WARN : Port DM_IN[13] is floating in the top design.
WARN : Port DM_IN[12] is floating in the top design.
WARN : Port DM_IN[11] is floating in the top design.
WARN : Port DM_IN[10] is floating in the top design.
WARN : Port DM_IN[9] is floating in the top design.
WARN : Port DM_IN[8] is floating in the top design.
WARN : Port DM_IN[7] is floating in the top design.
WARN : Port DM_IN[6] is floating in the top design.
WARN : Port DM_IN[5] is floating in the top design.
WARN : Port DM_IN[4] is floating in the top design.
WARN : Port DM_IN[3] is floating in the top design.
WARN : Port DM_IN[2] is floating in the top design.
WARN : Port DM_IN[1] is floating in the top design.
WARN : Port DM_IN[0] is floating in the top design.
WARN : Port DM_ADDR[3] is floating in the top design.
WARN : Port DM_ADDR[2] is floating in the top design.
WARN : Port DM_ADDR[1] is floating in the top design.
WARN : Port DM_ADDR[0] is floating in the top design.
WARN : Port DM_WR is floating in the top design.
WARN : Port IR[31] is floating in the top design.
WARN : Port IR[30] is floating in the top design.
WARN : Port IR[29] is floating in the top design.
WARN : Port IR[28] is floating in the top design.
WARN : Port IR[27] is floating in the top design.
WARN : Port IR[26] is floating in the top design.
WARN : Port IR[25] is floating in the top design.
WARN : Port IR[24] is floating in the top design.
WARN : Port IR[23] is floating in the top design.
WARN : Port IR[22] is floating in the top design.
WARN : Port IR[21] is floating in the top design.
WARN : Port IR[20] is floating in the top design.
WARN : Port IR[19] is floating in the top design.
WARN : Port IR[18] is floating in the top design.
WARN : Port IR[17] is floating in the top design.
WARN : Port IR[16] is floating in the top design.
WARN : Port IR[15] is floating in the top design.
WARN : Port IR[14] is floating in the top design.
WARN : Port IR[13] is floating in the top design.
WARN : Port IR[12] is floating in the top design.
WARN : Port IR[11] is floating in the top design.
WARN : Port IR[10] is floating in the top design.
WARN : Port IR[9] is floating in the top design.
WARN : Port IR[8] is floating in the top design.
WARN : Port IR[7] is floating in the top design.
WARN : Port IR[6] is floating in the top design.
WARN : Port IR[5] is floating in the top design.
WARN : Port IR[4] is floating in the top design.
WARN : Port IR[3] is floating in the top design.
WARN : Port IR[2] is floating in the top design.
WARN : Port IR[1] is floating in the top design.
WARN : Port IR[0] is floating in the top design.
WARN : Port ACCUM_R[31] is floating in the top design.
WARN : Port ACCUM_R[30] is floating in the top design.
WARN : Port ACCUM_R[29] is floating in the top design.
WARN : Port ACCUM_R[28] is floating in the top design.
WARN : Port ACCUM_R[27] is floating in the top design.
WARN : Port ACCUM_R[26] is floating in the top design.
WARN : Port ACCUM_R[25] is floating in the top design.
WARN : Port ACCUM_R[24] is floating in the top design.
WARN : Port ACCUM_R[23] is floating in the top design.
WARN : Port ACCUM_R[22] is floating in the top design.
WARN : Port ACCUM_R[21] is floating in the top design.
WARN : Port ACCUM_R[20] is floating in the top design.
WARN : Port ACCUM_R[19] is floating in the top design.
WARN : Port ACCUM_R[18] is floating in the top design.
WARN : Port ACCUM_R[17] is floating in the top design.
WARN : Port ACCUM_R[16] is floating in the top design.
WARN : Port ACCUM_R[15] is floating in the top design.
WARN : Port ACCUM_R[14] is floating in the top design.
WARN : Port ACCUM_R[13] is floating in the top design.
WARN : Port ACCUM_R[12] is floating in the top design.
WARN : Port ACCUM_R[11] is floating in the top design.
WARN : Port ACCUM_R[10] is floating in the top design.
WARN : Port ACCUM_R[9] is floating in the top design.
WARN : Port ACCUM_R[8] is floating in the top design.
WARN : Port ACCUM_R[7] is floating in the top design.
WARN : Port ACCUM_R[6] is floating in the top design.
WARN : Port ACCUM_R[5] is floating in the top design.
WARN : Port ACCUM_R[4] is floating in the top design.
WARN : Port ACCUM_R[3] is floating in the top design.
WARN : Port ACCUM_R[2] is floating in the top design.
WARN : Port ACCUM_R[1] is floating in the top design.
WARN : Port ACCUM_R[0] is floating in the top design.
WARN : Port PSTATE[2] is floating in the top design.

