*----------------------------------------------------------------------------------------
*	Innovus 21.18-s099_1 (64bit) 07/18/2023 13:03 (Linux 3.10.0-693.el7.x86_64)
*	
*
* 	Date & Time:	2026-Jun-15 19:37:42 (2026-Jun-15 13:37:42 GMT)
*
*----------------------------------------------------------------------------------------
*
*	Design: RISC_V3
*
*	Liberty Libraries used: 
*	        func_slow: /home/B2_Abid/UDIF/aiub_vlsi_impl_demo/projects/Project_3A/pnr_false/DBS/route.enc.dat/libs/mmmc/sky130_ss_1.62_125_nldm.lib
*
*	Power Domain used: 
*              Rail:        VDD      Voltage:       1.62 
*
*       Power View : func_slow
*
*       User-Defined Activity : N.A.
*
*       Activity File: N.A.
*
*       Hierarchical Global Activity: N.A.
*
*       Global Activity: N.A.
*
*       Sequential Element Activity: 0.200000
*
*       Primary Input Activity: 0.200000
*
*       Default icg ratio: N.A.
*
*       Global Comb ClockGate Ratio: N.A.
*
*	Power Units = 1mW
*
*	Time Units = 1e-09 secs 
*
*       report_power -output RPT/signoff -outfile power
*
-----------------------------------------------------------------------------------------


Total Power 
-----------------------------------------------------------------------------------------
Total Internal Power:        0.05046104 	   82.1759%
Total Switching Power:       0.01089126 	   17.7364%
Total Leakage Power:         0.00005384 	    0.0877%
Total Power:                 0.06140614 
-----------------------------------------------------------------------------------------


Group                           Internal   Switching     Leakage       Total  Percentage 
                                Power      Power         Power         Power  (%)        
-----------------------------------------------------------------------------------------
Sequential                       0.04664    0.004882   4.728e-05     0.05156       83.97 
Macro                                  0           0           0           0           0 
IO                                     0           0           0           0           0 
Combinational                   0.003826     0.00601    6.56e-06    0.009842       16.03 
Clock (Combinational)                  0           0           0           0           0 
Clock (Sequential)                     0           0           0           0           0 
-----------------------------------------------------------------------------------------
Total                            0.05046     0.01089   5.384e-05     0.06141         100 
-----------------------------------------------------------------------------------------


Rail                  Voltage   Internal   Switching     Leakage       Total  Percentage 
                                Power      Power         Power         Power  (%)        
-----------------------------------------------------------------------------------------
VDD                      1.62    0.05046     0.01089   5.384e-05     0.06141         100 


-----------------------------------------------------------------------------------------
*	Power Distribution Summary: 
*                Highest Average Power:             PC1_PC_reg[0] (SDFFX1):         0.008972 
*                Highest Leakage Power:             PC1_PC_reg[3] (SDFFX1):        8.477e-06 
*          Total Cap:      2.03344e-13 F
*          Total instances in design:    25
*          Total instances in design with no power:     0
*          Total instances in design with no activity:     0
*          Total Fillers and Decap:     0
-----------------------------------------------------------------------------------------

