###############################################################
#  Generated by:      Cadence Innovus 21.18-s099_1
#  OS:                Linux x86_64(Host ID cadence)
#  Generated on:      Sat May  2 12:21:32 2026
#  Design:            MAC_4BIT
#  Command:           checkDesign -all
###############################################################
Design: MAC_4BIT

------ Design Summary:
Total Standard Cell Number   (cells) : 84
Total Block Cell Number      (cells) : 0
Total I/O Pad Cell Number    (cells) : 0
Total Standard Cell Area     ( um^2) : 1245.48
Total Block Cell Area        ( um^2) : 0.00
Total I/O Pad Cell Area      ( um^2) : 0.00

------ Design Statistics:

Number of Instances            : 84
Number of Non-uniquified Insts : 83
Number of Nets                 : 100
Average number of Pins per Net : 2.45
Maximum number of Pins in Net  : 9

------ I/O Port summary

Number of Primary I/O Ports    : 18
Number of Input Ports          : 10
Number of Output Ports         : 8
Number of Bidirectional Ports  : 0
Number of Power/Ground Ports   : 0



------------------------------------------------------------
Detail report:


------ I/O Pad/Port Checking


