============================================================
  Generated by:           Genus(TM) Synthesis Solution 21.18-s082_1
  Generated on:           May 02 2026  12:17:42 pm
  Module:                 MAC_4BIT
  Operating conditions:   ss_1.62_125 
  Interconnect mode:      global
  Area mode:              physical library
============================================================


Path 1: MET (5752 ps) Setup Check with Pin Y_reg[7]/CK->D
          Group: I2C
     Startpoint: (R) B[2]
          Clock: (R) SYS_CLOCK
       Endpoint: (R) Y_reg[7]/D
          Clock: (R) SYS_CLOCK

                     Capture       Launch     
        Clock Edge:+   10000            0     
        Drv Adjust:+       0            0     
       Src Latency:+       0            0     
       Net Latency:+       0 (I)        0 (I) 
           Arrival:=   10000            0     
                                              
             Setup:-     230                  
     Required Time:=    9770                  
      Launch Clock:-       0                  
       Input Delay:-       0                  
         Data Path:-    4018                  
             Slack:=    5752                  

Exceptions/Constraints:
  input_delay              0              top.sdc_line_7_6_1 

#---------------------------------------------------------------------------------------------------------------------------
#                   Timing Point                    Flags    Arc   Edge   Cell     Fanout Load Trans Delay Arrival Instance 
#                                                                                         (fF)  (ps)  (ps)   (ps)  Location 
#---------------------------------------------------------------------------------------------------------------------------
  B[2]                                              -       -      R     (arrival)      4 13.6     0     0       0    (-,-) 
  WALLACE_CSA_DUMMY_OP_groupi_g150__1617/Y          -       A->Y   F     NAND2X1        2  8.6   111   101     101    (-,-) 
  WALLACE_CSA_DUMMY_OP_groupi_g142__2398/Y          -       A->Y   R     NOR2X1         2 10.9   269   264     365    (-,-) 
  WALLACE_CSA_DUMMY_OP_groupi_cdnfadd_003_0__5115/S -       CI->S  R     ADDFX1         1  8.1   129   698    1063    (-,-) 
  WALLACE_CSA_DUMMY_OP_groupi_cdnfadd_003_1__7482/S -       B->S   F     ADDFX1         1  8.2   115   559    1622    (-,-) 
  WALLACE_CSA_DUMMY_OP_groupi_cdnfadd3__1705/CO     -       A->CO  F     ADDFX1         1  6.7   108   423    2044    (-,-) 
  WALLACE_CSA_DUMMY_OP_groupi_cdnfadd4__5122/CO     -       CI->CO F     ADDFX1         1  6.7   108   391    2435    (-,-) 
  WALLACE_CSA_DUMMY_OP_groupi_cdnfadd5__8246/CO     -       CI->CO F     ADDFX1         1  6.7   108   391    2826    (-,-) 
  WALLACE_CSA_DUMMY_OP_groupi_cdnfadd6__7098/CO     -       CI->CO F     ADDFX1         1  6.7   108   391    3217    (-,-) 
  WALLACE_CSA_DUMMY_OP_groupi_cdnfadd7__6131/S      -       CI->S  R     ADDFX1         1  4.8    99   607    3824    (-,-) 
  g37/Y                                             -       A->Y   F     CLKINVX1       1  4.9    48    81    3905    (-,-) 
  g24__6260/Y                                       -       B->Y   R     NOR2X1         1  3.6   119   114    4018    (-,-) 
  Y_reg[7]/D                                        -       -      R     DFFX1          1    -     -     0    4018    (-,-) 
#---------------------------------------------------------------------------------------------------------------------------



Path 2: MET (6143 ps) Setup Check with Pin Y_reg[6]/CK->D
          Group: I2C
     Startpoint: (R) B[2]
          Clock: (R) SYS_CLOCK
       Endpoint: (R) Y_reg[6]/D
          Clock: (R) SYS_CLOCK

                     Capture       Launch     
        Clock Edge:+   10000            0     
        Drv Adjust:+       0            0     
       Src Latency:+       0            0     
       Net Latency:+       0 (I)        0 (I) 
           Arrival:=   10000            0     
                                              
             Setup:-     230                  
     Required Time:=    9770                  
      Launch Clock:-       0                  
       Input Delay:-       0                  
         Data Path:-    3628                  
             Slack:=    6143                  

Exceptions/Constraints:
  input_delay              0              top.sdc_line_7_6_1 

#---------------------------------------------------------------------------------------------------------------------------
#                   Timing Point                    Flags    Arc   Edge   Cell     Fanout Load Trans Delay Arrival Instance 
#                                                                                         (fF)  (ps)  (ps)   (ps)  Location 
#---------------------------------------------------------------------------------------------------------------------------
  B[2]                                              -       -      R     (arrival)      4 13.6     0     0       0    (-,-) 
  WALLACE_CSA_DUMMY_OP_groupi_g150__1617/Y          -       A->Y   F     NAND2X1        2  8.6   111   101     101    (-,-) 
  WALLACE_CSA_DUMMY_OP_groupi_g142__2398/Y          -       A->Y   R     NOR2X1         2 10.9   269   264     365    (-,-) 
  WALLACE_CSA_DUMMY_OP_groupi_cdnfadd_003_0__5115/S -       CI->S  R     ADDFX1         1  8.1   129   698    1063    (-,-) 
  WALLACE_CSA_DUMMY_OP_groupi_cdnfadd_003_1__7482/S -       B->S   F     ADDFX1         1  8.2   115   559    1622    (-,-) 
  WALLACE_CSA_DUMMY_OP_groupi_cdnfadd3__1705/CO     -       A->CO  F     ADDFX1         1  6.7   108   423    2044    (-,-) 
  WALLACE_CSA_DUMMY_OP_groupi_cdnfadd4__5122/CO     -       CI->CO F     ADDFX1         1  6.7   108   391    2435    (-,-) 
  WALLACE_CSA_DUMMY_OP_groupi_cdnfadd5__8246/CO     -       CI->CO F     ADDFX1         1  6.7   108   391    2826    (-,-) 
  WALLACE_CSA_DUMMY_OP_groupi_cdnfadd6__7098/S      -       CI->S  R     ADDFX1         1  4.8    99   607    3433    (-,-) 
  g30/Y                                             -       A->Y   F     CLKINVX1       1  4.9    48    81    3514    (-,-) 
  g23__5107/Y                                       -       B->Y   R     NOR2X1         1  3.6   119   114    3628    (-,-) 
  Y_reg[6]/D                                        -       -      R     DFFX1          1    -     -     0    3628    (-,-) 
#---------------------------------------------------------------------------------------------------------------------------



Path 3: MET (6534 ps) Setup Check with Pin Y_reg[5]/CK->D
          Group: I2C
     Startpoint: (R) B[2]
          Clock: (R) SYS_CLOCK
       Endpoint: (R) Y_reg[5]/D
          Clock: (R) SYS_CLOCK

                     Capture       Launch     
        Clock Edge:+   10000            0     
        Drv Adjust:+       0            0     
       Src Latency:+       0            0     
       Net Latency:+       0 (I)        0 (I) 
           Arrival:=   10000            0     
                                              
             Setup:-     230                  
     Required Time:=    9770                  
      Launch Clock:-       0                  
       Input Delay:-       0                  
         Data Path:-    3237                  
             Slack:=    6534                  

Exceptions/Constraints:
  input_delay              0              top.sdc_line_7_6_1 

#---------------------------------------------------------------------------------------------------------------------------
#                   Timing Point                    Flags    Arc   Edge   Cell     Fanout Load Trans Delay Arrival Instance 
#                                                                                         (fF)  (ps)  (ps)   (ps)  Location 
#---------------------------------------------------------------------------------------------------------------------------
  B[2]                                              -       -      R     (arrival)      4 13.6     0     0       0    (-,-) 
  WALLACE_CSA_DUMMY_OP_groupi_g150__1617/Y          -       A->Y   F     NAND2X1        2  8.6   111   101     101    (-,-) 
  WALLACE_CSA_DUMMY_OP_groupi_g142__2398/Y          -       A->Y   R     NOR2X1         2 10.9   269   264     365    (-,-) 
  WALLACE_CSA_DUMMY_OP_groupi_cdnfadd_003_0__5115/S -       CI->S  R     ADDFX1         1  8.1   129   698    1063    (-,-) 
  WALLACE_CSA_DUMMY_OP_groupi_cdnfadd_003_1__7482/S -       B->S   F     ADDFX1         1  8.2   115   559    1622    (-,-) 
  WALLACE_CSA_DUMMY_OP_groupi_cdnfadd3__1705/CO     -       A->CO  F     ADDFX1         1  6.7   108   423    2044    (-,-) 
  WALLACE_CSA_DUMMY_OP_groupi_cdnfadd4__5122/CO     -       CI->CO F     ADDFX1         1  6.7   108   391    2435    (-,-) 
  WALLACE_CSA_DUMMY_OP_groupi_cdnfadd5__8246/S      -       CI->S  R     ADDFX1         1  4.8    99   607    3042    (-,-) 
  g31/Y                                             -       A->Y   F     CLKINVX1       1  4.9    48    81    3123    (-,-) 
  g22__2398/Y                                       -       B->Y   R     NOR2X1         1  3.6   119   114    3237    (-,-) 
  Y_reg[5]/D                                        -       -      R     DFFX1          1    -     -     0    3237    (-,-) 
#---------------------------------------------------------------------------------------------------------------------------



Path 4: MET (6893 ps) Setup Check with Pin Y_reg[4]/CK->D
          Group: I2C
     Startpoint: (R) B[2]
          Clock: (R) SYS_CLOCK
       Endpoint: (R) Y_reg[4]/D
          Clock: (R) SYS_CLOCK

                     Capture       Launch     
        Clock Edge:+   10000            0     
        Drv Adjust:+       0            0     
       Src Latency:+       0            0     
       Net Latency:+       0 (I)        0 (I) 
           Arrival:=   10000            0     
                                              
             Setup:-     230                  
     Required Time:=    9770                  
      Launch Clock:-       0                  
       Input Delay:-       0                  
         Data Path:-    2877                  
             Slack:=    6893                  

Exceptions/Constraints:
  input_delay              0              top.sdc_line_7_6_1 

#---------------------------------------------------------------------------------------------------------------------------
#                   Timing Point                     Flags   Arc   Edge   Cell     Fanout Load Trans Delay Arrival Instance 
#                                                                                         (fF)  (ps)  (ps)   (ps)  Location 
#---------------------------------------------------------------------------------------------------------------------------
  B[2]                                               -       -     R     (arrival)      4 13.6     0     0       0    (-,-) 
  WALLACE_CSA_DUMMY_OP_groupi_g150__1617/Y           -       A->Y  F     NAND2X1        2  8.6   111   101     101    (-,-) 
  WALLACE_CSA_DUMMY_OP_groupi_g142__2398/Y           -       A->Y  R     NOR2X1         2 10.9   269   264     365    (-,-) 
  WALLACE_CSA_DUMMY_OP_groupi_cdnfadd_003_0__5115/S  -       CI->S R     ADDFX1         1  8.1   129   698    1063    (-,-) 
  WALLACE_CSA_DUMMY_OP_groupi_cdnfadd_003_1__7482/CO -       B->CO R     ADDFX1         1  6.9   117   348    1411    (-,-) 
  WALLACE_CSA_DUMMY_OP_groupi_cdnfadd_004_1__6161/S  -       CI->S R     ADDFX1         1  8.1   129   637    2049    (-,-) 
  WALLACE_CSA_DUMMY_OP_groupi_cdnfadd4__5122/S       -       B->S  R     ADDFX1         1  4.8    99   634    2683    (-,-) 
  g32/Y                                              -       A->Y  F     CLKINVX1       1  4.9    48    81    2764    (-,-) 
  g25__4319/Y                                        -       B->Y  R     NOR2X1         1  3.6   119   114    2877    (-,-) 
  Y_reg[4]/D                                         -       -     R     DFFX1          1    -     -     0    2877    (-,-) 
#---------------------------------------------------------------------------------------------------------------------------



Path 5: MET (7233 ps) Setup Check with Pin Y_reg[3]/CK->D
          Group: I2C
     Startpoint: (R) B[2]
          Clock: (R) SYS_CLOCK
       Endpoint: (R) Y_reg[3]/D
          Clock: (R) SYS_CLOCK

                     Capture       Launch     
        Clock Edge:+   10000            0     
        Drv Adjust:+       0            0     
       Src Latency:+       0            0     
       Net Latency:+       0 (I)        0 (I) 
           Arrival:=   10000            0     
                                              
             Setup:-     230                  
     Required Time:=    9770                  
      Launch Clock:-       0                  
       Input Delay:-       0                  
         Data Path:-    2537                  
             Slack:=    7233                  

Exceptions/Constraints:
  input_delay              0              top.sdc_line_7_6_1 

#--------------------------------------------------------------------------------------------------------------------------
#                   Timing Point                    Flags   Arc   Edge   Cell     Fanout Load Trans Delay Arrival Instance 
#                                                                                        (fF)  (ps)  (ps)   (ps)  Location 
#--------------------------------------------------------------------------------------------------------------------------
  B[2]                                              -       -     R     (arrival)      4 13.6     0     0       0    (-,-) 
  WALLACE_CSA_DUMMY_OP_groupi_g150__1617/Y          -       A->Y  F     NAND2X1        2  8.6   111   101     101    (-,-) 
  WALLACE_CSA_DUMMY_OP_groupi_g142__2398/Y          -       A->Y  R     NOR2X1         2 10.9   269   264     365    (-,-) 
  WALLACE_CSA_DUMMY_OP_groupi_cdnfadd_003_0__5115/S -       CI->S R     ADDFX1         1  8.1   129   698    1063    (-,-) 
  WALLACE_CSA_DUMMY_OP_groupi_cdnfadd_003_1__7482/S -       B->S  R     ADDFX1         1  8.2   130   662    1725    (-,-) 
  WALLACE_CSA_DUMMY_OP_groupi_cdnfadd3__1705/S      -       A->S  R     ADDFX1         1  4.8    99   618    2342    (-,-) 
  g33/Y                                             -       A->Y  F     CLKINVX1       1  4.9    48    81    2424    (-,-) 
  g28__6783/Y                                       -       B->Y  R     NOR2X1         1  3.6   119   114    2537    (-,-) 
  Y_reg[3]/D                                        -       -     R     DFFX1          1    -     -     0    2537    (-,-) 
#--------------------------------------------------------------------------------------------------------------------------



Path 6: MET (7767 ps) Setup Check with Pin Y_reg[2]/CK->D
          Group: I2C
     Startpoint: (R) B[2]
          Clock: (R) SYS_CLOCK
       Endpoint: (R) Y_reg[2]/D
          Clock: (R) SYS_CLOCK

                     Capture       Launch     
        Clock Edge:+   10000            0     
        Drv Adjust:+       0            0     
       Src Latency:+       0            0     
       Net Latency:+       0 (I)        0 (I) 
           Arrival:=   10000            0     
                                              
             Setup:-     230                  
     Required Time:=    9770                  
      Launch Clock:-       0                  
       Input Delay:-       0                  
         Data Path:-    2003                  
             Slack:=    7767                  

Exceptions/Constraints:
  input_delay              0              top.sdc_line_7_6_1 

#--------------------------------------------------------------------------------------------------------------------------
#                   Timing Point                    Flags   Arc   Edge   Cell     Fanout Load Trans Delay Arrival Instance 
#                                                                                        (fF)  (ps)  (ps)   (ps)  Location 
#--------------------------------------------------------------------------------------------------------------------------
  B[2]                                              -       -     R     (arrival)      4 13.6     0     0       0    (-,-) 
  WALLACE_CSA_DUMMY_OP_groupi_g150__1617/Y          -       A->Y  F     NAND2X1        2  8.6   111   101     101    (-,-) 
  WALLACE_CSA_DUMMY_OP_groupi_g142__2398/Y          -       A->Y  R     NOR2X1         2 10.9   269   264     365    (-,-) 
  WALLACE_CSA_DUMMY_OP_groupi_g139__7410/Y          -       B0->Y F     AOI21X1        1  8.0   124   166     531    (-,-) 
  WALLACE_CSA_DUMMY_OP_groupi_cdnfadd_002_0__1881/S -       B->S  R     ADDFX1         1  8.2   130   660    1191    (-,-) 
  WALLACE_CSA_DUMMY_OP_groupi_cdnfadd2__2802/S      -       A->S  R     ADDFX1         1  4.8    99   618    1809    (-,-) 
  g34/Y                                             -       A->Y  F     CLKINVX1       1  4.9    48    81    1890    (-,-) 
  g27__5526/Y                                       -       B->Y  R     NOR2X1         1  3.6   119   114    2003    (-,-) 
  Y_reg[2]/D                                        -       -     R     DFFX1          1    -     -     0    2003    (-,-) 
#--------------------------------------------------------------------------------------------------------------------------



Path 7: MET (8313 ps) Setup Check with Pin Y_reg[1]/CK->D
          Group: C2C
     Startpoint: (R) Y_reg[0]/CK
          Clock: (R) SYS_CLOCK
       Endpoint: (R) Y_reg[1]/D
          Clock: (R) SYS_CLOCK

                     Capture       Launch     
        Clock Edge:+   10000            0     
       Src Latency:+       0            0     
       Net Latency:+       0 (I)        0 (I) 
           Arrival:=   10000            0     
                                              
             Setup:-     230                  
     Required Time:=    9770                  
      Launch Clock:-       0                  
         Data Path:-    1457                  
             Slack:=    8313                  

#---------------------------------------------------------------------------------------------------------------------
#                Timing Point                  Flags   Arc   Edge   Cell     Fanout Load Trans Delay Arrival Instance 
#                                                                                   (fF)  (ps)  (ps)   (ps)  Location 
#---------------------------------------------------------------------------------------------------------------------
  Y_reg[0]/CK                                  -       -     R     (arrival)      8    -     0     0       0    (-,-) 
  Y_reg[0]/Q                                   -       CK->Q R     DFFX1          2  7.5   104   417     417    (-,-) 
  WALLACE_CSA_DUMMY_OP_groupi_g137__2346/CO    -       B->CO R     ADDHX1         1  6.9    98   243     660    (-,-) 
  WALLACE_CSA_DUMMY_OP_groupi_cdnfadd1__1617/S -       CI->S R     ADDFX1         1  4.8    99   603    1263    (-,-) 
  g35/Y                                        -       A->Y  F     CLKINVX1       1  4.9    48    81    1344    (-,-) 
  g26__8428/Y                                  -       B->Y  R     NOR2X1         1  3.6   119   114    1457    (-,-) 
  Y_reg[1]/D                                   -       -     R     DFFX1          1    -     -     0    1457    (-,-) 
#---------------------------------------------------------------------------------------------------------------------



Path 8: MET (8858 ps) Setup Check with Pin Y_reg[0]/CK->D
          Group: C2C
     Startpoint: (R) Y_reg[0]/CK
          Clock: (R) SYS_CLOCK
       Endpoint: (F) Y_reg[0]/D
          Clock: (R) SYS_CLOCK

                     Capture       Launch     
        Clock Edge:+   10000            0     
       Src Latency:+       0            0     
       Net Latency:+       0 (I)        0 (I) 
           Arrival:=   10000            0     
                                              
             Setup:-     182                  
     Required Time:=    9818                  
      Launch Clock:-       0                  
         Data Path:-     960                  
             Slack:=    8858                  

#-----------------------------------------------------------------------------------------------------------------
#              Timing Point                Flags   Arc   Edge   Cell     Fanout Load Trans Delay Arrival Instance 
#                                                                               (fF)  (ps)  (ps)   (ps)  Location 
#-----------------------------------------------------------------------------------------------------------------
  Y_reg[0]/CK                              -       -     R     (arrival)      8    -     0     0       0    (-,-) 
  Y_reg[0]/Q                               -       CK->Q F     DFFX1          2  7.5    76   464     464    (-,-) 
  WALLACE_CSA_DUMMY_OP_groupi_g137__2346/S -       B->S  F     ADDHX1         1  4.8    75   342     806    (-,-) 
  g36/Y                                    -       A->Y  R     CLKINVX1       1  4.9    70    88     894    (-,-) 
  g29__3680/Y                              -       B->Y  F     NOR2X1         1  3.6    38    66     960    (-,-) 
  Y_reg[0]/D                               -       -     F     DFFX1          1    -     -     0     960    (-,-) 
#-----------------------------------------------------------------------------------------------------------------



Path 9: MET (9526 ps) Late External Delay Assertion at pin Y[4]
          Group: C2O
     Startpoint: (R) Y_reg[4]/CK
          Clock: (R) SYS_CLOCK
       Endpoint: (F) Y[4]
          Clock: (R) SYS_CLOCK

                     Capture       Launch     
        Clock Edge:+   10000            0     
       Src Latency:+       0            0     
       Net Latency:+       0 (I)        0 (I) 
           Arrival:=   10000            0     
                                              
      Output Delay:-       0                  
     Required Time:=   10000                  
      Launch Clock:-       0                  
         Data Path:-     474                  
             Slack:=    9526                  

Exceptions/Constraints:
  output_delay              0              top.sdc_line_10_10_1 

#---------------------------------------------------------------------------------------
# Timing Point   Flags   Arc   Edge   Cell     Fanout Load Trans Delay Arrival Instance 
#                                                     (fF)  (ps)  (ps)   (ps)  Location 
#---------------------------------------------------------------------------------------
  Y_reg[4]/CK    -       -     R     (arrival)      8    -     0     0       0    (-,-) 
  Y_reg[4]/Q     -       CK->Q F     DFFX1          2  9.1    85   474     474    (-,-) 
  Y[4]           -       -     F     (port)         -    -     -     0     474    (-,-) 
#---------------------------------------------------------------------------------------



Path 10: MET (9526 ps) Late External Delay Assertion at pin Y[7]
          Group: C2O
     Startpoint: (R) Y_reg[7]/CK
          Clock: (R) SYS_CLOCK
       Endpoint: (F) Y[7]
          Clock: (R) SYS_CLOCK

                     Capture       Launch     
        Clock Edge:+   10000            0     
       Src Latency:+       0            0     
       Net Latency:+       0 (I)        0 (I) 
           Arrival:=   10000            0     
                                              
      Output Delay:-       0                  
     Required Time:=   10000                  
      Launch Clock:-       0                  
         Data Path:-     474                  
             Slack:=    9526                  

Exceptions/Constraints:
  output_delay              0              top.sdc_line_10 

#---------------------------------------------------------------------------------------
# Timing Point   Flags   Arc   Edge   Cell     Fanout Load Trans Delay Arrival Instance 
#                                                     (fF)  (ps)  (ps)   (ps)  Location 
#---------------------------------------------------------------------------------------
  Y_reg[7]/CK    -       -     R     (arrival)      8    -     0     0       0    (-,-) 
  Y_reg[7]/Q     -       CK->Q F     DFFX1          2  9.1    85   474     474    (-,-) 
  Y[7]           -       -     F     (port)         -    -     -     0     474    (-,-) 
#---------------------------------------------------------------------------------------



Path 11: MET (9528 ps) Late External Delay Assertion at pin Y[1]
          Group: C2O
     Startpoint: (R) Y_reg[1]/CK
          Clock: (R) SYS_CLOCK
       Endpoint: (F) Y[1]
          Clock: (R) SYS_CLOCK

                     Capture       Launch     
        Clock Edge:+   10000            0     
       Src Latency:+       0            0     
       Net Latency:+       0 (I)        0 (I) 
           Arrival:=   10000            0     
                                              
      Output Delay:-       0                  
     Required Time:=   10000                  
      Launch Clock:-       0                  
         Data Path:-     472                  
             Slack:=    9528                  

Exceptions/Constraints:
  output_delay              0              top.sdc_line_10_13_1 

#---------------------------------------------------------------------------------------
# Timing Point   Flags   Arc   Edge   Cell     Fanout Load Trans Delay Arrival Instance 
#                                                     (fF)  (ps)  (ps)   (ps)  Location 
#---------------------------------------------------------------------------------------
  Y_reg[1]/CK    -       -     R     (arrival)      8    -     0     0       0    (-,-) 
  Y_reg[1]/Q     -       CK->Q F     DFFX1          2  8.9    84   472     472    (-,-) 
  Y[1]           -       -     F     (port)         -    -     -     0     472    (-,-) 
#---------------------------------------------------------------------------------------



Path 12: MET (9528 ps) Late External Delay Assertion at pin Y[2]
          Group: C2O
     Startpoint: (R) Y_reg[2]/CK
          Clock: (R) SYS_CLOCK
       Endpoint: (F) Y[2]
          Clock: (R) SYS_CLOCK

                     Capture       Launch     
        Clock Edge:+   10000            0     
       Src Latency:+       0            0     
       Net Latency:+       0 (I)        0 (I) 
           Arrival:=   10000            0     
                                              
      Output Delay:-       0                  
     Required Time:=   10000                  
      Launch Clock:-       0                  
         Data Path:-     472                  
             Slack:=    9528                  

Exceptions/Constraints:
  output_delay              0              top.sdc_line_10_12_1 

#---------------------------------------------------------------------------------------
# Timing Point   Flags   Arc   Edge   Cell     Fanout Load Trans Delay Arrival Instance 
#                                                     (fF)  (ps)  (ps)   (ps)  Location 
#---------------------------------------------------------------------------------------
  Y_reg[2]/CK    -       -     R     (arrival)      8    -     0     0       0    (-,-) 
  Y_reg[2]/Q     -       CK->Q F     DFFX1          2  8.9    84   472     472    (-,-) 
  Y[2]           -       -     F     (port)         -    -     -     0     472    (-,-) 
#---------------------------------------------------------------------------------------



Path 13: MET (9528 ps) Late External Delay Assertion at pin Y[3]
          Group: C2O
     Startpoint: (R) Y_reg[3]/CK
          Clock: (R) SYS_CLOCK
       Endpoint: (F) Y[3]
          Clock: (R) SYS_CLOCK

                     Capture       Launch     
        Clock Edge:+   10000            0     
       Src Latency:+       0            0     
       Net Latency:+       0 (I)        0 (I) 
           Arrival:=   10000            0     
                                              
      Output Delay:-       0                  
     Required Time:=   10000                  
      Launch Clock:-       0                  
         Data Path:-     472                  
             Slack:=    9528                  

Exceptions/Constraints:
  output_delay              0              top.sdc_line_10_11_1 

#---------------------------------------------------------------------------------------
# Timing Point   Flags   Arc   Edge   Cell     Fanout Load Trans Delay Arrival Instance 
#                                                     (fF)  (ps)  (ps)   (ps)  Location 
#---------------------------------------------------------------------------------------
  Y_reg[3]/CK    -       -     R     (arrival)      8    -     0     0       0    (-,-) 
  Y_reg[3]/Q     -       CK->Q F     DFFX1          2  8.9    84   472     472    (-,-) 
  Y[3]           -       -     F     (port)         -    -     -     0     472    (-,-) 
#---------------------------------------------------------------------------------------



Path 14: MET (9536 ps) Late External Delay Assertion at pin Y[5]
          Group: C2O
     Startpoint: (R) Y_reg[5]/CK
          Clock: (R) SYS_CLOCK
       Endpoint: (F) Y[5]
          Clock: (R) SYS_CLOCK

                     Capture       Launch     
        Clock Edge:+   10000            0     
       Src Latency:+       0            0     
       Net Latency:+       0 (I)        0 (I) 
           Arrival:=   10000            0     
                                              
      Output Delay:-       0                  
     Required Time:=   10000                  
      Launch Clock:-       0                  
         Data Path:-     464                  
             Slack:=    9536                  

Exceptions/Constraints:
  output_delay              0              top.sdc_line_10_9_1 

#---------------------------------------------------------------------------------------
# Timing Point   Flags   Arc   Edge   Cell     Fanout Load Trans Delay Arrival Instance 
#                                                     (fF)  (ps)  (ps)   (ps)  Location 
#---------------------------------------------------------------------------------------
  Y_reg[5]/CK    -       -     R     (arrival)      8    -     0     0       0    (-,-) 
  Y_reg[5]/Q     -       CK->Q F     DFFX1          2  7.6    77   464     464    (-,-) 
  Y[5]           -       -     F     (port)         -    -     -     0     464    (-,-) 
#---------------------------------------------------------------------------------------



Path 15: MET (9536 ps) Late External Delay Assertion at pin Y[6]
          Group: C2O
     Startpoint: (R) Y_reg[6]/CK
          Clock: (R) SYS_CLOCK
       Endpoint: (F) Y[6]
          Clock: (R) SYS_CLOCK

                     Capture       Launch     
        Clock Edge:+   10000            0     
       Src Latency:+       0            0     
       Net Latency:+       0 (I)        0 (I) 
           Arrival:=   10000            0     
                                              
      Output Delay:-       0                  
     Required Time:=   10000                  
      Launch Clock:-       0                  
         Data Path:-     464                  
             Slack:=    9536                  

Exceptions/Constraints:
  output_delay              0              top.sdc_line_10_8_1 

#---------------------------------------------------------------------------------------
# Timing Point   Flags   Arc   Edge   Cell     Fanout Load Trans Delay Arrival Instance 
#                                                     (fF)  (ps)  (ps)   (ps)  Location 
#---------------------------------------------------------------------------------------
  Y_reg[6]/CK    -       -     R     (arrival)      8    -     0     0       0    (-,-) 
  Y_reg[6]/Q     -       CK->Q F     DFFX1          2  7.6    77   464     464    (-,-) 
  Y[6]           -       -     F     (port)         -    -     -     0     464    (-,-) 
#---------------------------------------------------------------------------------------



Path 16: MET (9536 ps) Late External Delay Assertion at pin Y[0]
          Group: C2O
     Startpoint: (R) Y_reg[0]/CK
          Clock: (R) SYS_CLOCK
       Endpoint: (F) Y[0]
          Clock: (R) SYS_CLOCK

                     Capture       Launch     
        Clock Edge:+   10000            0     
       Src Latency:+       0            0     
       Net Latency:+       0 (I)        0 (I) 
           Arrival:=   10000            0     
                                              
      Output Delay:-       0                  
     Required Time:=   10000                  
      Launch Clock:-       0                  
         Data Path:-     464                  
             Slack:=    9536                  

Exceptions/Constraints:
  output_delay              0              top.sdc_line_10_14_1 

#---------------------------------------------------------------------------------------
# Timing Point   Flags   Arc   Edge   Cell     Fanout Load Trans Delay Arrival Instance 
#                                                     (fF)  (ps)  (ps)   (ps)  Location 
#---------------------------------------------------------------------------------------
  Y_reg[0]/CK    -       -     R     (arrival)      8    -     0     0       0    (-,-) 
  Y_reg[0]/Q     -       CK->Q F     DFFX1          2  7.5    76   464     464    (-,-) 
  Y[0]           -       -     F     (port)         -    -     -     0     464    (-,-) 
#---------------------------------------------------------------------------------------

Some unconstrained paths have not been displayed.
Use -unconstrained or set the root attribute 'timing_report_unconstrained' to 'true' to see only these unconstrained paths.

