============================================================
  Generated by:           Genus(TM) Synthesis Solution 21.18-s082_1
  Generated on:           May 02 2026  12:17:29 pm
  Module:                 MAC_4BIT
  Operating conditions:   ss_1.62_125 
  Interconnect mode:      global
  Area mode:              physical library
============================================================

Timing
--------

  Clock    Period 
------------------
SYS_CLOCK 10000.0 


   Cost     Critical         Violating 
  Group    Path Slack  TNS     Paths   
---------------------------------------
C2C            7388.0   0.0          0 
C2O            9216.0   0.0          0 
default      No paths   0.0            
I2C            7629.8   0.0          0 
I2O          No paths   0.0            
SYS_CLOCK    No paths   0.0            
---------------------------------------
Total                   0.0          0 

Instance Count
--------------
Leaf Instance Count             178 
Physical Instance count           0 
Sequential Instance Count         8 
Combinational Instance Count    170 
Hierarchical Instance Count       1 

Area
----
Cell Area                          2340.934
Physical Cell Area                 0.000
Total Cell Area (Cell+Physical)    2340.934
Net Area                           104.432
Total Area (Cell+Physical+Net)     2445.366

Runtime                            0.0 seconds
Elapsed Runtime                    30 seconds
Genus peak memory usage            1611.04 
Innovus peak memory usage          no_value 
Hostname                           cadence
