============================================================
  Generated by:           Genus(TM) Synthesis Solution 21.18-s082_1
  Generated on:           May 02 2026  12:17:41 pm
  Module:                 MAC_4BIT
  Operating conditions:   ss_1.62_125 
  Interconnect mode:      global
  Area mode:              physical library
============================================================

Timing
--------

  Clock    Period 
------------------
SYS_CLOCK 10000.0 


   Cost     Critical         Violating 
  Group    Path Slack  TNS     Paths   
---------------------------------------
C2C            5995.8   0.0          0 
C2O            9526.5   0.0          0 
default      No paths   0.0            
I2C            5751.9   0.0          0 
I2O          No paths   0.0            
SYS_CLOCK    No paths   0.0            
---------------------------------------
Total                   0.0          0 

Instance Count
--------------
Leaf Instance Count             64 
Physical Instance count          0 
Sequential Instance Count        8 
Combinational Instance Count    56 
Hierarchical Instance Count      0 

Area
----
Cell Area                          1093.126
Physical Cell Area                 0.000
Total Cell Area (Cell+Physical)    1093.126
Net Area                           1473.091
Total Area (Cell+Physical+Net)     2566.217

Runtime                            0.0 seconds
Elapsed Runtime                    42 seconds
Genus peak memory usage            1587.49 
Innovus peak memory usage          no_value 
Hostname                           cadence
