

Working Directory = /home/B2_Robiul/UDIF/aiub_vlsi_impl_demo/projects/new_Project2A/synth_mvt5
QoS Summary for top
==========================================================================================
Metric                          generic         map             syn_opt         final          
==========================================================================================
Slack (ps):                     3,260             192               8               8
  R2R (ps):                  no_value        no_value        no_value        no_value
  I2R (ps):                     3,260             192               8               8
  R2O (ps):                     4,804           4,718           4,618           4,618
  I2O (ps):                  no_value        no_value        no_value        no_value
  CG  (ps):                  no_value        no_value        no_value        no_value
TNS (ps):                           0               0               0               0
  R2R (ps):                  no_value        no_value        no_value        no_value
  I2R (ps):                         0               0               0               0
  R2O (ps):                         0               0               0               0
  I2O (ps):                  no_value        no_value        no_value        no_value
  CG  (ps):                  no_value        no_value        no_value        no_value
Failing Paths:                      0               0               0               0
Leakage Power (nW):                16               8               8               8
Cell Area:                      1,754             459             462             462
Total Cell Area:                1,754             459             462             462
Leaf Instances:                   629             144             144             144
Total Instances:                  629             144             144             144
Utilization (%):                 0.00            0.00            0.00            0.00
Tot. Net Length (um):        no_value        no_value        no_value        no_value
Avg. Net Length (um):        no_value        no_value        no_value        no_value
Route Overflow H (%):        no_value        no_value        no_value        no_value
Route Overflow V (%):        no_value        no_value        no_value        no_value
MBCI(%) (bits/gate) :            0.00            0.00            0.00            0.00
Norm Cong Hotspot Area:
  Max Cong:                  no_value        no_value        no_value        no_value
  Tot Cong:                  no_value        no_value        no_value        no_value
==========================================================================================
CPU  Runtime (h:m:s):        00:00:36        00:00:49        00:00:03        00:00:01
Real Runtime (h:m:s):        00:00:35        00:00:35        00:00:04        00:00:02
CPU  Elapsed (h:m:s):        00:00:45        00:01:34        00:01:37        00:01:38
Real Elapsed (h:m:s):        00:00:39        00:01:13        00:01:17        00:01:19
Memory (MB):                  1717.98         1687.24         1689.07         1732.07
==========================================================================================
==========================================================================================
Flow Settings:
==========================================================================================
Total Runtime (h:m:s): 00:01:17
Total Memory (MB):     1732.07
Executable Version:    21.18-s082_1
==========================================================================================
Total Cell Area =  Cell Area + Physical Cell Area
Total Instances =  Leaf Instances + Physical Instances


