============================================================
  Generated by:           Genus(TM) Synthesis Solution 21.18-s082_1
  Generated on:           May 02 2026  11:24:04 am
  Module:                 top
  Operating conditions:   PVT_0P9V_125C 
  Interconnect mode:      global
  Area mode:              physical library
============================================================


Path 1: MET (3260 ps) Setup Check with Pin Y_reg[9]/clk->d
          Group: I2C
     Startpoint: (F) X2[2]
          Clock: (R) CLK
       Endpoint: (R) Y_reg[9]/d
          Clock: (R) CLK

                     Capture       Launch     
        Clock Edge:+    4994            0     
        Drv Adjust:+       0            0     
       Src Latency:+       0            0     
       Net Latency:+       0 (I)        0 (I) 
           Arrival:=    4994            0     
                                              
             Setup:-     149                  
     Required Time:=    4845                  
      Launch Clock:-       0                  
       Input Delay:-       0                  
         Data Path:-    1585                  
             Slack:=    3260                  

Exceptions/Constraints:
  input_delay              0              top.sdc_line_8_10_1 

#----------------------------------------------------------------------------------------------------------------------
#            Timing Point             Flags    Arc    Edge       Cell         Fanout Load Trans Delay Arrival Instance 
#                                                                                    (fF)  (ps)  (ps)   (ps)  Location 
#----------------------------------------------------------------------------------------------------------------------
  X2[2]                               (u)     -       F     (arrival)              4  4.0     0     0       0    (-,-) 
  WALLACE_CSA_DUMMY_OP_groupi/g1733/z (u)     in_1->z R     unmapped_nand2         4  4.0     0    77      77    (-,-) 
  WALLACE_CSA_DUMMY_OP_groupi/g1629/z (u)     in_1->z F     unmapped_complex2      1  1.0     0    54     130    (-,-) 
  WALLACE_CSA_DUMMY_OP_groupi/g1630/z (u)     in_1->z R     unmapped_nand2         2  2.0     0    62     193    (-,-) 
  WALLACE_CSA_DUMMY_OP_groupi/g1513/z (u)     in_0->z R     unmapped_or2           1  1.0     0    54     247    (-,-) 
  WALLACE_CSA_DUMMY_OP_groupi/g1514/z (u)     in_1->z F     unmapped_nand2         4  4.0     0    77     324    (-,-) 
  WALLACE_CSA_DUMMY_OP_groupi/g800/z  (u)     in_0->z F     unmapped_or2           1  1.0     0    54     377    (-,-) 
  WALLACE_CSA_DUMMY_OP_groupi/g1396/z (u)     in_0->z R     unmapped_nand2         1  1.0     0    54     431    (-,-) 
  WALLACE_CSA_DUMMY_OP_groupi/g1371/z (u)     in_0->z F     unmapped_nand2         3  3.0     0    70     501    (-,-) 
  WALLACE_CSA_DUMMY_OP_groupi/g1321/z (u)     in_0->z R     unmapped_complex2      1  1.0     0    54     555    (-,-) 
  WALLACE_CSA_DUMMY_OP_groupi/g1322/z (u)     in_1->z F     unmapped_nand2         2  2.0     0    62     618    (-,-) 
  WALLACE_CSA_DUMMY_OP_groupi/g1293/z (u)     in_0->z F     unmapped_complex2      1  1.0     0    54     671    (-,-) 
  WALLACE_CSA_DUMMY_OP_groupi/g1294/z (u)     in_1->z R     unmapped_nand2         4  4.0     0    77     748    (-,-) 
  WALLACE_CSA_DUMMY_OP_groupi/g1244/z (u)     in_1->z R     unmapped_complex2      1  1.0     0    54     802    (-,-) 
  WALLACE_CSA_DUMMY_OP_groupi/g1245/z (u)     in_1->z F     unmapped_nand2         2  2.0     0    62     864    (-,-) 
  WALLACE_CSA_DUMMY_OP_groupi/g1236/z (u)     in_1->z F     unmapped_complex2      1  1.0     0    54     918    (-,-) 
  WALLACE_CSA_DUMMY_OP_groupi/g1237/z (u)     in_1->z R     unmapped_nand2         2  2.0     0    62     980    (-,-) 
  WALLACE_CSA_DUMMY_OP_groupi/g1210/z (u)     in_1->z R     unmapped_or2           3  3.0     0    70    1051    (-,-) 
  WALLACE_CSA_DUMMY_OP_groupi/g1204/z (u)     in_1->z F     unmapped_complex2      1  1.0     0    54    1105    (-,-) 
  WALLACE_CSA_DUMMY_OP_groupi/g1199/z (u)     in_0->z R     unmapped_nand2         1  1.0     0    54    1158    (-,-) 
  WALLACE_CSA_DUMMY_OP_groupi/g1188/z (u)     in_1->z R     unmapped_complex2      3  3.0     0    70    1229    (-,-) 
  WALLACE_CSA_DUMMY_OP_groupi/g1181/z (u)     in_1->z F     unmapped_nand2         1  1.0     0    54    1283    (-,-) 
  WALLACE_CSA_DUMMY_OP_groupi/g1177/z (u)     in_1->z R     unmapped_nand2         3  3.0     0    70    1353    (-,-) 
  WALLACE_CSA_DUMMY_OP_groupi/g1176/z (u)     in_0->z F     unmapped_nand2         1  1.0     0    54    1407    (-,-) 
  WALLACE_CSA_DUMMY_OP_groupi/g1172/z (u)     in_0->z R     unmapped_nand2         3  3.0     0    70    1477    (-,-) 
  WALLACE_CSA_DUMMY_OP_groupi/g1168/z (u)     in_1->z F     unmapped_nand2         1  1.0     0    54    1531    (-,-) 
  WALLACE_CSA_DUMMY_OP_groupi/g1167/z (u)     in_0->z R     unmapped_nand2         1  1.0     0    54    1585    (-,-) 
  Y_reg[9]/d                          -       -       R     unmapped_d_flop        1    -     -     0    1585    (-,-) 
#----------------------------------------------------------------------------------------------------------------------

(u) : Net has unmapped pin(s).



Path 2: MET (3260 ps) Setup Check with Pin Y_reg[8]/clk->d
          Group: I2C
     Startpoint: (R) X2[2]
          Clock: (R) CLK
       Endpoint: (R) Y_reg[8]/d
          Clock: (R) CLK

                     Capture       Launch     
        Clock Edge:+    4994            0     
        Drv Adjust:+       0            0     
       Src Latency:+       0            0     
       Net Latency:+       0 (I)        0 (I) 
           Arrival:=    4994            0     
                                              
             Setup:-     149                  
     Required Time:=    4845                  
      Launch Clock:-       0                  
       Input Delay:-       0                  
         Data Path:-    1585                  
             Slack:=    3260                  

Exceptions/Constraints:
  input_delay              0              top.sdc_line_8_10_1 

#----------------------------------------------------------------------------------------------------------------------
#            Timing Point             Flags    Arc    Edge       Cell         Fanout Load Trans Delay Arrival Instance 
#                                                                                    (fF)  (ps)  (ps)   (ps)  Location 
#----------------------------------------------------------------------------------------------------------------------
  X2[2]                               (u)     -       R     (arrival)              4  4.0     0     0       0    (-,-) 
  WALLACE_CSA_DUMMY_OP_groupi/g1733/z (u)     in_1->z F     unmapped_nand2         4  4.0     0    77      77    (-,-) 
  WALLACE_CSA_DUMMY_OP_groupi/g1629/z (u)     in_1->z R     unmapped_complex2      1  1.0     0    54     130    (-,-) 
  WALLACE_CSA_DUMMY_OP_groupi/g1630/z (u)     in_1->z F     unmapped_nand2         2  2.0     0    62     193    (-,-) 
  WALLACE_CSA_DUMMY_OP_groupi/g1513/z (u)     in_0->z F     unmapped_or2           1  1.0     0    54     247    (-,-) 
  WALLACE_CSA_DUMMY_OP_groupi/g1514/z (u)     in_1->z R     unmapped_nand2         4  4.0     0    77     324    (-,-) 
  WALLACE_CSA_DUMMY_OP_groupi/g800/z  (u)     in_0->z R     unmapped_or2           1  1.0     0    54     377    (-,-) 
  WALLACE_CSA_DUMMY_OP_groupi/g1396/z (u)     in_0->z F     unmapped_nand2         1  1.0     0    54     431    (-,-) 
  WALLACE_CSA_DUMMY_OP_groupi/g1371/z (u)     in_0->z R     unmapped_nand2         3  3.0     0    70     501    (-,-) 
  WALLACE_CSA_DUMMY_OP_groupi/g1321/z (u)     in_0->z F     unmapped_complex2      1  1.0     0    54     555    (-,-) 
  WALLACE_CSA_DUMMY_OP_groupi/g1322/z (u)     in_1->z R     unmapped_nand2         2  2.0     0    62     618    (-,-) 
  WALLACE_CSA_DUMMY_OP_groupi/g1293/z (u)     in_0->z R     unmapped_complex2      1  1.0     0    54     671    (-,-) 
  WALLACE_CSA_DUMMY_OP_groupi/g1294/z (u)     in_1->z F     unmapped_nand2         4  4.0     0    77     748    (-,-) 
  WALLACE_CSA_DUMMY_OP_groupi/g1244/z (u)     in_1->z F     unmapped_complex2      1  1.0     0    54     802    (-,-) 
  WALLACE_CSA_DUMMY_OP_groupi/g1245/z (u)     in_1->z R     unmapped_nand2         2  2.0     0    62     864    (-,-) 
  WALLACE_CSA_DUMMY_OP_groupi/g1236/z (u)     in_1->z R     unmapped_complex2      1  1.0     0    54     918    (-,-) 
  WALLACE_CSA_DUMMY_OP_groupi/g1237/z (u)     in_1->z F     unmapped_nand2         2  2.0     0    62     980    (-,-) 
  WALLACE_CSA_DUMMY_OP_groupi/g1210/z (u)     in_1->z F     unmapped_or2           3  3.0     0    70    1051    (-,-) 
  WALLACE_CSA_DUMMY_OP_groupi/g1204/z (u)     in_1->z R     unmapped_complex2      1  1.0     0    54    1105    (-,-) 
  WALLACE_CSA_DUMMY_OP_groupi/g1199/z (u)     in_0->z F     unmapped_nand2         1  1.0     0    54    1158    (-,-) 
  WALLACE_CSA_DUMMY_OP_groupi/g1188/z (u)     in_1->z F     unmapped_complex2      3  3.0     0    70    1229    (-,-) 
  WALLACE_CSA_DUMMY_OP_groupi/g1181/z (u)     in_1->z R     unmapped_nand2         1  1.0     0    54    1283    (-,-) 
  WALLACE_CSA_DUMMY_OP_groupi/g1177/z (u)     in_1->z F     unmapped_nand2         3  3.0     0    70    1353    (-,-) 
  WALLACE_CSA_DUMMY_OP_groupi/g1176/z (u)     in_0->z R     unmapped_nand2         1  1.0     0    54    1407    (-,-) 
  WALLACE_CSA_DUMMY_OP_groupi/g1172/z (u)     in_0->z F     unmapped_nand2         3  3.0     0    70    1477    (-,-) 
  WALLACE_CSA_DUMMY_OP_groupi/g1170/z (u)     in_0->z F     unmapped_or2           1  1.0     0    54    1531    (-,-) 
  WALLACE_CSA_DUMMY_OP_groupi/g1171/z (u)     in_1->z R     unmapped_nand2         1  1.0     0    54    1585    (-,-) 
  Y_reg[8]/d                          -       -       R     unmapped_d_flop        1    -     -     0    1585    (-,-) 
#----------------------------------------------------------------------------------------------------------------------

(u) : Net has unmapped pin(s).



Path 3: MET (3384 ps) Setup Check with Pin Y_reg[7]/clk->d
          Group: I2C
     Startpoint: (R) X2[2]
          Clock: (R) CLK
       Endpoint: (R) Y_reg[7]/d
          Clock: (R) CLK

                     Capture       Launch     
        Clock Edge:+    4994            0     
        Drv Adjust:+       0            0     
       Src Latency:+       0            0     
       Net Latency:+       0 (I)        0 (I) 
           Arrival:=    4994            0     
                                              
             Setup:-     149                  
     Required Time:=    4845                  
      Launch Clock:-       0                  
       Input Delay:-       0                  
         Data Path:-    1460                  
             Slack:=    3384                  

Exceptions/Constraints:
  input_delay              0              top.sdc_line_8_10_1 

#----------------------------------------------------------------------------------------------------------------------
#            Timing Point             Flags    Arc    Edge       Cell         Fanout Load Trans Delay Arrival Instance 
#                                                                                    (fF)  (ps)  (ps)   (ps)  Location 
#----------------------------------------------------------------------------------------------------------------------
  X2[2]                               (u)     -       R     (arrival)              4  4.0     0     0       0    (-,-) 
  WALLACE_CSA_DUMMY_OP_groupi/g1733/z (u)     in_1->z F     unmapped_nand2         4  4.0     0    77      77    (-,-) 
  WALLACE_CSA_DUMMY_OP_groupi/g1629/z (u)     in_1->z R     unmapped_complex2      1  1.0     0    54     130    (-,-) 
  WALLACE_CSA_DUMMY_OP_groupi/g1630/z (u)     in_1->z F     unmapped_nand2         2  2.0     0    62     193    (-,-) 
  WALLACE_CSA_DUMMY_OP_groupi/g1513/z (u)     in_0->z F     unmapped_or2           1  1.0     0    54     247    (-,-) 
  WALLACE_CSA_DUMMY_OP_groupi/g1514/z (u)     in_1->z R     unmapped_nand2         4  4.0     0    77     324    (-,-) 
  WALLACE_CSA_DUMMY_OP_groupi/g800/z  (u)     in_0->z R     unmapped_or2           1  1.0     0    54     377    (-,-) 
  WALLACE_CSA_DUMMY_OP_groupi/g1396/z (u)     in_0->z F     unmapped_nand2         1  1.0     0    54     431    (-,-) 
  WALLACE_CSA_DUMMY_OP_groupi/g1371/z (u)     in_0->z R     unmapped_nand2         3  3.0     0    70     501    (-,-) 
  WALLACE_CSA_DUMMY_OP_groupi/g1321/z (u)     in_0->z F     unmapped_complex2      1  1.0     0    54     555    (-,-) 
  WALLACE_CSA_DUMMY_OP_groupi/g1322/z (u)     in_1->z R     unmapped_nand2         2  2.0     0    62     618    (-,-) 
  WALLACE_CSA_DUMMY_OP_groupi/g1293/z (u)     in_0->z R     unmapped_complex2      1  1.0     0    54     671    (-,-) 
  WALLACE_CSA_DUMMY_OP_groupi/g1294/z (u)     in_1->z F     unmapped_nand2         4  4.0     0    77     748    (-,-) 
  WALLACE_CSA_DUMMY_OP_groupi/g1244/z (u)     in_1->z F     unmapped_complex2      1  1.0     0    54     802    (-,-) 
  WALLACE_CSA_DUMMY_OP_groupi/g1245/z (u)     in_1->z R     unmapped_nand2         2  2.0     0    62     864    (-,-) 
  WALLACE_CSA_DUMMY_OP_groupi/g1236/z (u)     in_1->z R     unmapped_complex2      1  1.0     0    54     918    (-,-) 
  WALLACE_CSA_DUMMY_OP_groupi/g1237/z (u)     in_1->z F     unmapped_nand2         2  2.0     0    62     980    (-,-) 
  WALLACE_CSA_DUMMY_OP_groupi/g1210/z (u)     in_1->z F     unmapped_or2           3  3.0     0    70    1051    (-,-) 
  WALLACE_CSA_DUMMY_OP_groupi/g1204/z (u)     in_1->z R     unmapped_complex2      1  1.0     0    54    1105    (-,-) 
  WALLACE_CSA_DUMMY_OP_groupi/g1199/z (u)     in_0->z F     unmapped_nand2         1  1.0     0    54    1158    (-,-) 
  WALLACE_CSA_DUMMY_OP_groupi/g1188/z (u)     in_1->z F     unmapped_complex2      3  3.0     0    70    1229    (-,-) 
  WALLACE_CSA_DUMMY_OP_groupi/g1181/z (u)     in_1->z R     unmapped_nand2         1  1.0     0    54    1283    (-,-) 
  WALLACE_CSA_DUMMY_OP_groupi/g1177/z (u)     in_1->z F     unmapped_nand2         3  3.0     0    70    1353    (-,-) 
  WALLACE_CSA_DUMMY_OP_groupi/g1174/z (u)     in_0->z F     unmapped_or2           1  1.0     0    54    1407    (-,-) 
  WALLACE_CSA_DUMMY_OP_groupi/g1175/z (u)     in_1->z R     unmapped_nand2         1  1.0     0    54    1460    (-,-) 
  Y_reg[7]/d                          -       -       R     unmapped_d_flop        1    -     -     0    1460    (-,-) 
#----------------------------------------------------------------------------------------------------------------------

(u) : Net has unmapped pin(s).



Path 4: MET (3508 ps) Setup Check with Pin Y_reg[6]/clk->d
          Group: I2C
     Startpoint: (R) X2[2]
          Clock: (R) CLK
       Endpoint: (R) Y_reg[6]/d
          Clock: (R) CLK

                     Capture       Launch     
        Clock Edge:+    4994            0     
        Drv Adjust:+       0            0     
       Src Latency:+       0            0     
       Net Latency:+       0 (I)        0 (I) 
           Arrival:=    4994            0     
                                              
             Setup:-     149                  
     Required Time:=    4845                  
      Launch Clock:-       0                  
       Input Delay:-       0                  
         Data Path:-    1336                  
             Slack:=    3508                  

Exceptions/Constraints:
  input_delay              0              top.sdc_line_8_10_1 

#----------------------------------------------------------------------------------------------------------------------
#            Timing Point             Flags    Arc    Edge       Cell         Fanout Load Trans Delay Arrival Instance 
#                                                                                    (fF)  (ps)  (ps)   (ps)  Location 
#----------------------------------------------------------------------------------------------------------------------
  X2[2]                               (u)     -       R     (arrival)              4  4.0     0     0       0    (-,-) 
  WALLACE_CSA_DUMMY_OP_groupi/g1733/z (u)     in_1->z F     unmapped_nand2         4  4.0     0    77      77    (-,-) 
  WALLACE_CSA_DUMMY_OP_groupi/g1629/z (u)     in_1->z R     unmapped_complex2      1  1.0     0    54     130    (-,-) 
  WALLACE_CSA_DUMMY_OP_groupi/g1630/z (u)     in_1->z F     unmapped_nand2         2  2.0     0    62     193    (-,-) 
  WALLACE_CSA_DUMMY_OP_groupi/g1513/z (u)     in_0->z F     unmapped_or2           1  1.0     0    54     247    (-,-) 
  WALLACE_CSA_DUMMY_OP_groupi/g1514/z (u)     in_1->z R     unmapped_nand2         4  4.0     0    77     324    (-,-) 
  WALLACE_CSA_DUMMY_OP_groupi/g800/z  (u)     in_0->z R     unmapped_or2           1  1.0     0    54     377    (-,-) 
  WALLACE_CSA_DUMMY_OP_groupi/g1396/z (u)     in_0->z F     unmapped_nand2         1  1.0     0    54     431    (-,-) 
  WALLACE_CSA_DUMMY_OP_groupi/g1371/z (u)     in_0->z R     unmapped_nand2         3  3.0     0    70     501    (-,-) 
  WALLACE_CSA_DUMMY_OP_groupi/g1321/z (u)     in_0->z F     unmapped_complex2      1  1.0     0    54     555    (-,-) 
  WALLACE_CSA_DUMMY_OP_groupi/g1322/z (u)     in_1->z R     unmapped_nand2         2  2.0     0    62     618    (-,-) 
  WALLACE_CSA_DUMMY_OP_groupi/g1293/z (u)     in_0->z R     unmapped_complex2      1  1.0     0    54     671    (-,-) 
  WALLACE_CSA_DUMMY_OP_groupi/g1294/z (u)     in_1->z F     unmapped_nand2         4  4.0     0    77     748    (-,-) 
  WALLACE_CSA_DUMMY_OP_groupi/g1244/z (u)     in_1->z F     unmapped_complex2      1  1.0     0    54     802    (-,-) 
  WALLACE_CSA_DUMMY_OP_groupi/g1245/z (u)     in_1->z R     unmapped_nand2         2  2.0     0    62     864    (-,-) 
  WALLACE_CSA_DUMMY_OP_groupi/g1236/z (u)     in_1->z R     unmapped_complex2      1  1.0     0    54     918    (-,-) 
  WALLACE_CSA_DUMMY_OP_groupi/g1237/z (u)     in_1->z F     unmapped_nand2         2  2.0     0    62     980    (-,-) 
  WALLACE_CSA_DUMMY_OP_groupi/g1210/z (u)     in_1->z F     unmapped_or2           3  3.0     0    70    1051    (-,-) 
  WALLACE_CSA_DUMMY_OP_groupi/g1204/z (u)     in_1->z R     unmapped_complex2      1  1.0     0    54    1105    (-,-) 
  WALLACE_CSA_DUMMY_OP_groupi/g1199/z (u)     in_0->z F     unmapped_nand2         1  1.0     0    54    1158    (-,-) 
  WALLACE_CSA_DUMMY_OP_groupi/g1188/z (u)     in_1->z F     unmapped_complex2      3  3.0     0    70    1229    (-,-) 
  WALLACE_CSA_DUMMY_OP_groupi/g1183/z (u)     in_0->z F     unmapped_or2           1  1.0     0    54    1283    (-,-) 
  WALLACE_CSA_DUMMY_OP_groupi/g1184/z (u)     in_1->z R     unmapped_nand2         1  1.0     0    54    1336    (-,-) 
  Y_reg[6]/d                          -       -       R     unmapped_d_flop        1    -     -     0    1336    (-,-) 
#----------------------------------------------------------------------------------------------------------------------

(u) : Net has unmapped pin(s).



Path 5: MET (3570 ps) Setup Check with Pin Y_reg[5]/clk->d
          Group: I2C
     Startpoint: (F) X3[3]
          Clock: (R) CLK
       Endpoint: (R) Y_reg[5]/d
          Clock: (R) CLK

                     Capture       Launch     
        Clock Edge:+    4994            0     
        Drv Adjust:+       0            0     
       Src Latency:+       0            0     
       Net Latency:+       0 (I)        0 (I) 
           Arrival:=    4994            0     
                                              
             Setup:-     149                  
     Required Time:=    4845                  
      Launch Clock:-       0                  
       Input Delay:-       0                  
         Data Path:-    1275                  
             Slack:=    3570                  

Exceptions/Constraints:
  input_delay              0              top.sdc_line_8_13_1 

#----------------------------------------------------------------------------------------------------------------------
#            Timing Point             Flags    Arc    Edge       Cell         Fanout Load Trans Delay Arrival Instance 
#                                                                                    (fF)  (ps)  (ps)   (ps)  Location 
#----------------------------------------------------------------------------------------------------------------------
  X3[3]                               (u)     -       F     (arrival)              4  4.0     0     0       0    (-,-) 
  WALLACE_CSA_DUMMY_OP_groupi/g1747/z (u)     in_1->z R     unmapped_nand2         4  4.0     0    77      77    (-,-) 
  WALLACE_CSA_DUMMY_OP_groupi/g1608/z (u)     in_1->z F     unmapped_complex2      1  1.0     0    54     130    (-,-) 
  WALLACE_CSA_DUMMY_OP_groupi/g1609/z (u)     in_1->z R     unmapped_nand2         2  2.0     0    62     193    (-,-) 
  WALLACE_CSA_DUMMY_OP_groupi/g1540/z (u)     in_0->z R     unmapped_or2           1  1.0     0    54     247    (-,-) 
  WALLACE_CSA_DUMMY_OP_groupi/g1541/z (u)     in_1->z F     unmapped_nand2         4  4.0     0    77     324    (-,-) 
  WALLACE_CSA_DUMMY_OP_groupi/g786/z  (u)     in_0->z F     unmapped_or2           1  1.0     0    54     377    (-,-) 
  WALLACE_CSA_DUMMY_OP_groupi/g1387/z (u)     in_0->z R     unmapped_nand2         1  1.0     0    54     431    (-,-) 
  WALLACE_CSA_DUMMY_OP_groupi/g1366/z (u)     in_0->z F     unmapped_nand2         3  3.0     0    70     501    (-,-) 
  WALLACE_CSA_DUMMY_OP_groupi/g1329/z (u)     in_0->z R     unmapped_complex2      1  1.0     0    54     555    (-,-) 
  WALLACE_CSA_DUMMY_OP_groupi/g1330/z (u)     in_1->z F     unmapped_nand2         2  2.0     0    62     618    (-,-) 
  WALLACE_CSA_DUMMY_OP_groupi/g1301/z (u)     in_0->z F     unmapped_complex2      1  1.0     0    54     671    (-,-) 
  WALLACE_CSA_DUMMY_OP_groupi/g1302/z (u)     in_1->z R     unmapped_nand2         4  4.0     0    77     748    (-,-) 
  WALLACE_CSA_DUMMY_OP_groupi/g1254/z (u)     in_1->z F     unmapped_complex2      1  1.0     0    54     802    (-,-) 
  WALLACE_CSA_DUMMY_OP_groupi/g1255/z (u)     in_1->z R     unmapped_nand2         2  2.0     0    62     864    (-,-) 
  WALLACE_CSA_DUMMY_OP_groupi/g1231/z (u)     in_0->z R     unmapped_complex2      1  1.0     0    54     918    (-,-) 
  WALLACE_CSA_DUMMY_OP_groupi/g1232/z (u)     in_1->z F     unmapped_nand2         2  2.0     0    62     980    (-,-) 
  WALLACE_CSA_DUMMY_OP_groupi/g882/z  (u)     in_0->z F     unmapped_or2           3  3.0     0    70    1051    (-,-) 
  WALLACE_CSA_DUMMY_OP_groupi/g1196/z (u)     in_0->z R     unmapped_nand2         1  1.0     0    54    1105    (-,-) 
  WALLACE_CSA_DUMMY_OP_groupi/g1190/z (u)     in_1->z F     unmapped_nand2         2  2.0     0    62    1167    (-,-) 
  WALLACE_CSA_DUMMY_OP_groupi/g1179/z (u)     in_0->z F     unmapped_or2           1  1.0     0    54    1221    (-,-) 
  WALLACE_CSA_DUMMY_OP_groupi/g1180/z (u)     in_1->z R     unmapped_nand2         1  1.0     0    54    1275    (-,-) 
  Y_reg[5]/d                          -       -       R     unmapped_d_flop        1    -     -     0    1275    (-,-) 
#----------------------------------------------------------------------------------------------------------------------

(u) : Net has unmapped pin(s).



Path 6: MET (3624 ps) Setup Check with Pin Y_reg[4]/clk->d
          Group: I2C
     Startpoint: (R) X3[3]
          Clock: (R) CLK
       Endpoint: (R) Y_reg[4]/d
          Clock: (R) CLK

                     Capture       Launch     
        Clock Edge:+    4994            0     
        Drv Adjust:+       0            0     
       Src Latency:+       0            0     
       Net Latency:+       0 (I)        0 (I) 
           Arrival:=    4994            0     
                                              
             Setup:-     149                  
     Required Time:=    4845                  
      Launch Clock:-       0                  
       Input Delay:-       0                  
         Data Path:-    1221                  
             Slack:=    3624                  

Exceptions/Constraints:
  input_delay              0              top.sdc_line_8_13_1 

#----------------------------------------------------------------------------------------------------------------------
#            Timing Point             Flags    Arc    Edge       Cell         Fanout Load Trans Delay Arrival Instance 
#                                                                                    (fF)  (ps)  (ps)   (ps)  Location 
#----------------------------------------------------------------------------------------------------------------------
  X3[3]                               (u)     -       R     (arrival)              4  4.0     0     0       0    (-,-) 
  WALLACE_CSA_DUMMY_OP_groupi/g1747/z (u)     in_1->z F     unmapped_nand2         4  4.0     0    77      77    (-,-) 
  WALLACE_CSA_DUMMY_OP_groupi/g1608/z (u)     in_1->z R     unmapped_complex2      1  1.0     0    54     130    (-,-) 
  WALLACE_CSA_DUMMY_OP_groupi/g1609/z (u)     in_1->z F     unmapped_nand2         2  2.0     0    62     193    (-,-) 
  WALLACE_CSA_DUMMY_OP_groupi/g1540/z (u)     in_0->z F     unmapped_or2           1  1.0     0    54     247    (-,-) 
  WALLACE_CSA_DUMMY_OP_groupi/g1541/z (u)     in_1->z R     unmapped_nand2         4  4.0     0    77     324    (-,-) 
  WALLACE_CSA_DUMMY_OP_groupi/g786/z  (u)     in_0->z R     unmapped_or2           1  1.0     0    54     377    (-,-) 
  WALLACE_CSA_DUMMY_OP_groupi/g1387/z (u)     in_0->z F     unmapped_nand2         1  1.0     0    54     431    (-,-) 
  WALLACE_CSA_DUMMY_OP_groupi/g1366/z (u)     in_0->z R     unmapped_nand2         3  3.0     0    70     501    (-,-) 
  WALLACE_CSA_DUMMY_OP_groupi/g1329/z (u)     in_0->z F     unmapped_complex2      1  1.0     0    54     555    (-,-) 
  WALLACE_CSA_DUMMY_OP_groupi/g1330/z (u)     in_1->z R     unmapped_nand2         2  2.0     0    62     618    (-,-) 
  WALLACE_CSA_DUMMY_OP_groupi/g1301/z (u)     in_0->z R     unmapped_complex2      1  1.0     0    54     671    (-,-) 
  WALLACE_CSA_DUMMY_OP_groupi/g1302/z (u)     in_1->z F     unmapped_nand2         4  4.0     0    77     748    (-,-) 
  WALLACE_CSA_DUMMY_OP_groupi/g1254/z (u)     in_1->z R     unmapped_complex2      1  1.0     0    54     802    (-,-) 
  WALLACE_CSA_DUMMY_OP_groupi/g1255/z (u)     in_1->z F     unmapped_nand2         2  2.0     0    62     864    (-,-) 
  WALLACE_CSA_DUMMY_OP_groupi/g1231/z (u)     in_0->z F     unmapped_complex2      1  1.0     0    54     918    (-,-) 
  WALLACE_CSA_DUMMY_OP_groupi/g1232/z (u)     in_1->z R     unmapped_nand2         2  2.0     0    62     980    (-,-) 
  WALLACE_CSA_DUMMY_OP_groupi/g882/z  (u)     in_0->z R     unmapped_or2           3  3.0     0    70    1051    (-,-) 
  WALLACE_CSA_DUMMY_OP_groupi/g1051/z (u)     in_1->z F     unmapped_nand2         2  2.0     0    62    1114    (-,-) 
  WALLACE_CSA_DUMMY_OP_groupi/g1192/z (u)     in_1->z F     unmapped_or2           1  1.0     0    54    1167    (-,-) 
  WALLACE_CSA_DUMMY_OP_groupi/g1193/z (u)     in_1->z R     unmapped_nand2         1  1.0     0    54    1221    (-,-) 
  Y_reg[4]/d                          -       -       R     unmapped_d_flop        1    -     -     0    1221    (-,-) 
#----------------------------------------------------------------------------------------------------------------------

(u) : Net has unmapped pin(s).



Path 7: MET (3810 ps) Setup Check with Pin Y_reg[3]/clk->d
          Group: I2C
     Startpoint: (F) X2[0]
          Clock: (R) CLK
       Endpoint: (R) Y_reg[3]/d
          Clock: (R) CLK

                     Capture       Launch     
        Clock Edge:+    4994            0     
        Drv Adjust:+       0            0     
       Src Latency:+       0            0     
       Net Latency:+       0 (I)        0 (I) 
           Arrival:=    4994            0     
                                              
             Setup:-     149                  
     Required Time:=    4845                  
      Launch Clock:-       0                  
       Input Delay:-       0                  
         Data Path:-    1035                  
             Slack:=    3810                  

Exceptions/Constraints:
  input_delay              0              top.sdc_line_8_12_1 

#----------------------------------------------------------------------------------------------------------------------
#            Timing Point             Flags    Arc    Edge       Cell         Fanout Load Trans Delay Arrival Instance 
#                                                                                    (fF)  (ps)  (ps)   (ps)  Location 
#----------------------------------------------------------------------------------------------------------------------
  X2[0]                               (u)     -       F     (arrival)              4  4.0     0     0       0    (-,-) 
  WALLACE_CSA_DUMMY_OP_groupi/g1740/z (u)     in_1->z R     unmapped_nand2         4  4.0     0    77      77    (-,-) 
  WALLACE_CSA_DUMMY_OP_groupi/g1589/z (u)     in_1->z R     unmapped_complex2      1  1.0     0    54     130    (-,-) 
  WALLACE_CSA_DUMMY_OP_groupi/g1590/z (u)     in_1->z F     unmapped_nand2         2  2.0     0    62     193    (-,-) 
  WALLACE_CSA_DUMMY_OP_groupi/g1574/z (u)     in_0->z F     unmapped_or2           1  1.0     0    54     247    (-,-) 
  WALLACE_CSA_DUMMY_OP_groupi/g1575/z (u)     in_1->z R     unmapped_nand2         4  4.0     0    77     324    (-,-) 
  WALLACE_CSA_DUMMY_OP_groupi/g1494/z (u)     in_1->z R     unmapped_complex2      1  1.0     0    54     377    (-,-) 
  WALLACE_CSA_DUMMY_OP_groupi/g1495/z (u)     in_1->z F     unmapped_nand2         2  2.0     0    62     440    (-,-) 
  WALLACE_CSA_DUMMY_OP_groupi/g1420/z (u)     in_0->z F     unmapped_complex2      1  1.0     0    54     493    (-,-) 
  WALLACE_CSA_DUMMY_OP_groupi/g1421/z (u)     in_1->z R     unmapped_nand2         4  4.0     0    77     570    (-,-) 
  WALLACE_CSA_DUMMY_OP_groupi/g1364/z (u)     in_1->z R     unmapped_complex2      1  1.0     0    54     624    (-,-) 
  WALLACE_CSA_DUMMY_OP_groupi/g1365/z (u)     in_1->z F     unmapped_nand2         2  2.0     0    62     686    (-,-) 
  WALLACE_CSA_DUMMY_OP_groupi/g1278/z (u)     in_1->z F     unmapped_complex2      1  1.0     0    54     740    (-,-) 
  WALLACE_CSA_DUMMY_OP_groupi/g1279/z (u)     in_1->z R     unmapped_nand2         2  2.0     0    62     803    (-,-) 
  WALLACE_CSA_DUMMY_OP_groupi/g858/z  (u)     in_1->z R     unmapped_or2           2  2.0     0    62     865    (-,-) 
  WALLACE_CSA_DUMMY_OP_groupi/g1259/z (u)     in_1->z F     unmapped_nand2         2  2.0     0    62     928    (-,-) 
  WALLACE_CSA_DUMMY_OP_groupi/g1212/z (u)     in_1->z F     unmapped_or2           1  1.0     0    54     981    (-,-) 
  WALLACE_CSA_DUMMY_OP_groupi/g1213/z (u)     in_1->z R     unmapped_nand2         1  1.0     0    54    1035    (-,-) 
  Y_reg[3]/d                          -       -       R     unmapped_d_flop        1    -     -     0    1035    (-,-) 
#----------------------------------------------------------------------------------------------------------------------

(u) : Net has unmapped pin(s).



Path 8: MET (3886 ps) Setup Check with Pin Y_reg[2]/clk->d
          Group: I2C
     Startpoint: (R) X1[0]
          Clock: (R) CLK
       Endpoint: (R) Y_reg[2]/d
          Clock: (R) CLK

                     Capture       Launch     
        Clock Edge:+    4994            0     
        Drv Adjust:+       0            0     
       Src Latency:+       0            0     
       Net Latency:+       0 (I)        0 (I) 
           Arrival:=    4994            0     
                                              
             Setup:-     149                  
     Required Time:=    4845                  
      Launch Clock:-       0                  
       Input Delay:-       0                  
         Data Path:-     959                  
             Slack:=    3886                  

Exceptions/Constraints:
  input_delay              0              top.sdc_line_8_8_1 

#----------------------------------------------------------------------------------------------------------------------
#            Timing Point             Flags    Arc    Edge       Cell         Fanout Load Trans Delay Arrival Instance 
#                                                                                    (fF)  (ps)  (ps)   (ps)  Location 
#----------------------------------------------------------------------------------------------------------------------
  X1[0]                               (u)     -       R     (arrival)              4  4.0     0     0       0    (-,-) 
  WALLACE_CSA_DUMMY_OP_groupi/g1710/z (u)     in_1->z F     unmapped_nand2         4  4.0     0    77      77    (-,-) 
  WALLACE_CSA_DUMMY_OP_groupi/g1642/z (u)     in_1->z R     unmapped_nand2         1  1.0     0    54     130    (-,-) 
  WALLACE_CSA_DUMMY_OP_groupi/g1521/z (u)     in_0->z F     unmapped_complex2      1  1.0     0    54     184    (-,-) 
  WALLACE_CSA_DUMMY_OP_groupi/g1473/z (u)     in_0->z R     unmapped_nand2         3  3.0     0    70     255    (-,-) 
  WALLACE_CSA_DUMMY_OP_groupi/g1443/z (u)     in_1->z F     unmapped_nand2         1  1.0     0    54     308    (-,-) 
  WALLACE_CSA_DUMMY_OP_groupi/g1444/z (u)     in_1->z R     unmapped_nand2         2  2.0     0    62     371    (-,-) 
  WALLACE_CSA_DUMMY_OP_groupi/g1377/z (u)     in_0->z R     unmapped_complex2      1  1.0     0    54     425    (-,-) 
  WALLACE_CSA_DUMMY_OP_groupi/g1378/z (u)     in_1->z F     unmapped_nand2         3  3.0     0    70     495    (-,-) 
  WALLACE_CSA_DUMMY_OP_groupi/g1352/z (u)     in_0->z R     unmapped_complex2      1  1.0     0    54     549    (-,-) 
  WALLACE_CSA_DUMMY_OP_groupi/g1353/z (u)     in_1->z F     unmapped_nand2         2  2.0     0    62     611    (-,-) 
  WALLACE_CSA_DUMMY_OP_groupi/g1318/z (u)     in_0->z F     unmapped_complex2      1  1.0     0    54     665    (-,-) 
  WALLACE_CSA_DUMMY_OP_groupi/g1319/z (u)     in_1->z R     unmapped_nand2         3  3.0     0    70     736    (-,-) 
  WALLACE_CSA_DUMMY_OP_groupi/g1296/z (u)     in_1->z R     unmapped_or2           1  1.0     0    54     789    (-,-) 
  WALLACE_CSA_DUMMY_OP_groupi/g1297/z (u)     in_1->z F     unmapped_nand2         2  2.0     0    62     852    (-,-) 
  WALLACE_CSA_DUMMY_OP_groupi/g1281/z (u)     in_1->z F     unmapped_or2           1  1.0     0    54     905    (-,-) 
  WALLACE_CSA_DUMMY_OP_groupi/g1282/z (u)     in_1->z R     unmapped_nand2         1  1.0     0    54     959    (-,-) 
  Y_reg[2]/d                          -       -       R     unmapped_d_flop        1    -     -     0     959    (-,-) 
#----------------------------------------------------------------------------------------------------------------------

(u) : Net has unmapped pin(s).



Path 9: MET (4125 ps) Setup Check with Pin Y_reg[1]/clk->d
          Group: I2C
     Startpoint: (R) X0[0]
          Clock: (R) CLK
       Endpoint: (R) Y_reg[1]/d
          Clock: (R) CLK

                     Capture       Launch     
        Clock Edge:+    4994            0     
        Drv Adjust:+       0            0     
       Src Latency:+       0            0     
       Net Latency:+       0 (I)        0 (I) 
           Arrival:=    4994            0     
                                              
             Setup:-     149                  
     Required Time:=    4845                  
      Launch Clock:-       0                  
       Input Delay:-       0                  
         Data Path:-     720                  
             Slack:=    4125                  

Exceptions/Constraints:
  input_delay              0              top.sdc_line_8_4_1 

#----------------------------------------------------------------------------------------------------------------------
#            Timing Point             Flags    Arc    Edge       Cell         Fanout Load Trans Delay Arrival Instance 
#                                                                                    (fF)  (ps)  (ps)   (ps)  Location 
#----------------------------------------------------------------------------------------------------------------------
  X0[0]                               (u)     -       R     (arrival)              4  4.0     0     0       0    (-,-) 
  WALLACE_CSA_DUMMY_OP_groupi/g1727/z (u)     in_1->z F     unmapped_nand2         4  4.0     0    77      77    (-,-) 
  WALLACE_CSA_DUMMY_OP_groupi/g1687/z (u)     in_1->z R     unmapped_nand2         1  1.0     0    54     130    (-,-) 
  WALLACE_CSA_DUMMY_OP_groupi/g1579/z (u)     in_0->z F     unmapped_complex2      1  1.0     0    54     184    (-,-) 
  WALLACE_CSA_DUMMY_OP_groupi/g1492/z (u)     in_0->z R     unmapped_nand2         3  3.0     0    70     255    (-,-) 
  WALLACE_CSA_DUMMY_OP_groupi/g1426/z (u)     in_0->z F     unmapped_complex2      1  1.0     0    54     308    (-,-) 
  WALLACE_CSA_DUMMY_OP_groupi/g1427/z (u)     in_1->z R     unmapped_nand2         2  2.0     0    62     371    (-,-) 
  WALLACE_CSA_DUMMY_OP_groupi/g1389/z (u)     in_0->z R     unmapped_complex2      1  1.0     0    54     425    (-,-) 
  WALLACE_CSA_DUMMY_OP_groupi/g1390/z (u)     in_1->z F     unmapped_nand2         2  2.0     0    62     487    (-,-) 
  WALLACE_CSA_DUMMY_OP_groupi/g862/z  (u)     in_1->z F     unmapped_or2           2  2.0     0    62     550    (-,-) 
  WALLACE_CSA_DUMMY_OP_groupi/g1359/z (u)     in_1->z R     unmapped_nand2         2  2.0     0    62     612    (-,-) 
  WALLACE_CSA_DUMMY_OP_groupi/g1342/z (u)     in_0->z F     unmapped_complex2      1  1.0     0    54     666    (-,-) 
  WALLACE_CSA_DUMMY_OP_groupi/g1343/z (u)     in_1->z R     unmapped_nand2         1  1.0     0    54     720    (-,-) 
  Y_reg[1]/d                          -       -       R     unmapped_d_flop        1    -     -     0     720    (-,-) 
#----------------------------------------------------------------------------------------------------------------------

(u) : Net has unmapped pin(s).



Path 10: MET (4420 ps) Setup Check with Pin Y_reg[0]/clk->d
          Group: I2C
     Startpoint: (R) X3[0]
          Clock: (R) CLK
       Endpoint: (R) Y_reg[0]/d
          Clock: (R) CLK

                     Capture       Launch     
        Clock Edge:+    4994            0     
        Drv Adjust:+       0            0     
       Src Latency:+       0            0     
       Net Latency:+       0 (I)        0 (I) 
           Arrival:=    4994            0     
                                              
             Setup:-     149                  
     Required Time:=    4845                  
      Launch Clock:-       0                  
       Input Delay:-       0                  
         Data Path:-     425                  
             Slack:=    4420                  

Exceptions/Constraints:
  input_delay              0              top.sdc_line_8_16_1 

#----------------------------------------------------------------------------------------------------------------------
#            Timing Point             Flags    Arc    Edge       Cell         Fanout Load Trans Delay Arrival Instance 
#                                                                                    (fF)  (ps)  (ps)   (ps)  Location 
#----------------------------------------------------------------------------------------------------------------------
  X3[0]                               (u)     -       R     (arrival)              4  4.0     0     0       0    (-,-) 
  WALLACE_CSA_DUMMY_OP_groupi/g1694/z (u)     in_1->z F     unmapped_nand2         4  4.0     0    77      77    (-,-) 
  WALLACE_CSA_DUMMY_OP_groupi/g1673/z (u)     in_0->z R     unmapped_complex2      1  1.0     0    54     130    (-,-) 
  WALLACE_CSA_DUMMY_OP_groupi/g1674/z (u)     in_1->z F     unmapped_nand2         2  2.0     0    62     193    (-,-) 
  WALLACE_CSA_DUMMY_OP_groupi/g1556/z (u)     in_0->z F     unmapped_or2           1  1.0     0    54     247    (-,-) 
  WALLACE_CSA_DUMMY_OP_groupi/g1557/z (u)     in_1->z R     unmapped_nand2         3  3.0     0    70     317    (-,-) 
  WALLACE_CSA_DUMMY_OP_groupi/g1483/z (u)     in_1->z F     unmapped_nand2         1  1.0     0    54     371    (-,-) 
  WALLACE_CSA_DUMMY_OP_groupi/g1484/z (u)     in_1->z R     unmapped_nand2         1  1.0     0    54     425    (-,-) 
  Y_reg[0]/d                          -       -       R     unmapped_d_flop        1    -     -     0     425    (-,-) 
#----------------------------------------------------------------------------------------------------------------------

(u) : Net has unmapped pin(s).



Path 11: MET (4804 ps) Late External Delay Assertion at pin Y[0]
          Group: C2O
     Startpoint: (R) Y_reg[0]/clk
          Clock: (R) CLK
       Endpoint: (R) Y[0]
          Clock: (R) CLK

                     Capture       Launch     
        Clock Edge:+    4994            0     
       Src Latency:+       0            0     
       Net Latency:+       0 (I)        0 (I) 
           Arrival:=    4994            0     
                                              
      Output Delay:-       0                  
     Required Time:=    4994                  
      Launch Clock:-       0                  
         Data Path:-     190                  
             Slack:=    4804                  

Exceptions/Constraints:
  output_delay              0              top.sdc_line_11_40_1 

#----------------------------------------------------------------------------------------------
# Timing Point   Flags    Arc   Edge      Cell        Fanout Load Trans Delay Arrival Instance 
#                                                            (fF)  (ps)  (ps)   (ps)  Location 
#----------------------------------------------------------------------------------------------
  Y_reg[0]/clk   -       -      R     (arrival)           10    -     0     0       0    (-,-) 
  Y_reg[0]/q     (u)     clk->q R     unmapped_d_flop      1  3.9     0   190     190    (-,-) 
  Y[0]           -       -      R     (port)               -    -     -     0     190    (-,-) 
#----------------------------------------------------------------------------------------------

(u) : Net has unmapped pin(s).



Path 12: MET (4804 ps) Late External Delay Assertion at pin Y[1]
          Group: C2O
     Startpoint: (R) Y_reg[1]/clk
          Clock: (R) CLK
       Endpoint: (R) Y[1]
          Clock: (R) CLK

                     Capture       Launch     
        Clock Edge:+    4994            0     
       Src Latency:+       0            0     
       Net Latency:+       0 (I)        0 (I) 
           Arrival:=    4994            0     
                                              
      Output Delay:-       0                  
     Required Time:=    4994                  
      Launch Clock:-       0                  
         Data Path:-     190                  
             Slack:=    4804                  

Exceptions/Constraints:
  output_delay              0              top.sdc_line_11_39_1 

#----------------------------------------------------------------------------------------------
# Timing Point   Flags    Arc   Edge      Cell        Fanout Load Trans Delay Arrival Instance 
#                                                            (fF)  (ps)  (ps)   (ps)  Location 
#----------------------------------------------------------------------------------------------
  Y_reg[1]/clk   -       -      R     (arrival)           10    -     0     0       0    (-,-) 
  Y_reg[1]/q     (u)     clk->q R     unmapped_d_flop      1  3.9     0   190     190    (-,-) 
  Y[1]           -       -      R     (port)               -    -     -     0     190    (-,-) 
#----------------------------------------------------------------------------------------------

(u) : Net has unmapped pin(s).



Path 13: MET (4804 ps) Late External Delay Assertion at pin Y[2]
          Group: C2O
     Startpoint: (R) Y_reg[2]/clk
          Clock: (R) CLK
       Endpoint: (R) Y[2]
          Clock: (R) CLK

                     Capture       Launch     
        Clock Edge:+    4994            0     
       Src Latency:+       0            0     
       Net Latency:+       0 (I)        0 (I) 
           Arrival:=    4994            0     
                                              
      Output Delay:-       0                  
     Required Time:=    4994                  
      Launch Clock:-       0                  
         Data Path:-     190                  
             Slack:=    4804                  

Exceptions/Constraints:
  output_delay              0              top.sdc_line_11_38_1 

#----------------------------------------------------------------------------------------------
# Timing Point   Flags    Arc   Edge      Cell        Fanout Load Trans Delay Arrival Instance 
#                                                            (fF)  (ps)  (ps)   (ps)  Location 
#----------------------------------------------------------------------------------------------
  Y_reg[2]/clk   -       -      R     (arrival)           10    -     0     0       0    (-,-) 
  Y_reg[2]/q     (u)     clk->q R     unmapped_d_flop      1  3.9     0   190     190    (-,-) 
  Y[2]           -       -      R     (port)               -    -     -     0     190    (-,-) 
#----------------------------------------------------------------------------------------------

(u) : Net has unmapped pin(s).



Path 14: MET (4804 ps) Late External Delay Assertion at pin Y[3]
          Group: C2O
     Startpoint: (R) Y_reg[3]/clk
          Clock: (R) CLK
       Endpoint: (R) Y[3]
          Clock: (R) CLK

                     Capture       Launch     
        Clock Edge:+    4994            0     
       Src Latency:+       0            0     
       Net Latency:+       0 (I)        0 (I) 
           Arrival:=    4994            0     
                                              
      Output Delay:-       0                  
     Required Time:=    4994                  
      Launch Clock:-       0                  
         Data Path:-     190                  
             Slack:=    4804                  

Exceptions/Constraints:
  output_delay              0              top.sdc_line_11_37_1 

#----------------------------------------------------------------------------------------------
# Timing Point   Flags    Arc   Edge      Cell        Fanout Load Trans Delay Arrival Instance 
#                                                            (fF)  (ps)  (ps)   (ps)  Location 
#----------------------------------------------------------------------------------------------
  Y_reg[3]/clk   -       -      R     (arrival)           10    -     0     0       0    (-,-) 
  Y_reg[3]/q     (u)     clk->q R     unmapped_d_flop      1  3.9     0   190     190    (-,-) 
  Y[3]           -       -      R     (port)               -    -     -     0     190    (-,-) 
#----------------------------------------------------------------------------------------------

(u) : Net has unmapped pin(s).



Path 15: MET (4804 ps) Late External Delay Assertion at pin Y[4]
          Group: C2O
     Startpoint: (R) Y_reg[4]/clk
          Clock: (R) CLK
       Endpoint: (R) Y[4]
          Clock: (R) CLK

                     Capture       Launch     
        Clock Edge:+    4994            0     
       Src Latency:+       0            0     
       Net Latency:+       0 (I)        0 (I) 
           Arrival:=    4994            0     
                                              
      Output Delay:-       0                  
     Required Time:=    4994                  
      Launch Clock:-       0                  
         Data Path:-     190                  
             Slack:=    4804                  

Exceptions/Constraints:
  output_delay              0              top.sdc_line_11_36_1 

#----------------------------------------------------------------------------------------------
# Timing Point   Flags    Arc   Edge      Cell        Fanout Load Trans Delay Arrival Instance 
#                                                            (fF)  (ps)  (ps)   (ps)  Location 
#----------------------------------------------------------------------------------------------
  Y_reg[4]/clk   -       -      R     (arrival)           10    -     0     0       0    (-,-) 
  Y_reg[4]/q     (u)     clk->q R     unmapped_d_flop      1  3.9     0   190     190    (-,-) 
  Y[4]           -       -      R     (port)               -    -     -     0     190    (-,-) 
#----------------------------------------------------------------------------------------------

(u) : Net has unmapped pin(s).



Path 16: MET (4804 ps) Late External Delay Assertion at pin Y[5]
          Group: C2O
     Startpoint: (R) Y_reg[5]/clk
          Clock: (R) CLK
       Endpoint: (R) Y[5]
          Clock: (R) CLK

                     Capture       Launch     
        Clock Edge:+    4994            0     
       Src Latency:+       0            0     
       Net Latency:+       0 (I)        0 (I) 
           Arrival:=    4994            0     
                                              
      Output Delay:-       0                  
     Required Time:=    4994                  
      Launch Clock:-       0                  
         Data Path:-     190                  
             Slack:=    4804                  

Exceptions/Constraints:
  output_delay              0              top.sdc_line_11_35_1 

#----------------------------------------------------------------------------------------------
# Timing Point   Flags    Arc   Edge      Cell        Fanout Load Trans Delay Arrival Instance 
#                                                            (fF)  (ps)  (ps)   (ps)  Location 
#----------------------------------------------------------------------------------------------
  Y_reg[5]/clk   -       -      R     (arrival)           10    -     0     0       0    (-,-) 
  Y_reg[5]/q     (u)     clk->q R     unmapped_d_flop      1  3.9     0   190     190    (-,-) 
  Y[5]           -       -      R     (port)               -    -     -     0     190    (-,-) 
#----------------------------------------------------------------------------------------------

(u) : Net has unmapped pin(s).



Path 17: MET (4804 ps) Late External Delay Assertion at pin Y[6]
          Group: C2O
     Startpoint: (R) Y_reg[6]/clk
          Clock: (R) CLK
       Endpoint: (R) Y[6]
          Clock: (R) CLK

                     Capture       Launch     
        Clock Edge:+    4994            0     
       Src Latency:+       0            0     
       Net Latency:+       0 (I)        0 (I) 
           Arrival:=    4994            0     
                                              
      Output Delay:-       0                  
     Required Time:=    4994                  
      Launch Clock:-       0                  
         Data Path:-     190                  
             Slack:=    4804                  

Exceptions/Constraints:
  output_delay              0              top.sdc_line_11_34_1 

#----------------------------------------------------------------------------------------------
# Timing Point   Flags    Arc   Edge      Cell        Fanout Load Trans Delay Arrival Instance 
#                                                            (fF)  (ps)  (ps)   (ps)  Location 
#----------------------------------------------------------------------------------------------
  Y_reg[6]/clk   -       -      R     (arrival)           10    -     0     0       0    (-,-) 
  Y_reg[6]/q     (u)     clk->q R     unmapped_d_flop      1  3.9     0   190     190    (-,-) 
  Y[6]           -       -      R     (port)               -    -     -     0     190    (-,-) 
#----------------------------------------------------------------------------------------------

(u) : Net has unmapped pin(s).



Path 18: MET (4804 ps) Late External Delay Assertion at pin Y[7]
          Group: C2O
     Startpoint: (R) Y_reg[7]/clk
          Clock: (R) CLK
       Endpoint: (R) Y[7]
          Clock: (R) CLK

                     Capture       Launch     
        Clock Edge:+    4994            0     
       Src Latency:+       0            0     
       Net Latency:+       0 (I)        0 (I) 
           Arrival:=    4994            0     
                                              
      Output Delay:-       0                  
     Required Time:=    4994                  
      Launch Clock:-       0                  
         Data Path:-     190                  
             Slack:=    4804                  

Exceptions/Constraints:
  output_delay              0              top.sdc_line_11_33_1 

#----------------------------------------------------------------------------------------------
# Timing Point   Flags    Arc   Edge      Cell        Fanout Load Trans Delay Arrival Instance 
#                                                            (fF)  (ps)  (ps)   (ps)  Location 
#----------------------------------------------------------------------------------------------
  Y_reg[7]/clk   -       -      R     (arrival)           10    -     0     0       0    (-,-) 
  Y_reg[7]/q     (u)     clk->q R     unmapped_d_flop      1  3.9     0   190     190    (-,-) 
  Y[7]           -       -      R     (port)               -    -     -     0     190    (-,-) 
#----------------------------------------------------------------------------------------------

(u) : Net has unmapped pin(s).



Path 19: MET (4804 ps) Late External Delay Assertion at pin Y[8]
          Group: C2O
     Startpoint: (R) Y_reg[8]/clk
          Clock: (R) CLK
       Endpoint: (R) Y[8]
          Clock: (R) CLK

                     Capture       Launch     
        Clock Edge:+    4994            0     
       Src Latency:+       0            0     
       Net Latency:+       0 (I)        0 (I) 
           Arrival:=    4994            0     
                                              
      Output Delay:-       0                  
     Required Time:=    4994                  
      Launch Clock:-       0                  
         Data Path:-     190                  
             Slack:=    4804                  

Exceptions/Constraints:
  output_delay              0              top.sdc_line_11_32_1 

#----------------------------------------------------------------------------------------------
# Timing Point   Flags    Arc   Edge      Cell        Fanout Load Trans Delay Arrival Instance 
#                                                            (fF)  (ps)  (ps)   (ps)  Location 
#----------------------------------------------------------------------------------------------
  Y_reg[8]/clk   -       -      R     (arrival)           10    -     0     0       0    (-,-) 
  Y_reg[8]/q     (u)     clk->q R     unmapped_d_flop      1  3.9     0   190     190    (-,-) 
  Y[8]           -       -      R     (port)               -    -     -     0     190    (-,-) 
#----------------------------------------------------------------------------------------------

(u) : Net has unmapped pin(s).



Path 20: MET (4804 ps) Late External Delay Assertion at pin Y[9]
          Group: C2O
     Startpoint: (R) Y_reg[9]/clk
          Clock: (R) CLK
       Endpoint: (R) Y[9]
          Clock: (R) CLK

                     Capture       Launch     
        Clock Edge:+    4994            0     
       Src Latency:+       0            0     
       Net Latency:+       0 (I)        0 (I) 
           Arrival:=    4994            0     
                                              
      Output Delay:-       0                  
     Required Time:=    4994                  
      Launch Clock:-       0                  
         Data Path:-     190                  
             Slack:=    4804                  

Exceptions/Constraints:
  output_delay              0              top.sdc_line_11 

#----------------------------------------------------------------------------------------------
# Timing Point   Flags    Arc   Edge      Cell        Fanout Load Trans Delay Arrival Instance 
#                                                            (fF)  (ps)  (ps)   (ps)  Location 
#----------------------------------------------------------------------------------------------
  Y_reg[9]/clk   -       -      R     (arrival)           10    -     0     0       0    (-,-) 
  Y_reg[9]/q     (u)     clk->q R     unmapped_d_flop      1  3.9     0   190     190    (-,-) 
  Y[9]           -       -      R     (port)               -    -     -     0     190    (-,-) 
#----------------------------------------------------------------------------------------------

(u) : Net has unmapped pin(s).

Some unconstrained paths have not been displayed.
Use -unconstrained or set the root attribute 'timing_report_unconstrained' to 'true' to see only these unconstrained paths.

