============================================================
  Generated by:           Genus(TM) Synthesis Solution 21.18-s082_1
  Generated on:           May 02 2026  11:24:39 am
  Module:                 top
  Operating conditions:   PVT_0P9V_125C 
  Interconnect mode:      global
  Area mode:              physical library
============================================================

                                 Leakage  
   Gate     Instances   Area   Power (nW)     Library    
---------------------------------------------------------
ADDFX1              7   35.910      0.714    slow_vdd1v0 
ADDFX1HVT          46  235.980      4.241    slow_vdd1v0 
ADDFXLLVT           1    6.840      0.402    slow_vdd1v0 
ADDHX1HVT           5   18.810      0.305    slow_vdd1v0 
ADDHX2HVT           1    5.130      0.084    slow_vdd1v0 
AND2X1HVT          64   87.552      1.346    slow_vdd1v0 
DFFQXL             10   54.720      0.838    slow_vdd1v0 
NOR2BX1HVT         10   13.680      0.240    slow_vdd1v0 
---------------------------------------------------------
total             144  458.622      8.169                


                                          Leakage  Leakage 
     Type      Instances   Area  Area % Power (nW) Power % 
-----------------------------------------------------------
sequential            10  54.720   11.9      0.838    10.3 
logic                134 403.902   88.1      7.332    89.7 
physical_cells         0   0.000    0.0      0.000     0.0 
-----------------------------------------------------------
total                144 458.622  100.0      8.169   100.0 

