============================================================
  Generated by:           Genus(TM) Synthesis Solution 21.18-s082_1
  Generated on:           May 02 2026  11:24:38 am
  Module:                 top
  Operating conditions:   PVT_0P9V_125C 
  Interconnect mode:      global
  Area mode:              physical library
============================================================

Timing
--------

Clock Period 
-------------
CLK   4994.0 


  Cost    Critical         Violating 
 Group   Path Slack  TNS     Paths   
-------------------------------------
C2C        No paths   0.0            
C2O          4718.3   0.0          0 
CLK        No paths   0.0            
default    No paths   0.0            
I2C           191.5   0.0          0 
I2O        No paths   0.0            
-------------------------------------
Total                 0.0          0 

Instance Count
--------------
Leaf Instance Count             144 
Physical Instance count           0 
Sequential Instance Count        10 
Combinational Instance Count    134 
Hierarchical Instance Count       0 

Area
----
Cell Area                          458.622
Physical Cell Area                 0.000
Total Cell Area (Cell+Physical)    458.622
Net Area                           213.588
Total Area (Cell+Physical+Net)     672.210

Runtime                            0.0 seconds
Elapsed Runtime                    80 seconds
Genus peak memory usage            1695.25 
Innovus peak memory usage          no_value 
Hostname                           cadence
