============================================================
  Generated by:           Genus(TM) Synthesis Solution 21.18-s082_1
  Generated on:           May 02 2026  11:24:44 am
  Module:                 top
  Operating conditions:   PVT_0P9V_125C 
  Interconnect mode:      global
  Area mode:              physical library
============================================================

                                 Leakage   Internal  
   Gate     Instances   Area   Power (nW) Power (nW)     Library    
--------------------------------------------------------------------
ADDFX1              3   15.390      0.305    988.676    slow_vdd1v0 
ADDFX1HVT          49  251.370      4.495   4978.269    slow_vdd1v0 
ADDFXL              1    6.840      0.083    281.230    slow_vdd1v0 
ADDFXLLVT           1    6.840      0.402    177.491    slow_vdd1v0 
ADDHX1HVT           6   22.572      0.366    346.577    slow_vdd1v0 
AND2X1HVT          64   87.552      1.346   1468.062    slow_vdd1v0 
DFFQX1HVT          10   58.140      0.665   3833.954    slow_vdd1v0 
NOR2BX1HVT         10   13.680      0.240    826.347    slow_vdd1v0 
--------------------------------------------------------------------
total             144  462.384      7.902  12900.606                


                                          Leakage  Leakage  Internal  Internal 
     Type      Instances   Area  Area % Power (nW) Power % Power (nW)  Power % 
-------------------------------------------------------------------------------
sequential            10  58.140   12.6      0.665     8.4   3833.954     29.7 
logic                134 404.244   87.4      7.237    91.6   9066.652     70.3 
physical_cells         0   0.000    0.0      0.000     0.0      0.000      0.0 
-------------------------------------------------------------------------------
total                144 462.384  100.0      7.902   100.0  12900.606    100.0 

