============================================================
  Generated by:           Genus(TM) Synthesis Solution 21.18-s082_1
  Generated on:           May 02 2026  11:24:39 am
  Module:                 top
  Operating conditions:   PVT_0P9V_125C 
  Interconnect mode:      global
  Area mode:              physical library
============================================================


Path 1: MET (192 ps) Setup Check with Pin Y_reg[8]/CK->D
          Group: I2C
     Startpoint: (R) X0[2]
          Clock: (R) CLK
       Endpoint: (R) Y_reg[8]/D
          Clock: (R) CLK

                     Capture       Launch     
        Clock Edge:+    4994            0     
        Drv Adjust:+       0            0     
       Src Latency:+       0            0     
       Net Latency:+       0 (I)        0 (I) 
           Arrival:=    4994            0     
                                              
             Setup:-     246                  
     Required Time:=    4748                  
      Launch Clock:-       0                  
       Input Delay:-       0                  
         Data Path:-    4557                  
             Slack:=     192                  

Exceptions/Constraints:
  input_delay              0              top.sdc_line_8_2_1 

#---------------------------------------------------------------------------------------------------------------------
#               Timing Point                 Flags    Arc   Edge    Cell     Fanout Load Trans Delay Arrival Instance 
#                                                                                   (fF)  (ps)  (ps)   (ps)  Location 
#---------------------------------------------------------------------------------------------------------------------
  X0[2]                                      -       -      R     (arrival)       4 10.3     0     0       0    (-,-) 
  WALLACE_CSA_DUMMY_OP_groupi_g3203__5122/Y  -       B->Y   R     AND2X1HVT       1  4.6   153   257     257    (-,-) 
  WALLACE_CSA_DUMMY_OP_groupi_g3155__6161/CO -       A->CO  R     ADDFX1HVT       1  4.6   170   462     718    (-,-) 
  WALLACE_CSA_DUMMY_OP_groupi_g3149__7098/CO -       A->CO  R     ADDFX1HVT       1  4.4   165   470    1188    (-,-) 
  WALLACE_CSA_DUMMY_OP_groupi_g3141__5526/S  -       CI->S  F     ADDFX1HVT       1  4.4   234   566    1754    (-,-) 
  WALLACE_CSA_DUMMY_OP_groupi_g3132__1666/S  -       CI->S  R     ADDFX1HVT       1  4.4   169   548    2302    (-,-) 
  WALLACE_CSA_DUMMY_OP_groupi_g3128__9315/S  -       CI->S  F     ADDFX1HVT       1  4.6   243   573    2876    (-,-) 
  WALLACE_CSA_DUMMY_OP_groupi_g3122__6131/CO -       B->CO  F     ADDFX1          1  4.4   137   320    3195    (-,-) 
  WALLACE_CSA_DUMMY_OP_groupi_g3121__7098/CO -       CI->CO F     ADDFX1          1  4.4   137   268    3463    (-,-) 
  WALLACE_CSA_DUMMY_OP_groupi_g3120__8246/CO -       CI->CO F     ADDFX1          1  4.4   137   268    3731    (-,-) 
  WALLACE_CSA_DUMMY_OP_groupi_g3119__5122/CO -       CI->CO F     ADDFX1          1  4.5   139   269    4000    (-,-) 
  WALLACE_CSA_DUMMY_OP_groupi_g3118__1705/S  -       CI->S  R     ADDFXLLVT       1  4.1   116   249    4249    (-,-) 
  g39__6260/Y                                -       AN->Y  R     NOR2BX1HVT      1  4.1   275   307    4557    (-,-) 
  Y_reg[8]/D                                 -       -      R     DFFQXL          1    -     -     0    4557    (-,-) 
#---------------------------------------------------------------------------------------------------------------------

