============================================================
  Generated by:           Genus(TM) Synthesis Solution 21.18-s082_1
  Generated on:           May 02 2026  11:23:49 am
  Module:                 top
  Operating conditions:   PVT_0P9V_125C 
  Interconnect mode:      global
  Area mode:              physical library
============================================================

Some unconstrained paths have not been displayed.
Use -unconstrained or set the root attribute 'timing_report_unconstrained' to 'true' to see only these unconstrained paths.

============================================================
  Generated by:           Genus(TM) Synthesis Solution 21.18-s082_1
  Generated on:           May 02 2026  11:23:49 am
  Module:                 top
  Operating conditions:   PVT_0P9V_125C 
  Interconnect mode:      global
  Area mode:              physical library
============================================================

No paths found

============================================================
  Generated by:           Genus(TM) Synthesis Solution 21.18-s082_1
  Generated on:           May 02 2026  11:23:49 am
  Module:                 top
  Operating conditions:   PVT_0P9V_125C 
  Interconnect mode:      global
  Area mode:              physical library
============================================================


Path 1: MET (2730 ps) Setup Check with Pin Y_reg[9]/clk->d
          Group: I2C
     Startpoint: (R) X1[1]
          Clock: (R) CLK
       Endpoint: (R) Y_reg[9]/d
          Clock: (R) CLK

                     Capture       Launch     
        Clock Edge:+    4994            0     
        Drv Adjust:+       0            0     
       Src Latency:+       0            0     
       Net Latency:+       0 (I)        0 (I) 
           Arrival:=    4994            0     
                                              
             Setup:-     149                  
     Required Time:=    4845                  
      Launch Clock:-       0                  
       Input Delay:-       0                  
         Data Path:-    2115                  
             Slack:=    2730                  

Exceptions/Constraints:
  input_delay              0              top.sdc_line_8_7_1 

#-------------------------------------------------------------------------------------------------
#  Timing Point    Flags    Arc    Edge      Cell        Fanout Load Trans Delay Arrival Instance 
#                                                               (fF)  (ps)  (ps)   (ps)  Location 
#-------------------------------------------------------------------------------------------------
  X1[1]            (u)     -       R     (arrival)            4  4.0     0     0       0    (-,-) 
  mul_17_30/g7/z   (u)     in_1->z R     unmapped_and2        2  2.0     0    62      62    (-,-) 
  mul_17_30/g25/z  (u)     in_1->z R     unmapped_xor2        3  3.0     0   126     188    (-,-) 
  mul_17_30/g28/z  (u)     in_1->z R     unmapped_xor2        2  2.0     0   118     306    (-,-) 
  mul_17_30/g51/z  (u)     in_1->z F     unmapped_nor2        3  3.0     0    70     376    (-,-) 
  mul_17_30/g61/z  (u)     in_1->z R     unmapped_nor2        1  1.0     0    54     430    (-,-) 
  mul_17_30/g69/z  (u)     in_0->z F     unmapped_nand2       1  1.0     0    54     483    (-,-) 
  mul_17_30/g70/z  (u)     in_1->z R     unmapped_nand2       4  4.0     0    77     560    (-,-) 
  mul_17_30/g77/z  (u)     in_0->z F     unmapped_nand2       1  1.0     0    54     614    (-,-) 
  mul_17_30/g78/z  (u)     in_1->z R     unmapped_nand2       1  1.0     0    54     668    (-,-) 
  mul_17_30/g94/z  (u)     in_0->z R     unmapped_xnor2       2  2.0     0   118     785    (-,-) 
  add_17_24/g14/z  (u)     in_1->z F     unmapped_nor2        3  3.0     0    70     856    (-,-) 
  add_17_24/g30/z  (u)     in_1->z R     unmapped_nor2        3  3.0     0    70     926    (-,-) 
  add_17_24/g53/z  (u)     in_0->z F     unmapped_nand2       1  1.0     0    54     980    (-,-) 
  add_17_24/g54/z  (u)     in_1->z R     unmapped_nand2       1  1.0     0    54    1034    (-,-) 
  add_17_24/g74/z  (u)     in_0->z R     unmapped_xnor2       2  2.0     0   118    1151    (-,-) 
  add_17_36/g16/z  (u)     in_0->z F     unmapped_nor2        3  3.0     0    70    1222    (-,-) 
  add_17_36/g45/z  (u)     in_0->z R     unmapped_not         2  2.0     0    44    1265    (-,-) 
  add_17_36/g46/z  (u)     in_1->z F     unmapped_nand2       1  1.0     0    54    1319    (-,-) 
  add_17_36/g57/z  (u)     in_0->z R     unmapped_not         1  1.0     0    35    1354    (-,-) 
  add_17_36/g58/z  (u)     in_1->z F     unmapped_nand2       1  1.0     0    54    1408    (-,-) 
  add_17_36/g59/z  (u)     in_1->z R     unmapped_nand2       1  1.0     0    54    1462    (-,-) 
  add_17_36/g82/z  (u)     in_0->z R     unmapped_xnor2       2  2.0     0   118    1579    (-,-) 
  add_17_48/g18/z  (u)     in_0->z F     unmapped_nor2        3  3.0     0    70    1650    (-,-) 
  add_17_48/g38/z  (u)     in_1->z R     unmapped_nor2        2  2.0     0    62    1712    (-,-) 
  add_17_48/g57/z  (u)     in_1->z F     unmapped_nand2       1  1.0     0    54    1766    (-,-) 
  add_17_48/g66/z  (u)     in_0->z R     unmapped_not         1  1.0     0    35    1801    (-,-) 
  add_17_48/g67/z  (u)     in_1->z F     unmapped_nand2       1  1.0     0    54    1855    (-,-) 
  add_17_48/g68/z  (u)     in_1->z R     unmapped_nand2       2  2.0     0    62    1917    (-,-) 
  add_17_48/g70/z  (u)     in_0->z F     unmapped_nand2       1  1.0     0    54    1971    (-,-) 
  add_17_48/g100/z (u)     in_0->z R     unmapped_not         1  1.0     0    35    2006    (-,-) 
  add_17_48/g95/z  (u)     in_0->z R     unmapped_xnor2       1  1.0     0   109    2115    (-,-) 
  Y_reg[9]/d       -       -       R     unmapped_d_flop      1    -     -     0    2115    (-,-) 
#-------------------------------------------------------------------------------------------------

(u) : Net has unmapped pin(s).

============================================================
  Generated by:           Genus(TM) Synthesis Solution 21.18-s082_1
  Generated on:           May 02 2026  11:23:49 am
  Module:                 top
  Operating conditions:   PVT_0P9V_125C 
  Interconnect mode:      global
  Area mode:              physical library
============================================================


Path 1: MET (4804 ps) Late External Delay Assertion at pin Y[0]
          Group: C2O
     Startpoint: (R) Y_reg[0]/clk
          Clock: (R) CLK
       Endpoint: (R) Y[0]
          Clock: (R) CLK

                     Capture       Launch     
        Clock Edge:+    4994            0     
       Src Latency:+       0            0     
       Net Latency:+       0 (I)        0 (I) 
           Arrival:=    4994            0     
                                              
      Output Delay:-       0                  
     Required Time:=    4994                  
      Launch Clock:-       0                  
         Data Path:-     190                  
             Slack:=    4804                  

Exceptions/Constraints:
  output_delay              0              top.sdc_line_11_40_1 

#----------------------------------------------------------------------------------------------
# Timing Point   Flags    Arc   Edge      Cell        Fanout Load Trans Delay Arrival Instance 
#                                                            (fF)  (ps)  (ps)   (ps)  Location 
#----------------------------------------------------------------------------------------------
  Y_reg[0]/clk   -       -      R     (arrival)           10    -     0     0       0    (-,-) 
  Y_reg[0]/q     (u)     clk->q R     unmapped_d_flop      1  3.9     0   190     190    (-,-) 
  Y[0]           -       -      R     (port)               -    -     -     0     190    (-,-) 
#----------------------------------------------------------------------------------------------

(u) : Net has unmapped pin(s).

============================================================
  Generated by:           Genus(TM) Synthesis Solution 21.18-s082_1
  Generated on:           May 02 2026  11:23:49 am
  Module:                 top
  Operating conditions:   PVT_0P9V_125C 
  Interconnect mode:      global
  Area mode:              physical library
============================================================

No paths found

============================================================
  Generated by:           Genus(TM) Synthesis Solution 21.18-s082_1
  Generated on:           May 02 2026  11:23:49 am
  Module:                 top
  Operating conditions:   PVT_0P9V_125C 
  Interconnect mode:      global
  Area mode:              physical library
============================================================

No paths found

