============================================================
  Generated by:           Genus(TM) Synthesis Solution 21.18-s082_1
  Generated on:           May 02 2026  11:24:43 am
  Module:                 top
  Operating conditions:   PVT_0P9V_125C 
  Interconnect mode:      global
  Area mode:              physical library
============================================================


Path 1: MET (4618 ps) Late External Delay Assertion at pin Y[0]
          Group: C2O
     Startpoint: (R) Y_reg[0]/CK
          Clock: (R) CLK
       Endpoint: (F) Y[0]
          Clock: (R) CLK

                     Capture       Launch     
        Clock Edge:+    4994            0     
       Src Latency:+       0            0     
       Net Latency:+       0 (I)        0 (I) 
           Arrival:=    4994            0     
                                              
      Output Delay:-       0                  
     Required Time:=    4994                  
      Launch Clock:-       0                  
         Data Path:-     376                  
             Slack:=    4618                  

Exceptions/Constraints:
  output_delay              0              top.sdc_line_11_40_1 

#---------------------------------------------------------------------------------------
# Timing Point   Flags   Arc   Edge   Cell     Fanout Load Trans Delay Arrival Instance 
#                                                     (fF)  (ps)  (ps)   (ps)  Location 
#---------------------------------------------------------------------------------------
  Y_reg[0]/CK    -       -     R     (arrival)     10    -     0     0       0    (-,-) 
  Y_reg[0]/Q     -       CK->Q F     DFFQX1HVT      1  3.9   195   376     376    (-,-) 
  Y[0]           -       -     F     (port)         -    -     -     0     376    (-,-) 
#---------------------------------------------------------------------------------------

