============================================================
  Generated by:           Genus(TM) Synthesis Solution 21.18-s082_1
  Generated on:           Jun 20 2026  05:31:08 am
  Module:                 RISC_V3_PIPELINED_TOP
  Operating conditions:   ss_1.62_125 
  Interconnect mode:      global
  Area mode:              physical library
============================================================

                               Leakage  
  Gate    Instances   Area   Power (nW)        Library        
--------------------------------------------------------------
ADDHX1            2   41.897      3.613    sky130_ss_1.62_125 
AOI21X1           1    9.522      0.258    sky130_ss_1.62_125 
CLKINVX1          5   28.566      0.931    sky130_ss_1.62_125 
DFFX1             6  205.675     39.719    sky130_ss_1.62_125 
NOR2X1            4   30.470      0.785    sky130_ss_1.62_125 
OAI21X1           1    9.522      0.226    sky130_ss_1.62_125 
XNOR2X1           1   15.235      3.001    sky130_ss_1.62_125 
--------------------------------------------------------------
total            20  340.888     48.533                       


                                          Leakage  Leakage 
     Type      Instances   Area  Area % Power (nW) Power % 
-----------------------------------------------------------
sequential             6 205.675   60.3     39.719    81.8 
inverter               5  28.566    8.4      0.931     1.9 
logic                  9 106.646   31.3      7.883    16.2 
physical_cells         0   0.000    0.0      0.000     0.0 
-----------------------------------------------------------
total                 20 340.888  100.0     48.533   100.0 

